{
  "version": 3,
  "sources": ["../../jszip/dist/jszip.min.js", "../../docx-preview/src/common/relationship.ts", "../../docx-preview/src/utils.ts", "../../docx-preview/src/document/common.ts", "../../docx-preview/src/parser/xml-parser.ts", "../../docx-preview/src/common/part.ts", "../../docx-preview/src/font-table/fonts.ts", "../../docx-preview/src/font-table/font-table.ts", "../../docx-preview/src/common/open-xml-package.ts", "../../docx-preview/src/document/document-part.ts", "../../docx-preview/src/document/border.ts", "../../docx-preview/src/document/section.ts", "../../docx-preview/src/document/line-spacing.ts", "../../docx-preview/src/document/run.ts", "../../docx-preview/src/document/paragraph.ts", "../../docx-preview/src/numbering/numbering.ts", "../../docx-preview/src/numbering/numbering-part.ts", "../../docx-preview/src/styles/styles-part.ts", "../../docx-preview/src/document/dom.ts", "../../docx-preview/src/header-footer/elements.ts", "../../docx-preview/src/header-footer/parts.ts", "../../docx-preview/src/document-props/extended-props.ts", "../../docx-preview/src/document-props/extended-props-part.ts", "../../docx-preview/src/document-props/core-props.ts", "../../docx-preview/src/document-props/core-props-part.ts", "../../docx-preview/src/theme/theme.ts", "../../docx-preview/src/theme/theme-part.ts", "../../docx-preview/src/notes/elements.ts", "../../docx-preview/src/notes/parts.ts", "../../docx-preview/src/settings/settings.ts", "../../docx-preview/src/settings/settings-part.ts", "../../docx-preview/src/document-props/custom-props.ts", "../../docx-preview/src/document-props/custom-props-part.ts", "../../docx-preview/src/comments/comments-part.ts", "../../docx-preview/src/comments/comments-extended-part.ts", "../../docx-preview/src/word-document.ts", "../../docx-preview/src/document/bookmarks.ts", "../../docx-preview/src/vml/vml.ts", "../../docx-preview/src/comments/elements.ts", "../../docx-preview/src/document-parser.ts", "../../docx-preview/src/javascript.ts", "../../docx-preview/src/html-renderer.ts", "../../docx-preview/src/docx-preview.ts"],
  "sourcesContent": ["/*!\r\n\r\nJSZip v3.10.1 - A JavaScript class for generating and reading zip files\r\n<http://stuartk.com/jszip>\r\n\r\n(c) 2009-2016 Stuart Knightley <stuart [at] stuartk.com>\r\nDual licenced under the MIT license or GPLv3. See https://raw.github.com/Stuk/jszip/main/LICENSE.markdown.\r\n\r\nJSZip uses the library pako released under the MIT license :\r\nhttps://github.com/nodeca/pako/blob/main/LICENSE\r\n*/\r\n\r\n!function(e){if(\"object\"==typeof exports&&\"undefined\"!=typeof module)module.exports=e();else if(\"function\"==typeof define&&define.amd)define([],e);else{(\"undefined\"!=typeof window?window:\"undefined\"!=typeof global?global:\"undefined\"!=typeof self?self:this).JSZip=e()}}(function(){return function s(a,o,h){function u(r,e){if(!o[r]){if(!a[r]){var t=\"function\"==typeof require&&require;if(!e&&t)return t(r,!0);if(l)return l(r,!0);var n=new Error(\"Cannot find module '\"+r+\"'\");throw n.code=\"MODULE_NOT_FOUND\",n}var i=o[r]={exports:{}};a[r][0].call(i.exports,function(e){var t=a[r][1][e];return u(t||e)},i,i.exports,s,a,o,h)}return o[r].exports}for(var l=\"function\"==typeof require&&require,e=0;e<h.length;e++)u(h[e]);return u}({1:[function(e,t,r){\"use strict\";var d=e(\"./utils\"),c=e(\"./support\"),p=\"ABCDEFGHIJKLMNOPQRSTUVWXYZabcdefghijklmnopqrstuvwxyz0123456789+/=\";r.encode=function(e){for(var t,r,n,i,s,a,o,h=[],u=0,l=e.length,f=l,c=\"string\"!==d.getTypeOf(e);u<e.length;)f=l-u,n=c?(t=e[u++],r=u<l?e[u++]:0,u<l?e[u++]:0):(t=e.charCodeAt(u++),r=u<l?e.charCodeAt(u++):0,u<l?e.charCodeAt(u++):0),i=t>>2,s=(3&t)<<4|r>>4,a=1<f?(15&r)<<2|n>>6:64,o=2<f?63&n:64,h.push(p.charAt(i)+p.charAt(s)+p.charAt(a)+p.charAt(o));return h.join(\"\")},r.decode=function(e){var t,r,n,i,s,a,o=0,h=0,u=\"data:\";if(e.substr(0,u.length)===u)throw new Error(\"Invalid base64 input, it looks like a data url.\");var l,f=3*(e=e.replace(/[^A-Za-z0-9+/=]/g,\"\")).length/4;if(e.charAt(e.length-1)===p.charAt(64)&&f--,e.charAt(e.length-2)===p.charAt(64)&&f--,f%1!=0)throw new Error(\"Invalid base64 input, bad content length.\");for(l=c.uint8array?new Uint8Array(0|f):new Array(0|f);o<e.length;)t=p.indexOf(e.charAt(o++))<<2|(i=p.indexOf(e.charAt(o++)))>>4,r=(15&i)<<4|(s=p.indexOf(e.charAt(o++)))>>2,n=(3&s)<<6|(a=p.indexOf(e.charAt(o++))),l[h++]=t,64!==s&&(l[h++]=r),64!==a&&(l[h++]=n);return l}},{\"./support\":30,\"./utils\":32}],2:[function(e,t,r){\"use strict\";var n=e(\"./external\"),i=e(\"./stream/DataWorker\"),s=e(\"./stream/Crc32Probe\"),a=e(\"./stream/DataLengthProbe\");function o(e,t,r,n,i){this.compressedSize=e,this.uncompressedSize=t,this.crc32=r,this.compression=n,this.compressedContent=i}o.prototype={getContentWorker:function(){var e=new i(n.Promise.resolve(this.compressedContent)).pipe(this.compression.uncompressWorker()).pipe(new a(\"data_length\")),t=this;return e.on(\"end\",function(){if(this.streamInfo.data_length!==t.uncompressedSize)throw new Error(\"Bug : uncompressed data size mismatch\")}),e},getCompressedWorker:function(){return new i(n.Promise.resolve(this.compressedContent)).withStreamInfo(\"compressedSize\",this.compressedSize).withStreamInfo(\"uncompressedSize\",this.uncompressedSize).withStreamInfo(\"crc32\",this.crc32).withStreamInfo(\"compression\",this.compression)}},o.createWorkerFrom=function(e,t,r){return e.pipe(new s).pipe(new a(\"uncompressedSize\")).pipe(t.compressWorker(r)).pipe(new a(\"compressedSize\")).withStreamInfo(\"compression\",t)},t.exports=o},{\"./external\":6,\"./stream/Crc32Probe\":25,\"./stream/DataLengthProbe\":26,\"./stream/DataWorker\":27}],3:[function(e,t,r){\"use strict\";var n=e(\"./stream/GenericWorker\");r.STORE={magic:\"\\0\\0\",compressWorker:function(){return new n(\"STORE compression\")},uncompressWorker:function(){return new n(\"STORE decompression\")}},r.DEFLATE=e(\"./flate\")},{\"./flate\":7,\"./stream/GenericWorker\":28}],4:[function(e,t,r){\"use strict\";var n=e(\"./utils\");var o=function(){for(var e,t=[],r=0;r<256;r++){e=r;for(var n=0;n<8;n++)e=1&e?3988292384^e>>>1:e>>>1;t[r]=e}return t}();t.exports=function(e,t){return void 0!==e&&e.length?\"string\"!==n.getTypeOf(e)?function(e,t,r,n){var i=o,s=n+r;e^=-1;for(var a=n;a<s;a++)e=e>>>8^i[255&(e^t[a])];return-1^e}(0|t,e,e.length,0):function(e,t,r,n){var i=o,s=n+r;e^=-1;for(var a=n;a<s;a++)e=e>>>8^i[255&(e^t.charCodeAt(a))];return-1^e}(0|t,e,e.length,0):0}},{\"./utils\":32}],5:[function(e,t,r){\"use strict\";r.base64=!1,r.binary=!1,r.dir=!1,r.createFolders=!0,r.date=null,r.compression=null,r.compressionOptions=null,r.comment=null,r.unixPermissions=null,r.dosPermissions=null},{}],6:[function(e,t,r){\"use strict\";var n=null;n=\"undefined\"!=typeof Promise?Promise:e(\"lie\"),t.exports={Promise:n}},{lie:37}],7:[function(e,t,r){\"use strict\";var n=\"undefined\"!=typeof Uint8Array&&\"undefined\"!=typeof Uint16Array&&\"undefined\"!=typeof Uint32Array,i=e(\"pako\"),s=e(\"./utils\"),a=e(\"./stream/GenericWorker\"),o=n?\"uint8array\":\"array\";function h(e,t){a.call(this,\"FlateWorker/\"+e),this._pako=null,this._pakoAction=e,this._pakoOptions=t,this.meta={}}r.magic=\"\\b\\0\",s.inherits(h,a),h.prototype.processChunk=function(e){this.meta=e.meta,null===this._pako&&this._createPako(),this._pako.push(s.transformTo(o,e.data),!1)},h.prototype.flush=function(){a.prototype.flush.call(this),null===this._pako&&this._createPako(),this._pako.push([],!0)},h.prototype.cleanUp=function(){a.prototype.cleanUp.call(this),this._pako=null},h.prototype._createPako=function(){this._pako=new i[this._pakoAction]({raw:!0,level:this._pakoOptions.level||-1});var t=this;this._pako.onData=function(e){t.push({data:e,meta:t.meta})}},r.compressWorker=function(e){return new h(\"Deflate\",e)},r.uncompressWorker=function(){return new h(\"Inflate\",{})}},{\"./stream/GenericWorker\":28,\"./utils\":32,pako:38}],8:[function(e,t,r){\"use strict\";function A(e,t){var r,n=\"\";for(r=0;r<t;r++)n+=String.fromCharCode(255&e),e>>>=8;return n}function n(e,t,r,n,i,s){var a,o,h=e.file,u=e.compression,l=s!==O.utf8encode,f=I.transformTo(\"string\",s(h.name)),c=I.transformTo(\"string\",O.utf8encode(h.name)),d=h.comment,p=I.transformTo(\"string\",s(d)),m=I.transformTo(\"string\",O.utf8encode(d)),_=c.length!==h.name.length,g=m.length!==d.length,b=\"\",v=\"\",y=\"\",w=h.dir,k=h.date,x={crc32:0,compressedSize:0,uncompressedSize:0};t&&!r||(x.crc32=e.crc32,x.compressedSize=e.compressedSize,x.uncompressedSize=e.uncompressedSize);var S=0;t&&(S|=8),l||!_&&!g||(S|=2048);var z=0,C=0;w&&(z|=16),\"UNIX\"===i?(C=798,z|=function(e,t){var r=e;return e||(r=t?16893:33204),(65535&r)<<16}(h.unixPermissions,w)):(C=20,z|=function(e){return 63&(e||0)}(h.dosPermissions)),a=k.getUTCHours(),a<<=6,a|=k.getUTCMinutes(),a<<=5,a|=k.getUTCSeconds()/2,o=k.getUTCFullYear()-1980,o<<=4,o|=k.getUTCMonth()+1,o<<=5,o|=k.getUTCDate(),_&&(v=A(1,1)+A(B(f),4)+c,b+=\"up\"+A(v.length,2)+v),g&&(y=A(1,1)+A(B(p),4)+m,b+=\"uc\"+A(y.length,2)+y);var E=\"\";return E+=\"\\n\\0\",E+=A(S,2),E+=u.magic,E+=A(a,2),E+=A(o,2),E+=A(x.crc32,4),E+=A(x.compressedSize,4),E+=A(x.uncompressedSize,4),E+=A(f.length,2),E+=A(b.length,2),{fileRecord:R.LOCAL_FILE_HEADER+E+f+b,dirRecord:R.CENTRAL_FILE_HEADER+A(C,2)+E+A(p.length,2)+\"\\0\\0\\0\\0\"+A(z,4)+A(n,4)+f+b+p}}var I=e(\"../utils\"),i=e(\"../stream/GenericWorker\"),O=e(\"../utf8\"),B=e(\"../crc32\"),R=e(\"../signature\");function s(e,t,r,n){i.call(this,\"ZipFileWorker\"),this.bytesWritten=0,this.zipComment=t,this.zipPlatform=r,this.encodeFileName=n,this.streamFiles=e,this.accumulate=!1,this.contentBuffer=[],this.dirRecords=[],this.currentSourceOffset=0,this.entriesCount=0,this.currentFile=null,this._sources=[]}I.inherits(s,i),s.prototype.push=function(e){var t=e.meta.percent||0,r=this.entriesCount,n=this._sources.length;this.accumulate?this.contentBuffer.push(e):(this.bytesWritten+=e.data.length,i.prototype.push.call(this,{data:e.data,meta:{currentFile:this.currentFile,percent:r?(t+100*(r-n-1))/r:100}}))},s.prototype.openedSource=function(e){this.currentSourceOffset=this.bytesWritten,this.currentFile=e.file.name;var t=this.streamFiles&&!e.file.dir;if(t){var r=n(e,t,!1,this.currentSourceOffset,this.zipPlatform,this.encodeFileName);this.push({data:r.fileRecord,meta:{percent:0}})}else this.accumulate=!0},s.prototype.closedSource=function(e){this.accumulate=!1;var t=this.streamFiles&&!e.file.dir,r=n(e,t,!0,this.currentSourceOffset,this.zipPlatform,this.encodeFileName);if(this.dirRecords.push(r.dirRecord),t)this.push({data:function(e){return R.DATA_DESCRIPTOR+A(e.crc32,4)+A(e.compressedSize,4)+A(e.uncompressedSize,4)}(e),meta:{percent:100}});else for(this.push({data:r.fileRecord,meta:{percent:0}});this.contentBuffer.length;)this.push(this.contentBuffer.shift());this.currentFile=null},s.prototype.flush=function(){for(var e=this.bytesWritten,t=0;t<this.dirRecords.length;t++)this.push({data:this.dirRecords[t],meta:{percent:100}});var r=this.bytesWritten-e,n=function(e,t,r,n,i){var s=I.transformTo(\"string\",i(n));return R.CENTRAL_DIRECTORY_END+\"\\0\\0\\0\\0\"+A(e,2)+A(e,2)+A(t,4)+A(r,4)+A(s.length,2)+s}(this.dirRecords.length,r,e,this.zipComment,this.encodeFileName);this.push({data:n,meta:{percent:100}})},s.prototype.prepareNextSource=function(){this.previous=this._sources.shift(),this.openedSource(this.previous.streamInfo),this.isPaused?this.previous.pause():this.previous.resume()},s.prototype.registerPrevious=function(e){this._sources.push(e);var t=this;return e.on(\"data\",function(e){t.processChunk(e)}),e.on(\"end\",function(){t.closedSource(t.previous.streamInfo),t._sources.length?t.prepareNextSource():t.end()}),e.on(\"error\",function(e){t.error(e)}),this},s.prototype.resume=function(){return!!i.prototype.resume.call(this)&&(!this.previous&&this._sources.length?(this.prepareNextSource(),!0):this.previous||this._sources.length||this.generatedError?void 0:(this.end(),!0))},s.prototype.error=function(e){var t=this._sources;if(!i.prototype.error.call(this,e))return!1;for(var r=0;r<t.length;r++)try{t[r].error(e)}catch(e){}return!0},s.prototype.lock=function(){i.prototype.lock.call(this);for(var e=this._sources,t=0;t<e.length;t++)e[t].lock()},t.exports=s},{\"../crc32\":4,\"../signature\":23,\"../stream/GenericWorker\":28,\"../utf8\":31,\"../utils\":32}],9:[function(e,t,r){\"use strict\";var u=e(\"../compressions\"),n=e(\"./ZipFileWorker\");r.generateWorker=function(e,a,t){var o=new n(a.streamFiles,t,a.platform,a.encodeFileName),h=0;try{e.forEach(function(e,t){h++;var r=function(e,t){var r=e||t,n=u[r];if(!n)throw new Error(r+\" is not a valid compression method !\");return n}(t.options.compression,a.compression),n=t.options.compressionOptions||a.compressionOptions||{},i=t.dir,s=t.date;t._compressWorker(r,n).withStreamInfo(\"file\",{name:e,dir:i,date:s,comment:t.comment||\"\",unixPermissions:t.unixPermissions,dosPermissions:t.dosPermissions}).pipe(o)}),o.entriesCount=h}catch(e){o.error(e)}return o}},{\"../compressions\":3,\"./ZipFileWorker\":8}],10:[function(e,t,r){\"use strict\";function n(){if(!(this instanceof n))return new n;if(arguments.length)throw new Error(\"The constructor with parameters has been removed in JSZip 3.0, please check the upgrade guide.\");this.files=Object.create(null),this.comment=null,this.root=\"\",this.clone=function(){var e=new n;for(var t in this)\"function\"!=typeof this[t]&&(e[t]=this[t]);return e}}(n.prototype=e(\"./object\")).loadAsync=e(\"./load\"),n.support=e(\"./support\"),n.defaults=e(\"./defaults\"),n.version=\"3.10.1\",n.loadAsync=function(e,t){return(new n).loadAsync(e,t)},n.external=e(\"./external\"),t.exports=n},{\"./defaults\":5,\"./external\":6,\"./load\":11,\"./object\":15,\"./support\":30}],11:[function(e,t,r){\"use strict\";var u=e(\"./utils\"),i=e(\"./external\"),n=e(\"./utf8\"),s=e(\"./zipEntries\"),a=e(\"./stream/Crc32Probe\"),l=e(\"./nodejsUtils\");function f(n){return new i.Promise(function(e,t){var r=n.decompressed.getContentWorker().pipe(new a);r.on(\"error\",function(e){t(e)}).on(\"end\",function(){r.streamInfo.crc32!==n.decompressed.crc32?t(new Error(\"Corrupted zip : CRC32 mismatch\")):e()}).resume()})}t.exports=function(e,o){var h=this;return o=u.extend(o||{},{base64:!1,checkCRC32:!1,optimizedBinaryString:!1,createFolders:!1,decodeFileName:n.utf8decode}),l.isNode&&l.isStream(e)?i.Promise.reject(new Error(\"JSZip can't accept a stream when loading a zip file.\")):u.prepareContent(\"the loaded zip file\",e,!0,o.optimizedBinaryString,o.base64).then(function(e){var t=new s(o);return t.load(e),t}).then(function(e){var t=[i.Promise.resolve(e)],r=e.files;if(o.checkCRC32)for(var n=0;n<r.length;n++)t.push(f(r[n]));return i.Promise.all(t)}).then(function(e){for(var t=e.shift(),r=t.files,n=0;n<r.length;n++){var i=r[n],s=i.fileNameStr,a=u.resolve(i.fileNameStr);h.file(a,i.decompressed,{binary:!0,optimizedBinaryString:!0,date:i.date,dir:i.dir,comment:i.fileCommentStr.length?i.fileCommentStr:null,unixPermissions:i.unixPermissions,dosPermissions:i.dosPermissions,createFolders:o.createFolders}),i.dir||(h.file(a).unsafeOriginalName=s)}return t.zipComment.length&&(h.comment=t.zipComment),h})}},{\"./external\":6,\"./nodejsUtils\":14,\"./stream/Crc32Probe\":25,\"./utf8\":31,\"./utils\":32,\"./zipEntries\":33}],12:[function(e,t,r){\"use strict\";var n=e(\"../utils\"),i=e(\"../stream/GenericWorker\");function s(e,t){i.call(this,\"Nodejs stream input adapter for \"+e),this._upstreamEnded=!1,this._bindStream(t)}n.inherits(s,i),s.prototype._bindStream=function(e){var t=this;(this._stream=e).pause(),e.on(\"data\",function(e){t.push({data:e,meta:{percent:0}})}).on(\"error\",function(e){t.isPaused?this.generatedError=e:t.error(e)}).on(\"end\",function(){t.isPaused?t._upstreamEnded=!0:t.end()})},s.prototype.pause=function(){return!!i.prototype.pause.call(this)&&(this._stream.pause(),!0)},s.prototype.resume=function(){return!!i.prototype.resume.call(this)&&(this._upstreamEnded?this.end():this._stream.resume(),!0)},t.exports=s},{\"../stream/GenericWorker\":28,\"../utils\":32}],13:[function(e,t,r){\"use strict\";var i=e(\"readable-stream\").Readable;function n(e,t,r){i.call(this,t),this._helper=e;var n=this;e.on(\"data\",function(e,t){n.push(e)||n._helper.pause(),r&&r(t)}).on(\"error\",function(e){n.emit(\"error\",e)}).on(\"end\",function(){n.push(null)})}e(\"../utils\").inherits(n,i),n.prototype._read=function(){this._helper.resume()},t.exports=n},{\"../utils\":32,\"readable-stream\":16}],14:[function(e,t,r){\"use strict\";t.exports={isNode:\"undefined\"!=typeof Buffer,newBufferFrom:function(e,t){if(Buffer.from&&Buffer.from!==Uint8Array.from)return Buffer.from(e,t);if(\"number\"==typeof e)throw new Error('The \"data\" argument must not be a number');return new Buffer(e,t)},allocBuffer:function(e){if(Buffer.alloc)return Buffer.alloc(e);var t=new Buffer(e);return t.fill(0),t},isBuffer:function(e){return Buffer.isBuffer(e)},isStream:function(e){return e&&\"function\"==typeof e.on&&\"function\"==typeof e.pause&&\"function\"==typeof e.resume}}},{}],15:[function(e,t,r){\"use strict\";function s(e,t,r){var n,i=u.getTypeOf(t),s=u.extend(r||{},f);s.date=s.date||new Date,null!==s.compression&&(s.compression=s.compression.toUpperCase()),\"string\"==typeof s.unixPermissions&&(s.unixPermissions=parseInt(s.unixPermissions,8)),s.unixPermissions&&16384&s.unixPermissions&&(s.dir=!0),s.dosPermissions&&16&s.dosPermissions&&(s.dir=!0),s.dir&&(e=g(e)),s.createFolders&&(n=_(e))&&b.call(this,n,!0);var a=\"string\"===i&&!1===s.binary&&!1===s.base64;r&&void 0!==r.binary||(s.binary=!a),(t instanceof c&&0===t.uncompressedSize||s.dir||!t||0===t.length)&&(s.base64=!1,s.binary=!0,t=\"\",s.compression=\"STORE\",i=\"string\");var o=null;o=t instanceof c||t instanceof l?t:p.isNode&&p.isStream(t)?new m(e,t):u.prepareContent(e,t,s.binary,s.optimizedBinaryString,s.base64);var h=new d(e,o,s);this.files[e]=h}var i=e(\"./utf8\"),u=e(\"./utils\"),l=e(\"./stream/GenericWorker\"),a=e(\"./stream/StreamHelper\"),f=e(\"./defaults\"),c=e(\"./compressedObject\"),d=e(\"./zipObject\"),o=e(\"./generate\"),p=e(\"./nodejsUtils\"),m=e(\"./nodejs/NodejsStreamInputAdapter\"),_=function(e){\"/\"===e.slice(-1)&&(e=e.substring(0,e.length-1));var t=e.lastIndexOf(\"/\");return 0<t?e.substring(0,t):\"\"},g=function(e){return\"/\"!==e.slice(-1)&&(e+=\"/\"),e},b=function(e,t){return t=void 0!==t?t:f.createFolders,e=g(e),this.files[e]||s.call(this,e,null,{dir:!0,createFolders:t}),this.files[e]};function h(e){return\"[object RegExp]\"===Object.prototype.toString.call(e)}var n={load:function(){throw new Error(\"This method has been removed in JSZip 3.0, please check the upgrade guide.\")},forEach:function(e){var t,r,n;for(t in this.files)n=this.files[t],(r=t.slice(this.root.length,t.length))&&t.slice(0,this.root.length)===this.root&&e(r,n)},filter:function(r){var n=[];return this.forEach(function(e,t){r(e,t)&&n.push(t)}),n},file:function(e,t,r){if(1!==arguments.length)return e=this.root+e,s.call(this,e,t,r),this;if(h(e)){var n=e;return this.filter(function(e,t){return!t.dir&&n.test(e)})}var i=this.files[this.root+e];return i&&!i.dir?i:null},folder:function(r){if(!r)return this;if(h(r))return this.filter(function(e,t){return t.dir&&r.test(e)});var e=this.root+r,t=b.call(this,e),n=this.clone();return n.root=t.name,n},remove:function(r){r=this.root+r;var e=this.files[r];if(e||(\"/\"!==r.slice(-1)&&(r+=\"/\"),e=this.files[r]),e&&!e.dir)delete this.files[r];else for(var t=this.filter(function(e,t){return t.name.slice(0,r.length)===r}),n=0;n<t.length;n++)delete this.files[t[n].name];return this},generate:function(){throw new Error(\"This method has been removed in JSZip 3.0, please check the upgrade guide.\")},generateInternalStream:function(e){var t,r={};try{if((r=u.extend(e||{},{streamFiles:!1,compression:\"STORE\",compressionOptions:null,type:\"\",platform:\"DOS\",comment:null,mimeType:\"application/zip\",encodeFileName:i.utf8encode})).type=r.type.toLowerCase(),r.compression=r.compression.toUpperCase(),\"binarystring\"===r.type&&(r.type=\"string\"),!r.type)throw new Error(\"No output type specified.\");u.checkSupport(r.type),\"darwin\"!==r.platform&&\"freebsd\"!==r.platform&&\"linux\"!==r.platform&&\"sunos\"!==r.platform||(r.platform=\"UNIX\"),\"win32\"===r.platform&&(r.platform=\"DOS\");var n=r.comment||this.comment||\"\";t=o.generateWorker(this,r,n)}catch(e){(t=new l(\"error\")).error(e)}return new a(t,r.type||\"string\",r.mimeType)},generateAsync:function(e,t){return this.generateInternalStream(e).accumulate(t)},generateNodeStream:function(e,t){return(e=e||{}).type||(e.type=\"nodebuffer\"),this.generateInternalStream(e).toNodejsStream(t)}};t.exports=n},{\"./compressedObject\":2,\"./defaults\":5,\"./generate\":9,\"./nodejs/NodejsStreamInputAdapter\":12,\"./nodejsUtils\":14,\"./stream/GenericWorker\":28,\"./stream/StreamHelper\":29,\"./utf8\":31,\"./utils\":32,\"./zipObject\":35}],16:[function(e,t,r){\"use strict\";t.exports=e(\"stream\")},{stream:void 0}],17:[function(e,t,r){\"use strict\";var n=e(\"./DataReader\");function i(e){n.call(this,e);for(var t=0;t<this.data.length;t++)e[t]=255&e[t]}e(\"../utils\").inherits(i,n),i.prototype.byteAt=function(e){return this.data[this.zero+e]},i.prototype.lastIndexOfSignature=function(e){for(var t=e.charCodeAt(0),r=e.charCodeAt(1),n=e.charCodeAt(2),i=e.charCodeAt(3),s=this.length-4;0<=s;--s)if(this.data[s]===t&&this.data[s+1]===r&&this.data[s+2]===n&&this.data[s+3]===i)return s-this.zero;return-1},i.prototype.readAndCheckSignature=function(e){var t=e.charCodeAt(0),r=e.charCodeAt(1),n=e.charCodeAt(2),i=e.charCodeAt(3),s=this.readData(4);return t===s[0]&&r===s[1]&&n===s[2]&&i===s[3]},i.prototype.readData=function(e){if(this.checkOffset(e),0===e)return[];var t=this.data.slice(this.zero+this.index,this.zero+this.index+e);return this.index+=e,t},t.exports=i},{\"../utils\":32,\"./DataReader\":18}],18:[function(e,t,r){\"use strict\";var n=e(\"../utils\");function i(e){this.data=e,this.length=e.length,this.index=0,this.zero=0}i.prototype={checkOffset:function(e){this.checkIndex(this.index+e)},checkIndex:function(e){if(this.length<this.zero+e||e<0)throw new Error(\"End of data reached (data length = \"+this.length+\", asked index = \"+e+\"). Corrupted zip ?\")},setIndex:function(e){this.checkIndex(e),this.index=e},skip:function(e){this.setIndex(this.index+e)},byteAt:function(){},readInt:function(e){var t,r=0;for(this.checkOffset(e),t=this.index+e-1;t>=this.index;t--)r=(r<<8)+this.byteAt(t);return this.index+=e,r},readString:function(e){return n.transformTo(\"string\",this.readData(e))},readData:function(){},lastIndexOfSignature:function(){},readAndCheckSignature:function(){},readDate:function(){var e=this.readInt(4);return new Date(Date.UTC(1980+(e>>25&127),(e>>21&15)-1,e>>16&31,e>>11&31,e>>5&63,(31&e)<<1))}},t.exports=i},{\"../utils\":32}],19:[function(e,t,r){\"use strict\";var n=e(\"./Uint8ArrayReader\");function i(e){n.call(this,e)}e(\"../utils\").inherits(i,n),i.prototype.readData=function(e){this.checkOffset(e);var t=this.data.slice(this.zero+this.index,this.zero+this.index+e);return this.index+=e,t},t.exports=i},{\"../utils\":32,\"./Uint8ArrayReader\":21}],20:[function(e,t,r){\"use strict\";var n=e(\"./DataReader\");function i(e){n.call(this,e)}e(\"../utils\").inherits(i,n),i.prototype.byteAt=function(e){return this.data.charCodeAt(this.zero+e)},i.prototype.lastIndexOfSignature=function(e){return this.data.lastIndexOf(e)-this.zero},i.prototype.readAndCheckSignature=function(e){return e===this.readData(4)},i.prototype.readData=function(e){this.checkOffset(e);var t=this.data.slice(this.zero+this.index,this.zero+this.index+e);return this.index+=e,t},t.exports=i},{\"../utils\":32,\"./DataReader\":18}],21:[function(e,t,r){\"use strict\";var n=e(\"./ArrayReader\");function i(e){n.call(this,e)}e(\"../utils\").inherits(i,n),i.prototype.readData=function(e){if(this.checkOffset(e),0===e)return new Uint8Array(0);var t=this.data.subarray(this.zero+this.index,this.zero+this.index+e);return this.index+=e,t},t.exports=i},{\"../utils\":32,\"./ArrayReader\":17}],22:[function(e,t,r){\"use strict\";var n=e(\"../utils\"),i=e(\"../support\"),s=e(\"./ArrayReader\"),a=e(\"./StringReader\"),o=e(\"./NodeBufferReader\"),h=e(\"./Uint8ArrayReader\");t.exports=function(e){var t=n.getTypeOf(e);return n.checkSupport(t),\"string\"!==t||i.uint8array?\"nodebuffer\"===t?new o(e):i.uint8array?new h(n.transformTo(\"uint8array\",e)):new s(n.transformTo(\"array\",e)):new a(e)}},{\"../support\":30,\"../utils\":32,\"./ArrayReader\":17,\"./NodeBufferReader\":19,\"./StringReader\":20,\"./Uint8ArrayReader\":21}],23:[function(e,t,r){\"use strict\";r.LOCAL_FILE_HEADER=\"PK\u0003\u0004\",r.CENTRAL_FILE_HEADER=\"PK\u0001\u0002\",r.CENTRAL_DIRECTORY_END=\"PK\u0005\u0006\",r.ZIP64_CENTRAL_DIRECTORY_LOCATOR=\"PK\u0006\u0007\",r.ZIP64_CENTRAL_DIRECTORY_END=\"PK\u0006\u0006\",r.DATA_DESCRIPTOR=\"PK\u0007\\b\"},{}],24:[function(e,t,r){\"use strict\";var n=e(\"./GenericWorker\"),i=e(\"../utils\");function s(e){n.call(this,\"ConvertWorker to \"+e),this.destType=e}i.inherits(s,n),s.prototype.processChunk=function(e){this.push({data:i.transformTo(this.destType,e.data),meta:e.meta})},t.exports=s},{\"../utils\":32,\"./GenericWorker\":28}],25:[function(e,t,r){\"use strict\";var n=e(\"./GenericWorker\"),i=e(\"../crc32\");function s(){n.call(this,\"Crc32Probe\"),this.withStreamInfo(\"crc32\",0)}e(\"../utils\").inherits(s,n),s.prototype.processChunk=function(e){this.streamInfo.crc32=i(e.data,this.streamInfo.crc32||0),this.push(e)},t.exports=s},{\"../crc32\":4,\"../utils\":32,\"./GenericWorker\":28}],26:[function(e,t,r){\"use strict\";var n=e(\"../utils\"),i=e(\"./GenericWorker\");function s(e){i.call(this,\"DataLengthProbe for \"+e),this.propName=e,this.withStreamInfo(e,0)}n.inherits(s,i),s.prototype.processChunk=function(e){if(e){var t=this.streamInfo[this.propName]||0;this.streamInfo[this.propName]=t+e.data.length}i.prototype.processChunk.call(this,e)},t.exports=s},{\"../utils\":32,\"./GenericWorker\":28}],27:[function(e,t,r){\"use strict\";var n=e(\"../utils\"),i=e(\"./GenericWorker\");function s(e){i.call(this,\"DataWorker\");var t=this;this.dataIsReady=!1,this.index=0,this.max=0,this.data=null,this.type=\"\",this._tickScheduled=!1,e.then(function(e){t.dataIsReady=!0,t.data=e,t.max=e&&e.length||0,t.type=n.getTypeOf(e),t.isPaused||t._tickAndRepeat()},function(e){t.error(e)})}n.inherits(s,i),s.prototype.cleanUp=function(){i.prototype.cleanUp.call(this),this.data=null},s.prototype.resume=function(){return!!i.prototype.resume.call(this)&&(!this._tickScheduled&&this.dataIsReady&&(this._tickScheduled=!0,n.delay(this._tickAndRepeat,[],this)),!0)},s.prototype._tickAndRepeat=function(){this._tickScheduled=!1,this.isPaused||this.isFinished||(this._tick(),this.isFinished||(n.delay(this._tickAndRepeat,[],this),this._tickScheduled=!0))},s.prototype._tick=function(){if(this.isPaused||this.isFinished)return!1;var e=null,t=Math.min(this.max,this.index+16384);if(this.index>=this.max)return this.end();switch(this.type){case\"string\":e=this.data.substring(this.index,t);break;case\"uint8array\":e=this.data.subarray(this.index,t);break;case\"array\":case\"nodebuffer\":e=this.data.slice(this.index,t)}return this.index=t,this.push({data:e,meta:{percent:this.max?this.index/this.max*100:0}})},t.exports=s},{\"../utils\":32,\"./GenericWorker\":28}],28:[function(e,t,r){\"use strict\";function n(e){this.name=e||\"default\",this.streamInfo={},this.generatedError=null,this.extraStreamInfo={},this.isPaused=!0,this.isFinished=!1,this.isLocked=!1,this._listeners={data:[],end:[],error:[]},this.previous=null}n.prototype={push:function(e){this.emit(\"data\",e)},end:function(){if(this.isFinished)return!1;this.flush();try{this.emit(\"end\"),this.cleanUp(),this.isFinished=!0}catch(e){this.emit(\"error\",e)}return!0},error:function(e){return!this.isFinished&&(this.isPaused?this.generatedError=e:(this.isFinished=!0,this.emit(\"error\",e),this.previous&&this.previous.error(e),this.cleanUp()),!0)},on:function(e,t){return this._listeners[e].push(t),this},cleanUp:function(){this.streamInfo=this.generatedError=this.extraStreamInfo=null,this._listeners=[]},emit:function(e,t){if(this._listeners[e])for(var r=0;r<this._listeners[e].length;r++)this._listeners[e][r].call(this,t)},pipe:function(e){return e.registerPrevious(this)},registerPrevious:function(e){if(this.isLocked)throw new Error(\"The stream '\"+this+\"' has already been used.\");this.streamInfo=e.streamInfo,this.mergeStreamInfo(),this.previous=e;var t=this;return e.on(\"data\",function(e){t.processChunk(e)}),e.on(\"end\",function(){t.end()}),e.on(\"error\",function(e){t.error(e)}),this},pause:function(){return!this.isPaused&&!this.isFinished&&(this.isPaused=!0,this.previous&&this.previous.pause(),!0)},resume:function(){if(!this.isPaused||this.isFinished)return!1;var e=this.isPaused=!1;return this.generatedError&&(this.error(this.generatedError),e=!0),this.previous&&this.previous.resume(),!e},flush:function(){},processChunk:function(e){this.push(e)},withStreamInfo:function(e,t){return this.extraStreamInfo[e]=t,this.mergeStreamInfo(),this},mergeStreamInfo:function(){for(var e in this.extraStreamInfo)Object.prototype.hasOwnProperty.call(this.extraStreamInfo,e)&&(this.streamInfo[e]=this.extraStreamInfo[e])},lock:function(){if(this.isLocked)throw new Error(\"The stream '\"+this+\"' has already been used.\");this.isLocked=!0,this.previous&&this.previous.lock()},toString:function(){var e=\"Worker \"+this.name;return this.previous?this.previous+\" -> \"+e:e}},t.exports=n},{}],29:[function(e,t,r){\"use strict\";var h=e(\"../utils\"),i=e(\"./ConvertWorker\"),s=e(\"./GenericWorker\"),u=e(\"../base64\"),n=e(\"../support\"),a=e(\"../external\"),o=null;if(n.nodestream)try{o=e(\"../nodejs/NodejsStreamOutputAdapter\")}catch(e){}function l(e,o){return new a.Promise(function(t,r){var n=[],i=e._internalType,s=e._outputType,a=e._mimeType;e.on(\"data\",function(e,t){n.push(e),o&&o(t)}).on(\"error\",function(e){n=[],r(e)}).on(\"end\",function(){try{var e=function(e,t,r){switch(e){case\"blob\":return h.newBlob(h.transformTo(\"arraybuffer\",t),r);case\"base64\":return u.encode(t);default:return h.transformTo(e,t)}}(s,function(e,t){var r,n=0,i=null,s=0;for(r=0;r<t.length;r++)s+=t[r].length;switch(e){case\"string\":return t.join(\"\");case\"array\":return Array.prototype.concat.apply([],t);case\"uint8array\":for(i=new Uint8Array(s),r=0;r<t.length;r++)i.set(t[r],n),n+=t[r].length;return i;case\"nodebuffer\":return Buffer.concat(t);default:throw new Error(\"concat : unsupported type '\"+e+\"'\")}}(i,n),a);t(e)}catch(e){r(e)}n=[]}).resume()})}function f(e,t,r){var n=t;switch(t){case\"blob\":case\"arraybuffer\":n=\"uint8array\";break;case\"base64\":n=\"string\"}try{this._internalType=n,this._outputType=t,this._mimeType=r,h.checkSupport(n),this._worker=e.pipe(new i(n)),e.lock()}catch(e){this._worker=new s(\"error\"),this._worker.error(e)}}f.prototype={accumulate:function(e){return l(this,e)},on:function(e,t){var r=this;return\"data\"===e?this._worker.on(e,function(e){t.call(r,e.data,e.meta)}):this._worker.on(e,function(){h.delay(t,arguments,r)}),this},resume:function(){return h.delay(this._worker.resume,[],this._worker),this},pause:function(){return this._worker.pause(),this},toNodejsStream:function(e){if(h.checkSupport(\"nodestream\"),\"nodebuffer\"!==this._outputType)throw new Error(this._outputType+\" is not supported by this method\");return new o(this,{objectMode:\"nodebuffer\"!==this._outputType},e)}},t.exports=f},{\"../base64\":1,\"../external\":6,\"../nodejs/NodejsStreamOutputAdapter\":13,\"../support\":30,\"../utils\":32,\"./ConvertWorker\":24,\"./GenericWorker\":28}],30:[function(e,t,r){\"use strict\";if(r.base64=!0,r.array=!0,r.string=!0,r.arraybuffer=\"undefined\"!=typeof ArrayBuffer&&\"undefined\"!=typeof Uint8Array,r.nodebuffer=\"undefined\"!=typeof Buffer,r.uint8array=\"undefined\"!=typeof Uint8Array,\"undefined\"==typeof ArrayBuffer)r.blob=!1;else{var n=new ArrayBuffer(0);try{r.blob=0===new Blob([n],{type:\"application/zip\"}).size}catch(e){try{var i=new(self.BlobBuilder||self.WebKitBlobBuilder||self.MozBlobBuilder||self.MSBlobBuilder);i.append(n),r.blob=0===i.getBlob(\"application/zip\").size}catch(e){r.blob=!1}}}try{r.nodestream=!!e(\"readable-stream\").Readable}catch(e){r.nodestream=!1}},{\"readable-stream\":16}],31:[function(e,t,s){\"use strict\";for(var o=e(\"./utils\"),h=e(\"./support\"),r=e(\"./nodejsUtils\"),n=e(\"./stream/GenericWorker\"),u=new Array(256),i=0;i<256;i++)u[i]=252<=i?6:248<=i?5:240<=i?4:224<=i?3:192<=i?2:1;u[254]=u[254]=1;function a(){n.call(this,\"utf-8 decode\"),this.leftOver=null}function l(){n.call(this,\"utf-8 encode\")}s.utf8encode=function(e){return h.nodebuffer?r.newBufferFrom(e,\"utf-8\"):function(e){var t,r,n,i,s,a=e.length,o=0;for(i=0;i<a;i++)55296==(64512&(r=e.charCodeAt(i)))&&i+1<a&&56320==(64512&(n=e.charCodeAt(i+1)))&&(r=65536+(r-55296<<10)+(n-56320),i++),o+=r<128?1:r<2048?2:r<65536?3:4;for(t=h.uint8array?new Uint8Array(o):new Array(o),i=s=0;s<o;i++)55296==(64512&(r=e.charCodeAt(i)))&&i+1<a&&56320==(64512&(n=e.charCodeAt(i+1)))&&(r=65536+(r-55296<<10)+(n-56320),i++),r<128?t[s++]=r:(r<2048?t[s++]=192|r>>>6:(r<65536?t[s++]=224|r>>>12:(t[s++]=240|r>>>18,t[s++]=128|r>>>12&63),t[s++]=128|r>>>6&63),t[s++]=128|63&r);return t}(e)},s.utf8decode=function(e){return h.nodebuffer?o.transformTo(\"nodebuffer\",e).toString(\"utf-8\"):function(e){var t,r,n,i,s=e.length,a=new Array(2*s);for(t=r=0;t<s;)if((n=e[t++])<128)a[r++]=n;else if(4<(i=u[n]))a[r++]=65533,t+=i-1;else{for(n&=2===i?31:3===i?15:7;1<i&&t<s;)n=n<<6|63&e[t++],i--;1<i?a[r++]=65533:n<65536?a[r++]=n:(n-=65536,a[r++]=55296|n>>10&1023,a[r++]=56320|1023&n)}return a.length!==r&&(a.subarray?a=a.subarray(0,r):a.length=r),o.applyFromCharCode(a)}(e=o.transformTo(h.uint8array?\"uint8array\":\"array\",e))},o.inherits(a,n),a.prototype.processChunk=function(e){var t=o.transformTo(h.uint8array?\"uint8array\":\"array\",e.data);if(this.leftOver&&this.leftOver.length){if(h.uint8array){var r=t;(t=new Uint8Array(r.length+this.leftOver.length)).set(this.leftOver,0),t.set(r,this.leftOver.length)}else t=this.leftOver.concat(t);this.leftOver=null}var n=function(e,t){var r;for((t=t||e.length)>e.length&&(t=e.length),r=t-1;0<=r&&128==(192&e[r]);)r--;return r<0?t:0===r?t:r+u[e[r]]>t?r:t}(t),i=t;n!==t.length&&(h.uint8array?(i=t.subarray(0,n),this.leftOver=t.subarray(n,t.length)):(i=t.slice(0,n),this.leftOver=t.slice(n,t.length))),this.push({data:s.utf8decode(i),meta:e.meta})},a.prototype.flush=function(){this.leftOver&&this.leftOver.length&&(this.push({data:s.utf8decode(this.leftOver),meta:{}}),this.leftOver=null)},s.Utf8DecodeWorker=a,o.inherits(l,n),l.prototype.processChunk=function(e){this.push({data:s.utf8encode(e.data),meta:e.meta})},s.Utf8EncodeWorker=l},{\"./nodejsUtils\":14,\"./stream/GenericWorker\":28,\"./support\":30,\"./utils\":32}],32:[function(e,t,a){\"use strict\";var o=e(\"./support\"),h=e(\"./base64\"),r=e(\"./nodejsUtils\"),u=e(\"./external\");function n(e){return e}function l(e,t){for(var r=0;r<e.length;++r)t[r]=255&e.charCodeAt(r);return t}e(\"setimmediate\"),a.newBlob=function(t,r){a.checkSupport(\"blob\");try{return new Blob([t],{type:r})}catch(e){try{var n=new(self.BlobBuilder||self.WebKitBlobBuilder||self.MozBlobBuilder||self.MSBlobBuilder);return n.append(t),n.getBlob(r)}catch(e){throw new Error(\"Bug : can't construct the Blob.\")}}};var i={stringifyByChunk:function(e,t,r){var n=[],i=0,s=e.length;if(s<=r)return String.fromCharCode.apply(null,e);for(;i<s;)\"array\"===t||\"nodebuffer\"===t?n.push(String.fromCharCode.apply(null,e.slice(i,Math.min(i+r,s)))):n.push(String.fromCharCode.apply(null,e.subarray(i,Math.min(i+r,s)))),i+=r;return n.join(\"\")},stringifyByChar:function(e){for(var t=\"\",r=0;r<e.length;r++)t+=String.fromCharCode(e[r]);return t},applyCanBeUsed:{uint8array:function(){try{return o.uint8array&&1===String.fromCharCode.apply(null,new Uint8Array(1)).length}catch(e){return!1}}(),nodebuffer:function(){try{return o.nodebuffer&&1===String.fromCharCode.apply(null,r.allocBuffer(1)).length}catch(e){return!1}}()}};function s(e){var t=65536,r=a.getTypeOf(e),n=!0;if(\"uint8array\"===r?n=i.applyCanBeUsed.uint8array:\"nodebuffer\"===r&&(n=i.applyCanBeUsed.nodebuffer),n)for(;1<t;)try{return i.stringifyByChunk(e,r,t)}catch(e){t=Math.floor(t/2)}return i.stringifyByChar(e)}function f(e,t){for(var r=0;r<e.length;r++)t[r]=e[r];return t}a.applyFromCharCode=s;var c={};c.string={string:n,array:function(e){return l(e,new Array(e.length))},arraybuffer:function(e){return c.string.uint8array(e).buffer},uint8array:function(e){return l(e,new Uint8Array(e.length))},nodebuffer:function(e){return l(e,r.allocBuffer(e.length))}},c.array={string:s,array:n,arraybuffer:function(e){return new Uint8Array(e).buffer},uint8array:function(e){return new Uint8Array(e)},nodebuffer:function(e){return r.newBufferFrom(e)}},c.arraybuffer={string:function(e){return s(new Uint8Array(e))},array:function(e){return f(new Uint8Array(e),new Array(e.byteLength))},arraybuffer:n,uint8array:function(e){return new Uint8Array(e)},nodebuffer:function(e){return r.newBufferFrom(new Uint8Array(e))}},c.uint8array={string:s,array:function(e){return f(e,new Array(e.length))},arraybuffer:function(e){return e.buffer},uint8array:n,nodebuffer:function(e){return r.newBufferFrom(e)}},c.nodebuffer={string:s,array:function(e){return f(e,new Array(e.length))},arraybuffer:function(e){return c.nodebuffer.uint8array(e).buffer},uint8array:function(e){return f(e,new Uint8Array(e.length))},nodebuffer:n},a.transformTo=function(e,t){if(t=t||\"\",!e)return t;a.checkSupport(e);var r=a.getTypeOf(t);return c[r][e](t)},a.resolve=function(e){for(var t=e.split(\"/\"),r=[],n=0;n<t.length;n++){var i=t[n];\".\"===i||\"\"===i&&0!==n&&n!==t.length-1||(\"..\"===i?r.pop():r.push(i))}return r.join(\"/\")},a.getTypeOf=function(e){return\"string\"==typeof e?\"string\":\"[object Array]\"===Object.prototype.toString.call(e)?\"array\":o.nodebuffer&&r.isBuffer(e)?\"nodebuffer\":o.uint8array&&e instanceof Uint8Array?\"uint8array\":o.arraybuffer&&e instanceof ArrayBuffer?\"arraybuffer\":void 0},a.checkSupport=function(e){if(!o[e.toLowerCase()])throw new Error(e+\" is not supported by this platform\")},a.MAX_VALUE_16BITS=65535,a.MAX_VALUE_32BITS=-1,a.pretty=function(e){var t,r,n=\"\";for(r=0;r<(e||\"\").length;r++)n+=\"\\\\x\"+((t=e.charCodeAt(r))<16?\"0\":\"\")+t.toString(16).toUpperCase();return n},a.delay=function(e,t,r){setImmediate(function(){e.apply(r||null,t||[])})},a.inherits=function(e,t){function r(){}r.prototype=t.prototype,e.prototype=new r},a.extend=function(){var e,t,r={};for(e=0;e<arguments.length;e++)for(t in arguments[e])Object.prototype.hasOwnProperty.call(arguments[e],t)&&void 0===r[t]&&(r[t]=arguments[e][t]);return r},a.prepareContent=function(r,e,n,i,s){return u.Promise.resolve(e).then(function(n){return o.blob&&(n instanceof Blob||-1!==[\"[object File]\",\"[object Blob]\"].indexOf(Object.prototype.toString.call(n)))&&\"undefined\"!=typeof FileReader?new u.Promise(function(t,r){var e=new FileReader;e.onload=function(e){t(e.target.result)},e.onerror=function(e){r(e.target.error)},e.readAsArrayBuffer(n)}):n}).then(function(e){var t=a.getTypeOf(e);return t?(\"arraybuffer\"===t?e=a.transformTo(\"uint8array\",e):\"string\"===t&&(s?e=h.decode(e):n&&!0!==i&&(e=function(e){return l(e,o.uint8array?new Uint8Array(e.length):new Array(e.length))}(e))),e):u.Promise.reject(new Error(\"Can't read the data of '\"+r+\"'. Is it in a supported JavaScript type (String, Blob, ArrayBuffer, etc) ?\"))})}},{\"./base64\":1,\"./external\":6,\"./nodejsUtils\":14,\"./support\":30,setimmediate:54}],33:[function(e,t,r){\"use strict\";var n=e(\"./reader/readerFor\"),i=e(\"./utils\"),s=e(\"./signature\"),a=e(\"./zipEntry\"),o=e(\"./support\");function h(e){this.files=[],this.loadOptions=e}h.prototype={checkSignature:function(e){if(!this.reader.readAndCheckSignature(e)){this.reader.index-=4;var t=this.reader.readString(4);throw new Error(\"Corrupted zip or bug: unexpected signature (\"+i.pretty(t)+\", expected \"+i.pretty(e)+\")\")}},isSignature:function(e,t){var r=this.reader.index;this.reader.setIndex(e);var n=this.reader.readString(4)===t;return this.reader.setIndex(r),n},readBlockEndOfCentral:function(){this.diskNumber=this.reader.readInt(2),this.diskWithCentralDirStart=this.reader.readInt(2),this.centralDirRecordsOnThisDisk=this.reader.readInt(2),this.centralDirRecords=this.reader.readInt(2),this.centralDirSize=this.reader.readInt(4),this.centralDirOffset=this.reader.readInt(4),this.zipCommentLength=this.reader.readInt(2);var e=this.reader.readData(this.zipCommentLength),t=o.uint8array?\"uint8array\":\"array\",r=i.transformTo(t,e);this.zipComment=this.loadOptions.decodeFileName(r)},readBlockZip64EndOfCentral:function(){this.zip64EndOfCentralSize=this.reader.readInt(8),this.reader.skip(4),this.diskNumber=this.reader.readInt(4),this.diskWithCentralDirStart=this.reader.readInt(4),this.centralDirRecordsOnThisDisk=this.reader.readInt(8),this.centralDirRecords=this.reader.readInt(8),this.centralDirSize=this.reader.readInt(8),this.centralDirOffset=this.reader.readInt(8),this.zip64ExtensibleData={};for(var e,t,r,n=this.zip64EndOfCentralSize-44;0<n;)e=this.reader.readInt(2),t=this.reader.readInt(4),r=this.reader.readData(t),this.zip64ExtensibleData[e]={id:e,length:t,value:r}},readBlockZip64EndOfCentralLocator:function(){if(this.diskWithZip64CentralDirStart=this.reader.readInt(4),this.relativeOffsetEndOfZip64CentralDir=this.reader.readInt(8),this.disksCount=this.reader.readInt(4),1<this.disksCount)throw new Error(\"Multi-volumes zip are not supported\")},readLocalFiles:function(){var e,t;for(e=0;e<this.files.length;e++)t=this.files[e],this.reader.setIndex(t.localHeaderOffset),this.checkSignature(s.LOCAL_FILE_HEADER),t.readLocalPart(this.reader),t.handleUTF8(),t.processAttributes()},readCentralDir:function(){var e;for(this.reader.setIndex(this.centralDirOffset);this.reader.readAndCheckSignature(s.CENTRAL_FILE_HEADER);)(e=new a({zip64:this.zip64},this.loadOptions)).readCentralPart(this.reader),this.files.push(e);if(this.centralDirRecords!==this.files.length&&0!==this.centralDirRecords&&0===this.files.length)throw new Error(\"Corrupted zip or bug: expected \"+this.centralDirRecords+\" records in central dir, got \"+this.files.length)},readEndOfCentral:function(){var e=this.reader.lastIndexOfSignature(s.CENTRAL_DIRECTORY_END);if(e<0)throw!this.isSignature(0,s.LOCAL_FILE_HEADER)?new Error(\"Can't find end of central directory : is this a zip file ? If it is, see https://stuk.github.io/jszip/documentation/howto/read_zip.html\"):new Error(\"Corrupted zip: can't find end of central directory\");this.reader.setIndex(e);var t=e;if(this.checkSignature(s.CENTRAL_DIRECTORY_END),this.readBlockEndOfCentral(),this.diskNumber===i.MAX_VALUE_16BITS||this.diskWithCentralDirStart===i.MAX_VALUE_16BITS||this.centralDirRecordsOnThisDisk===i.MAX_VALUE_16BITS||this.centralDirRecords===i.MAX_VALUE_16BITS||this.centralDirSize===i.MAX_VALUE_32BITS||this.centralDirOffset===i.MAX_VALUE_32BITS){if(this.zip64=!0,(e=this.reader.lastIndexOfSignature(s.ZIP64_CENTRAL_DIRECTORY_LOCATOR))<0)throw new Error(\"Corrupted zip: can't find the ZIP64 end of central directory locator\");if(this.reader.setIndex(e),this.checkSignature(s.ZIP64_CENTRAL_DIRECTORY_LOCATOR),this.readBlockZip64EndOfCentralLocator(),!this.isSignature(this.relativeOffsetEndOfZip64CentralDir,s.ZIP64_CENTRAL_DIRECTORY_END)&&(this.relativeOffsetEndOfZip64CentralDir=this.reader.lastIndexOfSignature(s.ZIP64_CENTRAL_DIRECTORY_END),this.relativeOffsetEndOfZip64CentralDir<0))throw new Error(\"Corrupted zip: can't find the ZIP64 end of central directory\");this.reader.setIndex(this.relativeOffsetEndOfZip64CentralDir),this.checkSignature(s.ZIP64_CENTRAL_DIRECTORY_END),this.readBlockZip64EndOfCentral()}var r=this.centralDirOffset+this.centralDirSize;this.zip64&&(r+=20,r+=12+this.zip64EndOfCentralSize);var n=t-r;if(0<n)this.isSignature(t,s.CENTRAL_FILE_HEADER)||(this.reader.zero=n);else if(n<0)throw new Error(\"Corrupted zip: missing \"+Math.abs(n)+\" bytes.\")},prepareReader:function(e){this.reader=n(e)},load:function(e){this.prepareReader(e),this.readEndOfCentral(),this.readCentralDir(),this.readLocalFiles()}},t.exports=h},{\"./reader/readerFor\":22,\"./signature\":23,\"./support\":30,\"./utils\":32,\"./zipEntry\":34}],34:[function(e,t,r){\"use strict\";var n=e(\"./reader/readerFor\"),s=e(\"./utils\"),i=e(\"./compressedObject\"),a=e(\"./crc32\"),o=e(\"./utf8\"),h=e(\"./compressions\"),u=e(\"./support\");function l(e,t){this.options=e,this.loadOptions=t}l.prototype={isEncrypted:function(){return 1==(1&this.bitFlag)},useUTF8:function(){return 2048==(2048&this.bitFlag)},readLocalPart:function(e){var t,r;if(e.skip(22),this.fileNameLength=e.readInt(2),r=e.readInt(2),this.fileName=e.readData(this.fileNameLength),e.skip(r),-1===this.compressedSize||-1===this.uncompressedSize)throw new Error(\"Bug or corrupted zip : didn't get enough information from the central directory (compressedSize === -1 || uncompressedSize === -1)\");if(null===(t=function(e){for(var t in h)if(Object.prototype.hasOwnProperty.call(h,t)&&h[t].magic===e)return h[t];return null}(this.compressionMethod)))throw new Error(\"Corrupted zip : compression \"+s.pretty(this.compressionMethod)+\" unknown (inner file : \"+s.transformTo(\"string\",this.fileName)+\")\");this.decompressed=new i(this.compressedSize,this.uncompressedSize,this.crc32,t,e.readData(this.compressedSize))},readCentralPart:function(e){this.versionMadeBy=e.readInt(2),e.skip(2),this.bitFlag=e.readInt(2),this.compressionMethod=e.readString(2),this.date=e.readDate(),this.crc32=e.readInt(4),this.compressedSize=e.readInt(4),this.uncompressedSize=e.readInt(4);var t=e.readInt(2);if(this.extraFieldsLength=e.readInt(2),this.fileCommentLength=e.readInt(2),this.diskNumberStart=e.readInt(2),this.internalFileAttributes=e.readInt(2),this.externalFileAttributes=e.readInt(4),this.localHeaderOffset=e.readInt(4),this.isEncrypted())throw new Error(\"Encrypted zip are not supported\");e.skip(t),this.readExtraFields(e),this.parseZIP64ExtraField(e),this.fileComment=e.readData(this.fileCommentLength)},processAttributes:function(){this.unixPermissions=null,this.dosPermissions=null;var e=this.versionMadeBy>>8;this.dir=!!(16&this.externalFileAttributes),0==e&&(this.dosPermissions=63&this.externalFileAttributes),3==e&&(this.unixPermissions=this.externalFileAttributes>>16&65535),this.dir||\"/\"!==this.fileNameStr.slice(-1)||(this.dir=!0)},parseZIP64ExtraField:function(){if(this.extraFields[1]){var e=n(this.extraFields[1].value);this.uncompressedSize===s.MAX_VALUE_32BITS&&(this.uncompressedSize=e.readInt(8)),this.compressedSize===s.MAX_VALUE_32BITS&&(this.compressedSize=e.readInt(8)),this.localHeaderOffset===s.MAX_VALUE_32BITS&&(this.localHeaderOffset=e.readInt(8)),this.diskNumberStart===s.MAX_VALUE_32BITS&&(this.diskNumberStart=e.readInt(4))}},readExtraFields:function(e){var t,r,n,i=e.index+this.extraFieldsLength;for(this.extraFields||(this.extraFields={});e.index+4<i;)t=e.readInt(2),r=e.readInt(2),n=e.readData(r),this.extraFields[t]={id:t,length:r,value:n};e.setIndex(i)},handleUTF8:function(){var e=u.uint8array?\"uint8array\":\"array\";if(this.useUTF8())this.fileNameStr=o.utf8decode(this.fileName),this.fileCommentStr=o.utf8decode(this.fileComment);else{var t=this.findExtraFieldUnicodePath();if(null!==t)this.fileNameStr=t;else{var r=s.transformTo(e,this.fileName);this.fileNameStr=this.loadOptions.decodeFileName(r)}var n=this.findExtraFieldUnicodeComment();if(null!==n)this.fileCommentStr=n;else{var i=s.transformTo(e,this.fileComment);this.fileCommentStr=this.loadOptions.decodeFileName(i)}}},findExtraFieldUnicodePath:function(){var e=this.extraFields[28789];if(e){var t=n(e.value);return 1!==t.readInt(1)?null:a(this.fileName)!==t.readInt(4)?null:o.utf8decode(t.readData(e.length-5))}return null},findExtraFieldUnicodeComment:function(){var e=this.extraFields[25461];if(e){var t=n(e.value);return 1!==t.readInt(1)?null:a(this.fileComment)!==t.readInt(4)?null:o.utf8decode(t.readData(e.length-5))}return null}},t.exports=l},{\"./compressedObject\":2,\"./compressions\":3,\"./crc32\":4,\"./reader/readerFor\":22,\"./support\":30,\"./utf8\":31,\"./utils\":32}],35:[function(e,t,r){\"use strict\";function n(e,t,r){this.name=e,this.dir=r.dir,this.date=r.date,this.comment=r.comment,this.unixPermissions=r.unixPermissions,this.dosPermissions=r.dosPermissions,this._data=t,this._dataBinary=r.binary,this.options={compression:r.compression,compressionOptions:r.compressionOptions}}var s=e(\"./stream/StreamHelper\"),i=e(\"./stream/DataWorker\"),a=e(\"./utf8\"),o=e(\"./compressedObject\"),h=e(\"./stream/GenericWorker\");n.prototype={internalStream:function(e){var t=null,r=\"string\";try{if(!e)throw new Error(\"No output type specified.\");var n=\"string\"===(r=e.toLowerCase())||\"text\"===r;\"binarystring\"!==r&&\"text\"!==r||(r=\"string\"),t=this._decompressWorker();var i=!this._dataBinary;i&&!n&&(t=t.pipe(new a.Utf8EncodeWorker)),!i&&n&&(t=t.pipe(new a.Utf8DecodeWorker))}catch(e){(t=new h(\"error\")).error(e)}return new s(t,r,\"\")},async:function(e,t){return this.internalStream(e).accumulate(t)},nodeStream:function(e,t){return this.internalStream(e||\"nodebuffer\").toNodejsStream(t)},_compressWorker:function(e,t){if(this._data instanceof o&&this._data.compression.magic===e.magic)return this._data.getCompressedWorker();var r=this._decompressWorker();return this._dataBinary||(r=r.pipe(new a.Utf8EncodeWorker)),o.createWorkerFrom(r,e,t)},_decompressWorker:function(){return this._data instanceof o?this._data.getContentWorker():this._data instanceof h?this._data:new i(this._data)}};for(var u=[\"asText\",\"asBinary\",\"asNodeBuffer\",\"asUint8Array\",\"asArrayBuffer\"],l=function(){throw new Error(\"This method has been removed in JSZip 3.0, please check the upgrade guide.\")},f=0;f<u.length;f++)n.prototype[u[f]]=l;t.exports=n},{\"./compressedObject\":2,\"./stream/DataWorker\":27,\"./stream/GenericWorker\":28,\"./stream/StreamHelper\":29,\"./utf8\":31}],36:[function(e,l,t){(function(t){\"use strict\";var r,n,e=t.MutationObserver||t.WebKitMutationObserver;if(e){var i=0,s=new e(u),a=t.document.createTextNode(\"\");s.observe(a,{characterData:!0}),r=function(){a.data=i=++i%2}}else if(t.setImmediate||void 0===t.MessageChannel)r=\"document\"in t&&\"onreadystatechange\"in t.document.createElement(\"script\")?function(){var e=t.document.createElement(\"script\");e.onreadystatechange=function(){u(),e.onreadystatechange=null,e.parentNode.removeChild(e),e=null},t.document.documentElement.appendChild(e)}:function(){setTimeout(u,0)};else{var o=new t.MessageChannel;o.port1.onmessage=u,r=function(){o.port2.postMessage(0)}}var h=[];function u(){var e,t;n=!0;for(var r=h.length;r;){for(t=h,h=[],e=-1;++e<r;)t[e]();r=h.length}n=!1}l.exports=function(e){1!==h.push(e)||n||r()}}).call(this,\"undefined\"!=typeof global?global:\"undefined\"!=typeof self?self:\"undefined\"!=typeof window?window:{})},{}],37:[function(e,t,r){\"use strict\";var i=e(\"immediate\");function u(){}var l={},s=[\"REJECTED\"],a=[\"FULFILLED\"],n=[\"PENDING\"];function o(e){if(\"function\"!=typeof e)throw new TypeError(\"resolver must be a function\");this.state=n,this.queue=[],this.outcome=void 0,e!==u&&d(this,e)}function h(e,t,r){this.promise=e,\"function\"==typeof t&&(this.onFulfilled=t,this.callFulfilled=this.otherCallFulfilled),\"function\"==typeof r&&(this.onRejected=r,this.callRejected=this.otherCallRejected)}function f(t,r,n){i(function(){var e;try{e=r(n)}catch(e){return l.reject(t,e)}e===t?l.reject(t,new TypeError(\"Cannot resolve promise with itself\")):l.resolve(t,e)})}function c(e){var t=e&&e.then;if(e&&(\"object\"==typeof e||\"function\"==typeof e)&&\"function\"==typeof t)return function(){t.apply(e,arguments)}}function d(t,e){var r=!1;function n(e){r||(r=!0,l.reject(t,e))}function i(e){r||(r=!0,l.resolve(t,e))}var s=p(function(){e(i,n)});\"error\"===s.status&&n(s.value)}function p(e,t){var r={};try{r.value=e(t),r.status=\"success\"}catch(e){r.status=\"error\",r.value=e}return r}(t.exports=o).prototype.finally=function(t){if(\"function\"!=typeof t)return this;var r=this.constructor;return this.then(function(e){return r.resolve(t()).then(function(){return e})},function(e){return r.resolve(t()).then(function(){throw e})})},o.prototype.catch=function(e){return this.then(null,e)},o.prototype.then=function(e,t){if(\"function\"!=typeof e&&this.state===a||\"function\"!=typeof t&&this.state===s)return this;var r=new this.constructor(u);this.state!==n?f(r,this.state===a?e:t,this.outcome):this.queue.push(new h(r,e,t));return r},h.prototype.callFulfilled=function(e){l.resolve(this.promise,e)},h.prototype.otherCallFulfilled=function(e){f(this.promise,this.onFulfilled,e)},h.prototype.callRejected=function(e){l.reject(this.promise,e)},h.prototype.otherCallRejected=function(e){f(this.promise,this.onRejected,e)},l.resolve=function(e,t){var r=p(c,t);if(\"error\"===r.status)return l.reject(e,r.value);var n=r.value;if(n)d(e,n);else{e.state=a,e.outcome=t;for(var i=-1,s=e.queue.length;++i<s;)e.queue[i].callFulfilled(t)}return e},l.reject=function(e,t){e.state=s,e.outcome=t;for(var r=-1,n=e.queue.length;++r<n;)e.queue[r].callRejected(t);return e},o.resolve=function(e){if(e instanceof this)return e;return l.resolve(new this(u),e)},o.reject=function(e){var t=new this(u);return l.reject(t,e)},o.all=function(e){var r=this;if(\"[object Array]\"!==Object.prototype.toString.call(e))return this.reject(new TypeError(\"must be an array\"));var n=e.length,i=!1;if(!n)return this.resolve([]);var s=new Array(n),a=0,t=-1,o=new this(u);for(;++t<n;)h(e[t],t);return o;function h(e,t){r.resolve(e).then(function(e){s[t]=e,++a!==n||i||(i=!0,l.resolve(o,s))},function(e){i||(i=!0,l.reject(o,e))})}},o.race=function(e){var t=this;if(\"[object Array]\"!==Object.prototype.toString.call(e))return this.reject(new TypeError(\"must be an array\"));var r=e.length,n=!1;if(!r)return this.resolve([]);var i=-1,s=new this(u);for(;++i<r;)a=e[i],t.resolve(a).then(function(e){n||(n=!0,l.resolve(s,e))},function(e){n||(n=!0,l.reject(s,e))});var a;return s}},{immediate:36}],38:[function(e,t,r){\"use strict\";var n={};(0,e(\"./lib/utils/common\").assign)(n,e(\"./lib/deflate\"),e(\"./lib/inflate\"),e(\"./lib/zlib/constants\")),t.exports=n},{\"./lib/deflate\":39,\"./lib/inflate\":40,\"./lib/utils/common\":41,\"./lib/zlib/constants\":44}],39:[function(e,t,r){\"use strict\";var a=e(\"./zlib/deflate\"),o=e(\"./utils/common\"),h=e(\"./utils/strings\"),i=e(\"./zlib/messages\"),s=e(\"./zlib/zstream\"),u=Object.prototype.toString,l=0,f=-1,c=0,d=8;function p(e){if(!(this instanceof p))return new p(e);this.options=o.assign({level:f,method:d,chunkSize:16384,windowBits:15,memLevel:8,strategy:c,to:\"\"},e||{});var t=this.options;t.raw&&0<t.windowBits?t.windowBits=-t.windowBits:t.gzip&&0<t.windowBits&&t.windowBits<16&&(t.windowBits+=16),this.err=0,this.msg=\"\",this.ended=!1,this.chunks=[],this.strm=new s,this.strm.avail_out=0;var r=a.deflateInit2(this.strm,t.level,t.method,t.windowBits,t.memLevel,t.strategy);if(r!==l)throw new Error(i[r]);if(t.header&&a.deflateSetHeader(this.strm,t.header),t.dictionary){var n;if(n=\"string\"==typeof t.dictionary?h.string2buf(t.dictionary):\"[object ArrayBuffer]\"===u.call(t.dictionary)?new Uint8Array(t.dictionary):t.dictionary,(r=a.deflateSetDictionary(this.strm,n))!==l)throw new Error(i[r]);this._dict_set=!0}}function n(e,t){var r=new p(t);if(r.push(e,!0),r.err)throw r.msg||i[r.err];return r.result}p.prototype.push=function(e,t){var r,n,i=this.strm,s=this.options.chunkSize;if(this.ended)return!1;n=t===~~t?t:!0===t?4:0,\"string\"==typeof e?i.input=h.string2buf(e):\"[object ArrayBuffer]\"===u.call(e)?i.input=new Uint8Array(e):i.input=e,i.next_in=0,i.avail_in=i.input.length;do{if(0===i.avail_out&&(i.output=new o.Buf8(s),i.next_out=0,i.avail_out=s),1!==(r=a.deflate(i,n))&&r!==l)return this.onEnd(r),!(this.ended=!0);0!==i.avail_out&&(0!==i.avail_in||4!==n&&2!==n)||(\"string\"===this.options.to?this.onData(h.buf2binstring(o.shrinkBuf(i.output,i.next_out))):this.onData(o.shrinkBuf(i.output,i.next_out)))}while((0<i.avail_in||0===i.avail_out)&&1!==r);return 4===n?(r=a.deflateEnd(this.strm),this.onEnd(r),this.ended=!0,r===l):2!==n||(this.onEnd(l),!(i.avail_out=0))},p.prototype.onData=function(e){this.chunks.push(e)},p.prototype.onEnd=function(e){e===l&&(\"string\"===this.options.to?this.result=this.chunks.join(\"\"):this.result=o.flattenChunks(this.chunks)),this.chunks=[],this.err=e,this.msg=this.strm.msg},r.Deflate=p,r.deflate=n,r.deflateRaw=function(e,t){return(t=t||{}).raw=!0,n(e,t)},r.gzip=function(e,t){return(t=t||{}).gzip=!0,n(e,t)}},{\"./utils/common\":41,\"./utils/strings\":42,\"./zlib/deflate\":46,\"./zlib/messages\":51,\"./zlib/zstream\":53}],40:[function(e,t,r){\"use strict\";var c=e(\"./zlib/inflate\"),d=e(\"./utils/common\"),p=e(\"./utils/strings\"),m=e(\"./zlib/constants\"),n=e(\"./zlib/messages\"),i=e(\"./zlib/zstream\"),s=e(\"./zlib/gzheader\"),_=Object.prototype.toString;function a(e){if(!(this instanceof a))return new a(e);this.options=d.assign({chunkSize:16384,windowBits:0,to:\"\"},e||{});var t=this.options;t.raw&&0<=t.windowBits&&t.windowBits<16&&(t.windowBits=-t.windowBits,0===t.windowBits&&(t.windowBits=-15)),!(0<=t.windowBits&&t.windowBits<16)||e&&e.windowBits||(t.windowBits+=32),15<t.windowBits&&t.windowBits<48&&0==(15&t.windowBits)&&(t.windowBits|=15),this.err=0,this.msg=\"\",this.ended=!1,this.chunks=[],this.strm=new i,this.strm.avail_out=0;var r=c.inflateInit2(this.strm,t.windowBits);if(r!==m.Z_OK)throw new Error(n[r]);this.header=new s,c.inflateGetHeader(this.strm,this.header)}function o(e,t){var r=new a(t);if(r.push(e,!0),r.err)throw r.msg||n[r.err];return r.result}a.prototype.push=function(e,t){var r,n,i,s,a,o,h=this.strm,u=this.options.chunkSize,l=this.options.dictionary,f=!1;if(this.ended)return!1;n=t===~~t?t:!0===t?m.Z_FINISH:m.Z_NO_FLUSH,\"string\"==typeof e?h.input=p.binstring2buf(e):\"[object ArrayBuffer]\"===_.call(e)?h.input=new Uint8Array(e):h.input=e,h.next_in=0,h.avail_in=h.input.length;do{if(0===h.avail_out&&(h.output=new d.Buf8(u),h.next_out=0,h.avail_out=u),(r=c.inflate(h,m.Z_NO_FLUSH))===m.Z_NEED_DICT&&l&&(o=\"string\"==typeof l?p.string2buf(l):\"[object ArrayBuffer]\"===_.call(l)?new Uint8Array(l):l,r=c.inflateSetDictionary(this.strm,o)),r===m.Z_BUF_ERROR&&!0===f&&(r=m.Z_OK,f=!1),r!==m.Z_STREAM_END&&r!==m.Z_OK)return this.onEnd(r),!(this.ended=!0);h.next_out&&(0!==h.avail_out&&r!==m.Z_STREAM_END&&(0!==h.avail_in||n!==m.Z_FINISH&&n!==m.Z_SYNC_FLUSH)||(\"string\"===this.options.to?(i=p.utf8border(h.output,h.next_out),s=h.next_out-i,a=p.buf2string(h.output,i),h.next_out=s,h.avail_out=u-s,s&&d.arraySet(h.output,h.output,i,s,0),this.onData(a)):this.onData(d.shrinkBuf(h.output,h.next_out)))),0===h.avail_in&&0===h.avail_out&&(f=!0)}while((0<h.avail_in||0===h.avail_out)&&r!==m.Z_STREAM_END);return r===m.Z_STREAM_END&&(n=m.Z_FINISH),n===m.Z_FINISH?(r=c.inflateEnd(this.strm),this.onEnd(r),this.ended=!0,r===m.Z_OK):n!==m.Z_SYNC_FLUSH||(this.onEnd(m.Z_OK),!(h.avail_out=0))},a.prototype.onData=function(e){this.chunks.push(e)},a.prototype.onEnd=function(e){e===m.Z_OK&&(\"string\"===this.options.to?this.result=this.chunks.join(\"\"):this.result=d.flattenChunks(this.chunks)),this.chunks=[],this.err=e,this.msg=this.strm.msg},r.Inflate=a,r.inflate=o,r.inflateRaw=function(e,t){return(t=t||{}).raw=!0,o(e,t)},r.ungzip=o},{\"./utils/common\":41,\"./utils/strings\":42,\"./zlib/constants\":44,\"./zlib/gzheader\":47,\"./zlib/inflate\":49,\"./zlib/messages\":51,\"./zlib/zstream\":53}],41:[function(e,t,r){\"use strict\";var n=\"undefined\"!=typeof Uint8Array&&\"undefined\"!=typeof Uint16Array&&\"undefined\"!=typeof Int32Array;r.assign=function(e){for(var t=Array.prototype.slice.call(arguments,1);t.length;){var r=t.shift();if(r){if(\"object\"!=typeof r)throw new TypeError(r+\"must be non-object\");for(var n in r)r.hasOwnProperty(n)&&(e[n]=r[n])}}return e},r.shrinkBuf=function(e,t){return e.length===t?e:e.subarray?e.subarray(0,t):(e.length=t,e)};var i={arraySet:function(e,t,r,n,i){if(t.subarray&&e.subarray)e.set(t.subarray(r,r+n),i);else for(var s=0;s<n;s++)e[i+s]=t[r+s]},flattenChunks:function(e){var t,r,n,i,s,a;for(t=n=0,r=e.length;t<r;t++)n+=e[t].length;for(a=new Uint8Array(n),t=i=0,r=e.length;t<r;t++)s=e[t],a.set(s,i),i+=s.length;return a}},s={arraySet:function(e,t,r,n,i){for(var s=0;s<n;s++)e[i+s]=t[r+s]},flattenChunks:function(e){return[].concat.apply([],e)}};r.setTyped=function(e){e?(r.Buf8=Uint8Array,r.Buf16=Uint16Array,r.Buf32=Int32Array,r.assign(r,i)):(r.Buf8=Array,r.Buf16=Array,r.Buf32=Array,r.assign(r,s))},r.setTyped(n)},{}],42:[function(e,t,r){\"use strict\";var h=e(\"./common\"),i=!0,s=!0;try{String.fromCharCode.apply(null,[0])}catch(e){i=!1}try{String.fromCharCode.apply(null,new Uint8Array(1))}catch(e){s=!1}for(var u=new h.Buf8(256),n=0;n<256;n++)u[n]=252<=n?6:248<=n?5:240<=n?4:224<=n?3:192<=n?2:1;function l(e,t){if(t<65537&&(e.subarray&&s||!e.subarray&&i))return String.fromCharCode.apply(null,h.shrinkBuf(e,t));for(var r=\"\",n=0;n<t;n++)r+=String.fromCharCode(e[n]);return r}u[254]=u[254]=1,r.string2buf=function(e){var t,r,n,i,s,a=e.length,o=0;for(i=0;i<a;i++)55296==(64512&(r=e.charCodeAt(i)))&&i+1<a&&56320==(64512&(n=e.charCodeAt(i+1)))&&(r=65536+(r-55296<<10)+(n-56320),i++),o+=r<128?1:r<2048?2:r<65536?3:4;for(t=new h.Buf8(o),i=s=0;s<o;i++)55296==(64512&(r=e.charCodeAt(i)))&&i+1<a&&56320==(64512&(n=e.charCodeAt(i+1)))&&(r=65536+(r-55296<<10)+(n-56320),i++),r<128?t[s++]=r:(r<2048?t[s++]=192|r>>>6:(r<65536?t[s++]=224|r>>>12:(t[s++]=240|r>>>18,t[s++]=128|r>>>12&63),t[s++]=128|r>>>6&63),t[s++]=128|63&r);return t},r.buf2binstring=function(e){return l(e,e.length)},r.binstring2buf=function(e){for(var t=new h.Buf8(e.length),r=0,n=t.length;r<n;r++)t[r]=e.charCodeAt(r);return t},r.buf2string=function(e,t){var r,n,i,s,a=t||e.length,o=new Array(2*a);for(r=n=0;r<a;)if((i=e[r++])<128)o[n++]=i;else if(4<(s=u[i]))o[n++]=65533,r+=s-1;else{for(i&=2===s?31:3===s?15:7;1<s&&r<a;)i=i<<6|63&e[r++],s--;1<s?o[n++]=65533:i<65536?o[n++]=i:(i-=65536,o[n++]=55296|i>>10&1023,o[n++]=56320|1023&i)}return l(o,n)},r.utf8border=function(e,t){var r;for((t=t||e.length)>e.length&&(t=e.length),r=t-1;0<=r&&128==(192&e[r]);)r--;return r<0?t:0===r?t:r+u[e[r]]>t?r:t}},{\"./common\":41}],43:[function(e,t,r){\"use strict\";t.exports=function(e,t,r,n){for(var i=65535&e|0,s=e>>>16&65535|0,a=0;0!==r;){for(r-=a=2e3<r?2e3:r;s=s+(i=i+t[n++]|0)|0,--a;);i%=65521,s%=65521}return i|s<<16|0}},{}],44:[function(e,t,r){\"use strict\";t.exports={Z_NO_FLUSH:0,Z_PARTIAL_FLUSH:1,Z_SYNC_FLUSH:2,Z_FULL_FLUSH:3,Z_FINISH:4,Z_BLOCK:5,Z_TREES:6,Z_OK:0,Z_STREAM_END:1,Z_NEED_DICT:2,Z_ERRNO:-1,Z_STREAM_ERROR:-2,Z_DATA_ERROR:-3,Z_BUF_ERROR:-5,Z_NO_COMPRESSION:0,Z_BEST_SPEED:1,Z_BEST_COMPRESSION:9,Z_DEFAULT_COMPRESSION:-1,Z_FILTERED:1,Z_HUFFMAN_ONLY:2,Z_RLE:3,Z_FIXED:4,Z_DEFAULT_STRATEGY:0,Z_BINARY:0,Z_TEXT:1,Z_UNKNOWN:2,Z_DEFLATED:8}},{}],45:[function(e,t,r){\"use strict\";var o=function(){for(var e,t=[],r=0;r<256;r++){e=r;for(var n=0;n<8;n++)e=1&e?3988292384^e>>>1:e>>>1;t[r]=e}return t}();t.exports=function(e,t,r,n){var i=o,s=n+r;e^=-1;for(var a=n;a<s;a++)e=e>>>8^i[255&(e^t[a])];return-1^e}},{}],46:[function(e,t,r){\"use strict\";var h,c=e(\"../utils/common\"),u=e(\"./trees\"),d=e(\"./adler32\"),p=e(\"./crc32\"),n=e(\"./messages\"),l=0,f=4,m=0,_=-2,g=-1,b=4,i=2,v=8,y=9,s=286,a=30,o=19,w=2*s+1,k=15,x=3,S=258,z=S+x+1,C=42,E=113,A=1,I=2,O=3,B=4;function R(e,t){return e.msg=n[t],t}function T(e){return(e<<1)-(4<e?9:0)}function D(e){for(var t=e.length;0<=--t;)e[t]=0}function F(e){var t=e.state,r=t.pending;r>e.avail_out&&(r=e.avail_out),0!==r&&(c.arraySet(e.output,t.pending_buf,t.pending_out,r,e.next_out),e.next_out+=r,t.pending_out+=r,e.total_out+=r,e.avail_out-=r,t.pending-=r,0===t.pending&&(t.pending_out=0))}function N(e,t){u._tr_flush_block(e,0<=e.block_start?e.block_start:-1,e.strstart-e.block_start,t),e.block_start=e.strstart,F(e.strm)}function U(e,t){e.pending_buf[e.pending++]=t}function P(e,t){e.pending_buf[e.pending++]=t>>>8&255,e.pending_buf[e.pending++]=255&t}function L(e,t){var r,n,i=e.max_chain_length,s=e.strstart,a=e.prev_length,o=e.nice_match,h=e.strstart>e.w_size-z?e.strstart-(e.w_size-z):0,u=e.window,l=e.w_mask,f=e.prev,c=e.strstart+S,d=u[s+a-1],p=u[s+a];e.prev_length>=e.good_match&&(i>>=2),o>e.lookahead&&(o=e.lookahead);do{if(u[(r=t)+a]===p&&u[r+a-1]===d&&u[r]===u[s]&&u[++r]===u[s+1]){s+=2,r++;do{}while(u[++s]===u[++r]&&u[++s]===u[++r]&&u[++s]===u[++r]&&u[++s]===u[++r]&&u[++s]===u[++r]&&u[++s]===u[++r]&&u[++s]===u[++r]&&u[++s]===u[++r]&&s<c);if(n=S-(c-s),s=c-S,a<n){if(e.match_start=t,o<=(a=n))break;d=u[s+a-1],p=u[s+a]}}}while((t=f[t&l])>h&&0!=--i);return a<=e.lookahead?a:e.lookahead}function j(e){var t,r,n,i,s,a,o,h,u,l,f=e.w_size;do{if(i=e.window_size-e.lookahead-e.strstart,e.strstart>=f+(f-z)){for(c.arraySet(e.window,e.window,f,f,0),e.match_start-=f,e.strstart-=f,e.block_start-=f,t=r=e.hash_size;n=e.head[--t],e.head[t]=f<=n?n-f:0,--r;);for(t=r=f;n=e.prev[--t],e.prev[t]=f<=n?n-f:0,--r;);i+=f}if(0===e.strm.avail_in)break;if(a=e.strm,o=e.window,h=e.strstart+e.lookahead,u=i,l=void 0,l=a.avail_in,u<l&&(l=u),r=0===l?0:(a.avail_in-=l,c.arraySet(o,a.input,a.next_in,l,h),1===a.state.wrap?a.adler=d(a.adler,o,l,h):2===a.state.wrap&&(a.adler=p(a.adler,o,l,h)),a.next_in+=l,a.total_in+=l,l),e.lookahead+=r,e.lookahead+e.insert>=x)for(s=e.strstart-e.insert,e.ins_h=e.window[s],e.ins_h=(e.ins_h<<e.hash_shift^e.window[s+1])&e.hash_mask;e.insert&&(e.ins_h=(e.ins_h<<e.hash_shift^e.window[s+x-1])&e.hash_mask,e.prev[s&e.w_mask]=e.head[e.ins_h],e.head[e.ins_h]=s,s++,e.insert--,!(e.lookahead+e.insert<x)););}while(e.lookahead<z&&0!==e.strm.avail_in)}function Z(e,t){for(var r,n;;){if(e.lookahead<z){if(j(e),e.lookahead<z&&t===l)return A;if(0===e.lookahead)break}if(r=0,e.lookahead>=x&&(e.ins_h=(e.ins_h<<e.hash_shift^e.window[e.strstart+x-1])&e.hash_mask,r=e.prev[e.strstart&e.w_mask]=e.head[e.ins_h],e.head[e.ins_h]=e.strstart),0!==r&&e.strstart-r<=e.w_size-z&&(e.match_length=L(e,r)),e.match_length>=x)if(n=u._tr_tally(e,e.strstart-e.match_start,e.match_length-x),e.lookahead-=e.match_length,e.match_length<=e.max_lazy_match&&e.lookahead>=x){for(e.match_length--;e.strstart++,e.ins_h=(e.ins_h<<e.hash_shift^e.window[e.strstart+x-1])&e.hash_mask,r=e.prev[e.strstart&e.w_mask]=e.head[e.ins_h],e.head[e.ins_h]=e.strstart,0!=--e.match_length;);e.strstart++}else e.strstart+=e.match_length,e.match_length=0,e.ins_h=e.window[e.strstart],e.ins_h=(e.ins_h<<e.hash_shift^e.window[e.strstart+1])&e.hash_mask;else n=u._tr_tally(e,0,e.window[e.strstart]),e.lookahead--,e.strstart++;if(n&&(N(e,!1),0===e.strm.avail_out))return A}return e.insert=e.strstart<x-1?e.strstart:x-1,t===f?(N(e,!0),0===e.strm.avail_out?O:B):e.last_lit&&(N(e,!1),0===e.strm.avail_out)?A:I}function W(e,t){for(var r,n,i;;){if(e.lookahead<z){if(j(e),e.lookahead<z&&t===l)return A;if(0===e.lookahead)break}if(r=0,e.lookahead>=x&&(e.ins_h=(e.ins_h<<e.hash_shift^e.window[e.strstart+x-1])&e.hash_mask,r=e.prev[e.strstart&e.w_mask]=e.head[e.ins_h],e.head[e.ins_h]=e.strstart),e.prev_length=e.match_length,e.prev_match=e.match_start,e.match_length=x-1,0!==r&&e.prev_length<e.max_lazy_match&&e.strstart-r<=e.w_size-z&&(e.match_length=L(e,r),e.match_length<=5&&(1===e.strategy||e.match_length===x&&4096<e.strstart-e.match_start)&&(e.match_length=x-1)),e.prev_length>=x&&e.match_length<=e.prev_length){for(i=e.strstart+e.lookahead-x,n=u._tr_tally(e,e.strstart-1-e.prev_match,e.prev_length-x),e.lookahead-=e.prev_length-1,e.prev_length-=2;++e.strstart<=i&&(e.ins_h=(e.ins_h<<e.hash_shift^e.window[e.strstart+x-1])&e.hash_mask,r=e.prev[e.strstart&e.w_mask]=e.head[e.ins_h],e.head[e.ins_h]=e.strstart),0!=--e.prev_length;);if(e.match_available=0,e.match_length=x-1,e.strstart++,n&&(N(e,!1),0===e.strm.avail_out))return A}else if(e.match_available){if((n=u._tr_tally(e,0,e.window[e.strstart-1]))&&N(e,!1),e.strstart++,e.lookahead--,0===e.strm.avail_out)return A}else e.match_available=1,e.strstart++,e.lookahead--}return e.match_available&&(n=u._tr_tally(e,0,e.window[e.strstart-1]),e.match_available=0),e.insert=e.strstart<x-1?e.strstart:x-1,t===f?(N(e,!0),0===e.strm.avail_out?O:B):e.last_lit&&(N(e,!1),0===e.strm.avail_out)?A:I}function M(e,t,r,n,i){this.good_length=e,this.max_lazy=t,this.nice_length=r,this.max_chain=n,this.func=i}function H(){this.strm=null,this.status=0,this.pending_buf=null,this.pending_buf_size=0,this.pending_out=0,this.pending=0,this.wrap=0,this.gzhead=null,this.gzindex=0,this.method=v,this.last_flush=-1,this.w_size=0,this.w_bits=0,this.w_mask=0,this.window=null,this.window_size=0,this.prev=null,this.head=null,this.ins_h=0,this.hash_size=0,this.hash_bits=0,this.hash_mask=0,this.hash_shift=0,this.block_start=0,this.match_length=0,this.prev_match=0,this.match_available=0,this.strstart=0,this.match_start=0,this.lookahead=0,this.prev_length=0,this.max_chain_length=0,this.max_lazy_match=0,this.level=0,this.strategy=0,this.good_match=0,this.nice_match=0,this.dyn_ltree=new c.Buf16(2*w),this.dyn_dtree=new c.Buf16(2*(2*a+1)),this.bl_tree=new c.Buf16(2*(2*o+1)),D(this.dyn_ltree),D(this.dyn_dtree),D(this.bl_tree),this.l_desc=null,this.d_desc=null,this.bl_desc=null,this.bl_count=new c.Buf16(k+1),this.heap=new c.Buf16(2*s+1),D(this.heap),this.heap_len=0,this.heap_max=0,this.depth=new c.Buf16(2*s+1),D(this.depth),this.l_buf=0,this.lit_bufsize=0,this.last_lit=0,this.d_buf=0,this.opt_len=0,this.static_len=0,this.matches=0,this.insert=0,this.bi_buf=0,this.bi_valid=0}function G(e){var t;return e&&e.state?(e.total_in=e.total_out=0,e.data_type=i,(t=e.state).pending=0,t.pending_out=0,t.wrap<0&&(t.wrap=-t.wrap),t.status=t.wrap?C:E,e.adler=2===t.wrap?0:1,t.last_flush=l,u._tr_init(t),m):R(e,_)}function K(e){var t=G(e);return t===m&&function(e){e.window_size=2*e.w_size,D(e.head),e.max_lazy_match=h[e.level].max_lazy,e.good_match=h[e.level].good_length,e.nice_match=h[e.level].nice_length,e.max_chain_length=h[e.level].max_chain,e.strstart=0,e.block_start=0,e.lookahead=0,e.insert=0,e.match_length=e.prev_length=x-1,e.match_available=0,e.ins_h=0}(e.state),t}function Y(e,t,r,n,i,s){if(!e)return _;var a=1;if(t===g&&(t=6),n<0?(a=0,n=-n):15<n&&(a=2,n-=16),i<1||y<i||r!==v||n<8||15<n||t<0||9<t||s<0||b<s)return R(e,_);8===n&&(n=9);var o=new H;return(e.state=o).strm=e,o.wrap=a,o.gzhead=null,o.w_bits=n,o.w_size=1<<o.w_bits,o.w_mask=o.w_size-1,o.hash_bits=i+7,o.hash_size=1<<o.hash_bits,o.hash_mask=o.hash_size-1,o.hash_shift=~~((o.hash_bits+x-1)/x),o.window=new c.Buf8(2*o.w_size),o.head=new c.Buf16(o.hash_size),o.prev=new c.Buf16(o.w_size),o.lit_bufsize=1<<i+6,o.pending_buf_size=4*o.lit_bufsize,o.pending_buf=new c.Buf8(o.pending_buf_size),o.d_buf=1*o.lit_bufsize,o.l_buf=3*o.lit_bufsize,o.level=t,o.strategy=s,o.method=r,K(e)}h=[new M(0,0,0,0,function(e,t){var r=65535;for(r>e.pending_buf_size-5&&(r=e.pending_buf_size-5);;){if(e.lookahead<=1){if(j(e),0===e.lookahead&&t===l)return A;if(0===e.lookahead)break}e.strstart+=e.lookahead,e.lookahead=0;var n=e.block_start+r;if((0===e.strstart||e.strstart>=n)&&(e.lookahead=e.strstart-n,e.strstart=n,N(e,!1),0===e.strm.avail_out))return A;if(e.strstart-e.block_start>=e.w_size-z&&(N(e,!1),0===e.strm.avail_out))return A}return e.insert=0,t===f?(N(e,!0),0===e.strm.avail_out?O:B):(e.strstart>e.block_start&&(N(e,!1),e.strm.avail_out),A)}),new M(4,4,8,4,Z),new M(4,5,16,8,Z),new M(4,6,32,32,Z),new M(4,4,16,16,W),new M(8,16,32,32,W),new M(8,16,128,128,W),new M(8,32,128,256,W),new M(32,128,258,1024,W),new M(32,258,258,4096,W)],r.deflateInit=function(e,t){return Y(e,t,v,15,8,0)},r.deflateInit2=Y,r.deflateReset=K,r.deflateResetKeep=G,r.deflateSetHeader=function(e,t){return e&&e.state?2!==e.state.wrap?_:(e.state.gzhead=t,m):_},r.deflate=function(e,t){var r,n,i,s;if(!e||!e.state||5<t||t<0)return e?R(e,_):_;if(n=e.state,!e.output||!e.input&&0!==e.avail_in||666===n.status&&t!==f)return R(e,0===e.avail_out?-5:_);if(n.strm=e,r=n.last_flush,n.last_flush=t,n.status===C)if(2===n.wrap)e.adler=0,U(n,31),U(n,139),U(n,8),n.gzhead?(U(n,(n.gzhead.text?1:0)+(n.gzhead.hcrc?2:0)+(n.gzhead.extra?4:0)+(n.gzhead.name?8:0)+(n.gzhead.comment?16:0)),U(n,255&n.gzhead.time),U(n,n.gzhead.time>>8&255),U(n,n.gzhead.time>>16&255),U(n,n.gzhead.time>>24&255),U(n,9===n.level?2:2<=n.strategy||n.level<2?4:0),U(n,255&n.gzhead.os),n.gzhead.extra&&n.gzhead.extra.length&&(U(n,255&n.gzhead.extra.length),U(n,n.gzhead.extra.length>>8&255)),n.gzhead.hcrc&&(e.adler=p(e.adler,n.pending_buf,n.pending,0)),n.gzindex=0,n.status=69):(U(n,0),U(n,0),U(n,0),U(n,0),U(n,0),U(n,9===n.level?2:2<=n.strategy||n.level<2?4:0),U(n,3),n.status=E);else{var a=v+(n.w_bits-8<<4)<<8;a|=(2<=n.strategy||n.level<2?0:n.level<6?1:6===n.level?2:3)<<6,0!==n.strstart&&(a|=32),a+=31-a%31,n.status=E,P(n,a),0!==n.strstart&&(P(n,e.adler>>>16),P(n,65535&e.adler)),e.adler=1}if(69===n.status)if(n.gzhead.extra){for(i=n.pending;n.gzindex<(65535&n.gzhead.extra.length)&&(n.pending!==n.pending_buf_size||(n.gzhead.hcrc&&n.pending>i&&(e.adler=p(e.adler,n.pending_buf,n.pending-i,i)),F(e),i=n.pending,n.pending!==n.pending_buf_size));)U(n,255&n.gzhead.extra[n.gzindex]),n.gzindex++;n.gzhead.hcrc&&n.pending>i&&(e.adler=p(e.adler,n.pending_buf,n.pending-i,i)),n.gzindex===n.gzhead.extra.length&&(n.gzindex=0,n.status=73)}else n.status=73;if(73===n.status)if(n.gzhead.name){i=n.pending;do{if(n.pending===n.pending_buf_size&&(n.gzhead.hcrc&&n.pending>i&&(e.adler=p(e.adler,n.pending_buf,n.pending-i,i)),F(e),i=n.pending,n.pending===n.pending_buf_size)){s=1;break}s=n.gzindex<n.gzhead.name.length?255&n.gzhead.name.charCodeAt(n.gzindex++):0,U(n,s)}while(0!==s);n.gzhead.hcrc&&n.pending>i&&(e.adler=p(e.adler,n.pending_buf,n.pending-i,i)),0===s&&(n.gzindex=0,n.status=91)}else n.status=91;if(91===n.status)if(n.gzhead.comment){i=n.pending;do{if(n.pending===n.pending_buf_size&&(n.gzhead.hcrc&&n.pending>i&&(e.adler=p(e.adler,n.pending_buf,n.pending-i,i)),F(e),i=n.pending,n.pending===n.pending_buf_size)){s=1;break}s=n.gzindex<n.gzhead.comment.length?255&n.gzhead.comment.charCodeAt(n.gzindex++):0,U(n,s)}while(0!==s);n.gzhead.hcrc&&n.pending>i&&(e.adler=p(e.adler,n.pending_buf,n.pending-i,i)),0===s&&(n.status=103)}else n.status=103;if(103===n.status&&(n.gzhead.hcrc?(n.pending+2>n.pending_buf_size&&F(e),n.pending+2<=n.pending_buf_size&&(U(n,255&e.adler),U(n,e.adler>>8&255),e.adler=0,n.status=E)):n.status=E),0!==n.pending){if(F(e),0===e.avail_out)return n.last_flush=-1,m}else if(0===e.avail_in&&T(t)<=T(r)&&t!==f)return R(e,-5);if(666===n.status&&0!==e.avail_in)return R(e,-5);if(0!==e.avail_in||0!==n.lookahead||t!==l&&666!==n.status){var o=2===n.strategy?function(e,t){for(var r;;){if(0===e.lookahead&&(j(e),0===e.lookahead)){if(t===l)return A;break}if(e.match_length=0,r=u._tr_tally(e,0,e.window[e.strstart]),e.lookahead--,e.strstart++,r&&(N(e,!1),0===e.strm.avail_out))return A}return e.insert=0,t===f?(N(e,!0),0===e.strm.avail_out?O:B):e.last_lit&&(N(e,!1),0===e.strm.avail_out)?A:I}(n,t):3===n.strategy?function(e,t){for(var r,n,i,s,a=e.window;;){if(e.lookahead<=S){if(j(e),e.lookahead<=S&&t===l)return A;if(0===e.lookahead)break}if(e.match_length=0,e.lookahead>=x&&0<e.strstart&&(n=a[i=e.strstart-1])===a[++i]&&n===a[++i]&&n===a[++i]){s=e.strstart+S;do{}while(n===a[++i]&&n===a[++i]&&n===a[++i]&&n===a[++i]&&n===a[++i]&&n===a[++i]&&n===a[++i]&&n===a[++i]&&i<s);e.match_length=S-(s-i),e.match_length>e.lookahead&&(e.match_length=e.lookahead)}if(e.match_length>=x?(r=u._tr_tally(e,1,e.match_length-x),e.lookahead-=e.match_length,e.strstart+=e.match_length,e.match_length=0):(r=u._tr_tally(e,0,e.window[e.strstart]),e.lookahead--,e.strstart++),r&&(N(e,!1),0===e.strm.avail_out))return A}return e.insert=0,t===f?(N(e,!0),0===e.strm.avail_out?O:B):e.last_lit&&(N(e,!1),0===e.strm.avail_out)?A:I}(n,t):h[n.level].func(n,t);if(o!==O&&o!==B||(n.status=666),o===A||o===O)return 0===e.avail_out&&(n.last_flush=-1),m;if(o===I&&(1===t?u._tr_align(n):5!==t&&(u._tr_stored_block(n,0,0,!1),3===t&&(D(n.head),0===n.lookahead&&(n.strstart=0,n.block_start=0,n.insert=0))),F(e),0===e.avail_out))return n.last_flush=-1,m}return t!==f?m:n.wrap<=0?1:(2===n.wrap?(U(n,255&e.adler),U(n,e.adler>>8&255),U(n,e.adler>>16&255),U(n,e.adler>>24&255),U(n,255&e.total_in),U(n,e.total_in>>8&255),U(n,e.total_in>>16&255),U(n,e.total_in>>24&255)):(P(n,e.adler>>>16),P(n,65535&e.adler)),F(e),0<n.wrap&&(n.wrap=-n.wrap),0!==n.pending?m:1)},r.deflateEnd=function(e){var t;return e&&e.state?(t=e.state.status)!==C&&69!==t&&73!==t&&91!==t&&103!==t&&t!==E&&666!==t?R(e,_):(e.state=null,t===E?R(e,-3):m):_},r.deflateSetDictionary=function(e,t){var r,n,i,s,a,o,h,u,l=t.length;if(!e||!e.state)return _;if(2===(s=(r=e.state).wrap)||1===s&&r.status!==C||r.lookahead)return _;for(1===s&&(e.adler=d(e.adler,t,l,0)),r.wrap=0,l>=r.w_size&&(0===s&&(D(r.head),r.strstart=0,r.block_start=0,r.insert=0),u=new c.Buf8(r.w_size),c.arraySet(u,t,l-r.w_size,r.w_size,0),t=u,l=r.w_size),a=e.avail_in,o=e.next_in,h=e.input,e.avail_in=l,e.next_in=0,e.input=t,j(r);r.lookahead>=x;){for(n=r.strstart,i=r.lookahead-(x-1);r.ins_h=(r.ins_h<<r.hash_shift^r.window[n+x-1])&r.hash_mask,r.prev[n&r.w_mask]=r.head[r.ins_h],r.head[r.ins_h]=n,n++,--i;);r.strstart=n,r.lookahead=x-1,j(r)}return r.strstart+=r.lookahead,r.block_start=r.strstart,r.insert=r.lookahead,r.lookahead=0,r.match_length=r.prev_length=x-1,r.match_available=0,e.next_in=o,e.input=h,e.avail_in=a,r.wrap=s,m},r.deflateInfo=\"pako deflate (from Nodeca project)\"},{\"../utils/common\":41,\"./adler32\":43,\"./crc32\":45,\"./messages\":51,\"./trees\":52}],47:[function(e,t,r){\"use strict\";t.exports=function(){this.text=0,this.time=0,this.xflags=0,this.os=0,this.extra=null,this.extra_len=0,this.name=\"\",this.comment=\"\",this.hcrc=0,this.done=!1}},{}],48:[function(e,t,r){\"use strict\";t.exports=function(e,t){var r,n,i,s,a,o,h,u,l,f,c,d,p,m,_,g,b,v,y,w,k,x,S,z,C;r=e.state,n=e.next_in,z=e.input,i=n+(e.avail_in-5),s=e.next_out,C=e.output,a=s-(t-e.avail_out),o=s+(e.avail_out-257),h=r.dmax,u=r.wsize,l=r.whave,f=r.wnext,c=r.window,d=r.hold,p=r.bits,m=r.lencode,_=r.distcode,g=(1<<r.lenbits)-1,b=(1<<r.distbits)-1;e:do{p<15&&(d+=z[n++]<<p,p+=8,d+=z[n++]<<p,p+=8),v=m[d&g];t:for(;;){if(d>>>=y=v>>>24,p-=y,0===(y=v>>>16&255))C[s++]=65535&v;else{if(!(16&y)){if(0==(64&y)){v=m[(65535&v)+(d&(1<<y)-1)];continue t}if(32&y){r.mode=12;break e}e.msg=\"invalid literal/length code\",r.mode=30;break e}w=65535&v,(y&=15)&&(p<y&&(d+=z[n++]<<p,p+=8),w+=d&(1<<y)-1,d>>>=y,p-=y),p<15&&(d+=z[n++]<<p,p+=8,d+=z[n++]<<p,p+=8),v=_[d&b];r:for(;;){if(d>>>=y=v>>>24,p-=y,!(16&(y=v>>>16&255))){if(0==(64&y)){v=_[(65535&v)+(d&(1<<y)-1)];continue r}e.msg=\"invalid distance code\",r.mode=30;break e}if(k=65535&v,p<(y&=15)&&(d+=z[n++]<<p,(p+=8)<y&&(d+=z[n++]<<p,p+=8)),h<(k+=d&(1<<y)-1)){e.msg=\"invalid distance too far back\",r.mode=30;break e}if(d>>>=y,p-=y,(y=s-a)<k){if(l<(y=k-y)&&r.sane){e.msg=\"invalid distance too far back\",r.mode=30;break e}if(S=c,(x=0)===f){if(x+=u-y,y<w){for(w-=y;C[s++]=c[x++],--y;);x=s-k,S=C}}else if(f<y){if(x+=u+f-y,(y-=f)<w){for(w-=y;C[s++]=c[x++],--y;);if(x=0,f<w){for(w-=y=f;C[s++]=c[x++],--y;);x=s-k,S=C}}}else if(x+=f-y,y<w){for(w-=y;C[s++]=c[x++],--y;);x=s-k,S=C}for(;2<w;)C[s++]=S[x++],C[s++]=S[x++],C[s++]=S[x++],w-=3;w&&(C[s++]=S[x++],1<w&&(C[s++]=S[x++]))}else{for(x=s-k;C[s++]=C[x++],C[s++]=C[x++],C[s++]=C[x++],2<(w-=3););w&&(C[s++]=C[x++],1<w&&(C[s++]=C[x++]))}break}}break}}while(n<i&&s<o);n-=w=p>>3,d&=(1<<(p-=w<<3))-1,e.next_in=n,e.next_out=s,e.avail_in=n<i?i-n+5:5-(n-i),e.avail_out=s<o?o-s+257:257-(s-o),r.hold=d,r.bits=p}},{}],49:[function(e,t,r){\"use strict\";var I=e(\"../utils/common\"),O=e(\"./adler32\"),B=e(\"./crc32\"),R=e(\"./inffast\"),T=e(\"./inftrees\"),D=1,F=2,N=0,U=-2,P=1,n=852,i=592;function L(e){return(e>>>24&255)+(e>>>8&65280)+((65280&e)<<8)+((255&e)<<24)}function s(){this.mode=0,this.last=!1,this.wrap=0,this.havedict=!1,this.flags=0,this.dmax=0,this.check=0,this.total=0,this.head=null,this.wbits=0,this.wsize=0,this.whave=0,this.wnext=0,this.window=null,this.hold=0,this.bits=0,this.length=0,this.offset=0,this.extra=0,this.lencode=null,this.distcode=null,this.lenbits=0,this.distbits=0,this.ncode=0,this.nlen=0,this.ndist=0,this.have=0,this.next=null,this.lens=new I.Buf16(320),this.work=new I.Buf16(288),this.lendyn=null,this.distdyn=null,this.sane=0,this.back=0,this.was=0}function a(e){var t;return e&&e.state?(t=e.state,e.total_in=e.total_out=t.total=0,e.msg=\"\",t.wrap&&(e.adler=1&t.wrap),t.mode=P,t.last=0,t.havedict=0,t.dmax=32768,t.head=null,t.hold=0,t.bits=0,t.lencode=t.lendyn=new I.Buf32(n),t.distcode=t.distdyn=new I.Buf32(i),t.sane=1,t.back=-1,N):U}function o(e){var t;return e&&e.state?((t=e.state).wsize=0,t.whave=0,t.wnext=0,a(e)):U}function h(e,t){var r,n;return e&&e.state?(n=e.state,t<0?(r=0,t=-t):(r=1+(t>>4),t<48&&(t&=15)),t&&(t<8||15<t)?U:(null!==n.window&&n.wbits!==t&&(n.window=null),n.wrap=r,n.wbits=t,o(e))):U}function u(e,t){var r,n;return e?(n=new s,(e.state=n).window=null,(r=h(e,t))!==N&&(e.state=null),r):U}var l,f,c=!0;function j(e){if(c){var t;for(l=new I.Buf32(512),f=new I.Buf32(32),t=0;t<144;)e.lens[t++]=8;for(;t<256;)e.lens[t++]=9;for(;t<280;)e.lens[t++]=7;for(;t<288;)e.lens[t++]=8;for(T(D,e.lens,0,288,l,0,e.work,{bits:9}),t=0;t<32;)e.lens[t++]=5;T(F,e.lens,0,32,f,0,e.work,{bits:5}),c=!1}e.lencode=l,e.lenbits=9,e.distcode=f,e.distbits=5}function Z(e,t,r,n){var i,s=e.state;return null===s.window&&(s.wsize=1<<s.wbits,s.wnext=0,s.whave=0,s.window=new I.Buf8(s.wsize)),n>=s.wsize?(I.arraySet(s.window,t,r-s.wsize,s.wsize,0),s.wnext=0,s.whave=s.wsize):(n<(i=s.wsize-s.wnext)&&(i=n),I.arraySet(s.window,t,r-n,i,s.wnext),(n-=i)?(I.arraySet(s.window,t,r-n,n,0),s.wnext=n,s.whave=s.wsize):(s.wnext+=i,s.wnext===s.wsize&&(s.wnext=0),s.whave<s.wsize&&(s.whave+=i))),0}r.inflateReset=o,r.inflateReset2=h,r.inflateResetKeep=a,r.inflateInit=function(e){return u(e,15)},r.inflateInit2=u,r.inflate=function(e,t){var r,n,i,s,a,o,h,u,l,f,c,d,p,m,_,g,b,v,y,w,k,x,S,z,C=0,E=new I.Buf8(4),A=[16,17,18,0,8,7,9,6,10,5,11,4,12,3,13,2,14,1,15];if(!e||!e.state||!e.output||!e.input&&0!==e.avail_in)return U;12===(r=e.state).mode&&(r.mode=13),a=e.next_out,i=e.output,h=e.avail_out,s=e.next_in,n=e.input,o=e.avail_in,u=r.hold,l=r.bits,f=o,c=h,x=N;e:for(;;)switch(r.mode){case P:if(0===r.wrap){r.mode=13;break}for(;l<16;){if(0===o)break e;o--,u+=n[s++]<<l,l+=8}if(2&r.wrap&&35615===u){E[r.check=0]=255&u,E[1]=u>>>8&255,r.check=B(r.check,E,2,0),l=u=0,r.mode=2;break}if(r.flags=0,r.head&&(r.head.done=!1),!(1&r.wrap)||(((255&u)<<8)+(u>>8))%31){e.msg=\"incorrect header check\",r.mode=30;break}if(8!=(15&u)){e.msg=\"unknown compression method\",r.mode=30;break}if(l-=4,k=8+(15&(u>>>=4)),0===r.wbits)r.wbits=k;else if(k>r.wbits){e.msg=\"invalid window size\",r.mode=30;break}r.dmax=1<<k,e.adler=r.check=1,r.mode=512&u?10:12,l=u=0;break;case 2:for(;l<16;){if(0===o)break e;o--,u+=n[s++]<<l,l+=8}if(r.flags=u,8!=(255&r.flags)){e.msg=\"unknown compression method\",r.mode=30;break}if(57344&r.flags){e.msg=\"unknown header flags set\",r.mode=30;break}r.head&&(r.head.text=u>>8&1),512&r.flags&&(E[0]=255&u,E[1]=u>>>8&255,r.check=B(r.check,E,2,0)),l=u=0,r.mode=3;case 3:for(;l<32;){if(0===o)break e;o--,u+=n[s++]<<l,l+=8}r.head&&(r.head.time=u),512&r.flags&&(E[0]=255&u,E[1]=u>>>8&255,E[2]=u>>>16&255,E[3]=u>>>24&255,r.check=B(r.check,E,4,0)),l=u=0,r.mode=4;case 4:for(;l<16;){if(0===o)break e;o--,u+=n[s++]<<l,l+=8}r.head&&(r.head.xflags=255&u,r.head.os=u>>8),512&r.flags&&(E[0]=255&u,E[1]=u>>>8&255,r.check=B(r.check,E,2,0)),l=u=0,r.mode=5;case 5:if(1024&r.flags){for(;l<16;){if(0===o)break e;o--,u+=n[s++]<<l,l+=8}r.length=u,r.head&&(r.head.extra_len=u),512&r.flags&&(E[0]=255&u,E[1]=u>>>8&255,r.check=B(r.check,E,2,0)),l=u=0}else r.head&&(r.head.extra=null);r.mode=6;case 6:if(1024&r.flags&&(o<(d=r.length)&&(d=o),d&&(r.head&&(k=r.head.extra_len-r.length,r.head.extra||(r.head.extra=new Array(r.head.extra_len)),I.arraySet(r.head.extra,n,s,d,k)),512&r.flags&&(r.check=B(r.check,n,d,s)),o-=d,s+=d,r.length-=d),r.length))break e;r.length=0,r.mode=7;case 7:if(2048&r.flags){if(0===o)break e;for(d=0;k=n[s+d++],r.head&&k&&r.length<65536&&(r.head.name+=String.fromCharCode(k)),k&&d<o;);if(512&r.flags&&(r.check=B(r.check,n,d,s)),o-=d,s+=d,k)break e}else r.head&&(r.head.name=null);r.length=0,r.mode=8;case 8:if(4096&r.flags){if(0===o)break e;for(d=0;k=n[s+d++],r.head&&k&&r.length<65536&&(r.head.comment+=String.fromCharCode(k)),k&&d<o;);if(512&r.flags&&(r.check=B(r.check,n,d,s)),o-=d,s+=d,k)break e}else r.head&&(r.head.comment=null);r.mode=9;case 9:if(512&r.flags){for(;l<16;){if(0===o)break e;o--,u+=n[s++]<<l,l+=8}if(u!==(65535&r.check)){e.msg=\"header crc mismatch\",r.mode=30;break}l=u=0}r.head&&(r.head.hcrc=r.flags>>9&1,r.head.done=!0),e.adler=r.check=0,r.mode=12;break;case 10:for(;l<32;){if(0===o)break e;o--,u+=n[s++]<<l,l+=8}e.adler=r.check=L(u),l=u=0,r.mode=11;case 11:if(0===r.havedict)return e.next_out=a,e.avail_out=h,e.next_in=s,e.avail_in=o,r.hold=u,r.bits=l,2;e.adler=r.check=1,r.mode=12;case 12:if(5===t||6===t)break e;case 13:if(r.last){u>>>=7&l,l-=7&l,r.mode=27;break}for(;l<3;){if(0===o)break e;o--,u+=n[s++]<<l,l+=8}switch(r.last=1&u,l-=1,3&(u>>>=1)){case 0:r.mode=14;break;case 1:if(j(r),r.mode=20,6!==t)break;u>>>=2,l-=2;break e;case 2:r.mode=17;break;case 3:e.msg=\"invalid block type\",r.mode=30}u>>>=2,l-=2;break;case 14:for(u>>>=7&l,l-=7&l;l<32;){if(0===o)break e;o--,u+=n[s++]<<l,l+=8}if((65535&u)!=(u>>>16^65535)){e.msg=\"invalid stored block lengths\",r.mode=30;break}if(r.length=65535&u,l=u=0,r.mode=15,6===t)break e;case 15:r.mode=16;case 16:if(d=r.length){if(o<d&&(d=o),h<d&&(d=h),0===d)break e;I.arraySet(i,n,s,d,a),o-=d,s+=d,h-=d,a+=d,r.length-=d;break}r.mode=12;break;case 17:for(;l<14;){if(0===o)break e;o--,u+=n[s++]<<l,l+=8}if(r.nlen=257+(31&u),u>>>=5,l-=5,r.ndist=1+(31&u),u>>>=5,l-=5,r.ncode=4+(15&u),u>>>=4,l-=4,286<r.nlen||30<r.ndist){e.msg=\"too many length or distance symbols\",r.mode=30;break}r.have=0,r.mode=18;case 18:for(;r.have<r.ncode;){for(;l<3;){if(0===o)break e;o--,u+=n[s++]<<l,l+=8}r.lens[A[r.have++]]=7&u,u>>>=3,l-=3}for(;r.have<19;)r.lens[A[r.have++]]=0;if(r.lencode=r.lendyn,r.lenbits=7,S={bits:r.lenbits},x=T(0,r.lens,0,19,r.lencode,0,r.work,S),r.lenbits=S.bits,x){e.msg=\"invalid code lengths set\",r.mode=30;break}r.have=0,r.mode=19;case 19:for(;r.have<r.nlen+r.ndist;){for(;g=(C=r.lencode[u&(1<<r.lenbits)-1])>>>16&255,b=65535&C,!((_=C>>>24)<=l);){if(0===o)break e;o--,u+=n[s++]<<l,l+=8}if(b<16)u>>>=_,l-=_,r.lens[r.have++]=b;else{if(16===b){for(z=_+2;l<z;){if(0===o)break e;o--,u+=n[s++]<<l,l+=8}if(u>>>=_,l-=_,0===r.have){e.msg=\"invalid bit length repeat\",r.mode=30;break}k=r.lens[r.have-1],d=3+(3&u),u>>>=2,l-=2}else if(17===b){for(z=_+3;l<z;){if(0===o)break e;o--,u+=n[s++]<<l,l+=8}l-=_,k=0,d=3+(7&(u>>>=_)),u>>>=3,l-=3}else{for(z=_+7;l<z;){if(0===o)break e;o--,u+=n[s++]<<l,l+=8}l-=_,k=0,d=11+(127&(u>>>=_)),u>>>=7,l-=7}if(r.have+d>r.nlen+r.ndist){e.msg=\"invalid bit length repeat\",r.mode=30;break}for(;d--;)r.lens[r.have++]=k}}if(30===r.mode)break;if(0===r.lens[256]){e.msg=\"invalid code -- missing end-of-block\",r.mode=30;break}if(r.lenbits=9,S={bits:r.lenbits},x=T(D,r.lens,0,r.nlen,r.lencode,0,r.work,S),r.lenbits=S.bits,x){e.msg=\"invalid literal/lengths set\",r.mode=30;break}if(r.distbits=6,r.distcode=r.distdyn,S={bits:r.distbits},x=T(F,r.lens,r.nlen,r.ndist,r.distcode,0,r.work,S),r.distbits=S.bits,x){e.msg=\"invalid distances set\",r.mode=30;break}if(r.mode=20,6===t)break e;case 20:r.mode=21;case 21:if(6<=o&&258<=h){e.next_out=a,e.avail_out=h,e.next_in=s,e.avail_in=o,r.hold=u,r.bits=l,R(e,c),a=e.next_out,i=e.output,h=e.avail_out,s=e.next_in,n=e.input,o=e.avail_in,u=r.hold,l=r.bits,12===r.mode&&(r.back=-1);break}for(r.back=0;g=(C=r.lencode[u&(1<<r.lenbits)-1])>>>16&255,b=65535&C,!((_=C>>>24)<=l);){if(0===o)break e;o--,u+=n[s++]<<l,l+=8}if(g&&0==(240&g)){for(v=_,y=g,w=b;g=(C=r.lencode[w+((u&(1<<v+y)-1)>>v)])>>>16&255,b=65535&C,!(v+(_=C>>>24)<=l);){if(0===o)break e;o--,u+=n[s++]<<l,l+=8}u>>>=v,l-=v,r.back+=v}if(u>>>=_,l-=_,r.back+=_,r.length=b,0===g){r.mode=26;break}if(32&g){r.back=-1,r.mode=12;break}if(64&g){e.msg=\"invalid literal/length code\",r.mode=30;break}r.extra=15&g,r.mode=22;case 22:if(r.extra){for(z=r.extra;l<z;){if(0===o)break e;o--,u+=n[s++]<<l,l+=8}r.length+=u&(1<<r.extra)-1,u>>>=r.extra,l-=r.extra,r.back+=r.extra}r.was=r.length,r.mode=23;case 23:for(;g=(C=r.distcode[u&(1<<r.distbits)-1])>>>16&255,b=65535&C,!((_=C>>>24)<=l);){if(0===o)break e;o--,u+=n[s++]<<l,l+=8}if(0==(240&g)){for(v=_,y=g,w=b;g=(C=r.distcode[w+((u&(1<<v+y)-1)>>v)])>>>16&255,b=65535&C,!(v+(_=C>>>24)<=l);){if(0===o)break e;o--,u+=n[s++]<<l,l+=8}u>>>=v,l-=v,r.back+=v}if(u>>>=_,l-=_,r.back+=_,64&g){e.msg=\"invalid distance code\",r.mode=30;break}r.offset=b,r.extra=15&g,r.mode=24;case 24:if(r.extra){for(z=r.extra;l<z;){if(0===o)break e;o--,u+=n[s++]<<l,l+=8}r.offset+=u&(1<<r.extra)-1,u>>>=r.extra,l-=r.extra,r.back+=r.extra}if(r.offset>r.dmax){e.msg=\"invalid distance too far back\",r.mode=30;break}r.mode=25;case 25:if(0===h)break e;if(d=c-h,r.offset>d){if((d=r.offset-d)>r.whave&&r.sane){e.msg=\"invalid distance too far back\",r.mode=30;break}p=d>r.wnext?(d-=r.wnext,r.wsize-d):r.wnext-d,d>r.length&&(d=r.length),m=r.window}else m=i,p=a-r.offset,d=r.length;for(h<d&&(d=h),h-=d,r.length-=d;i[a++]=m[p++],--d;);0===r.length&&(r.mode=21);break;case 26:if(0===h)break e;i[a++]=r.length,h--,r.mode=21;break;case 27:if(r.wrap){for(;l<32;){if(0===o)break e;o--,u|=n[s++]<<l,l+=8}if(c-=h,e.total_out+=c,r.total+=c,c&&(e.adler=r.check=r.flags?B(r.check,i,c,a-c):O(r.check,i,c,a-c)),c=h,(r.flags?u:L(u))!==r.check){e.msg=\"incorrect data check\",r.mode=30;break}l=u=0}r.mode=28;case 28:if(r.wrap&&r.flags){for(;l<32;){if(0===o)break e;o--,u+=n[s++]<<l,l+=8}if(u!==(4294967295&r.total)){e.msg=\"incorrect length check\",r.mode=30;break}l=u=0}r.mode=29;case 29:x=1;break e;case 30:x=-3;break e;case 31:return-4;case 32:default:return U}return e.next_out=a,e.avail_out=h,e.next_in=s,e.avail_in=o,r.hold=u,r.bits=l,(r.wsize||c!==e.avail_out&&r.mode<30&&(r.mode<27||4!==t))&&Z(e,e.output,e.next_out,c-e.avail_out)?(r.mode=31,-4):(f-=e.avail_in,c-=e.avail_out,e.total_in+=f,e.total_out+=c,r.total+=c,r.wrap&&c&&(e.adler=r.check=r.flags?B(r.check,i,c,e.next_out-c):O(r.check,i,c,e.next_out-c)),e.data_type=r.bits+(r.last?64:0)+(12===r.mode?128:0)+(20===r.mode||15===r.mode?256:0),(0==f&&0===c||4===t)&&x===N&&(x=-5),x)},r.inflateEnd=function(e){if(!e||!e.state)return U;var t=e.state;return t.window&&(t.window=null),e.state=null,N},r.inflateGetHeader=function(e,t){var r;return e&&e.state?0==(2&(r=e.state).wrap)?U:((r.head=t).done=!1,N):U},r.inflateSetDictionary=function(e,t){var r,n=t.length;return e&&e.state?0!==(r=e.state).wrap&&11!==r.mode?U:11===r.mode&&O(1,t,n,0)!==r.check?-3:Z(e,t,n,n)?(r.mode=31,-4):(r.havedict=1,N):U},r.inflateInfo=\"pako inflate (from Nodeca project)\"},{\"../utils/common\":41,\"./adler32\":43,\"./crc32\":45,\"./inffast\":48,\"./inftrees\":50}],50:[function(e,t,r){\"use strict\";var D=e(\"../utils/common\"),F=[3,4,5,6,7,8,9,10,11,13,15,17,19,23,27,31,35,43,51,59,67,83,99,115,131,163,195,227,258,0,0],N=[16,16,16,16,16,16,16,16,17,17,17,17,18,18,18,18,19,19,19,19,20,20,20,20,21,21,21,21,16,72,78],U=[1,2,3,4,5,7,9,13,17,25,33,49,65,97,129,193,257,385,513,769,1025,1537,2049,3073,4097,6145,8193,12289,16385,24577,0,0],P=[16,16,16,16,17,17,18,18,19,19,20,20,21,21,22,22,23,23,24,24,25,25,26,26,27,27,28,28,29,29,64,64];t.exports=function(e,t,r,n,i,s,a,o){var h,u,l,f,c,d,p,m,_,g=o.bits,b=0,v=0,y=0,w=0,k=0,x=0,S=0,z=0,C=0,E=0,A=null,I=0,O=new D.Buf16(16),B=new D.Buf16(16),R=null,T=0;for(b=0;b<=15;b++)O[b]=0;for(v=0;v<n;v++)O[t[r+v]]++;for(k=g,w=15;1<=w&&0===O[w];w--);if(w<k&&(k=w),0===w)return i[s++]=20971520,i[s++]=20971520,o.bits=1,0;for(y=1;y<w&&0===O[y];y++);for(k<y&&(k=y),b=z=1;b<=15;b++)if(z<<=1,(z-=O[b])<0)return-1;if(0<z&&(0===e||1!==w))return-1;for(B[1]=0,b=1;b<15;b++)B[b+1]=B[b]+O[b];for(v=0;v<n;v++)0!==t[r+v]&&(a[B[t[r+v]]++]=v);if(d=0===e?(A=R=a,19):1===e?(A=F,I-=257,R=N,T-=257,256):(A=U,R=P,-1),b=y,c=s,S=v=E=0,l=-1,f=(C=1<<(x=k))-1,1===e&&852<C||2===e&&592<C)return 1;for(;;){for(p=b-S,_=a[v]<d?(m=0,a[v]):a[v]>d?(m=R[T+a[v]],A[I+a[v]]):(m=96,0),h=1<<b-S,y=u=1<<x;i[c+(E>>S)+(u-=h)]=p<<24|m<<16|_|0,0!==u;);for(h=1<<b-1;E&h;)h>>=1;if(0!==h?(E&=h-1,E+=h):E=0,v++,0==--O[b]){if(b===w)break;b=t[r+a[v]]}if(k<b&&(E&f)!==l){for(0===S&&(S=k),c+=y,z=1<<(x=b-S);x+S<w&&!((z-=O[x+S])<=0);)x++,z<<=1;if(C+=1<<x,1===e&&852<C||2===e&&592<C)return 1;i[l=E&f]=k<<24|x<<16|c-s|0}}return 0!==E&&(i[c+E]=b-S<<24|64<<16|0),o.bits=k,0}},{\"../utils/common\":41}],51:[function(e,t,r){\"use strict\";t.exports={2:\"need dictionary\",1:\"stream end\",0:\"\",\"-1\":\"file error\",\"-2\":\"stream error\",\"-3\":\"data error\",\"-4\":\"insufficient memory\",\"-5\":\"buffer error\",\"-6\":\"incompatible version\"}},{}],52:[function(e,t,r){\"use strict\";var i=e(\"../utils/common\"),o=0,h=1;function n(e){for(var t=e.length;0<=--t;)e[t]=0}var s=0,a=29,u=256,l=u+1+a,f=30,c=19,_=2*l+1,g=15,d=16,p=7,m=256,b=16,v=17,y=18,w=[0,0,0,0,0,0,0,0,1,1,1,1,2,2,2,2,3,3,3,3,4,4,4,4,5,5,5,5,0],k=[0,0,0,0,1,1,2,2,3,3,4,4,5,5,6,6,7,7,8,8,9,9,10,10,11,11,12,12,13,13],x=[0,0,0,0,0,0,0,0,0,0,0,0,0,0,0,0,2,3,7],S=[16,17,18,0,8,7,9,6,10,5,11,4,12,3,13,2,14,1,15],z=new Array(2*(l+2));n(z);var C=new Array(2*f);n(C);var E=new Array(512);n(E);var A=new Array(256);n(A);var I=new Array(a);n(I);var O,B,R,T=new Array(f);function D(e,t,r,n,i){this.static_tree=e,this.extra_bits=t,this.extra_base=r,this.elems=n,this.max_length=i,this.has_stree=e&&e.length}function F(e,t){this.dyn_tree=e,this.max_code=0,this.stat_desc=t}function N(e){return e<256?E[e]:E[256+(e>>>7)]}function U(e,t){e.pending_buf[e.pending++]=255&t,e.pending_buf[e.pending++]=t>>>8&255}function P(e,t,r){e.bi_valid>d-r?(e.bi_buf|=t<<e.bi_valid&65535,U(e,e.bi_buf),e.bi_buf=t>>d-e.bi_valid,e.bi_valid+=r-d):(e.bi_buf|=t<<e.bi_valid&65535,e.bi_valid+=r)}function L(e,t,r){P(e,r[2*t],r[2*t+1])}function j(e,t){for(var r=0;r|=1&e,e>>>=1,r<<=1,0<--t;);return r>>>1}function Z(e,t,r){var n,i,s=new Array(g+1),a=0;for(n=1;n<=g;n++)s[n]=a=a+r[n-1]<<1;for(i=0;i<=t;i++){var o=e[2*i+1];0!==o&&(e[2*i]=j(s[o]++,o))}}function W(e){var t;for(t=0;t<l;t++)e.dyn_ltree[2*t]=0;for(t=0;t<f;t++)e.dyn_dtree[2*t]=0;for(t=0;t<c;t++)e.bl_tree[2*t]=0;e.dyn_ltree[2*m]=1,e.opt_len=e.static_len=0,e.last_lit=e.matches=0}function M(e){8<e.bi_valid?U(e,e.bi_buf):0<e.bi_valid&&(e.pending_buf[e.pending++]=e.bi_buf),e.bi_buf=0,e.bi_valid=0}function H(e,t,r,n){var i=2*t,s=2*r;return e[i]<e[s]||e[i]===e[s]&&n[t]<=n[r]}function G(e,t,r){for(var n=e.heap[r],i=r<<1;i<=e.heap_len&&(i<e.heap_len&&H(t,e.heap[i+1],e.heap[i],e.depth)&&i++,!H(t,n,e.heap[i],e.depth));)e.heap[r]=e.heap[i],r=i,i<<=1;e.heap[r]=n}function K(e,t,r){var n,i,s,a,o=0;if(0!==e.last_lit)for(;n=e.pending_buf[e.d_buf+2*o]<<8|e.pending_buf[e.d_buf+2*o+1],i=e.pending_buf[e.l_buf+o],o++,0===n?L(e,i,t):(L(e,(s=A[i])+u+1,t),0!==(a=w[s])&&P(e,i-=I[s],a),L(e,s=N(--n),r),0!==(a=k[s])&&P(e,n-=T[s],a)),o<e.last_lit;);L(e,m,t)}function Y(e,t){var r,n,i,s=t.dyn_tree,a=t.stat_desc.static_tree,o=t.stat_desc.has_stree,h=t.stat_desc.elems,u=-1;for(e.heap_len=0,e.heap_max=_,r=0;r<h;r++)0!==s[2*r]?(e.heap[++e.heap_len]=u=r,e.depth[r]=0):s[2*r+1]=0;for(;e.heap_len<2;)s[2*(i=e.heap[++e.heap_len]=u<2?++u:0)]=1,e.depth[i]=0,e.opt_len--,o&&(e.static_len-=a[2*i+1]);for(t.max_code=u,r=e.heap_len>>1;1<=r;r--)G(e,s,r);for(i=h;r=e.heap[1],e.heap[1]=e.heap[e.heap_len--],G(e,s,1),n=e.heap[1],e.heap[--e.heap_max]=r,e.heap[--e.heap_max]=n,s[2*i]=s[2*r]+s[2*n],e.depth[i]=(e.depth[r]>=e.depth[n]?e.depth[r]:e.depth[n])+1,s[2*r+1]=s[2*n+1]=i,e.heap[1]=i++,G(e,s,1),2<=e.heap_len;);e.heap[--e.heap_max]=e.heap[1],function(e,t){var r,n,i,s,a,o,h=t.dyn_tree,u=t.max_code,l=t.stat_desc.static_tree,f=t.stat_desc.has_stree,c=t.stat_desc.extra_bits,d=t.stat_desc.extra_base,p=t.stat_desc.max_length,m=0;for(s=0;s<=g;s++)e.bl_count[s]=0;for(h[2*e.heap[e.heap_max]+1]=0,r=e.heap_max+1;r<_;r++)p<(s=h[2*h[2*(n=e.heap[r])+1]+1]+1)&&(s=p,m++),h[2*n+1]=s,u<n||(e.bl_count[s]++,a=0,d<=n&&(a=c[n-d]),o=h[2*n],e.opt_len+=o*(s+a),f&&(e.static_len+=o*(l[2*n+1]+a)));if(0!==m){do{for(s=p-1;0===e.bl_count[s];)s--;e.bl_count[s]--,e.bl_count[s+1]+=2,e.bl_count[p]--,m-=2}while(0<m);for(s=p;0!==s;s--)for(n=e.bl_count[s];0!==n;)u<(i=e.heap[--r])||(h[2*i+1]!==s&&(e.opt_len+=(s-h[2*i+1])*h[2*i],h[2*i+1]=s),n--)}}(e,t),Z(s,u,e.bl_count)}function X(e,t,r){var n,i,s=-1,a=t[1],o=0,h=7,u=4;for(0===a&&(h=138,u=3),t[2*(r+1)+1]=65535,n=0;n<=r;n++)i=a,a=t[2*(n+1)+1],++o<h&&i===a||(o<u?e.bl_tree[2*i]+=o:0!==i?(i!==s&&e.bl_tree[2*i]++,e.bl_tree[2*b]++):o<=10?e.bl_tree[2*v]++:e.bl_tree[2*y]++,s=i,u=(o=0)===a?(h=138,3):i===a?(h=6,3):(h=7,4))}function V(e,t,r){var n,i,s=-1,a=t[1],o=0,h=7,u=4;for(0===a&&(h=138,u=3),n=0;n<=r;n++)if(i=a,a=t[2*(n+1)+1],!(++o<h&&i===a)){if(o<u)for(;L(e,i,e.bl_tree),0!=--o;);else 0!==i?(i!==s&&(L(e,i,e.bl_tree),o--),L(e,b,e.bl_tree),P(e,o-3,2)):o<=10?(L(e,v,e.bl_tree),P(e,o-3,3)):(L(e,y,e.bl_tree),P(e,o-11,7));s=i,u=(o=0)===a?(h=138,3):i===a?(h=6,3):(h=7,4)}}n(T);var q=!1;function J(e,t,r,n){P(e,(s<<1)+(n?1:0),3),function(e,t,r,n){M(e),n&&(U(e,r),U(e,~r)),i.arraySet(e.pending_buf,e.window,t,r,e.pending),e.pending+=r}(e,t,r,!0)}r._tr_init=function(e){q||(function(){var e,t,r,n,i,s=new Array(g+1);for(n=r=0;n<a-1;n++)for(I[n]=r,e=0;e<1<<w[n];e++)A[r++]=n;for(A[r-1]=n,n=i=0;n<16;n++)for(T[n]=i,e=0;e<1<<k[n];e++)E[i++]=n;for(i>>=7;n<f;n++)for(T[n]=i<<7,e=0;e<1<<k[n]-7;e++)E[256+i++]=n;for(t=0;t<=g;t++)s[t]=0;for(e=0;e<=143;)z[2*e+1]=8,e++,s[8]++;for(;e<=255;)z[2*e+1]=9,e++,s[9]++;for(;e<=279;)z[2*e+1]=7,e++,s[7]++;for(;e<=287;)z[2*e+1]=8,e++,s[8]++;for(Z(z,l+1,s),e=0;e<f;e++)C[2*e+1]=5,C[2*e]=j(e,5);O=new D(z,w,u+1,l,g),B=new D(C,k,0,f,g),R=new D(new Array(0),x,0,c,p)}(),q=!0),e.l_desc=new F(e.dyn_ltree,O),e.d_desc=new F(e.dyn_dtree,B),e.bl_desc=new F(e.bl_tree,R),e.bi_buf=0,e.bi_valid=0,W(e)},r._tr_stored_block=J,r._tr_flush_block=function(e,t,r,n){var i,s,a=0;0<e.level?(2===e.strm.data_type&&(e.strm.data_type=function(e){var t,r=4093624447;for(t=0;t<=31;t++,r>>>=1)if(1&r&&0!==e.dyn_ltree[2*t])return o;if(0!==e.dyn_ltree[18]||0!==e.dyn_ltree[20]||0!==e.dyn_ltree[26])return h;for(t=32;t<u;t++)if(0!==e.dyn_ltree[2*t])return h;return o}(e)),Y(e,e.l_desc),Y(e,e.d_desc),a=function(e){var t;for(X(e,e.dyn_ltree,e.l_desc.max_code),X(e,e.dyn_dtree,e.d_desc.max_code),Y(e,e.bl_desc),t=c-1;3<=t&&0===e.bl_tree[2*S[t]+1];t--);return e.opt_len+=3*(t+1)+5+5+4,t}(e),i=e.opt_len+3+7>>>3,(s=e.static_len+3+7>>>3)<=i&&(i=s)):i=s=r+5,r+4<=i&&-1!==t?J(e,t,r,n):4===e.strategy||s===i?(P(e,2+(n?1:0),3),K(e,z,C)):(P(e,4+(n?1:0),3),function(e,t,r,n){var i;for(P(e,t-257,5),P(e,r-1,5),P(e,n-4,4),i=0;i<n;i++)P(e,e.bl_tree[2*S[i]+1],3);V(e,e.dyn_ltree,t-1),V(e,e.dyn_dtree,r-1)}(e,e.l_desc.max_code+1,e.d_desc.max_code+1,a+1),K(e,e.dyn_ltree,e.dyn_dtree)),W(e),n&&M(e)},r._tr_tally=function(e,t,r){return e.pending_buf[e.d_buf+2*e.last_lit]=t>>>8&255,e.pending_buf[e.d_buf+2*e.last_lit+1]=255&t,e.pending_buf[e.l_buf+e.last_lit]=255&r,e.last_lit++,0===t?e.dyn_ltree[2*r]++:(e.matches++,t--,e.dyn_ltree[2*(A[r]+u+1)]++,e.dyn_dtree[2*N(t)]++),e.last_lit===e.lit_bufsize-1},r._tr_align=function(e){P(e,2,3),L(e,m,z),function(e){16===e.bi_valid?(U(e,e.bi_buf),e.bi_buf=0,e.bi_valid=0):8<=e.bi_valid&&(e.pending_buf[e.pending++]=255&e.bi_buf,e.bi_buf>>=8,e.bi_valid-=8)}(e)}},{\"../utils/common\":41}],53:[function(e,t,r){\"use strict\";t.exports=function(){this.input=null,this.next_in=0,this.avail_in=0,this.total_in=0,this.output=null,this.next_out=0,this.avail_out=0,this.total_out=0,this.msg=\"\",this.state=null,this.data_type=2,this.adler=0}},{}],54:[function(e,t,r){(function(e){!function(r,n){\"use strict\";if(!r.setImmediate){var i,s,t,a,o=1,h={},u=!1,l=r.document,e=Object.getPrototypeOf&&Object.getPrototypeOf(r);e=e&&e.setTimeout?e:r,i=\"[object process]\"==={}.toString.call(r.process)?function(e){process.nextTick(function(){c(e)})}:function(){if(r.postMessage&&!r.importScripts){var e=!0,t=r.onmessage;return r.onmessage=function(){e=!1},r.postMessage(\"\",\"*\"),r.onmessage=t,e}}()?(a=\"setImmediate$\"+Math.random()+\"$\",r.addEventListener?r.addEventListener(\"message\",d,!1):r.attachEvent(\"onmessage\",d),function(e){r.postMessage(a+e,\"*\")}):r.MessageChannel?((t=new MessageChannel).port1.onmessage=function(e){c(e.data)},function(e){t.port2.postMessage(e)}):l&&\"onreadystatechange\"in l.createElement(\"script\")?(s=l.documentElement,function(e){var t=l.createElement(\"script\");t.onreadystatechange=function(){c(e),t.onreadystatechange=null,s.removeChild(t),t=null},s.appendChild(t)}):function(e){setTimeout(c,0,e)},e.setImmediate=function(e){\"function\"!=typeof e&&(e=new Function(\"\"+e));for(var t=new Array(arguments.length-1),r=0;r<t.length;r++)t[r]=arguments[r+1];var n={callback:e,args:t};return h[o]=n,i(o),o++},e.clearImmediate=f}function f(e){delete h[e]}function c(e){if(u)setTimeout(c,0,e);else{var t=h[e];if(t){u=!0;try{!function(e){var t=e.callback,r=e.args;switch(r.length){case 0:t();break;case 1:t(r[0]);break;case 2:t(r[0],r[1]);break;case 3:t(r[0],r[1],r[2]);break;default:t.apply(n,r)}}(t)}finally{f(e),u=!1}}}}function d(e){e.source===r&&\"string\"==typeof e.data&&0===e.data.indexOf(a)&&c(+e.data.slice(a.length))}}(\"undefined\"==typeof self?void 0===e?this:e:self)}).call(this,\"undefined\"!=typeof global?global:\"undefined\"!=typeof self?self:\"undefined\"!=typeof window?window:{})},{}]},{},[10])(10)});", null, null, null, null, null, null, null, null, null, null, null, null, null, null, null, null, null, null, null, null, null, null, null, null, null, null, null, null, null, null, null, null, null, null, null, null, null, null, null, null, null, null],
  "mappings": ";;;;;;;AAAA;AAAA;AAYA,KAAC,SAAS,GAAE;AAAC,UAAG,YAAU,OAAO,WAAS,eAAa,OAAO,OAAO,QAAO,UAAQ,EAAE;AAAA,eAAU,cAAY,OAAO,UAAQ,OAAO,IAAI,QAAO,CAAC,GAAE,CAAC;AAAA,WAAM;AAAC,SAAC,eAAa,OAAO,SAAO,SAAO,eAAa,OAAO,SAAO,SAAO,eAAa,OAAO,OAAK,OAAK,MAAM,QAAM,EAAE;AAAA,MAAC;AAAA,IAAC,EAAE,WAAU;AAAC,aAAO,SAAS,EAAE,GAAE,GAAE,GAAE;AAAC,iBAAS,EAAE,GAAEA,IAAE;AAAC,cAAG,CAAC,EAAE,CAAC,GAAE;AAAC,gBAAG,CAAC,EAAE,CAAC,GAAE;AAAC,kBAAI,IAAE,cAAY,OAAO,aAAS;AAAQ,kBAAG,CAACA,MAAG,EAAE,QAAO,EAAE,GAAE,IAAE;AAAE,kBAAG,EAAE,QAAO,EAAE,GAAE,IAAE;AAAE,kBAAI,IAAE,IAAI,MAAM,yBAAuB,IAAE,GAAG;AAAE,oBAAM,EAAE,OAAK,oBAAmB;AAAA,YAAC;AAAC,gBAAI,IAAE,EAAE,CAAC,IAAE,EAAC,SAAQ,CAAC,EAAC;AAAE,cAAE,CAAC,EAAE,CAAC,EAAE,KAAK,EAAE,SAAQ,SAASA,IAAE;AAAC,kBAAIC,KAAE,EAAE,CAAC,EAAE,CAAC,EAAED,EAAC;AAAE,qBAAO,EAAEC,MAAGD,EAAC;AAAA,YAAC,GAAE,GAAE,EAAE,SAAQ,GAAE,GAAE,GAAE,CAAC;AAAA,UAAC;AAAC,iBAAO,EAAE,CAAC,EAAE;AAAA,QAAO;AAAC,iBAAQ,IAAE,cAAY,OAAO,aAAS,WAAQ,IAAE,GAAE,IAAE,EAAE,QAAO,IAAI,GAAE,EAAE,CAAC,CAAC;AAAE,eAAO;AAAA,MAAC,EAAE,EAAC,GAAE,CAAC,SAAS,GAAE,GAAE,GAAE;AAAC;AAAa,YAAI,IAAE,EAAE,SAAS,GAAE,IAAE,EAAE,WAAW,GAAE,IAAE;AAAoE,UAAE,SAAO,SAASA,IAAE;AAAC,mBAAQC,IAAEC,IAAE,GAAE,GAAE,GAAE,GAAE,GAAE,IAAE,CAAC,GAAE,IAAE,GAAE,IAAEF,GAAE,QAAO,IAAE,GAAEG,KAAE,aAAW,EAAE,UAAUH,EAAC,GAAE,IAAEA,GAAE,SAAQ,KAAE,IAAE,GAAE,IAAEG,MAAGF,KAAED,GAAE,GAAG,GAAEE,KAAE,IAAE,IAAEF,GAAE,GAAG,IAAE,GAAE,IAAE,IAAEA,GAAE,GAAG,IAAE,MAAIC,KAAED,GAAE,WAAW,GAAG,GAAEE,KAAE,IAAE,IAAEF,GAAE,WAAW,GAAG,IAAE,GAAE,IAAE,IAAEA,GAAE,WAAW,GAAG,IAAE,IAAG,IAAEC,MAAG,GAAE,KAAG,IAAEA,OAAI,IAAEC,MAAG,GAAE,IAAE,IAAE,KAAG,KAAGA,OAAI,IAAE,KAAG,IAAE,IAAG,IAAE,IAAE,IAAE,KAAG,IAAE,IAAG,EAAE,KAAK,EAAE,OAAO,CAAC,IAAE,EAAE,OAAO,CAAC,IAAE,EAAE,OAAO,CAAC,IAAE,EAAE,OAAO,CAAC,CAAC;AAAE,iBAAO,EAAE,KAAK,EAAE;AAAA,QAAC,GAAE,EAAE,SAAO,SAASF,IAAE;AAAC,cAAIC,IAAEC,IAAE,GAAE,GAAE,GAAE,GAAE,IAAE,GAAE,IAAE,GAAE,IAAE;AAAQ,cAAGF,GAAE,OAAO,GAAE,EAAE,MAAM,MAAI,EAAE,OAAM,IAAI,MAAM,iDAAiD;AAAE,cAAI,GAAE,IAAE,KAAGA,KAAEA,GAAE,QAAQ,oBAAmB,EAAE,GAAG,SAAO;AAAE,cAAGA,GAAE,OAAOA,GAAE,SAAO,CAAC,MAAI,EAAE,OAAO,EAAE,KAAG,KAAIA,GAAE,OAAOA,GAAE,SAAO,CAAC,MAAI,EAAE,OAAO,EAAE,KAAG,KAAI,IAAE,KAAG,EAAE,OAAM,IAAI,MAAM,2CAA2C;AAAE,eAAI,IAAE,EAAE,aAAW,IAAI,WAAW,IAAE,CAAC,IAAE,IAAI,MAAM,IAAE,CAAC,GAAE,IAAEA,GAAE,SAAQ,CAAAC,KAAE,EAAE,QAAQD,GAAE,OAAO,GAAG,CAAC,KAAG,KAAG,IAAE,EAAE,QAAQA,GAAE,OAAO,GAAG,CAAC,MAAI,GAAEE,MAAG,KAAG,MAAI,KAAG,IAAE,EAAE,QAAQF,GAAE,OAAO,GAAG,CAAC,MAAI,GAAE,KAAG,IAAE,MAAI,KAAG,IAAE,EAAE,QAAQA,GAAE,OAAO,GAAG,CAAC,IAAG,EAAE,GAAG,IAAEC,IAAE,OAAK,MAAI,EAAE,GAAG,IAAEC,KAAG,OAAK,MAAI,EAAE,GAAG,IAAE;AAAG,iBAAO;AAAA,QAAC;AAAA,MAAC,GAAE,EAAC,aAAY,IAAG,WAAU,GAAE,CAAC,GAAE,GAAE,CAAC,SAAS,GAAE,GAAE,GAAE;AAAC;AAAa,YAAI,IAAE,EAAE,YAAY,GAAE,IAAE,EAAE,qBAAqB,GAAE,IAAE,EAAE,qBAAqB,GAAE,IAAE,EAAE,0BAA0B;AAAE,iBAAS,EAAEF,IAAEC,IAAEC,IAAEE,IAAEC,IAAE;AAAC,eAAK,iBAAeL,IAAE,KAAK,mBAAiBC,IAAE,KAAK,QAAMC,IAAE,KAAK,cAAYE,IAAE,KAAK,oBAAkBC;AAAA,QAAC;AAAC,UAAE,YAAU,EAAC,kBAAiB,WAAU;AAAC,cAAIL,KAAE,IAAI,EAAE,EAAE,QAAQ,QAAQ,KAAK,iBAAiB,CAAC,EAAE,KAAK,KAAK,YAAY,iBAAiB,CAAC,EAAE,KAAK,IAAI,EAAE,aAAa,CAAC,GAAEC,KAAE;AAAK,iBAAOD,GAAE,GAAG,OAAM,WAAU;AAAC,gBAAG,KAAK,WAAW,gBAAcC,GAAE,iBAAiB,OAAM,IAAI,MAAM,uCAAuC;AAAA,UAAC,CAAC,GAAED;AAAA,QAAC,GAAE,qBAAoB,WAAU;AAAC,iBAAO,IAAI,EAAE,EAAE,QAAQ,QAAQ,KAAK,iBAAiB,CAAC,EAAE,eAAe,kBAAiB,KAAK,cAAc,EAAE,eAAe,oBAAmB,KAAK,gBAAgB,EAAE,eAAe,SAAQ,KAAK,KAAK,EAAE,eAAe,eAAc,KAAK,WAAW;AAAA,QAAC,EAAC,GAAE,EAAE,mBAAiB,SAASA,IAAEC,IAAEC,IAAE;AAAC,iBAAOF,GAAE,KAAK,IAAI,GAAC,EAAE,KAAK,IAAI,EAAE,kBAAkB,CAAC,EAAE,KAAKC,GAAE,eAAeC,EAAC,CAAC,EAAE,KAAK,IAAI,EAAE,gBAAgB,CAAC,EAAE,eAAe,eAAcD,EAAC;AAAA,QAAC,GAAE,EAAE,UAAQ;AAAA,MAAC,GAAE,EAAC,cAAa,GAAE,uBAAsB,IAAG,4BAA2B,IAAG,uBAAsB,GAAE,CAAC,GAAE,GAAE,CAAC,SAAS,GAAE,GAAE,GAAE;AAAC;AAAa,YAAI,IAAE,EAAE,wBAAwB;AAAE,UAAE,QAAM,EAAC,OAAM,QAAO,gBAAe,WAAU;AAAC,iBAAO,IAAI,EAAE,mBAAmB;AAAA,QAAC,GAAE,kBAAiB,WAAU;AAAC,iBAAO,IAAI,EAAE,qBAAqB;AAAA,QAAC,EAAC,GAAE,EAAE,UAAQ,EAAE,SAAS;AAAA,MAAC,GAAE,EAAC,WAAU,GAAE,0BAAyB,GAAE,CAAC,GAAE,GAAE,CAAC,SAAS,GAAE,GAAE,GAAE;AAAC;AAAa,YAAI,IAAE,EAAE,SAAS;AAAE,YAAI,IAAE,WAAU;AAAC,mBAAQD,IAAEC,KAAE,CAAC,GAAEC,KAAE,GAAEA,KAAE,KAAIA,MAAI;AAAC,YAAAF,KAAEE;AAAE,qBAAQE,KAAE,GAAEA,KAAE,GAAEA,KAAI,CAAAJ,KAAE,IAAEA,KAAE,aAAWA,OAAI,IAAEA,OAAI;AAAE,YAAAC,GAAEC,EAAC,IAAEF;AAAA,UAAC;AAAC,iBAAOC;AAAA,QAAC,EAAE;AAAE,UAAE,UAAQ,SAASD,IAAEC,IAAE;AAAC,iBAAO,WAASD,MAAGA,GAAE,SAAO,aAAW,EAAE,UAAUA,EAAC,IAAE,SAASA,IAAEC,IAAEC,IAAEE,IAAE;AAAC,gBAAI,IAAE,GAAE,IAAEA,KAAEF;AAAE,YAAAF,MAAG;AAAG,qBAAQ,IAAEI,IAAE,IAAE,GAAE,IAAI,CAAAJ,KAAEA,OAAI,IAAE,EAAE,OAAKA,KAAEC,GAAE,CAAC,EAAE;AAAE,mBAAM,KAAGD;AAAA,UAAC,EAAE,IAAEC,IAAED,IAAEA,GAAE,QAAO,CAAC,IAAE,SAASA,IAAEC,IAAEC,IAAEE,IAAE;AAAC,gBAAI,IAAE,GAAE,IAAEA,KAAEF;AAAE,YAAAF,MAAG;AAAG,qBAAQ,IAAEI,IAAE,IAAE,GAAE,IAAI,CAAAJ,KAAEA,OAAI,IAAE,EAAE,OAAKA,KAAEC,GAAE,WAAW,CAAC,EAAE;AAAE,mBAAM,KAAGD;AAAA,UAAC,EAAE,IAAEC,IAAED,IAAEA,GAAE,QAAO,CAAC,IAAE;AAAA,QAAC;AAAA,MAAC,GAAE,EAAC,WAAU,GAAE,CAAC,GAAE,GAAE,CAAC,SAAS,GAAE,GAAE,GAAE;AAAC;AAAa,UAAE,SAAO,OAAG,EAAE,SAAO,OAAG,EAAE,MAAI,OAAG,EAAE,gBAAc,MAAG,EAAE,OAAK,MAAK,EAAE,cAAY,MAAK,EAAE,qBAAmB,MAAK,EAAE,UAAQ,MAAK,EAAE,kBAAgB,MAAK,EAAE,iBAAe;AAAA,MAAI,GAAE,CAAC,CAAC,GAAE,GAAE,CAAC,SAAS,GAAE,GAAE,GAAE;AAAC;AAAa,YAAI,IAAE;AAAK,YAAE,eAAa,OAAO,UAAQ,UAAQ,EAAE,KAAK,GAAE,EAAE,UAAQ,EAAC,SAAQ,EAAC;AAAA,MAAC,GAAE,EAAC,KAAI,GAAE,CAAC,GAAE,GAAE,CAAC,SAAS,GAAE,GAAE,GAAE;AAAC;AAAa,YAAI,IAAE,eAAa,OAAO,cAAY,eAAa,OAAO,eAAa,eAAa,OAAO,aAAY,IAAE,EAAE,MAAM,GAAE,IAAE,EAAE,SAAS,GAAE,IAAE,EAAE,wBAAwB,GAAE,IAAE,IAAE,eAAa;AAAQ,iBAAS,EAAEA,IAAEC,IAAE;AAAC,YAAE,KAAK,MAAK,iBAAeD,EAAC,GAAE,KAAK,QAAM,MAAK,KAAK,cAAYA,IAAE,KAAK,eAAaC,IAAE,KAAK,OAAK,CAAC;AAAA,QAAC;AAAC,UAAE,QAAM,QAAO,EAAE,SAAS,GAAE,CAAC,GAAE,EAAE,UAAU,eAAa,SAASD,IAAE;AAAC,eAAK,OAAKA,GAAE,MAAK,SAAO,KAAK,SAAO,KAAK,YAAY,GAAE,KAAK,MAAM,KAAK,EAAE,YAAY,GAAEA,GAAE,IAAI,GAAE,KAAE;AAAA,QAAC,GAAE,EAAE,UAAU,QAAM,WAAU;AAAC,YAAE,UAAU,MAAM,KAAK,IAAI,GAAE,SAAO,KAAK,SAAO,KAAK,YAAY,GAAE,KAAK,MAAM,KAAK,CAAC,GAAE,IAAE;AAAA,QAAC,GAAE,EAAE,UAAU,UAAQ,WAAU;AAAC,YAAE,UAAU,QAAQ,KAAK,IAAI,GAAE,KAAK,QAAM;AAAA,QAAI,GAAE,EAAE,UAAU,cAAY,WAAU;AAAC,eAAK,QAAM,IAAI,EAAE,KAAK,WAAW,EAAE,EAAC,KAAI,MAAG,OAAM,KAAK,aAAa,SAAO,GAAE,CAAC;AAAE,cAAIC,KAAE;AAAK,eAAK,MAAM,SAAO,SAASD,IAAE;AAAC,YAAAC,GAAE,KAAK,EAAC,MAAKD,IAAE,MAAKC,GAAE,KAAI,CAAC;AAAA,UAAC;AAAA,QAAC,GAAE,EAAE,iBAAe,SAASD,IAAE;AAAC,iBAAO,IAAI,EAAE,WAAUA,EAAC;AAAA,QAAC,GAAE,EAAE,mBAAiB,WAAU;AAAC,iBAAO,IAAI,EAAE,WAAU,CAAC,CAAC;AAAA,QAAC;AAAA,MAAC,GAAE,EAAC,0BAAyB,IAAG,WAAU,IAAG,MAAK,GAAE,CAAC,GAAE,GAAE,CAAC,SAAS,GAAE,GAAE,GAAE;AAAC;AAAa,iBAAS,EAAEA,IAAEC,IAAE;AAAC,cAAIC,IAAEE,KAAE;AAAG,eAAIF,KAAE,GAAEA,KAAED,IAAEC,KAAI,CAAAE,MAAG,OAAO,aAAa,MAAIJ,EAAC,GAAEA,QAAK;AAAE,iBAAOI;AAAA,QAAC;AAAC,iBAAS,EAAEJ,IAAEC,IAAEC,IAAEE,IAAEC,IAAEC,IAAE;AAAC,cAAI,GAAE,GAAE,IAAEN,GAAE,MAAK,IAAEA,GAAE,aAAY,IAAEM,OAAI,EAAE,YAAW,IAAE,EAAE,YAAY,UAASA,GAAE,EAAE,IAAI,CAAC,GAAE,IAAE,EAAE,YAAY,UAAS,EAAE,WAAW,EAAE,IAAI,CAAC,GAAE,IAAE,EAAE,SAAQ,IAAE,EAAE,YAAY,UAASA,GAAE,CAAC,CAAC,GAAE,IAAE,EAAE,YAAY,UAAS,EAAE,WAAW,CAAC,CAAC,GAAE,IAAE,EAAE,WAAS,EAAE,KAAK,QAAO,IAAE,EAAE,WAAS,EAAE,QAAO,IAAE,IAAG,IAAE,IAAG,IAAE,IAAG,IAAE,EAAE,KAAI,IAAE,EAAE,MAAK,IAAE,EAAC,OAAM,GAAE,gBAAe,GAAE,kBAAiB,EAAC;AAAE,UAAAL,MAAG,CAACC,OAAI,EAAE,QAAMF,GAAE,OAAM,EAAE,iBAAeA,GAAE,gBAAe,EAAE,mBAAiBA,GAAE;AAAkB,cAAI,IAAE;AAAE,UAAAC,OAAI,KAAG,IAAG,KAAG,CAAC,KAAG,CAAC,MAAI,KAAG;AAAM,cAAI,IAAE,GAAE,IAAE;AAAE,gBAAI,KAAG,KAAI,WAASI,MAAG,IAAE,KAAI,KAAG,SAASL,IAAEC,IAAE;AAAC,gBAAIC,KAAEF;AAAE,mBAAOA,OAAIE,KAAED,KAAE,QAAM,SAAQ,QAAMC,OAAI;AAAA,UAAE,EAAE,EAAE,iBAAgB,CAAC,MAAI,IAAE,IAAG,KAAG,SAASF,IAAE;AAAC,mBAAO,MAAIA,MAAG;AAAA,UAAE,EAAE,EAAE,cAAc,IAAG,IAAE,EAAE,YAAY,GAAE,MAAI,GAAE,KAAG,EAAE,cAAc,GAAE,MAAI,GAAE,KAAG,EAAE,cAAc,IAAE,GAAE,IAAE,EAAE,eAAe,IAAE,MAAK,MAAI,GAAE,KAAG,EAAE,YAAY,IAAE,GAAE,MAAI,GAAE,KAAG,EAAE,WAAW,GAAE,MAAI,IAAE,EAAE,GAAE,CAAC,IAAE,EAAE,EAAE,CAAC,GAAE,CAAC,IAAE,GAAE,KAAG,OAAK,EAAE,EAAE,QAAO,CAAC,IAAE,IAAG,MAAI,IAAE,EAAE,GAAE,CAAC,IAAE,EAAE,EAAE,CAAC,GAAE,CAAC,IAAE,GAAE,KAAG,OAAK,EAAE,EAAE,QAAO,CAAC,IAAE;AAAG,cAAI,IAAE;AAAG,iBAAO,KAAG,QAAO,KAAG,EAAE,GAAE,CAAC,GAAE,KAAG,EAAE,OAAM,KAAG,EAAE,GAAE,CAAC,GAAE,KAAG,EAAE,GAAE,CAAC,GAAE,KAAG,EAAE,EAAE,OAAM,CAAC,GAAE,KAAG,EAAE,EAAE,gBAAe,CAAC,GAAE,KAAG,EAAE,EAAE,kBAAiB,CAAC,GAAE,KAAG,EAAE,EAAE,QAAO,CAAC,GAAE,KAAG,EAAE,EAAE,QAAO,CAAC,GAAE,EAAC,YAAW,EAAE,oBAAkB,IAAE,IAAE,GAAE,WAAU,EAAE,sBAAoB,EAAE,GAAE,CAAC,IAAE,IAAE,EAAE,EAAE,QAAO,CAAC,IAAE,aAAW,EAAE,GAAE,CAAC,IAAE,EAAEI,IAAE,CAAC,IAAE,IAAE,IAAE,EAAC;AAAA,QAAC;AAAC,YAAI,IAAE,EAAE,UAAU,GAAE,IAAE,EAAE,yBAAyB,GAAE,IAAE,EAAE,SAAS,GAAE,IAAE,EAAE,UAAU,GAAE,IAAE,EAAE,cAAc;AAAE,iBAAS,EAAEJ,IAAEC,IAAEC,IAAEE,IAAE;AAAC,YAAE,KAAK,MAAK,eAAe,GAAE,KAAK,eAAa,GAAE,KAAK,aAAWH,IAAE,KAAK,cAAYC,IAAE,KAAK,iBAAeE,IAAE,KAAK,cAAYJ,IAAE,KAAK,aAAW,OAAG,KAAK,gBAAc,CAAC,GAAE,KAAK,aAAW,CAAC,GAAE,KAAK,sBAAoB,GAAE,KAAK,eAAa,GAAE,KAAK,cAAY,MAAK,KAAK,WAAS,CAAC;AAAA,QAAC;AAAC,UAAE,SAAS,GAAE,CAAC,GAAE,EAAE,UAAU,OAAK,SAASA,IAAE;AAAC,cAAIC,KAAED,GAAE,KAAK,WAAS,GAAEE,KAAE,KAAK,cAAaE,KAAE,KAAK,SAAS;AAAO,eAAK,aAAW,KAAK,cAAc,KAAKJ,EAAC,KAAG,KAAK,gBAAcA,GAAE,KAAK,QAAO,EAAE,UAAU,KAAK,KAAK,MAAK,EAAC,MAAKA,GAAE,MAAK,MAAK,EAAC,aAAY,KAAK,aAAY,SAAQE,MAAGD,KAAE,OAAKC,KAAEE,KAAE,MAAIF,KAAE,IAAG,EAAC,CAAC;AAAA,QAAE,GAAE,EAAE,UAAU,eAAa,SAASF,IAAE;AAAC,eAAK,sBAAoB,KAAK,cAAa,KAAK,cAAYA,GAAE,KAAK;AAAK,cAAIC,KAAE,KAAK,eAAa,CAACD,GAAE,KAAK;AAAI,cAAGC,IAAE;AAAC,gBAAIC,KAAE,EAAEF,IAAEC,IAAE,OAAG,KAAK,qBAAoB,KAAK,aAAY,KAAK,cAAc;AAAE,iBAAK,KAAK,EAAC,MAAKC,GAAE,YAAW,MAAK,EAAC,SAAQ,EAAC,EAAC,CAAC;AAAA,UAAC,MAAM,MAAK,aAAW;AAAA,QAAE,GAAE,EAAE,UAAU,eAAa,SAASF,IAAE;AAAC,eAAK,aAAW;AAAG,cAAIC,KAAE,KAAK,eAAa,CAACD,GAAE,KAAK,KAAIE,KAAE,EAAEF,IAAEC,IAAE,MAAG,KAAK,qBAAoB,KAAK,aAAY,KAAK,cAAc;AAAE,cAAG,KAAK,WAAW,KAAKC,GAAE,SAAS,GAAED,GAAE,MAAK,KAAK,EAAC,MAAK,SAASD,IAAE;AAAC,mBAAO,EAAE,kBAAgB,EAAEA,GAAE,OAAM,CAAC,IAAE,EAAEA,GAAE,gBAAe,CAAC,IAAE,EAAEA,GAAE,kBAAiB,CAAC;AAAA,UAAC,EAAEA,EAAC,GAAE,MAAK,EAAC,SAAQ,IAAG,EAAC,CAAC;AAAA,cAAO,MAAI,KAAK,KAAK,EAAC,MAAKE,GAAE,YAAW,MAAK,EAAC,SAAQ,EAAC,EAAC,CAAC,GAAE,KAAK,cAAc,SAAQ,MAAK,KAAK,KAAK,cAAc,MAAM,CAAC;AAAE,eAAK,cAAY;AAAA,QAAI,GAAE,EAAE,UAAU,QAAM,WAAU;AAAC,mBAAQF,KAAE,KAAK,cAAaC,KAAE,GAAEA,KAAE,KAAK,WAAW,QAAOA,KAAI,MAAK,KAAK,EAAC,MAAK,KAAK,WAAWA,EAAC,GAAE,MAAK,EAAC,SAAQ,IAAG,EAAC,CAAC;AAAE,cAAIC,KAAE,KAAK,eAAaF,IAAEI,KAAE,SAASJ,IAAEC,IAAEC,IAAEE,IAAEC,IAAE;AAAC,gBAAIC,KAAE,EAAE,YAAY,UAASD,GAAED,EAAC,CAAC;AAAE,mBAAO,EAAE,wBAAsB,aAAW,EAAEJ,IAAE,CAAC,IAAE,EAAEA,IAAE,CAAC,IAAE,EAAEC,IAAE,CAAC,IAAE,EAAEC,IAAE,CAAC,IAAE,EAAEI,GAAE,QAAO,CAAC,IAAEA;AAAA,UAAC,EAAE,KAAK,WAAW,QAAOJ,IAAEF,IAAE,KAAK,YAAW,KAAK,cAAc;AAAE,eAAK,KAAK,EAAC,MAAKI,IAAE,MAAK,EAAC,SAAQ,IAAG,EAAC,CAAC;AAAA,QAAC,GAAE,EAAE,UAAU,oBAAkB,WAAU;AAAC,eAAK,WAAS,KAAK,SAAS,MAAM,GAAE,KAAK,aAAa,KAAK,SAAS,UAAU,GAAE,KAAK,WAAS,KAAK,SAAS,MAAM,IAAE,KAAK,SAAS,OAAO;AAAA,QAAC,GAAE,EAAE,UAAU,mBAAiB,SAASJ,IAAE;AAAC,eAAK,SAAS,KAAKA,EAAC;AAAE,cAAIC,KAAE;AAAK,iBAAOD,GAAE,GAAG,QAAO,SAASA,IAAE;AAAC,YAAAC,GAAE,aAAaD,EAAC;AAAA,UAAC,CAAC,GAAEA,GAAE,GAAG,OAAM,WAAU;AAAC,YAAAC,GAAE,aAAaA,GAAE,SAAS,UAAU,GAAEA,GAAE,SAAS,SAAOA,GAAE,kBAAkB,IAAEA,GAAE,IAAI;AAAA,UAAC,CAAC,GAAED,GAAE,GAAG,SAAQ,SAASA,IAAE;AAAC,YAAAC,GAAE,MAAMD,EAAC;AAAA,UAAC,CAAC,GAAE;AAAA,QAAI,GAAE,EAAE,UAAU,SAAO,WAAU;AAAC,iBAAM,CAAC,CAAC,EAAE,UAAU,OAAO,KAAK,IAAI,MAAI,CAAC,KAAK,YAAU,KAAK,SAAS,UAAQ,KAAK,kBAAkB,GAAE,QAAI,KAAK,YAAU,KAAK,SAAS,UAAQ,KAAK,iBAAe,UAAQ,KAAK,IAAI,GAAE;AAAA,QAAI,GAAE,EAAE,UAAU,QAAM,SAASA,IAAE;AAAC,cAAIC,KAAE,KAAK;AAAS,cAAG,CAAC,EAAE,UAAU,MAAM,KAAK,MAAKD,EAAC,EAAE,QAAM;AAAG,mBAAQE,KAAE,GAAEA,KAAED,GAAE,QAAOC,KAAI,KAAG;AAAC,YAAAD,GAAEC,EAAC,EAAE,MAAMF,EAAC;AAAA,UAAC,SAAOA,IAAE;AAAA,UAAC;AAAC,iBAAM;AAAA,QAAE,GAAE,EAAE,UAAU,OAAK,WAAU;AAAC,YAAE,UAAU,KAAK,KAAK,IAAI;AAAE,mBAAQA,KAAE,KAAK,UAASC,KAAE,GAAEA,KAAED,GAAE,QAAOC,KAAI,CAAAD,GAAEC,EAAC,EAAE,KAAK;AAAA,QAAC,GAAE,EAAE,UAAQ;AAAA,MAAC,GAAE,EAAC,YAAW,GAAE,gBAAe,IAAG,2BAA0B,IAAG,WAAU,IAAG,YAAW,GAAE,CAAC,GAAE,GAAE,CAAC,SAAS,GAAE,GAAE,GAAE;AAAC;AAAa,YAAI,IAAE,EAAE,iBAAiB,GAAE,IAAE,EAAE,iBAAiB;AAAE,UAAE,iBAAe,SAASD,IAAE,GAAEC,IAAE;AAAC,cAAI,IAAE,IAAI,EAAE,EAAE,aAAYA,IAAE,EAAE,UAAS,EAAE,cAAc,GAAE,IAAE;AAAE,cAAG;AAAC,YAAAD,GAAE,QAAQ,SAASA,IAAEC,IAAE;AAAC;AAAI,kBAAIC,KAAE,SAASF,IAAEC,IAAE;AAAC,oBAAIC,KAAEF,MAAGC,IAAEG,KAAE,EAAEF,EAAC;AAAE,oBAAG,CAACE,GAAE,OAAM,IAAI,MAAMF,KAAE,sCAAsC;AAAE,uBAAOE;AAAA,cAAC,EAAEH,GAAE,QAAQ,aAAY,EAAE,WAAW,GAAEG,KAAEH,GAAE,QAAQ,sBAAoB,EAAE,sBAAoB,CAAC,GAAE,IAAEA,GAAE,KAAI,IAAEA,GAAE;AAAK,cAAAA,GAAE,gBAAgBC,IAAEE,EAAC,EAAE,eAAe,QAAO,EAAC,MAAKJ,IAAE,KAAI,GAAE,MAAK,GAAE,SAAQC,GAAE,WAAS,IAAG,iBAAgBA,GAAE,iBAAgB,gBAAeA,GAAE,eAAc,CAAC,EAAE,KAAK,CAAC;AAAA,YAAC,CAAC,GAAE,EAAE,eAAa;AAAA,UAAC,SAAOD,IAAE;AAAC,cAAE,MAAMA,EAAC;AAAA,UAAC;AAAC,iBAAO;AAAA,QAAC;AAAA,MAAC,GAAE,EAAC,mBAAkB,GAAE,mBAAkB,EAAC,CAAC,GAAE,IAAG,CAAC,SAAS,GAAE,GAAE,GAAE;AAAC;AAAa,iBAAS,IAAG;AAAC,cAAG,EAAE,gBAAgB,GAAG,QAAO,IAAI;AAAE,cAAG,UAAU,OAAO,OAAM,IAAI,MAAM,gGAAgG;AAAE,eAAK,QAAM,uBAAO,OAAO,IAAI,GAAE,KAAK,UAAQ,MAAK,KAAK,OAAK,IAAG,KAAK,QAAM,WAAU;AAAC,gBAAIA,KAAE,IAAI;AAAE,qBAAQC,MAAK,KAAK,eAAY,OAAO,KAAKA,EAAC,MAAID,GAAEC,EAAC,IAAE,KAAKA,EAAC;AAAG,mBAAOD;AAAA,UAAC;AAAA,QAAC;AAAC,SAAC,EAAE,YAAU,EAAE,UAAU,GAAG,YAAU,EAAE,QAAQ,GAAE,EAAE,UAAQ,EAAE,WAAW,GAAE,EAAE,WAAS,EAAE,YAAY,GAAE,EAAE,UAAQ,UAAS,EAAE,YAAU,SAASA,IAAEC,IAAE;AAAC,iBAAO,IAAI,IAAG,UAAUD,IAAEC,EAAC;AAAA,QAAC,GAAE,EAAE,WAAS,EAAE,YAAY,GAAE,EAAE,UAAQ;AAAA,MAAC,GAAE,EAAC,cAAa,GAAE,cAAa,GAAE,UAAS,IAAG,YAAW,IAAG,aAAY,GAAE,CAAC,GAAE,IAAG,CAAC,SAAS,GAAE,GAAE,GAAE;AAAC;AAAa,YAAI,IAAE,EAAE,SAAS,GAAE,IAAE,EAAE,YAAY,GAAE,IAAE,EAAE,QAAQ,GAAE,IAAE,EAAE,cAAc,GAAE,IAAE,EAAE,qBAAqB,GAAE,IAAE,EAAE,eAAe;AAAE,iBAAS,EAAEG,IAAE;AAAC,iBAAO,IAAI,EAAE,QAAQ,SAASJ,IAAEC,IAAE;AAAC,gBAAIC,KAAEE,GAAE,aAAa,iBAAiB,EAAE,KAAK,IAAI,GAAC;AAAE,YAAAF,GAAE,GAAG,SAAQ,SAASF,IAAE;AAAC,cAAAC,GAAED,EAAC;AAAA,YAAC,CAAC,EAAE,GAAG,OAAM,WAAU;AAAC,cAAAE,GAAE,WAAW,UAAQE,GAAE,aAAa,QAAMH,GAAE,IAAI,MAAM,gCAAgC,CAAC,IAAED,GAAE;AAAA,YAAC,CAAC,EAAE,OAAO;AAAA,UAAC,CAAC;AAAA,QAAC;AAAC,UAAE,UAAQ,SAASA,IAAE,GAAE;AAAC,cAAI,IAAE;AAAK,iBAAO,IAAE,EAAE,OAAO,KAAG,CAAC,GAAE,EAAC,QAAO,OAAG,YAAW,OAAG,uBAAsB,OAAG,eAAc,OAAG,gBAAe,EAAE,WAAU,CAAC,GAAE,EAAE,UAAQ,EAAE,SAASA,EAAC,IAAE,EAAE,QAAQ,OAAO,IAAI,MAAM,sDAAsD,CAAC,IAAE,EAAE,eAAe,uBAAsBA,IAAE,MAAG,EAAE,uBAAsB,EAAE,MAAM,EAAE,KAAK,SAASA,IAAE;AAAC,gBAAIC,KAAE,IAAI,EAAE,CAAC;AAAE,mBAAOA,GAAE,KAAKD,EAAC,GAAEC;AAAA,UAAC,CAAC,EAAE,KAAK,SAASD,IAAE;AAAC,gBAAIC,KAAE,CAAC,EAAE,QAAQ,QAAQD,EAAC,CAAC,GAAEE,KAAEF,GAAE;AAAM,gBAAG,EAAE,WAAW,UAAQI,KAAE,GAAEA,KAAEF,GAAE,QAAOE,KAAI,CAAAH,GAAE,KAAK,EAAEC,GAAEE,EAAC,CAAC,CAAC;AAAE,mBAAO,EAAE,QAAQ,IAAIH,EAAC;AAAA,UAAC,CAAC,EAAE,KAAK,SAASD,IAAE;AAAC,qBAAQC,KAAED,GAAE,MAAM,GAAEE,KAAED,GAAE,OAAMG,KAAE,GAAEA,KAAEF,GAAE,QAAOE,MAAI;AAAC,kBAAIC,KAAEH,GAAEE,EAAC,GAAEE,KAAED,GAAE,aAAYE,KAAE,EAAE,QAAQF,GAAE,WAAW;AAAE,gBAAE,KAAKE,IAAEF,GAAE,cAAa,EAAC,QAAO,MAAG,uBAAsB,MAAG,MAAKA,GAAE,MAAK,KAAIA,GAAE,KAAI,SAAQA,GAAE,eAAe,SAAOA,GAAE,iBAAe,MAAK,iBAAgBA,GAAE,iBAAgB,gBAAeA,GAAE,gBAAe,eAAc,EAAE,cAAa,CAAC,GAAEA,GAAE,QAAM,EAAE,KAAKE,EAAC,EAAE,qBAAmBD;AAAA,YAAE;AAAC,mBAAOL,GAAE,WAAW,WAAS,EAAE,UAAQA,GAAE,aAAY;AAAA,UAAC,CAAC;AAAA,QAAC;AAAA,MAAC,GAAE,EAAC,cAAa,GAAE,iBAAgB,IAAG,uBAAsB,IAAG,UAAS,IAAG,WAAU,IAAG,gBAAe,GAAE,CAAC,GAAE,IAAG,CAAC,SAAS,GAAE,GAAE,GAAE;AAAC;AAAa,YAAI,IAAE,EAAE,UAAU,GAAE,IAAE,EAAE,yBAAyB;AAAE,iBAAS,EAAED,IAAEC,IAAE;AAAC,YAAE,KAAK,MAAK,qCAAmCD,EAAC,GAAE,KAAK,iBAAe,OAAG,KAAK,YAAYC,EAAC;AAAA,QAAC;AAAC,UAAE,SAAS,GAAE,CAAC,GAAE,EAAE,UAAU,cAAY,SAASD,IAAE;AAAC,cAAIC,KAAE;AAAK,WAAC,KAAK,UAAQD,IAAG,MAAM,GAAEA,GAAE,GAAG,QAAO,SAASA,IAAE;AAAC,YAAAC,GAAE,KAAK,EAAC,MAAKD,IAAE,MAAK,EAAC,SAAQ,EAAC,EAAC,CAAC;AAAA,UAAC,CAAC,EAAE,GAAG,SAAQ,SAASA,IAAE;AAAC,YAAAC,GAAE,WAAS,KAAK,iBAAeD,KAAEC,GAAE,MAAMD,EAAC;AAAA,UAAC,CAAC,EAAE,GAAG,OAAM,WAAU;AAAC,YAAAC,GAAE,WAASA,GAAE,iBAAe,OAAGA,GAAE,IAAI;AAAA,UAAC,CAAC;AAAA,QAAC,GAAE,EAAE,UAAU,QAAM,WAAU;AAAC,iBAAM,CAAC,CAAC,EAAE,UAAU,MAAM,KAAK,IAAI,MAAI,KAAK,QAAQ,MAAM,GAAE;AAAA,QAAG,GAAE,EAAE,UAAU,SAAO,WAAU;AAAC,iBAAM,CAAC,CAAC,EAAE,UAAU,OAAO,KAAK,IAAI,MAAI,KAAK,iBAAe,KAAK,IAAI,IAAE,KAAK,QAAQ,OAAO,GAAE;AAAA,QAAG,GAAE,EAAE,UAAQ;AAAA,MAAC,GAAE,EAAC,2BAA0B,IAAG,YAAW,GAAE,CAAC,GAAE,IAAG,CAAC,SAAS,GAAE,GAAE,GAAE;AAAC;AAAa,YAAI,IAAE,EAAE,iBAAiB,EAAE;AAAS,iBAAS,EAAED,IAAEC,IAAEC,IAAE;AAAC,YAAE,KAAK,MAAKD,EAAC,GAAE,KAAK,UAAQD;AAAE,cAAII,KAAE;AAAK,UAAAJ,GAAE,GAAG,QAAO,SAASA,IAAEC,IAAE;AAAC,YAAAG,GAAE,KAAKJ,EAAC,KAAGI,GAAE,QAAQ,MAAM,GAAEF,MAAGA,GAAED,EAAC;AAAA,UAAC,CAAC,EAAE,GAAG,SAAQ,SAASD,IAAE;AAAC,YAAAI,GAAE,KAAK,SAAQJ,EAAC;AAAA,UAAC,CAAC,EAAE,GAAG,OAAM,WAAU;AAAC,YAAAI,GAAE,KAAK,IAAI;AAAA,UAAC,CAAC;AAAA,QAAC;AAAC,UAAE,UAAU,EAAE,SAAS,GAAE,CAAC,GAAE,EAAE,UAAU,QAAM,WAAU;AAAC,eAAK,QAAQ,OAAO;AAAA,QAAC,GAAE,EAAE,UAAQ;AAAA,MAAC,GAAE,EAAC,YAAW,IAAG,mBAAkB,GAAE,CAAC,GAAE,IAAG,CAAC,SAAS,GAAE,GAAE,GAAE;AAAC;AAAa,UAAE,UAAQ,EAAC,QAAO,eAAa,OAAO,QAAO,eAAc,SAASJ,IAAEC,IAAE;AAAC,cAAG,OAAO,QAAM,OAAO,SAAO,WAAW,KAAK,QAAO,OAAO,KAAKD,IAAEC,EAAC;AAAE,cAAG,YAAU,OAAOD,GAAE,OAAM,IAAI,MAAM,0CAA0C;AAAE,iBAAO,IAAI,OAAOA,IAAEC,EAAC;AAAA,QAAC,GAAE,aAAY,SAASD,IAAE;AAAC,cAAG,OAAO,MAAM,QAAO,OAAO,MAAMA,EAAC;AAAE,cAAIC,KAAE,IAAI,OAAOD,EAAC;AAAE,iBAAOC,GAAE,KAAK,CAAC,GAAEA;AAAA,QAAC,GAAE,UAAS,SAASD,IAAE;AAAC,iBAAO,OAAO,SAASA,EAAC;AAAA,QAAC,GAAE,UAAS,SAASA,IAAE;AAAC,iBAAOA,MAAG,cAAY,OAAOA,GAAE,MAAI,cAAY,OAAOA,GAAE,SAAO,cAAY,OAAOA,GAAE;AAAA,QAAM,EAAC;AAAA,MAAC,GAAE,CAAC,CAAC,GAAE,IAAG,CAAC,SAAS,GAAE,GAAE,GAAE;AAAC;AAAa,iBAAS,EAAEA,IAAEC,IAAEC,IAAE;AAAC,cAAIE,IAAEC,KAAE,EAAE,UAAUJ,EAAC,GAAEK,KAAE,EAAE,OAAOJ,MAAG,CAAC,GAAE,CAAC;AAAE,UAAAI,GAAE,OAAKA,GAAE,QAAM,oBAAI,QAAK,SAAOA,GAAE,gBAAcA,GAAE,cAAYA,GAAE,YAAY,YAAY,IAAG,YAAU,OAAOA,GAAE,oBAAkBA,GAAE,kBAAgB,SAASA,GAAE,iBAAgB,CAAC,IAAGA,GAAE,mBAAiB,QAAMA,GAAE,oBAAkBA,GAAE,MAAI,OAAIA,GAAE,kBAAgB,KAAGA,GAAE,mBAAiBA,GAAE,MAAI,OAAIA,GAAE,QAAMN,KAAE,EAAEA,EAAC,IAAGM,GAAE,kBAAgBF,KAAE,EAAEJ,EAAC,MAAI,EAAE,KAAK,MAAKI,IAAE,IAAE;AAAE,cAAIG,KAAE,aAAWF,MAAG,UAAKC,GAAE,UAAQ,UAAKA,GAAE;AAAO,UAAAJ,MAAG,WAASA,GAAE,WAASI,GAAE,SAAO,CAACC,MAAIN,cAAa,KAAG,MAAIA,GAAE,oBAAkBK,GAAE,OAAK,CAACL,MAAG,MAAIA,GAAE,YAAUK,GAAE,SAAO,OAAGA,GAAE,SAAO,MAAGL,KAAE,IAAGK,GAAE,cAAY,SAAQD,KAAE;AAAU,cAAIG,KAAE;AAAK,UAAAA,KAAEP,cAAa,KAAGA,cAAa,IAAEA,KAAE,EAAE,UAAQ,EAAE,SAASA,EAAC,IAAE,IAAI,EAAED,IAAEC,EAAC,IAAE,EAAE,eAAeD,IAAEC,IAAEK,GAAE,QAAOA,GAAE,uBAAsBA,GAAE,MAAM;AAAE,cAAIG,KAAE,IAAI,EAAET,IAAEQ,IAAEF,EAAC;AAAE,eAAK,MAAMN,EAAC,IAAES;AAAA,QAAC;AAAC,YAAI,IAAE,EAAE,QAAQ,GAAE,IAAE,EAAE,SAAS,GAAE,IAAE,EAAE,wBAAwB,GAAE,IAAE,EAAE,uBAAuB,GAAE,IAAE,EAAE,YAAY,GAAE,IAAE,EAAE,oBAAoB,GAAE,IAAE,EAAE,aAAa,GAAE,IAAE,EAAE,YAAY,GAAE,IAAE,EAAE,eAAe,GAAE,IAAE,EAAE,mCAAmC,GAAE,IAAE,SAAST,IAAE;AAAC,kBAAMA,GAAE,MAAM,EAAE,MAAIA,KAAEA,GAAE,UAAU,GAAEA,GAAE,SAAO,CAAC;AAAG,cAAIC,KAAED,GAAE,YAAY,GAAG;AAAE,iBAAO,IAAEC,KAAED,GAAE,UAAU,GAAEC,EAAC,IAAE;AAAA,QAAE,GAAE,IAAE,SAASD,IAAE;AAAC,iBAAM,QAAMA,GAAE,MAAM,EAAE,MAAIA,MAAG,MAAKA;AAAA,QAAC,GAAE,IAAE,SAASA,IAAEC,IAAE;AAAC,iBAAOA,KAAE,WAASA,KAAEA,KAAE,EAAE,eAAcD,KAAE,EAAEA,EAAC,GAAE,KAAK,MAAMA,EAAC,KAAG,EAAE,KAAK,MAAKA,IAAE,MAAK,EAAC,KAAI,MAAG,eAAcC,GAAC,CAAC,GAAE,KAAK,MAAMD,EAAC;AAAA,QAAC;AAAE,iBAAS,EAAEA,IAAE;AAAC,iBAAM,sBAAoB,OAAO,UAAU,SAAS,KAAKA,EAAC;AAAA,QAAC;AAAC,YAAI,IAAE,EAAC,MAAK,WAAU;AAAC,gBAAM,IAAI,MAAM,4EAA4E;AAAA,QAAC,GAAE,SAAQ,SAASA,IAAE;AAAC,cAAIC,IAAEC,IAAEE;AAAE,eAAIH,MAAK,KAAK,MAAM,CAAAG,KAAE,KAAK,MAAMH,EAAC,IAAGC,KAAED,GAAE,MAAM,KAAK,KAAK,QAAOA,GAAE,MAAM,MAAIA,GAAE,MAAM,GAAE,KAAK,KAAK,MAAM,MAAI,KAAK,QAAMD,GAAEE,IAAEE,EAAC;AAAA,QAAC,GAAE,QAAO,SAASF,IAAE;AAAC,cAAIE,KAAE,CAAC;AAAE,iBAAO,KAAK,QAAQ,SAASJ,IAAEC,IAAE;AAAC,YAAAC,GAAEF,IAAEC,EAAC,KAAGG,GAAE,KAAKH,EAAC;AAAA,UAAC,CAAC,GAAEG;AAAA,QAAC,GAAE,MAAK,SAASJ,IAAEC,IAAEC,IAAE;AAAC,cAAG,MAAI,UAAU,OAAO,QAAOF,KAAE,KAAK,OAAKA,IAAE,EAAE,KAAK,MAAKA,IAAEC,IAAEC,EAAC,GAAE;AAAK,cAAG,EAAEF,EAAC,GAAE;AAAC,gBAAII,KAAEJ;AAAE,mBAAO,KAAK,OAAO,SAASA,IAAEC,IAAE;AAAC,qBAAM,CAACA,GAAE,OAAKG,GAAE,KAAKJ,EAAC;AAAA,YAAC,CAAC;AAAA,UAAC;AAAC,cAAIK,KAAE,KAAK,MAAM,KAAK,OAAKL,EAAC;AAAE,iBAAOK,MAAG,CAACA,GAAE,MAAIA,KAAE;AAAA,QAAI,GAAE,QAAO,SAASH,IAAE;AAAC,cAAG,CAACA,GAAE,QAAO;AAAK,cAAG,EAAEA,EAAC,EAAE,QAAO,KAAK,OAAO,SAASF,IAAEC,IAAE;AAAC,mBAAOA,GAAE,OAAKC,GAAE,KAAKF,EAAC;AAAA,UAAC,CAAC;AAAE,cAAIA,KAAE,KAAK,OAAKE,IAAED,KAAE,EAAE,KAAK,MAAKD,EAAC,GAAEI,KAAE,KAAK,MAAM;AAAE,iBAAOA,GAAE,OAAKH,GAAE,MAAKG;AAAA,QAAC,GAAE,QAAO,SAASF,IAAE;AAAC,UAAAA,KAAE,KAAK,OAAKA;AAAE,cAAIF,KAAE,KAAK,MAAME,EAAC;AAAE,cAAGF,OAAI,QAAME,GAAE,MAAM,EAAE,MAAIA,MAAG,MAAKF,KAAE,KAAK,MAAME,EAAC,IAAGF,MAAG,CAACA,GAAE,IAAI,QAAO,KAAK,MAAME,EAAC;AAAA,cAAO,UAAQD,KAAE,KAAK,OAAO,SAASD,IAAEC,IAAE;AAAC,mBAAOA,GAAE,KAAK,MAAM,GAAEC,GAAE,MAAM,MAAIA;AAAA,UAAC,CAAC,GAAEE,KAAE,GAAEA,KAAEH,GAAE,QAAOG,KAAI,QAAO,KAAK,MAAMH,GAAEG,EAAC,EAAE,IAAI;AAAE,iBAAO;AAAA,QAAI,GAAE,UAAS,WAAU;AAAC,gBAAM,IAAI,MAAM,4EAA4E;AAAA,QAAC,GAAE,wBAAuB,SAASJ,IAAE;AAAC,cAAIC,IAAEC,KAAE,CAAC;AAAE,cAAG;AAAC,iBAAIA,KAAE,EAAE,OAAOF,MAAG,CAAC,GAAE,EAAC,aAAY,OAAG,aAAY,SAAQ,oBAAmB,MAAK,MAAK,IAAG,UAAS,OAAM,SAAQ,MAAK,UAAS,mBAAkB,gBAAe,EAAE,WAAU,CAAC,GAAG,OAAKE,GAAE,KAAK,YAAY,GAAEA,GAAE,cAAYA,GAAE,YAAY,YAAY,GAAE,mBAAiBA,GAAE,SAAOA,GAAE,OAAK,WAAU,CAACA,GAAE,KAAK,OAAM,IAAI,MAAM,2BAA2B;AAAE,cAAE,aAAaA,GAAE,IAAI,GAAE,aAAWA,GAAE,YAAU,cAAYA,GAAE,YAAU,YAAUA,GAAE,YAAU,YAAUA,GAAE,aAAWA,GAAE,WAAS,SAAQ,YAAUA,GAAE,aAAWA,GAAE,WAAS;AAAO,gBAAIE,KAAEF,GAAE,WAAS,KAAK,WAAS;AAAG,YAAAD,KAAE,EAAE,eAAe,MAAKC,IAAEE,EAAC;AAAA,UAAC,SAAOJ,IAAE;AAAC,aAACC,KAAE,IAAI,EAAE,OAAO,GAAG,MAAMD,EAAC;AAAA,UAAC;AAAC,iBAAO,IAAI,EAAEC,IAAEC,GAAE,QAAM,UAASA,GAAE,QAAQ;AAAA,QAAC,GAAE,eAAc,SAASF,IAAEC,IAAE;AAAC,iBAAO,KAAK,uBAAuBD,EAAC,EAAE,WAAWC,EAAC;AAAA,QAAC,GAAE,oBAAmB,SAASD,IAAEC,IAAE;AAAC,kBAAOD,KAAEA,MAAG,CAAC,GAAG,SAAOA,GAAE,OAAK,eAAc,KAAK,uBAAuBA,EAAC,EAAE,eAAeC,EAAC;AAAA,QAAC,EAAC;AAAE,UAAE,UAAQ;AAAA,MAAC,GAAE,EAAC,sBAAqB,GAAE,cAAa,GAAE,cAAa,GAAE,qCAAoC,IAAG,iBAAgB,IAAG,0BAAyB,IAAG,yBAAwB,IAAG,UAAS,IAAG,WAAU,IAAG,eAAc,GAAE,CAAC,GAAE,IAAG,CAAC,SAAS,GAAE,GAAE,GAAE;AAAC;AAAa,UAAE,UAAQ,EAAE,QAAQ;AAAA,MAAC,GAAE,EAAC,QAAO,OAAM,CAAC,GAAE,IAAG,CAAC,SAAS,GAAE,GAAE,GAAE;AAAC;AAAa,YAAI,IAAE,EAAE,cAAc;AAAE,iBAAS,EAAED,IAAE;AAAC,YAAE,KAAK,MAAKA,EAAC;AAAE,mBAAQC,KAAE,GAAEA,KAAE,KAAK,KAAK,QAAOA,KAAI,CAAAD,GAAEC,EAAC,IAAE,MAAID,GAAEC,EAAC;AAAA,QAAC;AAAC,UAAE,UAAU,EAAE,SAAS,GAAE,CAAC,GAAE,EAAE,UAAU,SAAO,SAASD,IAAE;AAAC,iBAAO,KAAK,KAAK,KAAK,OAAKA,EAAC;AAAA,QAAC,GAAE,EAAE,UAAU,uBAAqB,SAASA,IAAE;AAAC,mBAAQC,KAAED,GAAE,WAAW,CAAC,GAAEE,KAAEF,GAAE,WAAW,CAAC,GAAEI,KAAEJ,GAAE,WAAW,CAAC,GAAEK,KAAEL,GAAE,WAAW,CAAC,GAAE,IAAE,KAAK,SAAO,GAAE,KAAG,GAAE,EAAE,EAAE,KAAG,KAAK,KAAK,CAAC,MAAIC,MAAG,KAAK,KAAK,IAAE,CAAC,MAAIC,MAAG,KAAK,KAAK,IAAE,CAAC,MAAIE,MAAG,KAAK,KAAK,IAAE,CAAC,MAAIC,GAAE,QAAO,IAAE,KAAK;AAAK,iBAAM;AAAA,QAAE,GAAE,EAAE,UAAU,wBAAsB,SAASL,IAAE;AAAC,cAAIC,KAAED,GAAE,WAAW,CAAC,GAAEE,KAAEF,GAAE,WAAW,CAAC,GAAEI,KAAEJ,GAAE,WAAW,CAAC,GAAEK,KAAEL,GAAE,WAAW,CAAC,GAAE,IAAE,KAAK,SAAS,CAAC;AAAE,iBAAOC,OAAI,EAAE,CAAC,KAAGC,OAAI,EAAE,CAAC,KAAGE,OAAI,EAAE,CAAC,KAAGC,OAAI,EAAE,CAAC;AAAA,QAAC,GAAE,EAAE,UAAU,WAAS,SAASL,IAAE;AAAC,cAAG,KAAK,YAAYA,EAAC,GAAE,MAAIA,GAAE,QAAM,CAAC;AAAE,cAAIC,KAAE,KAAK,KAAK,MAAM,KAAK,OAAK,KAAK,OAAM,KAAK,OAAK,KAAK,QAAMD,EAAC;AAAE,iBAAO,KAAK,SAAOA,IAAEC;AAAA,QAAC,GAAE,EAAE,UAAQ;AAAA,MAAC,GAAE,EAAC,YAAW,IAAG,gBAAe,GAAE,CAAC,GAAE,IAAG,CAAC,SAAS,GAAE,GAAE,GAAE;AAAC;AAAa,YAAI,IAAE,EAAE,UAAU;AAAE,iBAAS,EAAED,IAAE;AAAC,eAAK,OAAKA,IAAE,KAAK,SAAOA,GAAE,QAAO,KAAK,QAAM,GAAE,KAAK,OAAK;AAAA,QAAC;AAAC,UAAE,YAAU,EAAC,aAAY,SAASA,IAAE;AAAC,eAAK,WAAW,KAAK,QAAMA,EAAC;AAAA,QAAC,GAAE,YAAW,SAASA,IAAE;AAAC,cAAG,KAAK,SAAO,KAAK,OAAKA,MAAGA,KAAE,EAAE,OAAM,IAAI,MAAM,wCAAsC,KAAK,SAAO,qBAAmBA,KAAE,oBAAoB;AAAA,QAAC,GAAE,UAAS,SAASA,IAAE;AAAC,eAAK,WAAWA,EAAC,GAAE,KAAK,QAAMA;AAAA,QAAC,GAAE,MAAK,SAASA,IAAE;AAAC,eAAK,SAAS,KAAK,QAAMA,EAAC;AAAA,QAAC,GAAE,QAAO,WAAU;AAAA,QAAC,GAAE,SAAQ,SAASA,IAAE;AAAC,cAAIC,IAAEC,KAAE;AAAE,eAAI,KAAK,YAAYF,EAAC,GAAEC,KAAE,KAAK,QAAMD,KAAE,GAAEC,MAAG,KAAK,OAAMA,KAAI,CAAAC,MAAGA,MAAG,KAAG,KAAK,OAAOD,EAAC;AAAE,iBAAO,KAAK,SAAOD,IAAEE;AAAA,QAAC,GAAE,YAAW,SAASF,IAAE;AAAC,iBAAO,EAAE,YAAY,UAAS,KAAK,SAASA,EAAC,CAAC;AAAA,QAAC,GAAE,UAAS,WAAU;AAAA,QAAC,GAAE,sBAAqB,WAAU;AAAA,QAAC,GAAE,uBAAsB,WAAU;AAAA,QAAC,GAAE,UAAS,WAAU;AAAC,cAAIA,KAAE,KAAK,QAAQ,CAAC;AAAE,iBAAO,IAAI,KAAK,KAAK,IAAI,QAAMA,MAAG,KAAG,OAAMA,MAAG,KAAG,MAAI,GAAEA,MAAG,KAAG,IAAGA,MAAG,KAAG,IAAGA,MAAG,IAAE,KAAI,KAAGA,OAAI,CAAC,CAAC;AAAA,QAAC,EAAC,GAAE,EAAE,UAAQ;AAAA,MAAC,GAAE,EAAC,YAAW,GAAE,CAAC,GAAE,IAAG,CAAC,SAAS,GAAE,GAAE,GAAE;AAAC;AAAa,YAAI,IAAE,EAAE,oBAAoB;AAAE,iBAAS,EAAEA,IAAE;AAAC,YAAE,KAAK,MAAKA,EAAC;AAAA,QAAC;AAAC,UAAE,UAAU,EAAE,SAAS,GAAE,CAAC,GAAE,EAAE,UAAU,WAAS,SAASA,IAAE;AAAC,eAAK,YAAYA,EAAC;AAAE,cAAIC,KAAE,KAAK,KAAK,MAAM,KAAK,OAAK,KAAK,OAAM,KAAK,OAAK,KAAK,QAAMD,EAAC;AAAE,iBAAO,KAAK,SAAOA,IAAEC;AAAA,QAAC,GAAE,EAAE,UAAQ;AAAA,MAAC,GAAE,EAAC,YAAW,IAAG,sBAAqB,GAAE,CAAC,GAAE,IAAG,CAAC,SAAS,GAAE,GAAE,GAAE;AAAC;AAAa,YAAI,IAAE,EAAE,cAAc;AAAE,iBAAS,EAAED,IAAE;AAAC,YAAE,KAAK,MAAKA,EAAC;AAAA,QAAC;AAAC,UAAE,UAAU,EAAE,SAAS,GAAE,CAAC,GAAE,EAAE,UAAU,SAAO,SAASA,IAAE;AAAC,iBAAO,KAAK,KAAK,WAAW,KAAK,OAAKA,EAAC;AAAA,QAAC,GAAE,EAAE,UAAU,uBAAqB,SAASA,IAAE;AAAC,iBAAO,KAAK,KAAK,YAAYA,EAAC,IAAE,KAAK;AAAA,QAAI,GAAE,EAAE,UAAU,wBAAsB,SAASA,IAAE;AAAC,iBAAOA,OAAI,KAAK,SAAS,CAAC;AAAA,QAAC,GAAE,EAAE,UAAU,WAAS,SAASA,IAAE;AAAC,eAAK,YAAYA,EAAC;AAAE,cAAIC,KAAE,KAAK,KAAK,MAAM,KAAK,OAAK,KAAK,OAAM,KAAK,OAAK,KAAK,QAAMD,EAAC;AAAE,iBAAO,KAAK,SAAOA,IAAEC;AAAA,QAAC,GAAE,EAAE,UAAQ;AAAA,MAAC,GAAE,EAAC,YAAW,IAAG,gBAAe,GAAE,CAAC,GAAE,IAAG,CAAC,SAAS,GAAE,GAAE,GAAE;AAAC;AAAa,YAAI,IAAE,EAAE,eAAe;AAAE,iBAAS,EAAED,IAAE;AAAC,YAAE,KAAK,MAAKA,EAAC;AAAA,QAAC;AAAC,UAAE,UAAU,EAAE,SAAS,GAAE,CAAC,GAAE,EAAE,UAAU,WAAS,SAASA,IAAE;AAAC,cAAG,KAAK,YAAYA,EAAC,GAAE,MAAIA,GAAE,QAAO,IAAI,WAAW,CAAC;AAAE,cAAIC,KAAE,KAAK,KAAK,SAAS,KAAK,OAAK,KAAK,OAAM,KAAK,OAAK,KAAK,QAAMD,EAAC;AAAE,iBAAO,KAAK,SAAOA,IAAEC;AAAA,QAAC,GAAE,EAAE,UAAQ;AAAA,MAAC,GAAE,EAAC,YAAW,IAAG,iBAAgB,GAAE,CAAC,GAAE,IAAG,CAAC,SAAS,GAAE,GAAE,GAAE;AAAC;AAAa,YAAI,IAAE,EAAE,UAAU,GAAE,IAAE,EAAE,YAAY,GAAE,IAAE,EAAE,eAAe,GAAE,IAAE,EAAE,gBAAgB,GAAE,IAAE,EAAE,oBAAoB,GAAE,IAAE,EAAE,oBAAoB;AAAE,UAAE,UAAQ,SAASD,IAAE;AAAC,cAAIC,KAAE,EAAE,UAAUD,EAAC;AAAE,iBAAO,EAAE,aAAaC,EAAC,GAAE,aAAWA,MAAG,EAAE,aAAW,iBAAeA,KAAE,IAAI,EAAED,EAAC,IAAE,EAAE,aAAW,IAAI,EAAE,EAAE,YAAY,cAAaA,EAAC,CAAC,IAAE,IAAI,EAAE,EAAE,YAAY,SAAQA,EAAC,CAAC,IAAE,IAAI,EAAEA,EAAC;AAAA,QAAC;AAAA,MAAC,GAAE,EAAC,cAAa,IAAG,YAAW,IAAG,iBAAgB,IAAG,sBAAqB,IAAG,kBAAiB,IAAG,sBAAqB,GAAE,CAAC,GAAE,IAAG,CAAC,SAAS,GAAE,GAAE,GAAE;AAAC;AAAa,UAAE,oBAAkB,QAAO,EAAE,sBAAoB,QAAO,EAAE,wBAAsB,QAAO,EAAE,kCAAgC,WAAO,EAAE,8BAA4B,QAAO,EAAE,kBAAgB;AAAA,MAAO,GAAE,CAAC,CAAC,GAAE,IAAG,CAAC,SAAS,GAAE,GAAE,GAAE;AAAC;AAAa,YAAI,IAAE,EAAE,iBAAiB,GAAE,IAAE,EAAE,UAAU;AAAE,iBAAS,EAAEA,IAAE;AAAC,YAAE,KAAK,MAAK,sBAAoBA,EAAC,GAAE,KAAK,WAASA;AAAA,QAAC;AAAC,UAAE,SAAS,GAAE,CAAC,GAAE,EAAE,UAAU,eAAa,SAASA,IAAE;AAAC,eAAK,KAAK,EAAC,MAAK,EAAE,YAAY,KAAK,UAASA,GAAE,IAAI,GAAE,MAAKA,GAAE,KAAI,CAAC;AAAA,QAAC,GAAE,EAAE,UAAQ;AAAA,MAAC,GAAE,EAAC,YAAW,IAAG,mBAAkB,GAAE,CAAC,GAAE,IAAG,CAAC,SAAS,GAAE,GAAE,GAAE;AAAC;AAAa,YAAI,IAAE,EAAE,iBAAiB,GAAE,IAAE,EAAE,UAAU;AAAE,iBAAS,IAAG;AAAC,YAAE,KAAK,MAAK,YAAY,GAAE,KAAK,eAAe,SAAQ,CAAC;AAAA,QAAC;AAAC,UAAE,UAAU,EAAE,SAAS,GAAE,CAAC,GAAE,EAAE,UAAU,eAAa,SAASA,IAAE;AAAC,eAAK,WAAW,QAAM,EAAEA,GAAE,MAAK,KAAK,WAAW,SAAO,CAAC,GAAE,KAAK,KAAKA,EAAC;AAAA,QAAC,GAAE,EAAE,UAAQ;AAAA,MAAC,GAAE,EAAC,YAAW,GAAE,YAAW,IAAG,mBAAkB,GAAE,CAAC,GAAE,IAAG,CAAC,SAAS,GAAE,GAAE,GAAE;AAAC;AAAa,YAAI,IAAE,EAAE,UAAU,GAAE,IAAE,EAAE,iBAAiB;AAAE,iBAAS,EAAEA,IAAE;AAAC,YAAE,KAAK,MAAK,yBAAuBA,EAAC,GAAE,KAAK,WAASA,IAAE,KAAK,eAAeA,IAAE,CAAC;AAAA,QAAC;AAAC,UAAE,SAAS,GAAE,CAAC,GAAE,EAAE,UAAU,eAAa,SAASA,IAAE;AAAC,cAAGA,IAAE;AAAC,gBAAIC,KAAE,KAAK,WAAW,KAAK,QAAQ,KAAG;AAAE,iBAAK,WAAW,KAAK,QAAQ,IAAEA,KAAED,GAAE,KAAK;AAAA,UAAM;AAAC,YAAE,UAAU,aAAa,KAAK,MAAKA,EAAC;AAAA,QAAC,GAAE,EAAE,UAAQ;AAAA,MAAC,GAAE,EAAC,YAAW,IAAG,mBAAkB,GAAE,CAAC,GAAE,IAAG,CAAC,SAAS,GAAE,GAAE,GAAE;AAAC;AAAa,YAAI,IAAE,EAAE,UAAU,GAAE,IAAE,EAAE,iBAAiB;AAAE,iBAAS,EAAEA,IAAE;AAAC,YAAE,KAAK,MAAK,YAAY;AAAE,cAAIC,KAAE;AAAK,eAAK,cAAY,OAAG,KAAK,QAAM,GAAE,KAAK,MAAI,GAAE,KAAK,OAAK,MAAK,KAAK,OAAK,IAAG,KAAK,iBAAe,OAAGD,GAAE,KAAK,SAASA,IAAE;AAAC,YAAAC,GAAE,cAAY,MAAGA,GAAE,OAAKD,IAAEC,GAAE,MAAID,MAAGA,GAAE,UAAQ,GAAEC,GAAE,OAAK,EAAE,UAAUD,EAAC,GAAEC,GAAE,YAAUA,GAAE,eAAe;AAAA,UAAC,GAAE,SAASD,IAAE;AAAC,YAAAC,GAAE,MAAMD,EAAC;AAAA,UAAC,CAAC;AAAA,QAAC;AAAC,UAAE,SAAS,GAAE,CAAC,GAAE,EAAE,UAAU,UAAQ,WAAU;AAAC,YAAE,UAAU,QAAQ,KAAK,IAAI,GAAE,KAAK,OAAK;AAAA,QAAI,GAAE,EAAE,UAAU,SAAO,WAAU;AAAC,iBAAM,CAAC,CAAC,EAAE,UAAU,OAAO,KAAK,IAAI,MAAI,CAAC,KAAK,kBAAgB,KAAK,gBAAc,KAAK,iBAAe,MAAG,EAAE,MAAM,KAAK,gBAAe,CAAC,GAAE,IAAI,IAAG;AAAA,QAAG,GAAE,EAAE,UAAU,iBAAe,WAAU;AAAC,eAAK,iBAAe,OAAG,KAAK,YAAU,KAAK,eAAa,KAAK,MAAM,GAAE,KAAK,eAAa,EAAE,MAAM,KAAK,gBAAe,CAAC,GAAE,IAAI,GAAE,KAAK,iBAAe;AAAA,QAAI,GAAE,EAAE,UAAU,QAAM,WAAU;AAAC,cAAG,KAAK,YAAU,KAAK,WAAW,QAAM;AAAG,cAAIA,KAAE,MAAKC,KAAE,KAAK,IAAI,KAAK,KAAI,KAAK,QAAM,KAAK;AAAE,cAAG,KAAK,SAAO,KAAK,IAAI,QAAO,KAAK,IAAI;AAAE,kBAAO,KAAK,MAAK;AAAA,YAAC,KAAI;AAAS,cAAAD,KAAE,KAAK,KAAK,UAAU,KAAK,OAAMC,EAAC;AAAE;AAAA,YAAM,KAAI;AAAa,cAAAD,KAAE,KAAK,KAAK,SAAS,KAAK,OAAMC,EAAC;AAAE;AAAA,YAAM,KAAI;AAAA,YAAQ,KAAI;AAAa,cAAAD,KAAE,KAAK,KAAK,MAAM,KAAK,OAAMC,EAAC;AAAA,UAAC;AAAC,iBAAO,KAAK,QAAMA,IAAE,KAAK,KAAK,EAAC,MAAKD,IAAE,MAAK,EAAC,SAAQ,KAAK,MAAI,KAAK,QAAM,KAAK,MAAI,MAAI,EAAC,EAAC,CAAC;AAAA,QAAC,GAAE,EAAE,UAAQ;AAAA,MAAC,GAAE,EAAC,YAAW,IAAG,mBAAkB,GAAE,CAAC,GAAE,IAAG,CAAC,SAAS,GAAE,GAAE,GAAE;AAAC;AAAa,iBAAS,EAAEA,IAAE;AAAC,eAAK,OAAKA,MAAG,WAAU,KAAK,aAAW,CAAC,GAAE,KAAK,iBAAe,MAAK,KAAK,kBAAgB,CAAC,GAAE,KAAK,WAAS,MAAG,KAAK,aAAW,OAAG,KAAK,WAAS,OAAG,KAAK,aAAW,EAAC,MAAK,CAAC,GAAE,KAAI,CAAC,GAAE,OAAM,CAAC,EAAC,GAAE,KAAK,WAAS;AAAA,QAAI;AAAC,UAAE,YAAU,EAAC,MAAK,SAASA,IAAE;AAAC,eAAK,KAAK,QAAOA,EAAC;AAAA,QAAC,GAAE,KAAI,WAAU;AAAC,cAAG,KAAK,WAAW,QAAM;AAAG,eAAK,MAAM;AAAE,cAAG;AAAC,iBAAK,KAAK,KAAK,GAAE,KAAK,QAAQ,GAAE,KAAK,aAAW;AAAA,UAAE,SAAOA,IAAE;AAAC,iBAAK,KAAK,SAAQA,EAAC;AAAA,UAAC;AAAC,iBAAM;AAAA,QAAE,GAAE,OAAM,SAASA,IAAE;AAAC,iBAAM,CAAC,KAAK,eAAa,KAAK,WAAS,KAAK,iBAAeA,MAAG,KAAK,aAAW,MAAG,KAAK,KAAK,SAAQA,EAAC,GAAE,KAAK,YAAU,KAAK,SAAS,MAAMA,EAAC,GAAE,KAAK,QAAQ,IAAG;AAAA,QAAG,GAAE,IAAG,SAASA,IAAEC,IAAE;AAAC,iBAAO,KAAK,WAAWD,EAAC,EAAE,KAAKC,EAAC,GAAE;AAAA,QAAI,GAAE,SAAQ,WAAU;AAAC,eAAK,aAAW,KAAK,iBAAe,KAAK,kBAAgB,MAAK,KAAK,aAAW,CAAC;AAAA,QAAC,GAAE,MAAK,SAASD,IAAEC,IAAE;AAAC,cAAG,KAAK,WAAWD,EAAC,EAAE,UAAQE,KAAE,GAAEA,KAAE,KAAK,WAAWF,EAAC,EAAE,QAAOE,KAAI,MAAK,WAAWF,EAAC,EAAEE,EAAC,EAAE,KAAK,MAAKD,EAAC;AAAA,QAAC,GAAE,MAAK,SAASD,IAAE;AAAC,iBAAOA,GAAE,iBAAiB,IAAI;AAAA,QAAC,GAAE,kBAAiB,SAASA,IAAE;AAAC,cAAG,KAAK,SAAS,OAAM,IAAI,MAAM,iBAAe,OAAK,0BAA0B;AAAE,eAAK,aAAWA,GAAE,YAAW,KAAK,gBAAgB,GAAE,KAAK,WAASA;AAAE,cAAIC,KAAE;AAAK,iBAAOD,GAAE,GAAG,QAAO,SAASA,IAAE;AAAC,YAAAC,GAAE,aAAaD,EAAC;AAAA,UAAC,CAAC,GAAEA,GAAE,GAAG,OAAM,WAAU;AAAC,YAAAC,GAAE,IAAI;AAAA,UAAC,CAAC,GAAED,GAAE,GAAG,SAAQ,SAASA,IAAE;AAAC,YAAAC,GAAE,MAAMD,EAAC;AAAA,UAAC,CAAC,GAAE;AAAA,QAAI,GAAE,OAAM,WAAU;AAAC,iBAAM,CAAC,KAAK,YAAU,CAAC,KAAK,eAAa,KAAK,WAAS,MAAG,KAAK,YAAU,KAAK,SAAS,MAAM,GAAE;AAAA,QAAG,GAAE,QAAO,WAAU;AAAC,cAAG,CAAC,KAAK,YAAU,KAAK,WAAW,QAAM;AAAG,cAAIA,KAAE,KAAK,WAAS;AAAG,iBAAO,KAAK,mBAAiB,KAAK,MAAM,KAAK,cAAc,GAAEA,KAAE,OAAI,KAAK,YAAU,KAAK,SAAS,OAAO,GAAE,CAACA;AAAA,QAAC,GAAE,OAAM,WAAU;AAAA,QAAC,GAAE,cAAa,SAASA,IAAE;AAAC,eAAK,KAAKA,EAAC;AAAA,QAAC,GAAE,gBAAe,SAASA,IAAEC,IAAE;AAAC,iBAAO,KAAK,gBAAgBD,EAAC,IAAEC,IAAE,KAAK,gBAAgB,GAAE;AAAA,QAAI,GAAE,iBAAgB,WAAU;AAAC,mBAAQD,MAAK,KAAK,gBAAgB,QAAO,UAAU,eAAe,KAAK,KAAK,iBAAgBA,EAAC,MAAI,KAAK,WAAWA,EAAC,IAAE,KAAK,gBAAgBA,EAAC;AAAA,QAAE,GAAE,MAAK,WAAU;AAAC,cAAG,KAAK,SAAS,OAAM,IAAI,MAAM,iBAAe,OAAK,0BAA0B;AAAE,eAAK,WAAS,MAAG,KAAK,YAAU,KAAK,SAAS,KAAK;AAAA,QAAC,GAAE,UAAS,WAAU;AAAC,cAAIA,KAAE,YAAU,KAAK;AAAK,iBAAO,KAAK,WAAS,KAAK,WAAS,SAAOA,KAAEA;AAAA,QAAC,EAAC,GAAE,EAAE,UAAQ;AAAA,MAAC,GAAE,CAAC,CAAC,GAAE,IAAG,CAAC,SAAS,GAAE,GAAE,GAAE;AAAC;AAAa,YAAI,IAAE,EAAE,UAAU,GAAE,IAAE,EAAE,iBAAiB,GAAE,IAAE,EAAE,iBAAiB,GAAE,IAAE,EAAE,WAAW,GAAE,IAAE,EAAE,YAAY,GAAE,IAAE,EAAE,aAAa,GAAE,IAAE;AAAK,YAAG,EAAE,WAAW,KAAG;AAAC,cAAE,EAAE,qCAAqC;AAAA,QAAC,SAAOA,IAAE;AAAA,QAAC;AAAC,iBAAS,EAAEA,IAAEQ,IAAE;AAAC,iBAAO,IAAI,EAAE,QAAQ,SAASP,IAAEC,IAAE;AAAC,gBAAIE,KAAE,CAAC,GAAEC,KAAEL,GAAE,eAAcM,KAAEN,GAAE,aAAYO,KAAEP,GAAE;AAAU,YAAAA,GAAE,GAAG,QAAO,SAASA,IAAEC,IAAE;AAAC,cAAAG,GAAE,KAAKJ,EAAC,GAAEQ,MAAGA,GAAEP,EAAC;AAAA,YAAC,CAAC,EAAE,GAAG,SAAQ,SAASD,IAAE;AAAC,cAAAI,KAAE,CAAC,GAAEF,GAAEF,EAAC;AAAA,YAAC,CAAC,EAAE,GAAG,OAAM,WAAU;AAAC,kBAAG;AAAC,oBAAIA,KAAE,SAASA,IAAEC,IAAEC,IAAE;AAAC,0BAAOF,IAAE;AAAA,oBAAC,KAAI;AAAO,6BAAO,EAAE,QAAQ,EAAE,YAAY,eAAcC,EAAC,GAAEC,EAAC;AAAA,oBAAE,KAAI;AAAS,6BAAO,EAAE,OAAOD,EAAC;AAAA,oBAAE;AAAQ,6BAAO,EAAE,YAAYD,IAAEC,EAAC;AAAA,kBAAC;AAAA,gBAAC,EAAEK,IAAE,SAASN,IAAEC,IAAE;AAAC,sBAAIC,IAAEE,KAAE,GAAEC,KAAE,MAAKC,KAAE;AAAE,uBAAIJ,KAAE,GAAEA,KAAED,GAAE,QAAOC,KAAI,CAAAI,MAAGL,GAAEC,EAAC,EAAE;AAAO,0BAAOF,IAAE;AAAA,oBAAC,KAAI;AAAS,6BAAOC,GAAE,KAAK,EAAE;AAAA,oBAAE,KAAI;AAAQ,6BAAO,MAAM,UAAU,OAAO,MAAM,CAAC,GAAEA,EAAC;AAAA,oBAAE,KAAI;AAAa,2BAAII,KAAE,IAAI,WAAWC,EAAC,GAAEJ,KAAE,GAAEA,KAAED,GAAE,QAAOC,KAAI,CAAAG,GAAE,IAAIJ,GAAEC,EAAC,GAAEE,EAAC,GAAEA,MAAGH,GAAEC,EAAC,EAAE;AAAO,6BAAOG;AAAA,oBAAE,KAAI;AAAa,6BAAO,OAAO,OAAOJ,EAAC;AAAA,oBAAE;AAAQ,4BAAM,IAAI,MAAM,gCAA8BD,KAAE,GAAG;AAAA,kBAAC;AAAA,gBAAC,EAAEK,IAAED,EAAC,GAAEG,EAAC;AAAE,gBAAAN,GAAED,EAAC;AAAA,cAAC,SAAOA,IAAE;AAAC,gBAAAE,GAAEF,EAAC;AAAA,cAAC;AAAC,cAAAI,KAAE,CAAC;AAAA,YAAC,CAAC,EAAE,OAAO;AAAA,UAAC,CAAC;AAAA,QAAC;AAAC,iBAAS,EAAEJ,IAAEC,IAAEC,IAAE;AAAC,cAAIE,KAAEH;AAAE,kBAAOA,IAAE;AAAA,YAAC,KAAI;AAAA,YAAO,KAAI;AAAc,cAAAG,KAAE;AAAa;AAAA,YAAM,KAAI;AAAS,cAAAA,KAAE;AAAA,UAAQ;AAAC,cAAG;AAAC,iBAAK,gBAAcA,IAAE,KAAK,cAAYH,IAAE,KAAK,YAAUC,IAAE,EAAE,aAAaE,EAAC,GAAE,KAAK,UAAQJ,GAAE,KAAK,IAAI,EAAEI,EAAC,CAAC,GAAEJ,GAAE,KAAK;AAAA,UAAC,SAAOA,IAAE;AAAC,iBAAK,UAAQ,IAAI,EAAE,OAAO,GAAE,KAAK,QAAQ,MAAMA,EAAC;AAAA,UAAC;AAAA,QAAC;AAAC,UAAE,YAAU,EAAC,YAAW,SAASA,IAAE;AAAC,iBAAO,EAAE,MAAKA,EAAC;AAAA,QAAC,GAAE,IAAG,SAASA,IAAEC,IAAE;AAAC,cAAIC,KAAE;AAAK,iBAAM,WAASF,KAAE,KAAK,QAAQ,GAAGA,IAAE,SAASA,IAAE;AAAC,YAAAC,GAAE,KAAKC,IAAEF,GAAE,MAAKA,GAAE,IAAI;AAAA,UAAC,CAAC,IAAE,KAAK,QAAQ,GAAGA,IAAE,WAAU;AAAC,cAAE,MAAMC,IAAE,WAAUC,EAAC;AAAA,UAAC,CAAC,GAAE;AAAA,QAAI,GAAE,QAAO,WAAU;AAAC,iBAAO,EAAE,MAAM,KAAK,QAAQ,QAAO,CAAC,GAAE,KAAK,OAAO,GAAE;AAAA,QAAI,GAAE,OAAM,WAAU;AAAC,iBAAO,KAAK,QAAQ,MAAM,GAAE;AAAA,QAAI,GAAE,gBAAe,SAASF,IAAE;AAAC,cAAG,EAAE,aAAa,YAAY,GAAE,iBAAe,KAAK,YAAY,OAAM,IAAI,MAAM,KAAK,cAAY,kCAAkC;AAAE,iBAAO,IAAI,EAAE,MAAK,EAAC,YAAW,iBAAe,KAAK,YAAW,GAAEA,EAAC;AAAA,QAAC,EAAC,GAAE,EAAE,UAAQ;AAAA,MAAC,GAAE,EAAC,aAAY,GAAE,eAAc,GAAE,uCAAsC,IAAG,cAAa,IAAG,YAAW,IAAG,mBAAkB,IAAG,mBAAkB,GAAE,CAAC,GAAE,IAAG,CAAC,SAAS,GAAE,GAAE,GAAE;AAAC;AAAa,YAAG,EAAE,SAAO,MAAG,EAAE,QAAM,MAAG,EAAE,SAAO,MAAG,EAAE,cAAY,eAAa,OAAO,eAAa,eAAa,OAAO,YAAW,EAAE,aAAW,eAAa,OAAO,QAAO,EAAE,aAAW,eAAa,OAAO,YAAW,eAAa,OAAO,YAAY,GAAE,OAAK;AAAA,aAAO;AAAC,cAAI,IAAE,IAAI,YAAY,CAAC;AAAE,cAAG;AAAC,cAAE,OAAK,MAAI,IAAI,KAAK,CAAC,CAAC,GAAE,EAAC,MAAK,kBAAiB,CAAC,EAAE;AAAA,UAAI,SAAOA,IAAE;AAAC,gBAAG;AAAC,kBAAI,IAAE,KAAI,KAAK,eAAa,KAAK,qBAAmB,KAAK,kBAAgB,KAAK;AAAe,gBAAE,OAAO,CAAC,GAAE,EAAE,OAAK,MAAI,EAAE,QAAQ,iBAAiB,EAAE;AAAA,YAAI,SAAOA,IAAE;AAAC,gBAAE,OAAK;AAAA,YAAE;AAAA,UAAC;AAAA,QAAC;AAAC,YAAG;AAAC,YAAE,aAAW,CAAC,CAAC,EAAE,iBAAiB,EAAE;AAAA,QAAQ,SAAOA,IAAE;AAAC,YAAE,aAAW;AAAA,QAAE;AAAA,MAAC,GAAE,EAAC,mBAAkB,GAAE,CAAC,GAAE,IAAG,CAAC,SAAS,GAAE,GAAE,GAAE;AAAC;AAAa,iBAAQ,IAAE,EAAE,SAAS,GAAE,IAAE,EAAE,WAAW,GAAE,IAAE,EAAE,eAAe,GAAE,IAAE,EAAE,wBAAwB,GAAE,IAAE,IAAI,MAAM,GAAG,GAAE,IAAE,GAAE,IAAE,KAAI,IAAI,GAAE,CAAC,IAAE,OAAK,IAAE,IAAE,OAAK,IAAE,IAAE,OAAK,IAAE,IAAE,OAAK,IAAE,IAAE,OAAK,IAAE,IAAE;AAAE,UAAE,GAAG,IAAE,EAAE,GAAG,IAAE;AAAE,iBAAS,IAAG;AAAC,YAAE,KAAK,MAAK,cAAc,GAAE,KAAK,WAAS;AAAA,QAAI;AAAC,iBAAS,IAAG;AAAC,YAAE,KAAK,MAAK,cAAc;AAAA,QAAC;AAAC,UAAE,aAAW,SAASA,IAAE;AAAC,iBAAO,EAAE,aAAW,EAAE,cAAcA,IAAE,OAAO,IAAE,SAASA,IAAE;AAAC,gBAAIC,IAAEC,IAAEE,IAAEC,IAAEC,IAAEC,KAAEP,GAAE,QAAOQ,KAAE;AAAE,iBAAIH,KAAE,GAAEA,KAAEE,IAAEF,KAAI,WAAQ,SAAOH,KAAEF,GAAE,WAAWK,EAAC,OAAKA,KAAE,IAAEE,MAAG,UAAQ,SAAOH,KAAEJ,GAAE,WAAWK,KAAE,CAAC,QAAMH,KAAE,SAAOA,KAAE,SAAO,OAAKE,KAAE,QAAOC,OAAKG,MAAGN,KAAE,MAAI,IAAEA,KAAE,OAAK,IAAEA,KAAE,QAAM,IAAE;AAAE,iBAAID,KAAE,EAAE,aAAW,IAAI,WAAWO,EAAC,IAAE,IAAI,MAAMA,EAAC,GAAEH,KAAEC,KAAE,GAAEA,KAAEE,IAAEH,KAAI,WAAQ,SAAOH,KAAEF,GAAE,WAAWK,EAAC,OAAKA,KAAE,IAAEE,MAAG,UAAQ,SAAOH,KAAEJ,GAAE,WAAWK,KAAE,CAAC,QAAMH,KAAE,SAAOA,KAAE,SAAO,OAAKE,KAAE,QAAOC,OAAKH,KAAE,MAAID,GAAEK,IAAG,IAAEJ,MAAGA,KAAE,OAAKD,GAAEK,IAAG,IAAE,MAAIJ,OAAI,KAAGA,KAAE,QAAMD,GAAEK,IAAG,IAAE,MAAIJ,OAAI,MAAID,GAAEK,IAAG,IAAE,MAAIJ,OAAI,IAAGD,GAAEK,IAAG,IAAE,MAAIJ,OAAI,KAAG,KAAID,GAAEK,IAAG,IAAE,MAAIJ,OAAI,IAAE,KAAID,GAAEK,IAAG,IAAE,MAAI,KAAGJ;AAAG,mBAAOD;AAAA,UAAC,EAAED,EAAC;AAAA,QAAC,GAAE,EAAE,aAAW,SAASA,IAAE;AAAC,iBAAO,EAAE,aAAW,EAAE,YAAY,cAAaA,EAAC,EAAE,SAAS,OAAO,IAAE,SAASA,IAAE;AAAC,gBAAIC,IAAEC,IAAEE,IAAEC,IAAEC,KAAEN,GAAE,QAAOO,KAAE,IAAI,MAAM,IAAED,EAAC;AAAE,iBAAIL,KAAEC,KAAE,GAAED,KAAEK,KAAG,MAAIF,KAAEJ,GAAEC,IAAG,KAAG,IAAI,CAAAM,GAAEL,IAAG,IAAEE;AAAA,qBAAU,KAAGC,KAAE,EAAED,EAAC,GAAG,CAAAG,GAAEL,IAAG,IAAE,OAAMD,MAAGI,KAAE;AAAA,iBAAM;AAAC,mBAAID,MAAG,MAAIC,KAAE,KAAG,MAAIA,KAAE,KAAG,GAAE,IAAEA,MAAGJ,KAAEK,KAAG,CAAAF,KAAEA,MAAG,IAAE,KAAGJ,GAAEC,IAAG,GAAEI;AAAI,kBAAEA,KAAEE,GAAEL,IAAG,IAAE,QAAME,KAAE,QAAMG,GAAEL,IAAG,IAAEE,MAAGA,MAAG,OAAMG,GAAEL,IAAG,IAAE,QAAME,MAAG,KAAG,MAAKG,GAAEL,IAAG,IAAE,QAAM,OAAKE;AAAA,YAAE;AAAC,mBAAOG,GAAE,WAASL,OAAIK,GAAE,WAASA,KAAEA,GAAE,SAAS,GAAEL,EAAC,IAAEK,GAAE,SAAOL,KAAG,EAAE,kBAAkBK,EAAC;AAAA,UAAC,EAAEP,KAAE,EAAE,YAAY,EAAE,aAAW,eAAa,SAAQA,EAAC,CAAC;AAAA,QAAC,GAAE,EAAE,SAAS,GAAE,CAAC,GAAE,EAAE,UAAU,eAAa,SAASA,IAAE;AAAC,cAAIC,KAAE,EAAE,YAAY,EAAE,aAAW,eAAa,SAAQD,GAAE,IAAI;AAAE,cAAG,KAAK,YAAU,KAAK,SAAS,QAAO;AAAC,gBAAG,EAAE,YAAW;AAAC,kBAAIE,KAAED;AAAE,eAACA,KAAE,IAAI,WAAWC,GAAE,SAAO,KAAK,SAAS,MAAM,GAAG,IAAI,KAAK,UAAS,CAAC,GAAED,GAAE,IAAIC,IAAE,KAAK,SAAS,MAAM;AAAA,YAAC,MAAM,CAAAD,KAAE,KAAK,SAAS,OAAOA,EAAC;AAAE,iBAAK,WAAS;AAAA,UAAI;AAAC,cAAIG,KAAE,SAASJ,IAAEC,IAAE;AAAC,gBAAIC;AAAE,kBAAKD,KAAEA,MAAGD,GAAE,UAAQA,GAAE,WAASC,KAAED,GAAE,SAAQE,KAAED,KAAE,GAAE,KAAGC,MAAG,QAAM,MAAIF,GAAEE,EAAC,KAAI,CAAAA;AAAI,mBAAOA,KAAE,IAAED,KAAE,MAAIC,KAAED,KAAEC,KAAE,EAAEF,GAAEE,EAAC,CAAC,IAAED,KAAEC,KAAED;AAAA,UAAC,EAAEA,EAAC,GAAEI,KAAEJ;AAAE,UAAAG,OAAIH,GAAE,WAAS,EAAE,cAAYI,KAAEJ,GAAE,SAAS,GAAEG,EAAC,GAAE,KAAK,WAASH,GAAE,SAASG,IAAEH,GAAE,MAAM,MAAII,KAAEJ,GAAE,MAAM,GAAEG,EAAC,GAAE,KAAK,WAASH,GAAE,MAAMG,IAAEH,GAAE,MAAM,KAAI,KAAK,KAAK,EAAC,MAAK,EAAE,WAAWI,EAAC,GAAE,MAAKL,GAAE,KAAI,CAAC;AAAA,QAAC,GAAE,EAAE,UAAU,QAAM,WAAU;AAAC,eAAK,YAAU,KAAK,SAAS,WAAS,KAAK,KAAK,EAAC,MAAK,EAAE,WAAW,KAAK,QAAQ,GAAE,MAAK,CAAC,EAAC,CAAC,GAAE,KAAK,WAAS;AAAA,QAAK,GAAE,EAAE,mBAAiB,GAAE,EAAE,SAAS,GAAE,CAAC,GAAE,EAAE,UAAU,eAAa,SAASA,IAAE;AAAC,eAAK,KAAK,EAAC,MAAK,EAAE,WAAWA,GAAE,IAAI,GAAE,MAAKA,GAAE,KAAI,CAAC;AAAA,QAAC,GAAE,EAAE,mBAAiB;AAAA,MAAC,GAAE,EAAC,iBAAgB,IAAG,0BAAyB,IAAG,aAAY,IAAG,WAAU,GAAE,CAAC,GAAE,IAAG,CAAC,SAAS,GAAE,GAAE,GAAE;AAAC;AAAa,YAAI,IAAE,EAAE,WAAW,GAAE,IAAE,EAAE,UAAU,GAAE,IAAE,EAAE,eAAe,GAAE,IAAE,EAAE,YAAY;AAAE,iBAAS,EAAEA,IAAE;AAAC,iBAAOA;AAAA,QAAC;AAAC,iBAAS,EAAEA,IAAEC,IAAE;AAAC,mBAAQC,KAAE,GAAEA,KAAEF,GAAE,QAAO,EAAEE,GAAE,CAAAD,GAAEC,EAAC,IAAE,MAAIF,GAAE,WAAWE,EAAC;AAAE,iBAAOD;AAAA,QAAC;AAAC,UAAE,cAAc,GAAE,EAAE,UAAQ,SAASA,IAAEC,IAAE;AAAC,YAAE,aAAa,MAAM;AAAE,cAAG;AAAC,mBAAO,IAAI,KAAK,CAACD,EAAC,GAAE,EAAC,MAAKC,GAAC,CAAC;AAAA,UAAC,SAAOF,IAAE;AAAC,gBAAG;AAAC,kBAAII,KAAE,KAAI,KAAK,eAAa,KAAK,qBAAmB,KAAK,kBAAgB,KAAK;AAAe,qBAAOA,GAAE,OAAOH,EAAC,GAAEG,GAAE,QAAQF,EAAC;AAAA,YAAC,SAAOF,IAAE;AAAC,oBAAM,IAAI,MAAM,iCAAiC;AAAA,YAAC;AAAA,UAAC;AAAA,QAAC;AAAE,YAAI,IAAE,EAAC,kBAAiB,SAASA,IAAEC,IAAEC,IAAE;AAAC,cAAIE,KAAE,CAAC,GAAEC,KAAE,GAAEC,KAAEN,GAAE;AAAO,cAAGM,MAAGJ,GAAE,QAAO,OAAO,aAAa,MAAM,MAAKF,EAAC;AAAE,iBAAKK,KAAEC,KAAG,aAAUL,MAAG,iBAAeA,KAAEG,GAAE,KAAK,OAAO,aAAa,MAAM,MAAKJ,GAAE,MAAMK,IAAE,KAAK,IAAIA,KAAEH,IAAEI,EAAC,CAAC,CAAC,CAAC,IAAEF,GAAE,KAAK,OAAO,aAAa,MAAM,MAAKJ,GAAE,SAASK,IAAE,KAAK,IAAIA,KAAEH,IAAEI,EAAC,CAAC,CAAC,CAAC,GAAED,MAAGH;AAAE,iBAAOE,GAAE,KAAK,EAAE;AAAA,QAAC,GAAE,iBAAgB,SAASJ,IAAE;AAAC,mBAAQC,KAAE,IAAGC,KAAE,GAAEA,KAAEF,GAAE,QAAOE,KAAI,CAAAD,MAAG,OAAO,aAAaD,GAAEE,EAAC,CAAC;AAAE,iBAAOD;AAAA,QAAC,GAAE,gBAAe,EAAC,YAAW,WAAU;AAAC,cAAG;AAAC,mBAAO,EAAE,cAAY,MAAI,OAAO,aAAa,MAAM,MAAK,IAAI,WAAW,CAAC,CAAC,EAAE;AAAA,UAAM,SAAOD,IAAE;AAAC,mBAAM;AAAA,UAAE;AAAA,QAAC,EAAE,GAAE,YAAW,WAAU;AAAC,cAAG;AAAC,mBAAO,EAAE,cAAY,MAAI,OAAO,aAAa,MAAM,MAAK,EAAE,YAAY,CAAC,CAAC,EAAE;AAAA,UAAM,SAAOA,IAAE;AAAC,mBAAM;AAAA,UAAE;AAAA,QAAC,EAAE,EAAC,EAAC;AAAE,iBAAS,EAAEA,IAAE;AAAC,cAAIC,KAAE,OAAMC,KAAE,EAAE,UAAUF,EAAC,GAAEI,KAAE;AAAG,cAAG,iBAAeF,KAAEE,KAAE,EAAE,eAAe,aAAW,iBAAeF,OAAIE,KAAE,EAAE,eAAe,aAAYA,GAAE,QAAK,IAAEH,KAAG,KAAG;AAAC,mBAAO,EAAE,iBAAiBD,IAAEE,IAAED,EAAC;AAAA,UAAC,SAAOD,IAAE;AAAC,YAAAC,KAAE,KAAK,MAAMA,KAAE,CAAC;AAAA,UAAC;AAAC,iBAAO,EAAE,gBAAgBD,EAAC;AAAA,QAAC;AAAC,iBAAS,EAAEA,IAAEC,IAAE;AAAC,mBAAQC,KAAE,GAAEA,KAAEF,GAAE,QAAOE,KAAI,CAAAD,GAAEC,EAAC,IAAEF,GAAEE,EAAC;AAAE,iBAAOD;AAAA,QAAC;AAAC,UAAE,oBAAkB;AAAE,YAAI,IAAE,CAAC;AAAE,UAAE,SAAO,EAAC,QAAO,GAAE,OAAM,SAASD,IAAE;AAAC,iBAAO,EAAEA,IAAE,IAAI,MAAMA,GAAE,MAAM,CAAC;AAAA,QAAC,GAAE,aAAY,SAASA,IAAE;AAAC,iBAAO,EAAE,OAAO,WAAWA,EAAC,EAAE;AAAA,QAAM,GAAE,YAAW,SAASA,IAAE;AAAC,iBAAO,EAAEA,IAAE,IAAI,WAAWA,GAAE,MAAM,CAAC;AAAA,QAAC,GAAE,YAAW,SAASA,IAAE;AAAC,iBAAO,EAAEA,IAAE,EAAE,YAAYA,GAAE,MAAM,CAAC;AAAA,QAAC,EAAC,GAAE,EAAE,QAAM,EAAC,QAAO,GAAE,OAAM,GAAE,aAAY,SAASA,IAAE;AAAC,iBAAO,IAAI,WAAWA,EAAC,EAAE;AAAA,QAAM,GAAE,YAAW,SAASA,IAAE;AAAC,iBAAO,IAAI,WAAWA,EAAC;AAAA,QAAC,GAAE,YAAW,SAASA,IAAE;AAAC,iBAAO,EAAE,cAAcA,EAAC;AAAA,QAAC,EAAC,GAAE,EAAE,cAAY,EAAC,QAAO,SAASA,IAAE;AAAC,iBAAO,EAAE,IAAI,WAAWA,EAAC,CAAC;AAAA,QAAC,GAAE,OAAM,SAASA,IAAE;AAAC,iBAAO,EAAE,IAAI,WAAWA,EAAC,GAAE,IAAI,MAAMA,GAAE,UAAU,CAAC;AAAA,QAAC,GAAE,aAAY,GAAE,YAAW,SAASA,IAAE;AAAC,iBAAO,IAAI,WAAWA,EAAC;AAAA,QAAC,GAAE,YAAW,SAASA,IAAE;AAAC,iBAAO,EAAE,cAAc,IAAI,WAAWA,EAAC,CAAC;AAAA,QAAC,EAAC,GAAE,EAAE,aAAW,EAAC,QAAO,GAAE,OAAM,SAASA,IAAE;AAAC,iBAAO,EAAEA,IAAE,IAAI,MAAMA,GAAE,MAAM,CAAC;AAAA,QAAC,GAAE,aAAY,SAASA,IAAE;AAAC,iBAAOA,GAAE;AAAA,QAAM,GAAE,YAAW,GAAE,YAAW,SAASA,IAAE;AAAC,iBAAO,EAAE,cAAcA,EAAC;AAAA,QAAC,EAAC,GAAE,EAAE,aAAW,EAAC,QAAO,GAAE,OAAM,SAASA,IAAE;AAAC,iBAAO,EAAEA,IAAE,IAAI,MAAMA,GAAE,MAAM,CAAC;AAAA,QAAC,GAAE,aAAY,SAASA,IAAE;AAAC,iBAAO,EAAE,WAAW,WAAWA,EAAC,EAAE;AAAA,QAAM,GAAE,YAAW,SAASA,IAAE;AAAC,iBAAO,EAAEA,IAAE,IAAI,WAAWA,GAAE,MAAM,CAAC;AAAA,QAAC,GAAE,YAAW,EAAC,GAAE,EAAE,cAAY,SAASA,IAAEC,IAAE;AAAC,cAAGA,KAAEA,MAAG,IAAG,CAACD,GAAE,QAAOC;AAAE,YAAE,aAAaD,EAAC;AAAE,cAAIE,KAAE,EAAE,UAAUD,EAAC;AAAE,iBAAO,EAAEC,EAAC,EAAEF,EAAC,EAAEC,EAAC;AAAA,QAAC,GAAE,EAAE,UAAQ,SAASD,IAAE;AAAC,mBAAQC,KAAED,GAAE,MAAM,GAAG,GAAEE,KAAE,CAAC,GAAEE,KAAE,GAAEA,KAAEH,GAAE,QAAOG,MAAI;AAAC,gBAAIC,KAAEJ,GAAEG,EAAC;AAAE,oBAAMC,MAAG,OAAKA,MAAG,MAAID,MAAGA,OAAIH,GAAE,SAAO,MAAI,SAAOI,KAAEH,GAAE,IAAI,IAAEA,GAAE,KAAKG,EAAC;AAAA,UAAE;AAAC,iBAAOH,GAAE,KAAK,GAAG;AAAA,QAAC,GAAE,EAAE,YAAU,SAASF,IAAE;AAAC,iBAAM,YAAU,OAAOA,KAAE,WAAS,qBAAmB,OAAO,UAAU,SAAS,KAAKA,EAAC,IAAE,UAAQ,EAAE,cAAY,EAAE,SAASA,EAAC,IAAE,eAAa,EAAE,cAAYA,cAAa,aAAW,eAAa,EAAE,eAAaA,cAAa,cAAY,gBAAc;AAAA,QAAM,GAAE,EAAE,eAAa,SAASA,IAAE;AAAC,cAAG,CAAC,EAAEA,GAAE,YAAY,CAAC,EAAE,OAAM,IAAI,MAAMA,KAAE,oCAAoC;AAAA,QAAC,GAAE,EAAE,mBAAiB,OAAM,EAAE,mBAAiB,IAAG,EAAE,SAAO,SAASA,IAAE;AAAC,cAAIC,IAAEC,IAAEE,KAAE;AAAG,eAAIF,KAAE,GAAEA,MAAGF,MAAG,IAAI,QAAOE,KAAI,CAAAE,MAAG,UAAQH,KAAED,GAAE,WAAWE,EAAC,KAAG,KAAG,MAAI,MAAID,GAAE,SAAS,EAAE,EAAE,YAAY;AAAE,iBAAOG;AAAA,QAAC,GAAE,EAAE,QAAM,SAASJ,IAAEC,IAAEC,IAAE;AAAC,uBAAa,WAAU;AAAC,YAAAF,GAAE,MAAME,MAAG,MAAKD,MAAG,CAAC,CAAC;AAAA,UAAC,CAAC;AAAA,QAAC,GAAE,EAAE,WAAS,SAASD,IAAEC,IAAE;AAAC,mBAASC,KAAG;AAAA,UAAC;AAAC,UAAAA,GAAE,YAAUD,GAAE,WAAUD,GAAE,YAAU,IAAIE;AAAA,QAAC,GAAE,EAAE,SAAO,WAAU;AAAC,cAAIF,IAAEC,IAAEC,KAAE,CAAC;AAAE,eAAIF,KAAE,GAAEA,KAAE,UAAU,QAAOA,KAAI,MAAIC,MAAK,UAAUD,EAAC,EAAE,QAAO,UAAU,eAAe,KAAK,UAAUA,EAAC,GAAEC,EAAC,KAAG,WAASC,GAAED,EAAC,MAAIC,GAAED,EAAC,IAAE,UAAUD,EAAC,EAAEC,EAAC;AAAG,iBAAOC;AAAA,QAAC,GAAE,EAAE,iBAAe,SAASA,IAAEF,IAAEI,IAAEC,IAAEC,IAAE;AAAC,iBAAO,EAAE,QAAQ,QAAQN,EAAC,EAAE,KAAK,SAASI,IAAE;AAAC,mBAAO,EAAE,SAAOA,cAAa,QAAM,OAAK,CAAC,iBAAgB,eAAe,EAAE,QAAQ,OAAO,UAAU,SAAS,KAAKA,EAAC,CAAC,MAAI,eAAa,OAAO,aAAW,IAAI,EAAE,QAAQ,SAASH,IAAEC,IAAE;AAAC,kBAAIF,KAAE,IAAI;AAAW,cAAAA,GAAE,SAAO,SAASA,IAAE;AAAC,gBAAAC,GAAED,GAAE,OAAO,MAAM;AAAA,cAAC,GAAEA,GAAE,UAAQ,SAASA,IAAE;AAAC,gBAAAE,GAAEF,GAAE,OAAO,KAAK;AAAA,cAAC,GAAEA,GAAE,kBAAkBI,EAAC;AAAA,YAAC,CAAC,IAAEA;AAAA,UAAC,CAAC,EAAE,KAAK,SAASJ,IAAE;AAAC,gBAAIC,KAAE,EAAE,UAAUD,EAAC;AAAE,mBAAOC,MAAG,kBAAgBA,KAAED,KAAE,EAAE,YAAY,cAAaA,EAAC,IAAE,aAAWC,OAAIK,KAAEN,KAAE,EAAE,OAAOA,EAAC,IAAEI,MAAG,SAAKC,OAAIL,KAAE,SAASA,IAAE;AAAC,qBAAO,EAAEA,IAAE,EAAE,aAAW,IAAI,WAAWA,GAAE,MAAM,IAAE,IAAI,MAAMA,GAAE,MAAM,CAAC;AAAA,YAAC,EAAEA,EAAC,KAAIA,MAAG,EAAE,QAAQ,OAAO,IAAI,MAAM,6BAA2BE,KAAE,4EAA4E,CAAC;AAAA,UAAC,CAAC;AAAA,QAAC;AAAA,MAAC,GAAE,EAAC,YAAW,GAAE,cAAa,GAAE,iBAAgB,IAAG,aAAY,IAAG,cAAa,GAAE,CAAC,GAAE,IAAG,CAAC,SAAS,GAAE,GAAE,GAAE;AAAC;AAAa,YAAI,IAAE,EAAE,oBAAoB,GAAE,IAAE,EAAE,SAAS,GAAE,IAAE,EAAE,aAAa,GAAE,IAAE,EAAE,YAAY,GAAE,IAAE,EAAE,WAAW;AAAE,iBAAS,EAAEF,IAAE;AAAC,eAAK,QAAM,CAAC,GAAE,KAAK,cAAYA;AAAA,QAAC;AAAC,UAAE,YAAU,EAAC,gBAAe,SAASA,IAAE;AAAC,cAAG,CAAC,KAAK,OAAO,sBAAsBA,EAAC,GAAE;AAAC,iBAAK,OAAO,SAAO;AAAE,gBAAIC,KAAE,KAAK,OAAO,WAAW,CAAC;AAAE,kBAAM,IAAI,MAAM,iDAA+C,EAAE,OAAOA,EAAC,IAAE,gBAAc,EAAE,OAAOD,EAAC,IAAE,GAAG;AAAA,UAAC;AAAA,QAAC,GAAE,aAAY,SAASA,IAAEC,IAAE;AAAC,cAAIC,KAAE,KAAK,OAAO;AAAM,eAAK,OAAO,SAASF,EAAC;AAAE,cAAII,KAAE,KAAK,OAAO,WAAW,CAAC,MAAIH;AAAE,iBAAO,KAAK,OAAO,SAASC,EAAC,GAAEE;AAAA,QAAC,GAAE,uBAAsB,WAAU;AAAC,eAAK,aAAW,KAAK,OAAO,QAAQ,CAAC,GAAE,KAAK,0BAAwB,KAAK,OAAO,QAAQ,CAAC,GAAE,KAAK,8BAA4B,KAAK,OAAO,QAAQ,CAAC,GAAE,KAAK,oBAAkB,KAAK,OAAO,QAAQ,CAAC,GAAE,KAAK,iBAAe,KAAK,OAAO,QAAQ,CAAC,GAAE,KAAK,mBAAiB,KAAK,OAAO,QAAQ,CAAC,GAAE,KAAK,mBAAiB,KAAK,OAAO,QAAQ,CAAC;AAAE,cAAIJ,KAAE,KAAK,OAAO,SAAS,KAAK,gBAAgB,GAAEC,KAAE,EAAE,aAAW,eAAa,SAAQC,KAAE,EAAE,YAAYD,IAAED,EAAC;AAAE,eAAK,aAAW,KAAK,YAAY,eAAeE,EAAC;AAAA,QAAC,GAAE,4BAA2B,WAAU;AAAC,eAAK,wBAAsB,KAAK,OAAO,QAAQ,CAAC,GAAE,KAAK,OAAO,KAAK,CAAC,GAAE,KAAK,aAAW,KAAK,OAAO,QAAQ,CAAC,GAAE,KAAK,0BAAwB,KAAK,OAAO,QAAQ,CAAC,GAAE,KAAK,8BAA4B,KAAK,OAAO,QAAQ,CAAC,GAAE,KAAK,oBAAkB,KAAK,OAAO,QAAQ,CAAC,GAAE,KAAK,iBAAe,KAAK,OAAO,QAAQ,CAAC,GAAE,KAAK,mBAAiB,KAAK,OAAO,QAAQ,CAAC,GAAE,KAAK,sBAAoB,CAAC;AAAE,mBAAQF,IAAEC,IAAEC,IAAEE,KAAE,KAAK,wBAAsB,IAAG,IAAEA,KAAG,CAAAJ,KAAE,KAAK,OAAO,QAAQ,CAAC,GAAEC,KAAE,KAAK,OAAO,QAAQ,CAAC,GAAEC,KAAE,KAAK,OAAO,SAASD,EAAC,GAAE,KAAK,oBAAoBD,EAAC,IAAE,EAAC,IAAGA,IAAE,QAAOC,IAAE,OAAMC,GAAC;AAAA,QAAC,GAAE,mCAAkC,WAAU;AAAC,cAAG,KAAK,+BAA6B,KAAK,OAAO,QAAQ,CAAC,GAAE,KAAK,qCAAmC,KAAK,OAAO,QAAQ,CAAC,GAAE,KAAK,aAAW,KAAK,OAAO,QAAQ,CAAC,GAAE,IAAE,KAAK,WAAW,OAAM,IAAI,MAAM,qCAAqC;AAAA,QAAC,GAAE,gBAAe,WAAU;AAAC,cAAIF,IAAEC;AAAE,eAAID,KAAE,GAAEA,KAAE,KAAK,MAAM,QAAOA,KAAI,CAAAC,KAAE,KAAK,MAAMD,EAAC,GAAE,KAAK,OAAO,SAASC,GAAE,iBAAiB,GAAE,KAAK,eAAe,EAAE,iBAAiB,GAAEA,GAAE,cAAc,KAAK,MAAM,GAAEA,GAAE,WAAW,GAAEA,GAAE,kBAAkB;AAAA,QAAC,GAAE,gBAAe,WAAU;AAAC,cAAID;AAAE,eAAI,KAAK,OAAO,SAAS,KAAK,gBAAgB,GAAE,KAAK,OAAO,sBAAsB,EAAE,mBAAmB,IAAG,EAACA,KAAE,IAAI,EAAE,EAAC,OAAM,KAAK,MAAK,GAAE,KAAK,WAAW,GAAG,gBAAgB,KAAK,MAAM,GAAE,KAAK,MAAM,KAAKA,EAAC;AAAE,cAAG,KAAK,sBAAoB,KAAK,MAAM,UAAQ,MAAI,KAAK,qBAAmB,MAAI,KAAK,MAAM,OAAO,OAAM,IAAI,MAAM,oCAAkC,KAAK,oBAAkB,kCAAgC,KAAK,MAAM,MAAM;AAAA,QAAC,GAAE,kBAAiB,WAAU;AAAC,cAAIA,KAAE,KAAK,OAAO,qBAAqB,EAAE,qBAAqB;AAAE,cAAGA,KAAE,EAAE,OAAK,CAAC,KAAK,YAAY,GAAE,EAAE,iBAAiB,IAAE,IAAI,MAAM,yIAAyI,IAAE,IAAI,MAAM,oDAAoD;AAAE,eAAK,OAAO,SAASA,EAAC;AAAE,cAAIC,KAAED;AAAE,cAAG,KAAK,eAAe,EAAE,qBAAqB,GAAE,KAAK,sBAAsB,GAAE,KAAK,eAAa,EAAE,oBAAkB,KAAK,4BAA0B,EAAE,oBAAkB,KAAK,gCAA8B,EAAE,oBAAkB,KAAK,sBAAoB,EAAE,oBAAkB,KAAK,mBAAiB,EAAE,oBAAkB,KAAK,qBAAmB,EAAE,kBAAiB;AAAC,gBAAG,KAAK,QAAM,OAAIA,KAAE,KAAK,OAAO,qBAAqB,EAAE,+BAA+B,KAAG,EAAE,OAAM,IAAI,MAAM,sEAAsE;AAAE,gBAAG,KAAK,OAAO,SAASA,EAAC,GAAE,KAAK,eAAe,EAAE,+BAA+B,GAAE,KAAK,kCAAkC,GAAE,CAAC,KAAK,YAAY,KAAK,oCAAmC,EAAE,2BAA2B,MAAI,KAAK,qCAAmC,KAAK,OAAO,qBAAqB,EAAE,2BAA2B,GAAE,KAAK,qCAAmC,GAAG,OAAM,IAAI,MAAM,8DAA8D;AAAE,iBAAK,OAAO,SAAS,KAAK,kCAAkC,GAAE,KAAK,eAAe,EAAE,2BAA2B,GAAE,KAAK,2BAA2B;AAAA,UAAC;AAAC,cAAIE,KAAE,KAAK,mBAAiB,KAAK;AAAe,eAAK,UAAQA,MAAG,IAAGA,MAAG,KAAG,KAAK;AAAuB,cAAIE,KAAEH,KAAEC;AAAE,cAAG,IAAEE,GAAE,MAAK,YAAYH,IAAE,EAAE,mBAAmB,MAAI,KAAK,OAAO,OAAKG;AAAA,mBAAWA,KAAE,EAAE,OAAM,IAAI,MAAM,4BAA0B,KAAK,IAAIA,EAAC,IAAE,SAAS;AAAA,QAAC,GAAE,eAAc,SAASJ,IAAE;AAAC,eAAK,SAAO,EAAEA,EAAC;AAAA,QAAC,GAAE,MAAK,SAASA,IAAE;AAAC,eAAK,cAAcA,EAAC,GAAE,KAAK,iBAAiB,GAAE,KAAK,eAAe,GAAE,KAAK,eAAe;AAAA,QAAC,EAAC,GAAE,EAAE,UAAQ;AAAA,MAAC,GAAE,EAAC,sBAAqB,IAAG,eAAc,IAAG,aAAY,IAAG,WAAU,IAAG,cAAa,GAAE,CAAC,GAAE,IAAG,CAAC,SAAS,GAAE,GAAE,GAAE;AAAC;AAAa,YAAI,IAAE,EAAE,oBAAoB,GAAE,IAAE,EAAE,SAAS,GAAE,IAAE,EAAE,oBAAoB,GAAE,IAAE,EAAE,SAAS,GAAE,IAAE,EAAE,QAAQ,GAAE,IAAE,EAAE,gBAAgB,GAAE,IAAE,EAAE,WAAW;AAAE,iBAAS,EAAEA,IAAEC,IAAE;AAAC,eAAK,UAAQD,IAAE,KAAK,cAAYC;AAAA,QAAC;AAAC,UAAE,YAAU,EAAC,aAAY,WAAU;AAAC,iBAAO,MAAI,IAAE,KAAK;AAAA,QAAQ,GAAE,SAAQ,WAAU;AAAC,iBAAO,SAAO,OAAK,KAAK;AAAA,QAAQ,GAAE,eAAc,SAASD,IAAE;AAAC,cAAIC,IAAEC;AAAE,cAAGF,GAAE,KAAK,EAAE,GAAE,KAAK,iBAAeA,GAAE,QAAQ,CAAC,GAAEE,KAAEF,GAAE,QAAQ,CAAC,GAAE,KAAK,WAASA,GAAE,SAAS,KAAK,cAAc,GAAEA,GAAE,KAAKE,EAAC,GAAE,OAAK,KAAK,kBAAgB,OAAK,KAAK,iBAAiB,OAAM,IAAI,MAAM,oIAAoI;AAAE,cAAG,UAAQD,KAAE,SAASD,IAAE;AAAC,qBAAQC,MAAK,EAAE,KAAG,OAAO,UAAU,eAAe,KAAK,GAAEA,EAAC,KAAG,EAAEA,EAAC,EAAE,UAAQD,GAAE,QAAO,EAAEC,EAAC;AAAE,mBAAO;AAAA,UAAI,EAAE,KAAK,iBAAiB,GAAG,OAAM,IAAI,MAAM,iCAA+B,EAAE,OAAO,KAAK,iBAAiB,IAAE,4BAA0B,EAAE,YAAY,UAAS,KAAK,QAAQ,IAAE,GAAG;AAAE,eAAK,eAAa,IAAI,EAAE,KAAK,gBAAe,KAAK,kBAAiB,KAAK,OAAMA,IAAED,GAAE,SAAS,KAAK,cAAc,CAAC;AAAA,QAAC,GAAE,iBAAgB,SAASA,IAAE;AAAC,eAAK,gBAAcA,GAAE,QAAQ,CAAC,GAAEA,GAAE,KAAK,CAAC,GAAE,KAAK,UAAQA,GAAE,QAAQ,CAAC,GAAE,KAAK,oBAAkBA,GAAE,WAAW,CAAC,GAAE,KAAK,OAAKA,GAAE,SAAS,GAAE,KAAK,QAAMA,GAAE,QAAQ,CAAC,GAAE,KAAK,iBAAeA,GAAE,QAAQ,CAAC,GAAE,KAAK,mBAAiBA,GAAE,QAAQ,CAAC;AAAE,cAAIC,KAAED,GAAE,QAAQ,CAAC;AAAE,cAAG,KAAK,oBAAkBA,GAAE,QAAQ,CAAC,GAAE,KAAK,oBAAkBA,GAAE,QAAQ,CAAC,GAAE,KAAK,kBAAgBA,GAAE,QAAQ,CAAC,GAAE,KAAK,yBAAuBA,GAAE,QAAQ,CAAC,GAAE,KAAK,yBAAuBA,GAAE,QAAQ,CAAC,GAAE,KAAK,oBAAkBA,GAAE,QAAQ,CAAC,GAAE,KAAK,YAAY,EAAE,OAAM,IAAI,MAAM,iCAAiC;AAAE,UAAAA,GAAE,KAAKC,EAAC,GAAE,KAAK,gBAAgBD,EAAC,GAAE,KAAK,qBAAqBA,EAAC,GAAE,KAAK,cAAYA,GAAE,SAAS,KAAK,iBAAiB;AAAA,QAAC,GAAE,mBAAkB,WAAU;AAAC,eAAK,kBAAgB,MAAK,KAAK,iBAAe;AAAK,cAAIA,KAAE,KAAK,iBAAe;AAAE,eAAK,MAAI,CAAC,EAAE,KAAG,KAAK,yBAAwB,KAAGA,OAAI,KAAK,iBAAe,KAAG,KAAK,yBAAwB,KAAGA,OAAI,KAAK,kBAAgB,KAAK,0BAAwB,KAAG,QAAO,KAAK,OAAK,QAAM,KAAK,YAAY,MAAM,EAAE,MAAI,KAAK,MAAI;AAAA,QAAG,GAAE,sBAAqB,WAAU;AAAC,cAAG,KAAK,YAAY,CAAC,GAAE;AAAC,gBAAIA,KAAE,EAAE,KAAK,YAAY,CAAC,EAAE,KAAK;AAAE,iBAAK,qBAAmB,EAAE,qBAAmB,KAAK,mBAAiBA,GAAE,QAAQ,CAAC,IAAG,KAAK,mBAAiB,EAAE,qBAAmB,KAAK,iBAAeA,GAAE,QAAQ,CAAC,IAAG,KAAK,sBAAoB,EAAE,qBAAmB,KAAK,oBAAkBA,GAAE,QAAQ,CAAC,IAAG,KAAK,oBAAkB,EAAE,qBAAmB,KAAK,kBAAgBA,GAAE,QAAQ,CAAC;AAAA,UAAE;AAAA,QAAC,GAAE,iBAAgB,SAASA,IAAE;AAAC,cAAIC,IAAEC,IAAEE,IAAEC,KAAEL,GAAE,QAAM,KAAK;AAAkB,eAAI,KAAK,gBAAc,KAAK,cAAY,CAAC,IAAGA,GAAE,QAAM,IAAEK,KAAG,CAAAJ,KAAED,GAAE,QAAQ,CAAC,GAAEE,KAAEF,GAAE,QAAQ,CAAC,GAAEI,KAAEJ,GAAE,SAASE,EAAC,GAAE,KAAK,YAAYD,EAAC,IAAE,EAAC,IAAGA,IAAE,QAAOC,IAAE,OAAME,GAAC;AAAE,UAAAJ,GAAE,SAASK,EAAC;AAAA,QAAC,GAAE,YAAW,WAAU;AAAC,cAAIL,KAAE,EAAE,aAAW,eAAa;AAAQ,cAAG,KAAK,QAAQ,EAAE,MAAK,cAAY,EAAE,WAAW,KAAK,QAAQ,GAAE,KAAK,iBAAe,EAAE,WAAW,KAAK,WAAW;AAAA,eAAM;AAAC,gBAAIC,KAAE,KAAK,0BAA0B;AAAE,gBAAG,SAAOA,GAAE,MAAK,cAAYA;AAAA,iBAAM;AAAC,kBAAIC,KAAE,EAAE,YAAYF,IAAE,KAAK,QAAQ;AAAE,mBAAK,cAAY,KAAK,YAAY,eAAeE,EAAC;AAAA,YAAC;AAAC,gBAAIE,KAAE,KAAK,6BAA6B;AAAE,gBAAG,SAAOA,GAAE,MAAK,iBAAeA;AAAA,iBAAM;AAAC,kBAAIC,KAAE,EAAE,YAAYL,IAAE,KAAK,WAAW;AAAE,mBAAK,iBAAe,KAAK,YAAY,eAAeK,EAAC;AAAA,YAAC;AAAA,UAAC;AAAA,QAAC,GAAE,2BAA0B,WAAU;AAAC,cAAIL,KAAE,KAAK,YAAY,KAAK;AAAE,cAAGA,IAAE;AAAC,gBAAIC,KAAE,EAAED,GAAE,KAAK;AAAE,mBAAO,MAAIC,GAAE,QAAQ,CAAC,IAAE,OAAK,EAAE,KAAK,QAAQ,MAAIA,GAAE,QAAQ,CAAC,IAAE,OAAK,EAAE,WAAWA,GAAE,SAASD,GAAE,SAAO,CAAC,CAAC;AAAA,UAAC;AAAC,iBAAO;AAAA,QAAI,GAAE,8BAA6B,WAAU;AAAC,cAAIA,KAAE,KAAK,YAAY,KAAK;AAAE,cAAGA,IAAE;AAAC,gBAAIC,KAAE,EAAED,GAAE,KAAK;AAAE,mBAAO,MAAIC,GAAE,QAAQ,CAAC,IAAE,OAAK,EAAE,KAAK,WAAW,MAAIA,GAAE,QAAQ,CAAC,IAAE,OAAK,EAAE,WAAWA,GAAE,SAASD,GAAE,SAAO,CAAC,CAAC;AAAA,UAAC;AAAC,iBAAO;AAAA,QAAI,EAAC,GAAE,EAAE,UAAQ;AAAA,MAAC,GAAE,EAAC,sBAAqB,GAAE,kBAAiB,GAAE,WAAU,GAAE,sBAAqB,IAAG,aAAY,IAAG,UAAS,IAAG,WAAU,GAAE,CAAC,GAAE,IAAG,CAAC,SAAS,GAAE,GAAE,GAAE;AAAC;AAAa,iBAAS,EAAEA,IAAEC,IAAEC,IAAE;AAAC,eAAK,OAAKF,IAAE,KAAK,MAAIE,GAAE,KAAI,KAAK,OAAKA,GAAE,MAAK,KAAK,UAAQA,GAAE,SAAQ,KAAK,kBAAgBA,GAAE,iBAAgB,KAAK,iBAAeA,GAAE,gBAAe,KAAK,QAAMD,IAAE,KAAK,cAAYC,GAAE,QAAO,KAAK,UAAQ,EAAC,aAAYA,GAAE,aAAY,oBAAmBA,GAAE,mBAAkB;AAAA,QAAC;AAAC,YAAI,IAAE,EAAE,uBAAuB,GAAE,IAAE,EAAE,qBAAqB,GAAE,IAAE,EAAE,QAAQ,GAAE,IAAE,EAAE,oBAAoB,GAAE,IAAE,EAAE,wBAAwB;AAAE,UAAE,YAAU,EAAC,gBAAe,SAASF,IAAE;AAAC,cAAIC,KAAE,MAAKC,KAAE;AAAS,cAAG;AAAC,gBAAG,CAACF,GAAE,OAAM,IAAI,MAAM,2BAA2B;AAAE,gBAAII,KAAE,cAAYF,KAAEF,GAAE,YAAY,MAAI,WAASE;AAAE,+BAAiBA,MAAG,WAASA,OAAIA,KAAE,WAAUD,KAAE,KAAK,kBAAkB;AAAE,gBAAII,KAAE,CAAC,KAAK;AAAY,YAAAA,MAAG,CAACD,OAAIH,KAAEA,GAAE,KAAK,IAAI,EAAE,kBAAgB,IAAG,CAACI,MAAGD,OAAIH,KAAEA,GAAE,KAAK,IAAI,EAAE,kBAAgB;AAAA,UAAE,SAAOD,IAAE;AAAC,aAACC,KAAE,IAAI,EAAE,OAAO,GAAG,MAAMD,EAAC;AAAA,UAAC;AAAC,iBAAO,IAAI,EAAEC,IAAEC,IAAE,EAAE;AAAA,QAAC,GAAE,OAAM,SAASF,IAAEC,IAAE;AAAC,iBAAO,KAAK,eAAeD,EAAC,EAAE,WAAWC,EAAC;AAAA,QAAC,GAAE,YAAW,SAASD,IAAEC,IAAE;AAAC,iBAAO,KAAK,eAAeD,MAAG,YAAY,EAAE,eAAeC,EAAC;AAAA,QAAC,GAAE,iBAAgB,SAASD,IAAEC,IAAE;AAAC,cAAG,KAAK,iBAAiB,KAAG,KAAK,MAAM,YAAY,UAAQD,GAAE,MAAM,QAAO,KAAK,MAAM,oBAAoB;AAAE,cAAIE,KAAE,KAAK,kBAAkB;AAAE,iBAAO,KAAK,gBAAcA,KAAEA,GAAE,KAAK,IAAI,EAAE,kBAAgB,IAAG,EAAE,iBAAiBA,IAAEF,IAAEC,EAAC;AAAA,QAAC,GAAE,mBAAkB,WAAU;AAAC,iBAAO,KAAK,iBAAiB,IAAE,KAAK,MAAM,iBAAiB,IAAE,KAAK,iBAAiB,IAAE,KAAK,QAAM,IAAI,EAAE,KAAK,KAAK;AAAA,QAAC,EAAC;AAAE,iBAAQ,IAAE,CAAC,UAAS,YAAW,gBAAe,gBAAe,eAAe,GAAE,IAAE,WAAU;AAAC,gBAAM,IAAI,MAAM,4EAA4E;AAAA,QAAC,GAAE,IAAE,GAAE,IAAE,EAAE,QAAO,IAAI,GAAE,UAAU,EAAE,CAAC,CAAC,IAAE;AAAE,UAAE,UAAQ;AAAA,MAAC,GAAE,EAAC,sBAAqB,GAAE,uBAAsB,IAAG,0BAAyB,IAAG,yBAAwB,IAAG,UAAS,GAAE,CAAC,GAAE,IAAG,CAAC,SAAS,GAAE,GAAE,GAAE;AAAC,SAAC,SAASA,IAAE;AAAC;AAAa,cAAI,GAAE,GAAED,KAAEC,GAAE,oBAAkBA,GAAE;AAAuB,cAAGD,IAAE;AAAC,gBAAI,IAAE,GAAE,IAAE,IAAIA,GAAE,CAAC,GAAE,IAAEC,GAAE,SAAS,eAAe,EAAE;AAAE,cAAE,QAAQ,GAAE,EAAC,eAAc,KAAE,CAAC,GAAE,IAAE,WAAU;AAAC,gBAAE,OAAK,IAAE,EAAE,IAAE;AAAA,YAAC;AAAA,UAAC,WAASA,GAAE,gBAAc,WAASA,GAAE,eAAe,KAAE,cAAaA,MAAG,wBAAuBA,GAAE,SAAS,cAAc,QAAQ,IAAE,WAAU;AAAC,gBAAID,KAAEC,GAAE,SAAS,cAAc,QAAQ;AAAE,YAAAD,GAAE,qBAAmB,WAAU;AAAC,gBAAE,GAAEA,GAAE,qBAAmB,MAAKA,GAAE,WAAW,YAAYA,EAAC,GAAEA,KAAE;AAAA,YAAI,GAAEC,GAAE,SAAS,gBAAgB,YAAYD,EAAC;AAAA,UAAC,IAAE,WAAU;AAAC,uBAAW,GAAE,CAAC;AAAA,UAAC;AAAA,eAAM;AAAC,gBAAI,IAAE,IAAIC,GAAE;AAAe,cAAE,MAAM,YAAU,GAAE,IAAE,WAAU;AAAC,gBAAE,MAAM,YAAY,CAAC;AAAA,YAAC;AAAA,UAAC;AAAC,cAAI,IAAE,CAAC;AAAE,mBAAS,IAAG;AAAC,gBAAID,IAAEC;AAAE,gBAAE;AAAG,qBAAQC,KAAE,EAAE,QAAOA,MAAG;AAAC,mBAAID,KAAE,GAAE,IAAE,CAAC,GAAED,KAAE,IAAG,EAAEA,KAAEE,KAAG,CAAAD,GAAED,EAAC,EAAE;AAAE,cAAAE,KAAE,EAAE;AAAA,YAAM;AAAC,gBAAE;AAAA,UAAE;AAAC,YAAE,UAAQ,SAASF,IAAE;AAAC,kBAAI,EAAE,KAAKA,EAAC,KAAG,KAAG,EAAE;AAAA,UAAC;AAAA,QAAC,GAAG,KAAK,MAAK,eAAa,OAAO,SAAO,SAAO,eAAa,OAAO,OAAK,OAAK,eAAa,OAAO,SAAO,SAAO,CAAC,CAAC;AAAA,MAAC,GAAE,CAAC,CAAC,GAAE,IAAG,CAAC,SAAS,GAAE,GAAE,GAAE;AAAC;AAAa,YAAI,IAAE,EAAE,WAAW;AAAE,iBAAS,IAAG;AAAA,QAAC;AAAC,YAAI,IAAE,CAAC,GAAE,IAAE,CAAC,UAAU,GAAE,IAAE,CAAC,WAAW,GAAE,IAAE,CAAC,SAAS;AAAE,iBAAS,EAAEA,IAAE;AAAC,cAAG,cAAY,OAAOA,GAAE,OAAM,IAAI,UAAU,6BAA6B;AAAE,eAAK,QAAM,GAAE,KAAK,QAAM,CAAC,GAAE,KAAK,UAAQ,QAAOA,OAAI,KAAG,EAAE,MAAKA,EAAC;AAAA,QAAC;AAAC,iBAAS,EAAEA,IAAEC,IAAEC,IAAE;AAAC,eAAK,UAAQF,IAAE,cAAY,OAAOC,OAAI,KAAK,cAAYA,IAAE,KAAK,gBAAc,KAAK,qBAAoB,cAAY,OAAOC,OAAI,KAAK,aAAWA,IAAE,KAAK,eAAa,KAAK;AAAA,QAAkB;AAAC,iBAAS,EAAED,IAAEC,IAAEE,IAAE;AAAC,YAAE,WAAU;AAAC,gBAAIJ;AAAE,gBAAG;AAAC,cAAAA,KAAEE,GAAEE,EAAC;AAAA,YAAC,SAAOJ,IAAE;AAAC,qBAAO,EAAE,OAAOC,IAAED,EAAC;AAAA,YAAC;AAAC,YAAAA,OAAIC,KAAE,EAAE,OAAOA,IAAE,IAAI,UAAU,oCAAoC,CAAC,IAAE,EAAE,QAAQA,IAAED,EAAC;AAAA,UAAC,CAAC;AAAA,QAAC;AAAC,iBAAS,EAAEA,IAAE;AAAC,cAAIC,KAAED,MAAGA,GAAE;AAAK,cAAGA,OAAI,YAAU,OAAOA,MAAG,cAAY,OAAOA,OAAI,cAAY,OAAOC,GAAE,QAAO,WAAU;AAAC,YAAAA,GAAE,MAAMD,IAAE,SAAS;AAAA,UAAC;AAAA,QAAC;AAAC,iBAAS,EAAEC,IAAED,IAAE;AAAC,cAAIE,KAAE;AAAG,mBAASE,GAAEJ,IAAE;AAAC,YAAAE,OAAIA,KAAE,MAAG,EAAE,OAAOD,IAAED,EAAC;AAAA,UAAE;AAAC,mBAASK,GAAEL,IAAE;AAAC,YAAAE,OAAIA,KAAE,MAAG,EAAE,QAAQD,IAAED,EAAC;AAAA,UAAE;AAAC,cAAIM,KAAE,EAAE,WAAU;AAAC,YAAAN,GAAEK,IAAED,EAAC;AAAA,UAAC,CAAC;AAAE,sBAAUE,GAAE,UAAQF,GAAEE,GAAE,KAAK;AAAA,QAAC;AAAC,iBAAS,EAAEN,IAAEC,IAAE;AAAC,cAAIC,KAAE,CAAC;AAAE,cAAG;AAAC,YAAAA,GAAE,QAAMF,GAAEC,EAAC,GAAEC,GAAE,SAAO;AAAA,UAAS,SAAOF,IAAE;AAAC,YAAAE,GAAE,SAAO,SAAQA,GAAE,QAAMF;AAAA,UAAC;AAAC,iBAAOE;AAAA,QAAC;AAAC,SAAC,EAAE,UAAQ,GAAG,UAAU,UAAQ,SAASD,IAAE;AAAC,cAAG,cAAY,OAAOA,GAAE,QAAO;AAAK,cAAIC,KAAE,KAAK;AAAY,iBAAO,KAAK,KAAK,SAASF,IAAE;AAAC,mBAAOE,GAAE,QAAQD,GAAE,CAAC,EAAE,KAAK,WAAU;AAAC,qBAAOD;AAAA,YAAC,CAAC;AAAA,UAAC,GAAE,SAASA,IAAE;AAAC,mBAAOE,GAAE,QAAQD,GAAE,CAAC,EAAE,KAAK,WAAU;AAAC,oBAAMD;AAAA,YAAC,CAAC;AAAA,UAAC,CAAC;AAAA,QAAC,GAAE,EAAE,UAAU,QAAM,SAASA,IAAE;AAAC,iBAAO,KAAK,KAAK,MAAKA,EAAC;AAAA,QAAC,GAAE,EAAE,UAAU,OAAK,SAASA,IAAEC,IAAE;AAAC,cAAG,cAAY,OAAOD,MAAG,KAAK,UAAQ,KAAG,cAAY,OAAOC,MAAG,KAAK,UAAQ,EAAE,QAAO;AAAK,cAAIC,KAAE,IAAI,KAAK,YAAY,CAAC;AAAE,eAAK,UAAQ,IAAE,EAAEA,IAAE,KAAK,UAAQ,IAAEF,KAAEC,IAAE,KAAK,OAAO,IAAE,KAAK,MAAM,KAAK,IAAI,EAAEC,IAAEF,IAAEC,EAAC,CAAC;AAAE,iBAAOC;AAAA,QAAC,GAAE,EAAE,UAAU,gBAAc,SAASF,IAAE;AAAC,YAAE,QAAQ,KAAK,SAAQA,EAAC;AAAA,QAAC,GAAE,EAAE,UAAU,qBAAmB,SAASA,IAAE;AAAC,YAAE,KAAK,SAAQ,KAAK,aAAYA,EAAC;AAAA,QAAC,GAAE,EAAE,UAAU,eAAa,SAASA,IAAE;AAAC,YAAE,OAAO,KAAK,SAAQA,EAAC;AAAA,QAAC,GAAE,EAAE,UAAU,oBAAkB,SAASA,IAAE;AAAC,YAAE,KAAK,SAAQ,KAAK,YAAWA,EAAC;AAAA,QAAC,GAAE,EAAE,UAAQ,SAASA,IAAEC,IAAE;AAAC,cAAIC,KAAE,EAAE,GAAED,EAAC;AAAE,cAAG,YAAUC,GAAE,OAAO,QAAO,EAAE,OAAOF,IAAEE,GAAE,KAAK;AAAE,cAAIE,KAAEF,GAAE;AAAM,cAAGE,GAAE,GAAEJ,IAAEI,EAAC;AAAA,eAAM;AAAC,YAAAJ,GAAE,QAAM,GAAEA,GAAE,UAAQC;AAAE,qBAAQI,KAAE,IAAGC,KAAEN,GAAE,MAAM,QAAO,EAAEK,KAAEC,KAAG,CAAAN,GAAE,MAAMK,EAAC,EAAE,cAAcJ,EAAC;AAAA,UAAC;AAAC,iBAAOD;AAAA,QAAC,GAAE,EAAE,SAAO,SAASA,IAAEC,IAAE;AAAC,UAAAD,GAAE,QAAM,GAAEA,GAAE,UAAQC;AAAE,mBAAQC,KAAE,IAAGE,KAAEJ,GAAE,MAAM,QAAO,EAAEE,KAAEE,KAAG,CAAAJ,GAAE,MAAME,EAAC,EAAE,aAAaD,EAAC;AAAE,iBAAOD;AAAA,QAAC,GAAE,EAAE,UAAQ,SAASA,IAAE;AAAC,cAAGA,cAAa,KAAK,QAAOA;AAAE,iBAAO,EAAE,QAAQ,IAAI,KAAK,CAAC,GAAEA,EAAC;AAAA,QAAC,GAAE,EAAE,SAAO,SAASA,IAAE;AAAC,cAAIC,KAAE,IAAI,KAAK,CAAC;AAAE,iBAAO,EAAE,OAAOA,IAAED,EAAC;AAAA,QAAC,GAAE,EAAE,MAAI,SAASA,IAAE;AAAC,cAAIE,KAAE;AAAK,cAAG,qBAAmB,OAAO,UAAU,SAAS,KAAKF,EAAC,EAAE,QAAO,KAAK,OAAO,IAAI,UAAU,kBAAkB,CAAC;AAAE,cAAII,KAAEJ,GAAE,QAAOK,KAAE;AAAG,cAAG,CAACD,GAAE,QAAO,KAAK,QAAQ,CAAC,CAAC;AAAE,cAAIE,KAAE,IAAI,MAAMF,EAAC,GAAEG,KAAE,GAAEN,KAAE,IAAGO,KAAE,IAAI,KAAK,CAAC;AAAE,iBAAK,EAAEP,KAAEG,KAAG,CAAAK,GAAET,GAAEC,EAAC,GAAEA,EAAC;AAAE,iBAAOO;AAAE,mBAASC,GAAET,IAAEC,IAAE;AAAC,YAAAC,GAAE,QAAQF,EAAC,EAAE,KAAK,SAASA,IAAE;AAAC,cAAAM,GAAEL,EAAC,IAAED,IAAE,EAAEO,OAAIH,MAAGC,OAAIA,KAAE,MAAG,EAAE,QAAQG,IAAEF,EAAC;AAAA,YAAE,GAAE,SAASN,IAAE;AAAC,cAAAK,OAAIA,KAAE,MAAG,EAAE,OAAOG,IAAER,EAAC;AAAA,YAAE,CAAC;AAAA,UAAC;AAAA,QAAC,GAAE,EAAE,OAAK,SAASA,IAAE;AAAC,cAAIC,KAAE;AAAK,cAAG,qBAAmB,OAAO,UAAU,SAAS,KAAKD,EAAC,EAAE,QAAO,KAAK,OAAO,IAAI,UAAU,kBAAkB,CAAC;AAAE,cAAIE,KAAEF,GAAE,QAAOI,KAAE;AAAG,cAAG,CAACF,GAAE,QAAO,KAAK,QAAQ,CAAC,CAAC;AAAE,cAAIG,KAAE,IAAGC,KAAE,IAAI,KAAK,CAAC;AAAE,iBAAK,EAAED,KAAEH,KAAG,CAAAK,KAAEP,GAAEK,EAAC,GAAEJ,GAAE,QAAQM,EAAC,EAAE,KAAK,SAASP,IAAE;AAAC,YAAAI,OAAIA,KAAE,MAAG,EAAE,QAAQE,IAAEN,EAAC;AAAA,UAAE,GAAE,SAASA,IAAE;AAAC,YAAAI,OAAIA,KAAE,MAAG,EAAE,OAAOE,IAAEN,EAAC;AAAA,UAAE,CAAC;AAAE,cAAIO;AAAE,iBAAOD;AAAA,QAAC;AAAA,MAAC,GAAE,EAAC,WAAU,GAAE,CAAC,GAAE,IAAG,CAAC,SAAS,GAAE,GAAE,GAAE;AAAC;AAAa,YAAI,IAAE,CAAC;AAAE,SAAC,GAAE,EAAE,oBAAoB,EAAE,QAAQ,GAAE,EAAE,eAAe,GAAE,EAAE,eAAe,GAAE,EAAE,sBAAsB,CAAC,GAAE,EAAE,UAAQ;AAAA,MAAC,GAAE,EAAC,iBAAgB,IAAG,iBAAgB,IAAG,sBAAqB,IAAG,wBAAuB,GAAE,CAAC,GAAE,IAAG,CAAC,SAAS,GAAE,GAAE,GAAE;AAAC;AAAa,YAAI,IAAE,EAAE,gBAAgB,GAAE,IAAE,EAAE,gBAAgB,GAAE,IAAE,EAAE,iBAAiB,GAAE,IAAE,EAAE,iBAAiB,GAAE,IAAE,EAAE,gBAAgB,GAAE,IAAE,OAAO,UAAU,UAAS,IAAE,GAAE,IAAE,IAAG,IAAE,GAAE,IAAE;AAAE,iBAAS,EAAEN,IAAE;AAAC,cAAG,EAAE,gBAAgB,GAAG,QAAO,IAAI,EAAEA,EAAC;AAAE,eAAK,UAAQ,EAAE,OAAO,EAAC,OAAM,GAAE,QAAO,GAAE,WAAU,OAAM,YAAW,IAAG,UAAS,GAAE,UAAS,GAAE,IAAG,GAAE,GAAEA,MAAG,CAAC,CAAC;AAAE,cAAIC,KAAE,KAAK;AAAQ,UAAAA,GAAE,OAAK,IAAEA,GAAE,aAAWA,GAAE,aAAW,CAACA,GAAE,aAAWA,GAAE,QAAM,IAAEA,GAAE,cAAYA,GAAE,aAAW,OAAKA,GAAE,cAAY,KAAI,KAAK,MAAI,GAAE,KAAK,MAAI,IAAG,KAAK,QAAM,OAAG,KAAK,SAAO,CAAC,GAAE,KAAK,OAAK,IAAI,KAAE,KAAK,KAAK,YAAU;AAAE,cAAIC,KAAE,EAAE,aAAa,KAAK,MAAKD,GAAE,OAAMA,GAAE,QAAOA,GAAE,YAAWA,GAAE,UAASA,GAAE,QAAQ;AAAE,cAAGC,OAAI,EAAE,OAAM,IAAI,MAAM,EAAEA,EAAC,CAAC;AAAE,cAAGD,GAAE,UAAQ,EAAE,iBAAiB,KAAK,MAAKA,GAAE,MAAM,GAAEA,GAAE,YAAW;AAAC,gBAAIG;AAAE,gBAAGA,KAAE,YAAU,OAAOH,GAAE,aAAW,EAAE,WAAWA,GAAE,UAAU,IAAE,2BAAyB,EAAE,KAAKA,GAAE,UAAU,IAAE,IAAI,WAAWA,GAAE,UAAU,IAAEA,GAAE,aAAYC,KAAE,EAAE,qBAAqB,KAAK,MAAKE,EAAC,OAAK,EAAE,OAAM,IAAI,MAAM,EAAEF,EAAC,CAAC;AAAE,iBAAK,YAAU;AAAA,UAAE;AAAA,QAAC;AAAC,iBAAS,EAAEF,IAAEC,IAAE;AAAC,cAAIC,KAAE,IAAI,EAAED,EAAC;AAAE,cAAGC,GAAE,KAAKF,IAAE,IAAE,GAAEE,GAAE,IAAI,OAAMA,GAAE,OAAK,EAAEA,GAAE,GAAG;AAAE,iBAAOA,GAAE;AAAA,QAAM;AAAC,UAAE,UAAU,OAAK,SAASF,IAAEC,IAAE;AAAC,cAAIC,IAAEE,IAAEC,KAAE,KAAK,MAAKC,KAAE,KAAK,QAAQ;AAAU,cAAG,KAAK,MAAM,QAAM;AAAG,UAAAF,KAAEH,OAAI,CAAC,CAACA,KAAEA,KAAE,SAAKA,KAAE,IAAE,GAAE,YAAU,OAAOD,KAAEK,GAAE,QAAM,EAAE,WAAWL,EAAC,IAAE,2BAAyB,EAAE,KAAKA,EAAC,IAAEK,GAAE,QAAM,IAAI,WAAWL,EAAC,IAAEK,GAAE,QAAML,IAAEK,GAAE,UAAQ,GAAEA,GAAE,WAASA,GAAE,MAAM;AAAO,aAAE;AAAC,gBAAG,MAAIA,GAAE,cAAYA,GAAE,SAAO,IAAI,EAAE,KAAKC,EAAC,GAAED,GAAE,WAAS,GAAEA,GAAE,YAAUC,KAAG,OAAKJ,KAAE,EAAE,QAAQG,IAAED,EAAC,MAAIF,OAAI,EAAE,QAAO,KAAK,MAAMA,EAAC,GAAE,EAAE,KAAK,QAAM;AAAI,kBAAIG,GAAE,cAAY,MAAIA,GAAE,YAAU,MAAID,MAAG,MAAIA,QAAK,aAAW,KAAK,QAAQ,KAAG,KAAK,OAAO,EAAE,cAAc,EAAE,UAAUC,GAAE,QAAOA,GAAE,QAAQ,CAAC,CAAC,IAAE,KAAK,OAAO,EAAE,UAAUA,GAAE,QAAOA,GAAE,QAAQ,CAAC;AAAA,UAAE,UAAQ,IAAEA,GAAE,YAAU,MAAIA,GAAE,cAAY,MAAIH;AAAG,iBAAO,MAAIE,MAAGF,KAAE,EAAE,WAAW,KAAK,IAAI,GAAE,KAAK,MAAMA,EAAC,GAAE,KAAK,QAAM,MAAGA,OAAI,KAAG,MAAIE,OAAI,KAAK,MAAM,CAAC,GAAE,EAAEC,GAAE,YAAU;AAAA,QAAG,GAAE,EAAE,UAAU,SAAO,SAASL,IAAE;AAAC,eAAK,OAAO,KAAKA,EAAC;AAAA,QAAC,GAAE,EAAE,UAAU,QAAM,SAASA,IAAE;AAAC,UAAAA,OAAI,MAAI,aAAW,KAAK,QAAQ,KAAG,KAAK,SAAO,KAAK,OAAO,KAAK,EAAE,IAAE,KAAK,SAAO,EAAE,cAAc,KAAK,MAAM,IAAG,KAAK,SAAO,CAAC,GAAE,KAAK,MAAIA,IAAE,KAAK,MAAI,KAAK,KAAK;AAAA,QAAG,GAAE,EAAE,UAAQ,GAAE,EAAE,UAAQ,GAAE,EAAE,aAAW,SAASA,IAAEC,IAAE;AAAC,kBAAOA,KAAEA,MAAG,CAAC,GAAG,MAAI,MAAG,EAAED,IAAEC,EAAC;AAAA,QAAC,GAAE,EAAE,OAAK,SAASD,IAAEC,IAAE;AAAC,kBAAOA,KAAEA,MAAG,CAAC,GAAG,OAAK,MAAG,EAAED,IAAEC,EAAC;AAAA,QAAC;AAAA,MAAC,GAAE,EAAC,kBAAiB,IAAG,mBAAkB,IAAG,kBAAiB,IAAG,mBAAkB,IAAG,kBAAiB,GAAE,CAAC,GAAE,IAAG,CAAC,SAAS,GAAE,GAAE,GAAE;AAAC;AAAa,YAAI,IAAE,EAAE,gBAAgB,GAAE,IAAE,EAAE,gBAAgB,GAAE,IAAE,EAAE,iBAAiB,GAAE,IAAE,EAAE,kBAAkB,GAAE,IAAE,EAAE,iBAAiB,GAAE,IAAE,EAAE,gBAAgB,GAAE,IAAE,EAAE,iBAAiB,GAAE,IAAE,OAAO,UAAU;AAAS,iBAAS,EAAED,IAAE;AAAC,cAAG,EAAE,gBAAgB,GAAG,QAAO,IAAI,EAAEA,EAAC;AAAE,eAAK,UAAQ,EAAE,OAAO,EAAC,WAAU,OAAM,YAAW,GAAE,IAAG,GAAE,GAAEA,MAAG,CAAC,CAAC;AAAE,cAAIC,KAAE,KAAK;AAAQ,UAAAA,GAAE,OAAK,KAAGA,GAAE,cAAYA,GAAE,aAAW,OAAKA,GAAE,aAAW,CAACA,GAAE,YAAW,MAAIA,GAAE,eAAaA,GAAE,aAAW,OAAM,EAAE,KAAGA,GAAE,cAAYA,GAAE,aAAW,OAAKD,MAAGA,GAAE,eAAaC,GAAE,cAAY,KAAI,KAAGA,GAAE,cAAYA,GAAE,aAAW,MAAI,MAAI,KAAGA,GAAE,gBAAcA,GAAE,cAAY,KAAI,KAAK,MAAI,GAAE,KAAK,MAAI,IAAG,KAAK,QAAM,OAAG,KAAK,SAAO,CAAC,GAAE,KAAK,OAAK,IAAI,KAAE,KAAK,KAAK,YAAU;AAAE,cAAIC,KAAE,EAAE,aAAa,KAAK,MAAKD,GAAE,UAAU;AAAE,cAAGC,OAAI,EAAE,KAAK,OAAM,IAAI,MAAM,EAAEA,EAAC,CAAC;AAAE,eAAK,SAAO,IAAI,KAAE,EAAE,iBAAiB,KAAK,MAAK,KAAK,MAAM;AAAA,QAAC;AAAC,iBAAS,EAAEF,IAAEC,IAAE;AAAC,cAAIC,KAAE,IAAI,EAAED,EAAC;AAAE,cAAGC,GAAE,KAAKF,IAAE,IAAE,GAAEE,GAAE,IAAI,OAAMA,GAAE,OAAK,EAAEA,GAAE,GAAG;AAAE,iBAAOA,GAAE;AAAA,QAAM;AAAC,UAAE,UAAU,OAAK,SAASF,IAAEC,IAAE;AAAC,cAAIC,IAAEE,IAAEC,IAAEC,IAAEC,IAAEC,IAAE,IAAE,KAAK,MAAK,IAAE,KAAK,QAAQ,WAAU,IAAE,KAAK,QAAQ,YAAW,IAAE;AAAG,cAAG,KAAK,MAAM,QAAM;AAAG,UAAAJ,KAAEH,OAAI,CAAC,CAACA,KAAEA,KAAE,SAAKA,KAAE,EAAE,WAAS,EAAE,YAAW,YAAU,OAAOD,KAAE,EAAE,QAAM,EAAE,cAAcA,EAAC,IAAE,2BAAyB,EAAE,KAAKA,EAAC,IAAE,EAAE,QAAM,IAAI,WAAWA,EAAC,IAAE,EAAE,QAAMA,IAAE,EAAE,UAAQ,GAAE,EAAE,WAAS,EAAE,MAAM;AAAO,aAAE;AAAC,gBAAG,MAAI,EAAE,cAAY,EAAE,SAAO,IAAI,EAAE,KAAK,CAAC,GAAE,EAAE,WAAS,GAAE,EAAE,YAAU,KAAIE,KAAE,EAAE,QAAQ,GAAE,EAAE,UAAU,OAAK,EAAE,eAAa,MAAIM,KAAE,YAAU,OAAO,IAAE,EAAE,WAAW,CAAC,IAAE,2BAAyB,EAAE,KAAK,CAAC,IAAE,IAAI,WAAW,CAAC,IAAE,GAAEN,KAAE,EAAE,qBAAqB,KAAK,MAAKM,EAAC,IAAGN,OAAI,EAAE,eAAa,SAAK,MAAIA,KAAE,EAAE,MAAK,IAAE,QAAIA,OAAI,EAAE,gBAAcA,OAAI,EAAE,KAAK,QAAO,KAAK,MAAMA,EAAC,GAAE,EAAE,KAAK,QAAM;AAAI,cAAE,aAAW,MAAI,EAAE,aAAWA,OAAI,EAAE,iBAAe,MAAI,EAAE,YAAUE,OAAI,EAAE,YAAUA,OAAI,EAAE,kBAAgB,aAAW,KAAK,QAAQ,MAAIC,KAAE,EAAE,WAAW,EAAE,QAAO,EAAE,QAAQ,GAAEC,KAAE,EAAE,WAASD,IAAEE,KAAE,EAAE,WAAW,EAAE,QAAOF,EAAC,GAAE,EAAE,WAASC,IAAE,EAAE,YAAU,IAAEA,IAAEA,MAAG,EAAE,SAAS,EAAE,QAAO,EAAE,QAAOD,IAAEC,IAAE,CAAC,GAAE,KAAK,OAAOC,EAAC,KAAG,KAAK,OAAO,EAAE,UAAU,EAAE,QAAO,EAAE,QAAQ,CAAC,KAAI,MAAI,EAAE,YAAU,MAAI,EAAE,cAAY,IAAE;AAAA,UAAG,UAAQ,IAAE,EAAE,YAAU,MAAI,EAAE,cAAYL,OAAI,EAAE;AAAc,iBAAOA,OAAI,EAAE,iBAAeE,KAAE,EAAE,WAAUA,OAAI,EAAE,YAAUF,KAAE,EAAE,WAAW,KAAK,IAAI,GAAE,KAAK,MAAMA,EAAC,GAAE,KAAK,QAAM,MAAGA,OAAI,EAAE,QAAME,OAAI,EAAE,iBAAe,KAAK,MAAM,EAAE,IAAI,GAAE,EAAE,EAAE,YAAU;AAAA,QAAG,GAAE,EAAE,UAAU,SAAO,SAASJ,IAAE;AAAC,eAAK,OAAO,KAAKA,EAAC;AAAA,QAAC,GAAE,EAAE,UAAU,QAAM,SAASA,IAAE;AAAC,UAAAA,OAAI,EAAE,SAAO,aAAW,KAAK,QAAQ,KAAG,KAAK,SAAO,KAAK,OAAO,KAAK,EAAE,IAAE,KAAK,SAAO,EAAE,cAAc,KAAK,MAAM,IAAG,KAAK,SAAO,CAAC,GAAE,KAAK,MAAIA,IAAE,KAAK,MAAI,KAAK,KAAK;AAAA,QAAG,GAAE,EAAE,UAAQ,GAAE,EAAE,UAAQ,GAAE,EAAE,aAAW,SAASA,IAAEC,IAAE;AAAC,kBAAOA,KAAEA,MAAG,CAAC,GAAG,MAAI,MAAG,EAAED,IAAEC,EAAC;AAAA,QAAC,GAAE,EAAE,SAAO;AAAA,MAAC,GAAE,EAAC,kBAAiB,IAAG,mBAAkB,IAAG,oBAAmB,IAAG,mBAAkB,IAAG,kBAAiB,IAAG,mBAAkB,IAAG,kBAAiB,GAAE,CAAC,GAAE,IAAG,CAAC,SAAS,GAAE,GAAE,GAAE;AAAC;AAAa,YAAI,IAAE,eAAa,OAAO,cAAY,eAAa,OAAO,eAAa,eAAa,OAAO;AAAW,UAAE,SAAO,SAASD,IAAE;AAAC,mBAAQC,KAAE,MAAM,UAAU,MAAM,KAAK,WAAU,CAAC,GAAEA,GAAE,UAAQ;AAAC,gBAAIC,KAAED,GAAE,MAAM;AAAE,gBAAGC,IAAE;AAAC,kBAAG,YAAU,OAAOA,GAAE,OAAM,IAAI,UAAUA,KAAE,oBAAoB;AAAE,uBAAQE,MAAKF,GAAE,CAAAA,GAAE,eAAeE,EAAC,MAAIJ,GAAEI,EAAC,IAAEF,GAAEE,EAAC;AAAA,YAAE;AAAA,UAAC;AAAC,iBAAOJ;AAAA,QAAC,GAAE,EAAE,YAAU,SAASA,IAAEC,IAAE;AAAC,iBAAOD,GAAE,WAASC,KAAED,KAAEA,GAAE,WAASA,GAAE,SAAS,GAAEC,EAAC,KAAGD,GAAE,SAAOC,IAAED;AAAA,QAAE;AAAE,YAAI,IAAE,EAAC,UAAS,SAASA,IAAEC,IAAEC,IAAEE,IAAEC,IAAE;AAAC,cAAGJ,GAAE,YAAUD,GAAE,SAAS,CAAAA,GAAE,IAAIC,GAAE,SAASC,IAAEA,KAAEE,EAAC,GAAEC,EAAC;AAAA,cAAO,UAAQC,KAAE,GAAEA,KAAEF,IAAEE,KAAI,CAAAN,GAAEK,KAAEC,EAAC,IAAEL,GAAEC,KAAEI,EAAC;AAAA,QAAC,GAAE,eAAc,SAASN,IAAE;AAAC,cAAIC,IAAEC,IAAEE,IAAEC,IAAEC,IAAE;AAAE,eAAIL,KAAEG,KAAE,GAAEF,KAAEF,GAAE,QAAOC,KAAEC,IAAED,KAAI,CAAAG,MAAGJ,GAAEC,EAAC,EAAE;AAAO,eAAI,IAAE,IAAI,WAAWG,EAAC,GAAEH,KAAEI,KAAE,GAAEH,KAAEF,GAAE,QAAOC,KAAEC,IAAED,KAAI,CAAAK,KAAEN,GAAEC,EAAC,GAAE,EAAE,IAAIK,IAAED,EAAC,GAAEA,MAAGC,GAAE;AAAO,iBAAO;AAAA,QAAC,EAAC,GAAE,IAAE,EAAC,UAAS,SAASN,IAAEC,IAAEC,IAAEE,IAAEC,IAAE;AAAC,mBAAQC,KAAE,GAAEA,KAAEF,IAAEE,KAAI,CAAAN,GAAEK,KAAEC,EAAC,IAAEL,GAAEC,KAAEI,EAAC;AAAA,QAAC,GAAE,eAAc,SAASN,IAAE;AAAC,iBAAM,CAAC,EAAE,OAAO,MAAM,CAAC,GAAEA,EAAC;AAAA,QAAC,EAAC;AAAE,UAAE,WAAS,SAASA,IAAE;AAAC,UAAAA,MAAG,EAAE,OAAK,YAAW,EAAE,QAAM,aAAY,EAAE,QAAM,YAAW,EAAE,OAAO,GAAE,CAAC,MAAI,EAAE,OAAK,OAAM,EAAE,QAAM,OAAM,EAAE,QAAM,OAAM,EAAE,OAAO,GAAE,CAAC;AAAA,QAAE,GAAE,EAAE,SAAS,CAAC;AAAA,MAAC,GAAE,CAAC,CAAC,GAAE,IAAG,CAAC,SAAS,GAAE,GAAE,GAAE;AAAC;AAAa,YAAI,IAAE,EAAE,UAAU,GAAE,IAAE,MAAG,IAAE;AAAG,YAAG;AAAC,iBAAO,aAAa,MAAM,MAAK,CAAC,CAAC,CAAC;AAAA,QAAC,SAAOA,IAAE;AAAC,cAAE;AAAA,QAAE;AAAC,YAAG;AAAC,iBAAO,aAAa,MAAM,MAAK,IAAI,WAAW,CAAC,CAAC;AAAA,QAAC,SAAOA,IAAE;AAAC,cAAE;AAAA,QAAE;AAAC,iBAAQ,IAAE,IAAI,EAAE,KAAK,GAAG,GAAE,IAAE,GAAE,IAAE,KAAI,IAAI,GAAE,CAAC,IAAE,OAAK,IAAE,IAAE,OAAK,IAAE,IAAE,OAAK,IAAE,IAAE,OAAK,IAAE,IAAE,OAAK,IAAE,IAAE;AAAE,iBAAS,EAAEA,IAAEC,IAAE;AAAC,cAAGA,KAAE,UAAQD,GAAE,YAAU,KAAG,CAACA,GAAE,YAAU,GAAG,QAAO,OAAO,aAAa,MAAM,MAAK,EAAE,UAAUA,IAAEC,EAAC,CAAC;AAAE,mBAAQC,KAAE,IAAGE,KAAE,GAAEA,KAAEH,IAAEG,KAAI,CAAAF,MAAG,OAAO,aAAaF,GAAEI,EAAC,CAAC;AAAE,iBAAOF;AAAA,QAAC;AAAC,UAAE,GAAG,IAAE,EAAE,GAAG,IAAE,GAAE,EAAE,aAAW,SAASF,IAAE;AAAC,cAAIC,IAAEC,IAAEE,IAAEC,IAAEC,IAAE,IAAEN,GAAE,QAAO,IAAE;AAAE,eAAIK,KAAE,GAAEA,KAAE,GAAEA,KAAI,WAAQ,SAAOH,KAAEF,GAAE,WAAWK,EAAC,OAAKA,KAAE,IAAE,KAAG,UAAQ,SAAOD,KAAEJ,GAAE,WAAWK,KAAE,CAAC,QAAMH,KAAE,SAAOA,KAAE,SAAO,OAAKE,KAAE,QAAOC,OAAK,KAAGH,KAAE,MAAI,IAAEA,KAAE,OAAK,IAAEA,KAAE,QAAM,IAAE;AAAE,eAAID,KAAE,IAAI,EAAE,KAAK,CAAC,GAAEI,KAAEC,KAAE,GAAEA,KAAE,GAAED,KAAI,WAAQ,SAAOH,KAAEF,GAAE,WAAWK,EAAC,OAAKA,KAAE,IAAE,KAAG,UAAQ,SAAOD,KAAEJ,GAAE,WAAWK,KAAE,CAAC,QAAMH,KAAE,SAAOA,KAAE,SAAO,OAAKE,KAAE,QAAOC,OAAKH,KAAE,MAAID,GAAEK,IAAG,IAAEJ,MAAGA,KAAE,OAAKD,GAAEK,IAAG,IAAE,MAAIJ,OAAI,KAAGA,KAAE,QAAMD,GAAEK,IAAG,IAAE,MAAIJ,OAAI,MAAID,GAAEK,IAAG,IAAE,MAAIJ,OAAI,IAAGD,GAAEK,IAAG,IAAE,MAAIJ,OAAI,KAAG,KAAID,GAAEK,IAAG,IAAE,MAAIJ,OAAI,IAAE,KAAID,GAAEK,IAAG,IAAE,MAAI,KAAGJ;AAAG,iBAAOD;AAAA,QAAC,GAAE,EAAE,gBAAc,SAASD,IAAE;AAAC,iBAAO,EAAEA,IAAEA,GAAE,MAAM;AAAA,QAAC,GAAE,EAAE,gBAAc,SAASA,IAAE;AAAC,mBAAQC,KAAE,IAAI,EAAE,KAAKD,GAAE,MAAM,GAAEE,KAAE,GAAEE,KAAEH,GAAE,QAAOC,KAAEE,IAAEF,KAAI,CAAAD,GAAEC,EAAC,IAAEF,GAAE,WAAWE,EAAC;AAAE,iBAAOD;AAAA,QAAC,GAAE,EAAE,aAAW,SAASD,IAAEC,IAAE;AAAC,cAAIC,IAAEE,IAAEC,IAAEC,IAAE,IAAEL,MAAGD,GAAE,QAAO,IAAE,IAAI,MAAM,IAAE,CAAC;AAAE,eAAIE,KAAEE,KAAE,GAAEF,KAAE,IAAG,MAAIG,KAAEL,GAAEE,IAAG,KAAG,IAAI,GAAEE,IAAG,IAAEC;AAAA,mBAAU,KAAGC,KAAE,EAAED,EAAC,GAAG,GAAED,IAAG,IAAE,OAAMF,MAAGI,KAAE;AAAA,eAAM;AAAC,iBAAID,MAAG,MAAIC,KAAE,KAAG,MAAIA,KAAE,KAAG,GAAE,IAAEA,MAAGJ,KAAE,IAAG,CAAAG,KAAEA,MAAG,IAAE,KAAGL,GAAEE,IAAG,GAAEI;AAAI,gBAAEA,KAAE,EAAEF,IAAG,IAAE,QAAMC,KAAE,QAAM,EAAED,IAAG,IAAEC,MAAGA,MAAG,OAAM,EAAED,IAAG,IAAE,QAAMC,MAAG,KAAG,MAAK,EAAED,IAAG,IAAE,QAAM,OAAKC;AAAA,UAAE;AAAC,iBAAO,EAAE,GAAED,EAAC;AAAA,QAAC,GAAE,EAAE,aAAW,SAASJ,IAAEC,IAAE;AAAC,cAAIC;AAAE,gBAAKD,KAAEA,MAAGD,GAAE,UAAQA,GAAE,WAASC,KAAED,GAAE,SAAQE,KAAED,KAAE,GAAE,KAAGC,MAAG,QAAM,MAAIF,GAAEE,EAAC,KAAI,CAAAA;AAAI,iBAAOA,KAAE,IAAED,KAAE,MAAIC,KAAED,KAAEC,KAAE,EAAEF,GAAEE,EAAC,CAAC,IAAED,KAAEC,KAAED;AAAA,QAAC;AAAA,MAAC,GAAE,EAAC,YAAW,GAAE,CAAC,GAAE,IAAG,CAAC,SAAS,GAAE,GAAE,GAAE;AAAC;AAAa,UAAE,UAAQ,SAASD,IAAEC,IAAEC,IAAE,GAAE;AAAC,mBAAQ,IAAE,QAAMF,KAAE,GAAE,IAAEA,OAAI,KAAG,QAAM,GAAE,IAAE,GAAE,MAAIE,MAAG;AAAC,iBAAIA,MAAG,IAAE,MAAIA,KAAE,MAAIA,IAAE,IAAE,KAAG,IAAE,IAAED,GAAE,GAAG,IAAE,KAAG,GAAE,EAAE,IAAG;AAAC,iBAAG,OAAM,KAAG;AAAA,UAAK;AAAC,iBAAO,IAAE,KAAG,KAAG;AAAA,QAAC;AAAA,MAAC,GAAE,CAAC,CAAC,GAAE,IAAG,CAAC,SAAS,GAAE,GAAE,GAAE;AAAC;AAAa,UAAE,UAAQ,EAAC,YAAW,GAAE,iBAAgB,GAAE,cAAa,GAAE,cAAa,GAAE,UAAS,GAAE,SAAQ,GAAE,SAAQ,GAAE,MAAK,GAAE,cAAa,GAAE,aAAY,GAAE,SAAQ,IAAG,gBAAe,IAAG,cAAa,IAAG,aAAY,IAAG,kBAAiB,GAAE,cAAa,GAAE,oBAAmB,GAAE,uBAAsB,IAAG,YAAW,GAAE,gBAAe,GAAE,OAAM,GAAE,SAAQ,GAAE,oBAAmB,GAAE,UAAS,GAAE,QAAO,GAAE,WAAU,GAAE,YAAW,EAAC;AAAA,MAAC,GAAE,CAAC,CAAC,GAAE,IAAG,CAAC,SAAS,GAAE,GAAE,GAAE;AAAC;AAAa,YAAI,IAAE,WAAU;AAAC,mBAAQD,IAAEC,KAAE,CAAC,GAAEC,KAAE,GAAEA,KAAE,KAAIA,MAAI;AAAC,YAAAF,KAAEE;AAAE,qBAAQ,IAAE,GAAE,IAAE,GAAE,IAAI,CAAAF,KAAE,IAAEA,KAAE,aAAWA,OAAI,IAAEA,OAAI;AAAE,YAAAC,GAAEC,EAAC,IAAEF;AAAA,UAAC;AAAC,iBAAOC;AAAA,QAAC,EAAE;AAAE,UAAE,UAAQ,SAASD,IAAEC,IAAEC,IAAE,GAAE;AAAC,cAAI,IAAE,GAAE,IAAE,IAAEA;AAAE,UAAAF,MAAG;AAAG,mBAAQ,IAAE,GAAE,IAAE,GAAE,IAAI,CAAAA,KAAEA,OAAI,IAAE,EAAE,OAAKA,KAAEC,GAAE,CAAC,EAAE;AAAE,iBAAM,KAAGD;AAAA,QAAC;AAAA,MAAC,GAAE,CAAC,CAAC,GAAE,IAAG,CAAC,SAAS,GAAE,GAAE,GAAE;AAAC;AAAa,YAAI,GAAE,IAAE,EAAE,iBAAiB,GAAE,IAAE,EAAE,SAAS,GAAE,IAAE,EAAE,WAAW,GAAE,IAAE,EAAE,SAAS,GAAE,IAAE,EAAE,YAAY,GAAE,IAAE,GAAE,IAAE,GAAE,IAAE,GAAE,IAAE,IAAG,IAAE,IAAG,IAAE,GAAE,IAAE,GAAE,IAAE,GAAE,IAAE,GAAE,IAAE,KAAI,IAAE,IAAG,IAAE,IAAG,IAAE,IAAE,IAAE,GAAE,IAAE,IAAG,IAAE,GAAE,IAAE,KAAI,IAAE,IAAE,IAAE,GAAE,IAAE,IAAG,IAAE,KAAI,IAAE,GAAE,IAAE,GAAE,IAAE,GAAE,IAAE;AAAE,iBAAS,EAAEA,IAAEC,IAAE;AAAC,iBAAOD,GAAE,MAAI,EAAEC,EAAC,GAAEA;AAAA,QAAC;AAAC,iBAAS,EAAED,IAAE;AAAC,kBAAOA,MAAG,MAAI,IAAEA,KAAE,IAAE;AAAA,QAAE;AAAC,iBAAS,EAAEA,IAAE;AAAC,mBAAQC,KAAED,GAAE,QAAO,KAAG,EAAEC,KAAG,CAAAD,GAAEC,EAAC,IAAE;AAAA,QAAC;AAAC,iBAAS,EAAED,IAAE;AAAC,cAAIC,KAAED,GAAE,OAAME,KAAED,GAAE;AAAQ,UAAAC,KAAEF,GAAE,cAAYE,KAAEF,GAAE,YAAW,MAAIE,OAAI,EAAE,SAASF,GAAE,QAAOC,GAAE,aAAYA,GAAE,aAAYC,IAAEF,GAAE,QAAQ,GAAEA,GAAE,YAAUE,IAAED,GAAE,eAAaC,IAAEF,GAAE,aAAWE,IAAEF,GAAE,aAAWE,IAAED,GAAE,WAASC,IAAE,MAAID,GAAE,YAAUA,GAAE,cAAY;AAAA,QAAG;AAAC,iBAAS,EAAED,IAAEC,IAAE;AAAC,YAAE,gBAAgBD,IAAE,KAAGA,GAAE,cAAYA,GAAE,cAAY,IAAGA,GAAE,WAASA,GAAE,aAAYC,EAAC,GAAED,GAAE,cAAYA,GAAE,UAAS,EAAEA,GAAE,IAAI;AAAA,QAAC;AAAC,iBAAS,EAAEA,IAAEC,IAAE;AAAC,UAAAD,GAAE,YAAYA,GAAE,SAAS,IAAEC;AAAA,QAAC;AAAC,iBAAS,EAAED,IAAEC,IAAE;AAAC,UAAAD,GAAE,YAAYA,GAAE,SAAS,IAAEC,OAAI,IAAE,KAAID,GAAE,YAAYA,GAAE,SAAS,IAAE,MAAIC;AAAA,QAAC;AAAC,iBAAS,EAAED,IAAEC,IAAE;AAAC,cAAIC,IAAEE,IAAEC,KAAEL,GAAE,kBAAiBM,KAAEN,GAAE,UAASO,KAAEP,GAAE,aAAYQ,KAAER,GAAE,YAAWS,KAAET,GAAE,WAASA,GAAE,SAAO,IAAEA,GAAE,YAAUA,GAAE,SAAO,KAAG,GAAEU,KAAEV,GAAE,QAAOW,KAAEX,GAAE,QAAOY,KAAEZ,GAAE,MAAKG,KAAEH,GAAE,WAAS,GAAEa,KAAEH,GAAEJ,KAAEC,KAAE,CAAC,GAAEO,KAAEJ,GAAEJ,KAAEC,EAAC;AAAE,UAAAP,GAAE,eAAaA,GAAE,eAAaK,OAAI,IAAGG,KAAER,GAAE,cAAYQ,KAAER,GAAE;AAAW,aAAE;AAAC,gBAAGU,IAAGR,KAAED,MAAGM,EAAC,MAAIO,MAAGJ,GAAER,KAAEK,KAAE,CAAC,MAAIM,MAAGH,GAAER,EAAC,MAAIQ,GAAEJ,EAAC,KAAGI,GAAE,EAAER,EAAC,MAAIQ,GAAEJ,KAAE,CAAC,GAAE;AAAC,cAAAA,MAAG,GAAEJ;AAAI,iBAAE;AAAA,cAAC,SAAOQ,GAAE,EAAEJ,EAAC,MAAII,GAAE,EAAER,EAAC,KAAGQ,GAAE,EAAEJ,EAAC,MAAII,GAAE,EAAER,EAAC,KAAGQ,GAAE,EAAEJ,EAAC,MAAII,GAAE,EAAER,EAAC,KAAGQ,GAAE,EAAEJ,EAAC,MAAII,GAAE,EAAER,EAAC,KAAGQ,GAAE,EAAEJ,EAAC,MAAII,GAAE,EAAER,EAAC,KAAGQ,GAAE,EAAEJ,EAAC,MAAII,GAAE,EAAER,EAAC,KAAGQ,GAAE,EAAEJ,EAAC,MAAII,GAAE,EAAER,EAAC,KAAGQ,GAAE,EAAEJ,EAAC,MAAII,GAAE,EAAER,EAAC,KAAGI,KAAEH;AAAG,kBAAGC,KAAE,KAAGD,KAAEG,KAAGA,KAAEH,KAAE,GAAEI,KAAEH,IAAE;AAAC,oBAAGJ,GAAE,cAAYC,IAAEO,OAAID,KAAEH,IAAG;AAAM,gBAAAS,KAAEH,GAAEJ,KAAEC,KAAE,CAAC,GAAEO,KAAEJ,GAAEJ,KAAEC,EAAC;AAAA,cAAC;AAAA,YAAC;AAAA,UAAC,UAAQN,KAAEW,GAAEX,KAAEU,EAAC,KAAGF,MAAG,KAAG,EAAEJ;AAAG,iBAAOE,MAAGP,GAAE,YAAUO,KAAEP,GAAE;AAAA,QAAS;AAAC,iBAAS,EAAEA,IAAE;AAAC,cAAIC,IAAEC,IAAEE,IAAEC,IAAEC,IAAEC,IAAEC,IAAEC,IAAEC,IAAEC,IAAEC,KAAEZ,GAAE;AAAO,aAAE;AAAC,gBAAGK,KAAEL,GAAE,cAAYA,GAAE,YAAUA,GAAE,UAASA,GAAE,YAAUY,MAAGA,KAAE,IAAG;AAAC,mBAAI,EAAE,SAASZ,GAAE,QAAOA,GAAE,QAAOY,IAAEA,IAAE,CAAC,GAAEZ,GAAE,eAAaY,IAAEZ,GAAE,YAAUY,IAAEZ,GAAE,eAAaY,IAAEX,KAAEC,KAAEF,GAAE,WAAUI,KAAEJ,GAAE,KAAK,EAAEC,EAAC,GAAED,GAAE,KAAKC,EAAC,IAAEW,MAAGR,KAAEA,KAAEQ,KAAE,GAAE,EAAEV,KAAG;AAAC,mBAAID,KAAEC,KAAEU,IAAER,KAAEJ,GAAE,KAAK,EAAEC,EAAC,GAAED,GAAE,KAAKC,EAAC,IAAEW,MAAGR,KAAEA,KAAEQ,KAAE,GAAE,EAAEV,KAAG;AAAC,cAAAG,MAAGO;AAAA,YAAC;AAAC,gBAAG,MAAIZ,GAAE,KAAK,SAAS;AAAM,gBAAGO,KAAEP,GAAE,MAAKQ,KAAER,GAAE,QAAOS,KAAET,GAAE,WAASA,GAAE,WAAUU,KAAEL,IAAEM,KAAE,QAAOA,KAAEJ,GAAE,UAASG,KAAEC,OAAIA,KAAED,KAAGR,KAAE,MAAIS,KAAE,KAAGJ,GAAE,YAAUI,IAAE,EAAE,SAASH,IAAED,GAAE,OAAMA,GAAE,SAAQI,IAAEF,EAAC,GAAE,MAAIF,GAAE,MAAM,OAAKA,GAAE,QAAM,EAAEA,GAAE,OAAMC,IAAEG,IAAEF,EAAC,IAAE,MAAIF,GAAE,MAAM,SAAOA,GAAE,QAAM,EAAEA,GAAE,OAAMC,IAAEG,IAAEF,EAAC,IAAGF,GAAE,WAASI,IAAEJ,GAAE,YAAUI,IAAEA,KAAGX,GAAE,aAAWE,IAAEF,GAAE,YAAUA,GAAE,UAAQ,EAAE,MAAIM,KAAEN,GAAE,WAASA,GAAE,QAAOA,GAAE,QAAMA,GAAE,OAAOM,EAAC,GAAEN,GAAE,SAAOA,GAAE,SAAOA,GAAE,aAAWA,GAAE,OAAOM,KAAE,CAAC,KAAGN,GAAE,WAAUA,GAAE,WAASA,GAAE,SAAOA,GAAE,SAAOA,GAAE,aAAWA,GAAE,OAAOM,KAAE,IAAE,CAAC,KAAGN,GAAE,WAAUA,GAAE,KAAKM,KAAEN,GAAE,MAAM,IAAEA,GAAE,KAAKA,GAAE,KAAK,GAAEA,GAAE,KAAKA,GAAE,KAAK,IAAEM,IAAEA,MAAIN,GAAE,UAAS,EAAEA,GAAE,YAAUA,GAAE,SAAO,MAAK;AAAA,UAAC,SAAOA,GAAE,YAAU,KAAG,MAAIA,GAAE,KAAK;AAAA,QAAS;AAAC,iBAAS,EAAEA,IAAEC,IAAE;AAAC,mBAAQC,IAAEE,QAAI;AAAC,gBAAGJ,GAAE,YAAU,GAAE;AAAC,kBAAG,EAAEA,EAAC,GAAEA,GAAE,YAAU,KAAGC,OAAI,EAAE,QAAO;AAAE,kBAAG,MAAID,GAAE,UAAU;AAAA,YAAK;AAAC,gBAAGE,KAAE,GAAEF,GAAE,aAAW,MAAIA,GAAE,SAAOA,GAAE,SAAOA,GAAE,aAAWA,GAAE,OAAOA,GAAE,WAAS,IAAE,CAAC,KAAGA,GAAE,WAAUE,KAAEF,GAAE,KAAKA,GAAE,WAASA,GAAE,MAAM,IAAEA,GAAE,KAAKA,GAAE,KAAK,GAAEA,GAAE,KAAKA,GAAE,KAAK,IAAEA,GAAE,WAAU,MAAIE,MAAGF,GAAE,WAASE,MAAGF,GAAE,SAAO,MAAIA,GAAE,eAAa,EAAEA,IAAEE,EAAC,IAAGF,GAAE,gBAAc,EAAE,KAAGI,KAAE,EAAE,UAAUJ,IAAEA,GAAE,WAASA,GAAE,aAAYA,GAAE,eAAa,CAAC,GAAEA,GAAE,aAAWA,GAAE,cAAaA,GAAE,gBAAcA,GAAE,kBAAgBA,GAAE,aAAW,GAAE;AAAC,mBAAIA,GAAE,gBAAeA,GAAE,YAAWA,GAAE,SAAOA,GAAE,SAAOA,GAAE,aAAWA,GAAE,OAAOA,GAAE,WAAS,IAAE,CAAC,KAAGA,GAAE,WAAUE,KAAEF,GAAE,KAAKA,GAAE,WAASA,GAAE,MAAM,IAAEA,GAAE,KAAKA,GAAE,KAAK,GAAEA,GAAE,KAAKA,GAAE,KAAK,IAAEA,GAAE,UAAS,KAAG,EAAEA,GAAE,eAAc;AAAC,cAAAA,GAAE;AAAA,YAAU,MAAM,CAAAA,GAAE,YAAUA,GAAE,cAAaA,GAAE,eAAa,GAAEA,GAAE,QAAMA,GAAE,OAAOA,GAAE,QAAQ,GAAEA,GAAE,SAAOA,GAAE,SAAOA,GAAE,aAAWA,GAAE,OAAOA,GAAE,WAAS,CAAC,KAAGA,GAAE;AAAA,gBAAe,CAAAI,KAAE,EAAE,UAAUJ,IAAE,GAAEA,GAAE,OAAOA,GAAE,QAAQ,CAAC,GAAEA,GAAE,aAAYA,GAAE;AAAW,gBAAGI,OAAI,EAAEJ,IAAE,KAAE,GAAE,MAAIA,GAAE,KAAK,WAAW,QAAO;AAAA,UAAC;AAAC,iBAAOA,GAAE,SAAOA,GAAE,WAAS,IAAE,IAAEA,GAAE,WAAS,IAAE,GAAEC,OAAI,KAAG,EAAED,IAAE,IAAE,GAAE,MAAIA,GAAE,KAAK,YAAU,IAAE,KAAGA,GAAE,aAAW,EAAEA,IAAE,KAAE,GAAE,MAAIA,GAAE,KAAK,aAAW,IAAE;AAAA,QAAC;AAAC,iBAAS,EAAEA,IAAEC,IAAE;AAAC,mBAAQC,IAAEE,IAAEC,QAAI;AAAC,gBAAGL,GAAE,YAAU,GAAE;AAAC,kBAAG,EAAEA,EAAC,GAAEA,GAAE,YAAU,KAAGC,OAAI,EAAE,QAAO;AAAE,kBAAG,MAAID,GAAE,UAAU;AAAA,YAAK;AAAC,gBAAGE,KAAE,GAAEF,GAAE,aAAW,MAAIA,GAAE,SAAOA,GAAE,SAAOA,GAAE,aAAWA,GAAE,OAAOA,GAAE,WAAS,IAAE,CAAC,KAAGA,GAAE,WAAUE,KAAEF,GAAE,KAAKA,GAAE,WAASA,GAAE,MAAM,IAAEA,GAAE,KAAKA,GAAE,KAAK,GAAEA,GAAE,KAAKA,GAAE,KAAK,IAAEA,GAAE,WAAUA,GAAE,cAAYA,GAAE,cAAaA,GAAE,aAAWA,GAAE,aAAYA,GAAE,eAAa,IAAE,GAAE,MAAIE,MAAGF,GAAE,cAAYA,GAAE,kBAAgBA,GAAE,WAASE,MAAGF,GAAE,SAAO,MAAIA,GAAE,eAAa,EAAEA,IAAEE,EAAC,GAAEF,GAAE,gBAAc,MAAI,MAAIA,GAAE,YAAUA,GAAE,iBAAe,KAAG,OAAKA,GAAE,WAASA,GAAE,iBAAeA,GAAE,eAAa,IAAE,KAAIA,GAAE,eAAa,KAAGA,GAAE,gBAAcA,GAAE,aAAY;AAAC,mBAAIK,KAAEL,GAAE,WAASA,GAAE,YAAU,GAAEI,KAAE,EAAE,UAAUJ,IAAEA,GAAE,WAAS,IAAEA,GAAE,YAAWA,GAAE,cAAY,CAAC,GAAEA,GAAE,aAAWA,GAAE,cAAY,GAAEA,GAAE,eAAa,GAAE,EAAEA,GAAE,YAAUK,OAAIL,GAAE,SAAOA,GAAE,SAAOA,GAAE,aAAWA,GAAE,OAAOA,GAAE,WAAS,IAAE,CAAC,KAAGA,GAAE,WAAUE,KAAEF,GAAE,KAAKA,GAAE,WAASA,GAAE,MAAM,IAAEA,GAAE,KAAKA,GAAE,KAAK,GAAEA,GAAE,KAAKA,GAAE,KAAK,IAAEA,GAAE,WAAU,KAAG,EAAEA,GAAE,cAAa;AAAC,kBAAGA,GAAE,kBAAgB,GAAEA,GAAE,eAAa,IAAE,GAAEA,GAAE,YAAWI,OAAI,EAAEJ,IAAE,KAAE,GAAE,MAAIA,GAAE,KAAK,WAAW,QAAO;AAAA,YAAC,WAASA,GAAE,iBAAgB;AAAC,mBAAII,KAAE,EAAE,UAAUJ,IAAE,GAAEA,GAAE,OAAOA,GAAE,WAAS,CAAC,CAAC,MAAI,EAAEA,IAAE,KAAE,GAAEA,GAAE,YAAWA,GAAE,aAAY,MAAIA,GAAE,KAAK,UAAU,QAAO;AAAA,YAAC,MAAM,CAAAA,GAAE,kBAAgB,GAAEA,GAAE,YAAWA,GAAE;AAAA,UAAW;AAAC,iBAAOA,GAAE,oBAAkBI,KAAE,EAAE,UAAUJ,IAAE,GAAEA,GAAE,OAAOA,GAAE,WAAS,CAAC,CAAC,GAAEA,GAAE,kBAAgB,IAAGA,GAAE,SAAOA,GAAE,WAAS,IAAE,IAAEA,GAAE,WAAS,IAAE,GAAEC,OAAI,KAAG,EAAED,IAAE,IAAE,GAAE,MAAIA,GAAE,KAAK,YAAU,IAAE,KAAGA,GAAE,aAAW,EAAEA,IAAE,KAAE,GAAE,MAAIA,GAAE,KAAK,aAAW,IAAE;AAAA,QAAC;AAAC,iBAAS,EAAEA,IAAEC,IAAEC,IAAEE,IAAEC,IAAE;AAAC,eAAK,cAAYL,IAAE,KAAK,WAASC,IAAE,KAAK,cAAYC,IAAE,KAAK,YAAUE,IAAE,KAAK,OAAKC;AAAA,QAAC;AAAC,iBAAS,IAAG;AAAC,eAAK,OAAK,MAAK,KAAK,SAAO,GAAE,KAAK,cAAY,MAAK,KAAK,mBAAiB,GAAE,KAAK,cAAY,GAAE,KAAK,UAAQ,GAAE,KAAK,OAAK,GAAE,KAAK,SAAO,MAAK,KAAK,UAAQ,GAAE,KAAK,SAAO,GAAE,KAAK,aAAW,IAAG,KAAK,SAAO,GAAE,KAAK,SAAO,GAAE,KAAK,SAAO,GAAE,KAAK,SAAO,MAAK,KAAK,cAAY,GAAE,KAAK,OAAK,MAAK,KAAK,OAAK,MAAK,KAAK,QAAM,GAAE,KAAK,YAAU,GAAE,KAAK,YAAU,GAAE,KAAK,YAAU,GAAE,KAAK,aAAW,GAAE,KAAK,cAAY,GAAE,KAAK,eAAa,GAAE,KAAK,aAAW,GAAE,KAAK,kBAAgB,GAAE,KAAK,WAAS,GAAE,KAAK,cAAY,GAAE,KAAK,YAAU,GAAE,KAAK,cAAY,GAAE,KAAK,mBAAiB,GAAE,KAAK,iBAAe,GAAE,KAAK,QAAM,GAAE,KAAK,WAAS,GAAE,KAAK,aAAW,GAAE,KAAK,aAAW,GAAE,KAAK,YAAU,IAAI,EAAE,MAAM,IAAE,CAAC,GAAE,KAAK,YAAU,IAAI,EAAE,MAAM,KAAG,IAAE,IAAE,EAAE,GAAE,KAAK,UAAQ,IAAI,EAAE,MAAM,KAAG,IAAE,IAAE,EAAE,GAAE,EAAE,KAAK,SAAS,GAAE,EAAE,KAAK,SAAS,GAAE,EAAE,KAAK,OAAO,GAAE,KAAK,SAAO,MAAK,KAAK,SAAO,MAAK,KAAK,UAAQ,MAAK,KAAK,WAAS,IAAI,EAAE,MAAM,IAAE,CAAC,GAAE,KAAK,OAAK,IAAI,EAAE,MAAM,IAAE,IAAE,CAAC,GAAE,EAAE,KAAK,IAAI,GAAE,KAAK,WAAS,GAAE,KAAK,WAAS,GAAE,KAAK,QAAM,IAAI,EAAE,MAAM,IAAE,IAAE,CAAC,GAAE,EAAE,KAAK,KAAK,GAAE,KAAK,QAAM,GAAE,KAAK,cAAY,GAAE,KAAK,WAAS,GAAE,KAAK,QAAM,GAAE,KAAK,UAAQ,GAAE,KAAK,aAAW,GAAE,KAAK,UAAQ,GAAE,KAAK,SAAO,GAAE,KAAK,SAAO,GAAE,KAAK,WAAS;AAAA,QAAC;AAAC,iBAAS,EAAEL,IAAE;AAAC,cAAIC;AAAE,iBAAOD,MAAGA,GAAE,SAAOA,GAAE,WAASA,GAAE,YAAU,GAAEA,GAAE,YAAU,IAAGC,KAAED,GAAE,OAAO,UAAQ,GAAEC,GAAE,cAAY,GAAEA,GAAE,OAAK,MAAIA,GAAE,OAAK,CAACA,GAAE,OAAMA,GAAE,SAAOA,GAAE,OAAK,IAAE,GAAED,GAAE,QAAM,MAAIC,GAAE,OAAK,IAAE,GAAEA,GAAE,aAAW,GAAE,EAAE,SAASA,EAAC,GAAE,KAAG,EAAED,IAAE,CAAC;AAAA,QAAC;AAAC,iBAAS,EAAEA,IAAE;AAAC,cAAIC,KAAE,EAAED,EAAC;AAAE,iBAAOC,OAAI,KAAG,SAASD,IAAE;AAAC,YAAAA,GAAE,cAAY,IAAEA,GAAE,QAAO,EAAEA,GAAE,IAAI,GAAEA,GAAE,iBAAe,EAAEA,GAAE,KAAK,EAAE,UAASA,GAAE,aAAW,EAAEA,GAAE,KAAK,EAAE,aAAYA,GAAE,aAAW,EAAEA,GAAE,KAAK,EAAE,aAAYA,GAAE,mBAAiB,EAAEA,GAAE,KAAK,EAAE,WAAUA,GAAE,WAAS,GAAEA,GAAE,cAAY,GAAEA,GAAE,YAAU,GAAEA,GAAE,SAAO,GAAEA,GAAE,eAAaA,GAAE,cAAY,IAAE,GAAEA,GAAE,kBAAgB,GAAEA,GAAE,QAAM;AAAA,UAAC,EAAEA,GAAE,KAAK,GAAEC;AAAA,QAAC;AAAC,iBAAS,EAAED,IAAEC,IAAEC,IAAEE,IAAEC,IAAEC,IAAE;AAAC,cAAG,CAACN,GAAE,QAAO;AAAE,cAAIO,KAAE;AAAE,cAAGN,OAAI,MAAIA,KAAE,IAAGG,KAAE,KAAGG,KAAE,GAAEH,KAAE,CAACA,MAAG,KAAGA,OAAIG,KAAE,GAAEH,MAAG,KAAIC,KAAE,KAAG,IAAEA,MAAGH,OAAI,KAAGE,KAAE,KAAG,KAAGA,MAAGH,KAAE,KAAG,IAAEA,MAAGK,KAAE,KAAG,IAAEA,GAAE,QAAO,EAAEN,IAAE,CAAC;AAAE,gBAAII,OAAIA,KAAE;AAAG,cAAII,KAAE,IAAI;AAAE,kBAAOR,GAAE,QAAMQ,IAAG,OAAKR,IAAEQ,GAAE,OAAKD,IAAEC,GAAE,SAAO,MAAKA,GAAE,SAAOJ,IAAEI,GAAE,SAAO,KAAGA,GAAE,QAAOA,GAAE,SAAOA,GAAE,SAAO,GAAEA,GAAE,YAAUH,KAAE,GAAEG,GAAE,YAAU,KAAGA,GAAE,WAAUA,GAAE,YAAUA,GAAE,YAAU,GAAEA,GAAE,aAAW,CAAC,GAAGA,GAAE,YAAU,IAAE,KAAG,IAAGA,GAAE,SAAO,IAAI,EAAE,KAAK,IAAEA,GAAE,MAAM,GAAEA,GAAE,OAAK,IAAI,EAAE,MAAMA,GAAE,SAAS,GAAEA,GAAE,OAAK,IAAI,EAAE,MAAMA,GAAE,MAAM,GAAEA,GAAE,cAAY,KAAGH,KAAE,GAAEG,GAAE,mBAAiB,IAAEA,GAAE,aAAYA,GAAE,cAAY,IAAI,EAAE,KAAKA,GAAE,gBAAgB,GAAEA,GAAE,QAAM,IAAEA,GAAE,aAAYA,GAAE,QAAM,IAAEA,GAAE,aAAYA,GAAE,QAAMP,IAAEO,GAAE,WAASF,IAAEE,GAAE,SAAON,IAAE,EAAEF,EAAC;AAAA,QAAC;AAAC,YAAE,CAAC,IAAI,EAAE,GAAE,GAAE,GAAE,GAAE,SAASA,IAAEC,IAAE;AAAC,cAAIC,KAAE;AAAM,eAAIA,KAAEF,GAAE,mBAAiB,MAAIE,KAAEF,GAAE,mBAAiB,QAAK;AAAC,gBAAGA,GAAE,aAAW,GAAE;AAAC,kBAAG,EAAEA,EAAC,GAAE,MAAIA,GAAE,aAAWC,OAAI,EAAE,QAAO;AAAE,kBAAG,MAAID,GAAE,UAAU;AAAA,YAAK;AAAC,YAAAA,GAAE,YAAUA,GAAE,WAAUA,GAAE,YAAU;AAAE,gBAAII,KAAEJ,GAAE,cAAYE;AAAE,iBAAI,MAAIF,GAAE,YAAUA,GAAE,YAAUI,QAAKJ,GAAE,YAAUA,GAAE,WAASI,IAAEJ,GAAE,WAASI,IAAE,EAAEJ,IAAE,KAAE,GAAE,MAAIA,GAAE,KAAK,WAAW,QAAO;AAAE,gBAAGA,GAAE,WAASA,GAAE,eAAaA,GAAE,SAAO,MAAI,EAAEA,IAAE,KAAE,GAAE,MAAIA,GAAE,KAAK,WAAW,QAAO;AAAA,UAAC;AAAC,iBAAOA,GAAE,SAAO,GAAEC,OAAI,KAAG,EAAED,IAAE,IAAE,GAAE,MAAIA,GAAE,KAAK,YAAU,IAAE,MAAIA,GAAE,WAASA,GAAE,gBAAc,EAAEA,IAAE,KAAE,GAAEA,GAAE,KAAK,YAAW;AAAA,QAAE,CAAC,GAAE,IAAI,EAAE,GAAE,GAAE,GAAE,GAAE,CAAC,GAAE,IAAI,EAAE,GAAE,GAAE,IAAG,GAAE,CAAC,GAAE,IAAI,EAAE,GAAE,GAAE,IAAG,IAAG,CAAC,GAAE,IAAI,EAAE,GAAE,GAAE,IAAG,IAAG,CAAC,GAAE,IAAI,EAAE,GAAE,IAAG,IAAG,IAAG,CAAC,GAAE,IAAI,EAAE,GAAE,IAAG,KAAI,KAAI,CAAC,GAAE,IAAI,EAAE,GAAE,IAAG,KAAI,KAAI,CAAC,GAAE,IAAI,EAAE,IAAG,KAAI,KAAI,MAAK,CAAC,GAAE,IAAI,EAAE,IAAG,KAAI,KAAI,MAAK,CAAC,CAAC,GAAE,EAAE,cAAY,SAASA,IAAEC,IAAE;AAAC,iBAAO,EAAED,IAAEC,IAAE,GAAE,IAAG,GAAE,CAAC;AAAA,QAAC,GAAE,EAAE,eAAa,GAAE,EAAE,eAAa,GAAE,EAAE,mBAAiB,GAAE,EAAE,mBAAiB,SAASD,IAAEC,IAAE;AAAC,iBAAOD,MAAGA,GAAE,QAAM,MAAIA,GAAE,MAAM,OAAK,KAAGA,GAAE,MAAM,SAAOC,IAAE,KAAG;AAAA,QAAC,GAAE,EAAE,UAAQ,SAASD,IAAEC,IAAE;AAAC,cAAIC,IAAEE,IAAEC,IAAEC;AAAE,cAAG,CAACN,MAAG,CAACA,GAAE,SAAO,IAAEC,MAAGA,KAAE,EAAE,QAAOD,KAAE,EAAEA,IAAE,CAAC,IAAE;AAAE,cAAGI,KAAEJ,GAAE,OAAM,CAACA,GAAE,UAAQ,CAACA,GAAE,SAAO,MAAIA,GAAE,YAAU,QAAMI,GAAE,UAAQH,OAAI,EAAE,QAAO,EAAED,IAAE,MAAIA,GAAE,YAAU,KAAG,CAAC;AAAE,cAAGI,GAAE,OAAKJ,IAAEE,KAAEE,GAAE,YAAWA,GAAE,aAAWH,IAAEG,GAAE,WAAS,EAAE,KAAG,MAAIA,GAAE,KAAK,CAAAJ,GAAE,QAAM,GAAE,EAAEI,IAAE,EAAE,GAAE,EAAEA,IAAE,GAAG,GAAE,EAAEA,IAAE,CAAC,GAAEA,GAAE,UAAQ,EAAEA,KAAGA,GAAE,OAAO,OAAK,IAAE,MAAIA,GAAE,OAAO,OAAK,IAAE,MAAIA,GAAE,OAAO,QAAM,IAAE,MAAIA,GAAE,OAAO,OAAK,IAAE,MAAIA,GAAE,OAAO,UAAQ,KAAG,EAAE,GAAE,EAAEA,IAAE,MAAIA,GAAE,OAAO,IAAI,GAAE,EAAEA,IAAEA,GAAE,OAAO,QAAM,IAAE,GAAG,GAAE,EAAEA,IAAEA,GAAE,OAAO,QAAM,KAAG,GAAG,GAAE,EAAEA,IAAEA,GAAE,OAAO,QAAM,KAAG,GAAG,GAAE,EAAEA,IAAE,MAAIA,GAAE,QAAM,IAAE,KAAGA,GAAE,YAAUA,GAAE,QAAM,IAAE,IAAE,CAAC,GAAE,EAAEA,IAAE,MAAIA,GAAE,OAAO,EAAE,GAAEA,GAAE,OAAO,SAAOA,GAAE,OAAO,MAAM,WAAS,EAAEA,IAAE,MAAIA,GAAE,OAAO,MAAM,MAAM,GAAE,EAAEA,IAAEA,GAAE,OAAO,MAAM,UAAQ,IAAE,GAAG,IAAGA,GAAE,OAAO,SAAOJ,GAAE,QAAM,EAAEA,GAAE,OAAMI,GAAE,aAAYA,GAAE,SAAQ,CAAC,IAAGA,GAAE,UAAQ,GAAEA,GAAE,SAAO,OAAK,EAAEA,IAAE,CAAC,GAAE,EAAEA,IAAE,CAAC,GAAE,EAAEA,IAAE,CAAC,GAAE,EAAEA,IAAE,CAAC,GAAE,EAAEA,IAAE,CAAC,GAAE,EAAEA,IAAE,MAAIA,GAAE,QAAM,IAAE,KAAGA,GAAE,YAAUA,GAAE,QAAM,IAAE,IAAE,CAAC,GAAE,EAAEA,IAAE,CAAC,GAAEA,GAAE,SAAO;AAAA,eAAO;AAAC,gBAAIG,KAAE,KAAGH,GAAE,SAAO,KAAG,MAAI;AAAE,YAAAG,OAAI,KAAGH,GAAE,YAAUA,GAAE,QAAM,IAAE,IAAEA,GAAE,QAAM,IAAE,IAAE,MAAIA,GAAE,QAAM,IAAE,MAAI,GAAE,MAAIA,GAAE,aAAWG,MAAG,KAAIA,MAAG,KAAGA,KAAE,IAAGH,GAAE,SAAO,GAAE,EAAEA,IAAEG,EAAC,GAAE,MAAIH,GAAE,aAAW,EAAEA,IAAEJ,GAAE,UAAQ,EAAE,GAAE,EAAEI,IAAE,QAAMJ,GAAE,KAAK,IAAGA,GAAE,QAAM;AAAA,UAAC;AAAC,cAAG,OAAKI,GAAE,OAAO,KAAGA,GAAE,OAAO,OAAM;AAAC,iBAAIC,KAAED,GAAE,SAAQA,GAAE,WAAS,QAAMA,GAAE,OAAO,MAAM,YAAUA,GAAE,YAAUA,GAAE,qBAAmBA,GAAE,OAAO,QAAMA,GAAE,UAAQC,OAAIL,GAAE,QAAM,EAAEA,GAAE,OAAMI,GAAE,aAAYA,GAAE,UAAQC,IAAEA,EAAC,IAAG,EAAEL,EAAC,GAAEK,KAAED,GAAE,SAAQA,GAAE,YAAUA,GAAE,qBAAoB,GAAEA,IAAE,MAAIA,GAAE,OAAO,MAAMA,GAAE,OAAO,CAAC,GAAEA,GAAE;AAAU,YAAAA,GAAE,OAAO,QAAMA,GAAE,UAAQC,OAAIL,GAAE,QAAM,EAAEA,GAAE,OAAMI,GAAE,aAAYA,GAAE,UAAQC,IAAEA,EAAC,IAAGD,GAAE,YAAUA,GAAE,OAAO,MAAM,WAASA,GAAE,UAAQ,GAAEA,GAAE,SAAO;AAAA,UAAG,MAAM,CAAAA,GAAE,SAAO;AAAG,cAAG,OAAKA,GAAE,OAAO,KAAGA,GAAE,OAAO,MAAK;AAAC,YAAAC,KAAED,GAAE;AAAQ,eAAE;AAAC,kBAAGA,GAAE,YAAUA,GAAE,qBAAmBA,GAAE,OAAO,QAAMA,GAAE,UAAQC,OAAIL,GAAE,QAAM,EAAEA,GAAE,OAAMI,GAAE,aAAYA,GAAE,UAAQC,IAAEA,EAAC,IAAG,EAAEL,EAAC,GAAEK,KAAED,GAAE,SAAQA,GAAE,YAAUA,GAAE,mBAAkB;AAAC,gBAAAE,KAAE;AAAE;AAAA,cAAK;AAAC,cAAAA,KAAEF,GAAE,UAAQA,GAAE,OAAO,KAAK,SAAO,MAAIA,GAAE,OAAO,KAAK,WAAWA,GAAE,SAAS,IAAE,GAAE,EAAEA,IAAEE,EAAC;AAAA,YAAC,SAAO,MAAIA;AAAG,YAAAF,GAAE,OAAO,QAAMA,GAAE,UAAQC,OAAIL,GAAE,QAAM,EAAEA,GAAE,OAAMI,GAAE,aAAYA,GAAE,UAAQC,IAAEA,EAAC,IAAG,MAAIC,OAAIF,GAAE,UAAQ,GAAEA,GAAE,SAAO;AAAA,UAAG,MAAM,CAAAA,GAAE,SAAO;AAAG,cAAG,OAAKA,GAAE,OAAO,KAAGA,GAAE,OAAO,SAAQ;AAAC,YAAAC,KAAED,GAAE;AAAQ,eAAE;AAAC,kBAAGA,GAAE,YAAUA,GAAE,qBAAmBA,GAAE,OAAO,QAAMA,GAAE,UAAQC,OAAIL,GAAE,QAAM,EAAEA,GAAE,OAAMI,GAAE,aAAYA,GAAE,UAAQC,IAAEA,EAAC,IAAG,EAAEL,EAAC,GAAEK,KAAED,GAAE,SAAQA,GAAE,YAAUA,GAAE,mBAAkB;AAAC,gBAAAE,KAAE;AAAE;AAAA,cAAK;AAAC,cAAAA,KAAEF,GAAE,UAAQA,GAAE,OAAO,QAAQ,SAAO,MAAIA,GAAE,OAAO,QAAQ,WAAWA,GAAE,SAAS,IAAE,GAAE,EAAEA,IAAEE,EAAC;AAAA,YAAC,SAAO,MAAIA;AAAG,YAAAF,GAAE,OAAO,QAAMA,GAAE,UAAQC,OAAIL,GAAE,QAAM,EAAEA,GAAE,OAAMI,GAAE,aAAYA,GAAE,UAAQC,IAAEA,EAAC,IAAG,MAAIC,OAAIF,GAAE,SAAO;AAAA,UAAI,MAAM,CAAAA,GAAE,SAAO;AAAI,cAAG,QAAMA,GAAE,WAASA,GAAE,OAAO,QAAMA,GAAE,UAAQ,IAAEA,GAAE,oBAAkB,EAAEJ,EAAC,GAAEI,GAAE,UAAQ,KAAGA,GAAE,qBAAmB,EAAEA,IAAE,MAAIJ,GAAE,KAAK,GAAE,EAAEI,IAAEJ,GAAE,SAAO,IAAE,GAAG,GAAEA,GAAE,QAAM,GAAEI,GAAE,SAAO,MAAIA,GAAE,SAAO,IAAG,MAAIA,GAAE,SAAQ;AAAC,gBAAG,EAAEJ,EAAC,GAAE,MAAIA,GAAE,UAAU,QAAOI,GAAE,aAAW,IAAG;AAAA,UAAC,WAAS,MAAIJ,GAAE,YAAU,EAAEC,EAAC,KAAG,EAAEC,EAAC,KAAGD,OAAI,EAAE,QAAO,EAAED,IAAE,EAAE;AAAE,cAAG,QAAMI,GAAE,UAAQ,MAAIJ,GAAE,SAAS,QAAO,EAAEA,IAAE,EAAE;AAAE,cAAG,MAAIA,GAAE,YAAU,MAAII,GAAE,aAAWH,OAAI,KAAG,QAAMG,GAAE,QAAO;AAAC,gBAAII,KAAE,MAAIJ,GAAE,WAAS,SAASJ,IAAEC,IAAE;AAAC,uBAAQC,QAAI;AAAC,oBAAG,MAAIF,GAAE,cAAY,EAAEA,EAAC,GAAE,MAAIA,GAAE,YAAW;AAAC,sBAAGC,OAAI,EAAE,QAAO;AAAE;AAAA,gBAAK;AAAC,oBAAGD,GAAE,eAAa,GAAEE,KAAE,EAAE,UAAUF,IAAE,GAAEA,GAAE,OAAOA,GAAE,QAAQ,CAAC,GAAEA,GAAE,aAAYA,GAAE,YAAWE,OAAI,EAAEF,IAAE,KAAE,GAAE,MAAIA,GAAE,KAAK,WAAW,QAAO;AAAA,cAAC;AAAC,qBAAOA,GAAE,SAAO,GAAEC,OAAI,KAAG,EAAED,IAAE,IAAE,GAAE,MAAIA,GAAE,KAAK,YAAU,IAAE,KAAGA,GAAE,aAAW,EAAEA,IAAE,KAAE,GAAE,MAAIA,GAAE,KAAK,aAAW,IAAE;AAAA,YAAC,EAAEI,IAAEH,EAAC,IAAE,MAAIG,GAAE,WAAS,SAASJ,IAAEC,IAAE;AAAC,uBAAQC,IAAEE,IAAEC,IAAEC,IAAEC,KAAEP,GAAE,YAAS;AAAC,oBAAGA,GAAE,aAAW,GAAE;AAAC,sBAAG,EAAEA,EAAC,GAAEA,GAAE,aAAW,KAAGC,OAAI,EAAE,QAAO;AAAE,sBAAG,MAAID,GAAE,UAAU;AAAA,gBAAK;AAAC,oBAAGA,GAAE,eAAa,GAAEA,GAAE,aAAW,KAAG,IAAEA,GAAE,aAAWI,KAAEG,GAAEF,KAAEL,GAAE,WAAS,CAAC,OAAKO,GAAE,EAAEF,EAAC,KAAGD,OAAIG,GAAE,EAAEF,EAAC,KAAGD,OAAIG,GAAE,EAAEF,EAAC,GAAE;AAAC,kBAAAC,KAAEN,GAAE,WAAS;AAAE,qBAAE;AAAA,kBAAC,SAAOI,OAAIG,GAAE,EAAEF,EAAC,KAAGD,OAAIG,GAAE,EAAEF,EAAC,KAAGD,OAAIG,GAAE,EAAEF,EAAC,KAAGD,OAAIG,GAAE,EAAEF,EAAC,KAAGD,OAAIG,GAAE,EAAEF,EAAC,KAAGD,OAAIG,GAAE,EAAEF,EAAC,KAAGD,OAAIG,GAAE,EAAEF,EAAC,KAAGD,OAAIG,GAAE,EAAEF,EAAC,KAAGA,KAAEC;AAAG,kBAAAN,GAAE,eAAa,KAAGM,KAAED,KAAGL,GAAE,eAAaA,GAAE,cAAYA,GAAE,eAAaA,GAAE;AAAA,gBAAU;AAAC,oBAAGA,GAAE,gBAAc,KAAGE,KAAE,EAAE,UAAUF,IAAE,GAAEA,GAAE,eAAa,CAAC,GAAEA,GAAE,aAAWA,GAAE,cAAaA,GAAE,YAAUA,GAAE,cAAaA,GAAE,eAAa,MAAIE,KAAE,EAAE,UAAUF,IAAE,GAAEA,GAAE,OAAOA,GAAE,QAAQ,CAAC,GAAEA,GAAE,aAAYA,GAAE,aAAYE,OAAI,EAAEF,IAAE,KAAE,GAAE,MAAIA,GAAE,KAAK,WAAW,QAAO;AAAA,cAAC;AAAC,qBAAOA,GAAE,SAAO,GAAEC,OAAI,KAAG,EAAED,IAAE,IAAE,GAAE,MAAIA,GAAE,KAAK,YAAU,IAAE,KAAGA,GAAE,aAAW,EAAEA,IAAE,KAAE,GAAE,MAAIA,GAAE,KAAK,aAAW,IAAE;AAAA,YAAC,EAAEI,IAAEH,EAAC,IAAE,EAAEG,GAAE,KAAK,EAAE,KAAKA,IAAEH,EAAC;AAAE,gBAAGO,OAAI,KAAGA,OAAI,MAAIJ,GAAE,SAAO,MAAKI,OAAI,KAAGA,OAAI,EAAE,QAAO,MAAIR,GAAE,cAAYI,GAAE,aAAW,KAAI;AAAE,gBAAGI,OAAI,MAAI,MAAIP,KAAE,EAAE,UAAUG,EAAC,IAAE,MAAIH,OAAI,EAAE,iBAAiBG,IAAE,GAAE,GAAE,KAAE,GAAE,MAAIH,OAAI,EAAEG,GAAE,IAAI,GAAE,MAAIA,GAAE,cAAYA,GAAE,WAAS,GAAEA,GAAE,cAAY,GAAEA,GAAE,SAAO,MAAK,EAAEJ,EAAC,GAAE,MAAIA,GAAE,WAAW,QAAOI,GAAE,aAAW,IAAG;AAAA,UAAC;AAAC,iBAAOH,OAAI,IAAE,IAAEG,GAAE,QAAM,IAAE,KAAG,MAAIA,GAAE,QAAM,EAAEA,IAAE,MAAIJ,GAAE,KAAK,GAAE,EAAEI,IAAEJ,GAAE,SAAO,IAAE,GAAG,GAAE,EAAEI,IAAEJ,GAAE,SAAO,KAAG,GAAG,GAAE,EAAEI,IAAEJ,GAAE,SAAO,KAAG,GAAG,GAAE,EAAEI,IAAE,MAAIJ,GAAE,QAAQ,GAAE,EAAEI,IAAEJ,GAAE,YAAU,IAAE,GAAG,GAAE,EAAEI,IAAEJ,GAAE,YAAU,KAAG,GAAG,GAAE,EAAEI,IAAEJ,GAAE,YAAU,KAAG,GAAG,MAAI,EAAEI,IAAEJ,GAAE,UAAQ,EAAE,GAAE,EAAEI,IAAE,QAAMJ,GAAE,KAAK,IAAG,EAAEA,EAAC,GAAE,IAAEI,GAAE,SAAOA,GAAE,OAAK,CAACA,GAAE,OAAM,MAAIA,GAAE,UAAQ,IAAE;AAAA,QAAE,GAAE,EAAE,aAAW,SAASJ,IAAE;AAAC,cAAIC;AAAE,iBAAOD,MAAGA,GAAE,SAAOC,KAAED,GAAE,MAAM,YAAU,KAAG,OAAKC,MAAG,OAAKA,MAAG,OAAKA,MAAG,QAAMA,MAAGA,OAAI,KAAG,QAAMA,KAAE,EAAED,IAAE,CAAC,KAAGA,GAAE,QAAM,MAAKC,OAAI,IAAE,EAAED,IAAE,EAAE,IAAE,KAAG;AAAA,QAAC,GAAE,EAAE,uBAAqB,SAASA,IAAEC,IAAE;AAAC,cAAIC,IAAEE,IAAEC,IAAEC,IAAEC,IAAEC,IAAEC,IAAEC,IAAEC,KAAEV,GAAE;AAAO,cAAG,CAACD,MAAG,CAACA,GAAE,MAAM,QAAO;AAAE,cAAG,OAAKM,MAAGJ,KAAEF,GAAE,OAAO,SAAO,MAAIM,MAAGJ,GAAE,WAAS,KAAGA,GAAE,UAAU,QAAO;AAAE,eAAI,MAAII,OAAIN,GAAE,QAAM,EAAEA,GAAE,OAAMC,IAAEU,IAAE,CAAC,IAAGT,GAAE,OAAK,GAAES,MAAGT,GAAE,WAAS,MAAII,OAAI,EAAEJ,GAAE,IAAI,GAAEA,GAAE,WAAS,GAAEA,GAAE,cAAY,GAAEA,GAAE,SAAO,IAAGQ,KAAE,IAAI,EAAE,KAAKR,GAAE,MAAM,GAAE,EAAE,SAASQ,IAAET,IAAEU,KAAET,GAAE,QAAOA,GAAE,QAAO,CAAC,GAAED,KAAES,IAAEC,KAAET,GAAE,SAAQK,KAAEP,GAAE,UAASQ,KAAER,GAAE,SAAQS,KAAET,GAAE,OAAMA,GAAE,WAASW,IAAEX,GAAE,UAAQ,GAAEA,GAAE,QAAMC,IAAE,EAAEC,EAAC,GAAEA,GAAE,aAAW,KAAG;AAAC,iBAAIE,KAAEF,GAAE,UAASG,KAAEH,GAAE,aAAW,IAAE,IAAGA,GAAE,SAAOA,GAAE,SAAOA,GAAE,aAAWA,GAAE,OAAOE,KAAE,IAAE,CAAC,KAAGF,GAAE,WAAUA,GAAE,KAAKE,KAAEF,GAAE,MAAM,IAAEA,GAAE,KAAKA,GAAE,KAAK,GAAEA,GAAE,KAAKA,GAAE,KAAK,IAAEE,IAAEA,MAAI,EAAEC,KAAG;AAAC,YAAAH,GAAE,WAASE,IAAEF,GAAE,YAAU,IAAE,GAAE,EAAEA,EAAC;AAAA,UAAC;AAAC,iBAAOA,GAAE,YAAUA,GAAE,WAAUA,GAAE,cAAYA,GAAE,UAASA,GAAE,SAAOA,GAAE,WAAUA,GAAE,YAAU,GAAEA,GAAE,eAAaA,GAAE,cAAY,IAAE,GAAEA,GAAE,kBAAgB,GAAEF,GAAE,UAAQQ,IAAER,GAAE,QAAMS,IAAET,GAAE,WAASO,IAAEL,GAAE,OAAKI,IAAE;AAAA,QAAC,GAAE,EAAE,cAAY;AAAA,MAAoC,GAAE,EAAC,mBAAkB,IAAG,aAAY,IAAG,WAAU,IAAG,cAAa,IAAG,WAAU,GAAE,CAAC,GAAE,IAAG,CAAC,SAAS,GAAE,GAAE,GAAE;AAAC;AAAa,UAAE,UAAQ,WAAU;AAAC,eAAK,OAAK,GAAE,KAAK,OAAK,GAAE,KAAK,SAAO,GAAE,KAAK,KAAG,GAAE,KAAK,QAAM,MAAK,KAAK,YAAU,GAAE,KAAK,OAAK,IAAG,KAAK,UAAQ,IAAG,KAAK,OAAK,GAAE,KAAK,OAAK;AAAA,QAAE;AAAA,MAAC,GAAE,CAAC,CAAC,GAAE,IAAG,CAAC,SAAS,GAAE,GAAE,GAAE;AAAC;AAAa,UAAE,UAAQ,SAASN,IAAEC,IAAE;AAAC,cAAIC,IAAE,GAAE,GAAE,GAAE,GAAE,GAAE,GAAE,GAAE,GAAE,GAAE,GAAE,GAAE,GAAE,GAAE,GAAE,GAAE,GAAE,GAAE,GAAE,GAAE,GAAE,GAAE,GAAE,GAAE;AAAE,UAAAA,KAAEF,GAAE,OAAM,IAAEA,GAAE,SAAQ,IAAEA,GAAE,OAAM,IAAE,KAAGA,GAAE,WAAS,IAAG,IAAEA,GAAE,UAAS,IAAEA,GAAE,QAAO,IAAE,KAAGC,KAAED,GAAE,YAAW,IAAE,KAAGA,GAAE,YAAU,MAAK,IAAEE,GAAE,MAAK,IAAEA,GAAE,OAAM,IAAEA,GAAE,OAAM,IAAEA,GAAE,OAAM,IAAEA,GAAE,QAAO,IAAEA,GAAE,MAAK,IAAEA,GAAE,MAAK,IAAEA,GAAE,SAAQ,IAAEA,GAAE,UAAS,KAAG,KAAGA,GAAE,WAAS,GAAE,KAAG,KAAGA,GAAE,YAAU;AAAE,YAAE,IAAE;AAAC,gBAAE,OAAK,KAAG,EAAE,GAAG,KAAG,GAAE,KAAG,GAAE,KAAG,EAAE,GAAG,KAAG,GAAE,KAAG,IAAG,IAAE,EAAE,IAAE,CAAC;AAAE,cAAE,YAAO;AAAC,kBAAG,OAAK,IAAE,MAAI,IAAG,KAAG,GAAE,OAAK,IAAE,MAAI,KAAG,KAAK,GAAE,GAAG,IAAE,QAAM;AAAA,mBAAM;AAAC,oBAAG,EAAE,KAAG,IAAG;AAAC,sBAAG,MAAI,KAAG,IAAG;AAAC,wBAAE,GAAG,QAAM,MAAI,KAAG,KAAG,KAAG,EAAE;AAAE,6BAAS;AAAA,kBAAC;AAAC,sBAAG,KAAG,GAAE;AAAC,oBAAAA,GAAE,OAAK;AAAG,0BAAM;AAAA,kBAAC;AAAC,kBAAAF,GAAE,MAAI,+BAA8BE,GAAE,OAAK;AAAG,wBAAM;AAAA,gBAAC;AAAC,oBAAE,QAAM,IAAG,KAAG,QAAM,IAAE,MAAI,KAAG,EAAE,GAAG,KAAG,GAAE,KAAG,IAAG,KAAG,KAAG,KAAG,KAAG,GAAE,OAAK,GAAE,KAAG,IAAG,IAAE,OAAK,KAAG,EAAE,GAAG,KAAG,GAAE,KAAG,GAAE,KAAG,EAAE,GAAG,KAAG,GAAE,KAAG,IAAG,IAAE,EAAE,IAAE,CAAC;AAAE,kBAAE,YAAO;AAAC,sBAAG,OAAK,IAAE,MAAI,IAAG,KAAG,GAAE,EAAE,MAAI,IAAE,MAAI,KAAG,OAAM;AAAC,wBAAG,MAAI,KAAG,IAAG;AAAC,0BAAE,GAAG,QAAM,MAAI,KAAG,KAAG,KAAG,EAAE;AAAE,+BAAS;AAAA,oBAAC;AAAC,oBAAAF,GAAE,MAAI,yBAAwBE,GAAE,OAAK;AAAG,0BAAM;AAAA,kBAAC;AAAC,sBAAG,IAAE,QAAM,GAAE,KAAG,KAAG,QAAM,KAAG,EAAE,GAAG,KAAG,IAAG,KAAG,KAAG,MAAI,KAAG,EAAE,GAAG,KAAG,GAAE,KAAG,KAAI,KAAG,KAAG,KAAG,KAAG,KAAG,IAAG;AAAC,oBAAAF,GAAE,MAAI,iCAAgCE,GAAE,OAAK;AAAG,0BAAM;AAAA,kBAAC;AAAC,sBAAG,OAAK,GAAE,KAAG,IAAG,IAAE,IAAE,KAAG,GAAE;AAAC,wBAAG,KAAG,IAAE,IAAE,MAAIA,GAAE,MAAK;AAAC,sBAAAF,GAAE,MAAI,iCAAgCE,GAAE,OAAK;AAAG,4BAAM;AAAA,oBAAC;AAAC,wBAAG,IAAE,IAAG,IAAE,OAAK,GAAE;AAAC,0BAAG,KAAG,IAAE,GAAE,IAAE,GAAE;AAAC,6BAAI,KAAG,GAAE,EAAE,GAAG,IAAE,EAAE,GAAG,GAAE,EAAE,IAAG;AAAC,4BAAE,IAAE,GAAE,IAAE;AAAA,sBAAC;AAAA,oBAAC,WAAS,IAAE,GAAE;AAAC,0BAAG,KAAG,IAAE,IAAE,IAAG,KAAG,KAAG,GAAE;AAAC,6BAAI,KAAG,GAAE,EAAE,GAAG,IAAE,EAAE,GAAG,GAAE,EAAE,IAAG;AAAC,4BAAG,IAAE,GAAE,IAAE,GAAE;AAAC,+BAAI,KAAG,IAAE,GAAE,EAAE,GAAG,IAAE,EAAE,GAAG,GAAE,EAAE,IAAG;AAAC,8BAAE,IAAE,GAAE,IAAE;AAAA,wBAAC;AAAA,sBAAC;AAAA,oBAAC,WAAS,KAAG,IAAE,GAAE,IAAE,GAAE;AAAC,2BAAI,KAAG,GAAE,EAAE,GAAG,IAAE,EAAE,GAAG,GAAE,EAAE,IAAG;AAAC,0BAAE,IAAE,GAAE,IAAE;AAAA,oBAAC;AAAC,2BAAK,IAAE,IAAG,GAAE,GAAG,IAAE,EAAE,GAAG,GAAE,EAAE,GAAG,IAAE,EAAE,GAAG,GAAE,EAAE,GAAG,IAAE,EAAE,GAAG,GAAE,KAAG;AAAE,0BAAI,EAAE,GAAG,IAAE,EAAE,GAAG,GAAE,IAAE,MAAI,EAAE,GAAG,IAAE,EAAE,GAAG;AAAA,kBAAG,OAAK;AAAC,yBAAI,IAAE,IAAE,GAAE,EAAE,GAAG,IAAE,EAAE,GAAG,GAAE,EAAE,GAAG,IAAE,EAAE,GAAG,GAAE,EAAE,GAAG,IAAE,EAAE,GAAG,GAAE,KAAG,KAAG,KAAI;AAAC,0BAAI,EAAE,GAAG,IAAE,EAAE,GAAG,GAAE,IAAE,MAAI,EAAE,GAAG,IAAE,EAAE,GAAG;AAAA,kBAAG;AAAC;AAAA,gBAAK;AAAA,cAAC;AAAC;AAAA,YAAK;AAAA,UAAC,SAAO,IAAE,KAAG,IAAE;AAAG,eAAG,IAAE,KAAG,GAAE,MAAI,MAAI,KAAG,KAAG,MAAI,GAAEF,GAAE,UAAQ,GAAEA,GAAE,WAAS,GAAEA,GAAE,WAAS,IAAE,IAAE,IAAE,IAAE,IAAE,KAAG,IAAE,IAAGA,GAAE,YAAU,IAAE,IAAE,IAAE,IAAE,MAAI,OAAK,IAAE,IAAGE,GAAE,OAAK,GAAEA,GAAE,OAAK;AAAA,QAAC;AAAA,MAAC,GAAE,CAAC,CAAC,GAAE,IAAG,CAAC,SAAS,GAAE,GAAE,GAAE;AAAC;AAAa,YAAI,IAAE,EAAE,iBAAiB,GAAE,IAAE,EAAE,WAAW,GAAE,IAAE,EAAE,SAAS,GAAE,IAAE,EAAE,WAAW,GAAE,IAAE,EAAE,YAAY,GAAE,IAAE,GAAE,IAAE,GAAE,IAAE,GAAE,IAAE,IAAG,IAAE,GAAE,IAAE,KAAI,IAAE;AAAI,iBAAS,EAAEF,IAAE;AAAC,kBAAOA,OAAI,KAAG,QAAMA,OAAI,IAAE,WAAS,QAAMA,OAAI,OAAK,MAAIA,OAAI;AAAA,QAAG;AAAC,iBAAS,IAAG;AAAC,eAAK,OAAK,GAAE,KAAK,OAAK,OAAG,KAAK,OAAK,GAAE,KAAK,WAAS,OAAG,KAAK,QAAM,GAAE,KAAK,OAAK,GAAE,KAAK,QAAM,GAAE,KAAK,QAAM,GAAE,KAAK,OAAK,MAAK,KAAK,QAAM,GAAE,KAAK,QAAM,GAAE,KAAK,QAAM,GAAE,KAAK,QAAM,GAAE,KAAK,SAAO,MAAK,KAAK,OAAK,GAAE,KAAK,OAAK,GAAE,KAAK,SAAO,GAAE,KAAK,SAAO,GAAE,KAAK,QAAM,GAAE,KAAK,UAAQ,MAAK,KAAK,WAAS,MAAK,KAAK,UAAQ,GAAE,KAAK,WAAS,GAAE,KAAK,QAAM,GAAE,KAAK,OAAK,GAAE,KAAK,QAAM,GAAE,KAAK,OAAK,GAAE,KAAK,OAAK,MAAK,KAAK,OAAK,IAAI,EAAE,MAAM,GAAG,GAAE,KAAK,OAAK,IAAI,EAAE,MAAM,GAAG,GAAE,KAAK,SAAO,MAAK,KAAK,UAAQ,MAAK,KAAK,OAAK,GAAE,KAAK,OAAK,GAAE,KAAK,MAAI;AAAA,QAAC;AAAC,iBAAS,EAAEA,IAAE;AAAC,cAAIC;AAAE,iBAAOD,MAAGA,GAAE,SAAOC,KAAED,GAAE,OAAMA,GAAE,WAASA,GAAE,YAAUC,GAAE,QAAM,GAAED,GAAE,MAAI,IAAGC,GAAE,SAAOD,GAAE,QAAM,IAAEC,GAAE,OAAMA,GAAE,OAAK,GAAEA,GAAE,OAAK,GAAEA,GAAE,WAAS,GAAEA,GAAE,OAAK,OAAMA,GAAE,OAAK,MAAKA,GAAE,OAAK,GAAEA,GAAE,OAAK,GAAEA,GAAE,UAAQA,GAAE,SAAO,IAAI,EAAE,MAAM,CAAC,GAAEA,GAAE,WAASA,GAAE,UAAQ,IAAI,EAAE,MAAM,CAAC,GAAEA,GAAE,OAAK,GAAEA,GAAE,OAAK,IAAG,KAAG;AAAA,QAAC;AAAC,iBAAS,EAAED,IAAE;AAAC,cAAIC;AAAE,iBAAOD,MAAGA,GAAE,UAAQC,KAAED,GAAE,OAAO,QAAM,GAAEC,GAAE,QAAM,GAAEA,GAAE,QAAM,GAAE,EAAED,EAAC,KAAG;AAAA,QAAC;AAAC,iBAAS,EAAEA,IAAEC,IAAE;AAAC,cAAIC,IAAEE;AAAE,iBAAOJ,MAAGA,GAAE,SAAOI,KAAEJ,GAAE,OAAMC,KAAE,KAAGC,KAAE,GAAED,KAAE,CAACA,OAAIC,KAAE,KAAGD,MAAG,IAAGA,KAAE,OAAKA,MAAG,MAAKA,OAAIA,KAAE,KAAG,KAAGA,MAAG,KAAG,SAAOG,GAAE,UAAQA,GAAE,UAAQH,OAAIG,GAAE,SAAO,OAAMA,GAAE,OAAKF,IAAEE,GAAE,QAAMH,IAAE,EAAED,EAAC,MAAI;AAAA,QAAC;AAAC,iBAAS,EAAEA,IAAEC,IAAE;AAAC,cAAIC,IAAEE;AAAE,iBAAOJ,MAAGI,KAAE,IAAI,MAAGJ,GAAE,QAAMI,IAAG,SAAO,OAAMF,KAAE,EAAEF,IAAEC,EAAC,OAAK,MAAID,GAAE,QAAM,OAAME,MAAG;AAAA,QAAC;AAAC,YAAI,GAAE,GAAE,IAAE;AAAG,iBAAS,EAAEF,IAAE;AAAC,cAAG,GAAE;AAAC,gBAAIC;AAAE,iBAAI,IAAE,IAAI,EAAE,MAAM,GAAG,GAAE,IAAE,IAAI,EAAE,MAAM,EAAE,GAAEA,KAAE,GAAEA,KAAE,MAAK,CAAAD,GAAE,KAAKC,IAAG,IAAE;AAAE,mBAAKA,KAAE,MAAK,CAAAD,GAAE,KAAKC,IAAG,IAAE;AAAE,mBAAKA,KAAE,MAAK,CAAAD,GAAE,KAAKC,IAAG,IAAE;AAAE,mBAAKA,KAAE,MAAK,CAAAD,GAAE,KAAKC,IAAG,IAAE;AAAE,iBAAI,EAAE,GAAED,GAAE,MAAK,GAAE,KAAI,GAAE,GAAEA,GAAE,MAAK,EAAC,MAAK,EAAC,CAAC,GAAEC,KAAE,GAAEA,KAAE,KAAI,CAAAD,GAAE,KAAKC,IAAG,IAAE;AAAE,cAAE,GAAED,GAAE,MAAK,GAAE,IAAG,GAAE,GAAEA,GAAE,MAAK,EAAC,MAAK,EAAC,CAAC,GAAE,IAAE;AAAA,UAAE;AAAC,UAAAA,GAAE,UAAQ,GAAEA,GAAE,UAAQ,GAAEA,GAAE,WAAS,GAAEA,GAAE,WAAS;AAAA,QAAC;AAAC,iBAAS,EAAEA,IAAEC,IAAEC,IAAEE,IAAE;AAAC,cAAIC,IAAEC,KAAEN,GAAE;AAAM,iBAAO,SAAOM,GAAE,WAASA,GAAE,QAAM,KAAGA,GAAE,OAAMA,GAAE,QAAM,GAAEA,GAAE,QAAM,GAAEA,GAAE,SAAO,IAAI,EAAE,KAAKA,GAAE,KAAK,IAAGF,MAAGE,GAAE,SAAO,EAAE,SAASA,GAAE,QAAOL,IAAEC,KAAEI,GAAE,OAAMA,GAAE,OAAM,CAAC,GAAEA,GAAE,QAAM,GAAEA,GAAE,QAAMA,GAAE,UAAQF,MAAGC,KAAEC,GAAE,QAAMA,GAAE,WAASD,KAAED,KAAG,EAAE,SAASE,GAAE,QAAOL,IAAEC,KAAEE,IAAEC,IAAEC,GAAE,KAAK,IAAGF,MAAGC,OAAI,EAAE,SAASC,GAAE,QAAOL,IAAEC,KAAEE,IAAEA,IAAE,CAAC,GAAEE,GAAE,QAAMF,IAAEE,GAAE,QAAMA,GAAE,UAAQA,GAAE,SAAOD,IAAEC,GAAE,UAAQA,GAAE,UAAQA,GAAE,QAAM,IAAGA,GAAE,QAAMA,GAAE,UAAQA,GAAE,SAAOD,OAAK;AAAA,QAAC;AAAC,UAAE,eAAa,GAAE,EAAE,gBAAc,GAAE,EAAE,mBAAiB,GAAE,EAAE,cAAY,SAASL,IAAE;AAAC,iBAAO,EAAEA,IAAE,EAAE;AAAA,QAAC,GAAE,EAAE,eAAa,GAAE,EAAE,UAAQ,SAASA,IAAEC,IAAE;AAAC,cAAIC,IAAEE,IAAEC,IAAEC,IAAEC,IAAEC,IAAEC,IAAEC,IAAEC,IAAEC,IAAET,IAAE,GAAE,GAAE,GAAE,GAAE,GAAE,GAAE,GAAE,GAAE,GAAE,GAAE,GAAE,GAAE,GAAE,IAAE,GAAE,IAAE,IAAI,EAAE,KAAK,CAAC,GAAE,IAAE,CAAC,IAAG,IAAG,IAAG,GAAE,GAAE,GAAE,GAAE,GAAE,IAAG,GAAE,IAAG,GAAE,IAAG,GAAE,IAAG,GAAE,IAAG,GAAE,EAAE;AAAE,cAAG,CAACH,MAAG,CAACA,GAAE,SAAO,CAACA,GAAE,UAAQ,CAACA,GAAE,SAAO,MAAIA,GAAE,SAAS,QAAO;AAAE,kBAAME,KAAEF,GAAE,OAAO,SAAOE,GAAE,OAAK,KAAIK,KAAEP,GAAE,UAASK,KAAEL,GAAE,QAAOS,KAAET,GAAE,WAAUM,KAAEN,GAAE,SAAQI,KAAEJ,GAAE,OAAMQ,KAAER,GAAE,UAASU,KAAER,GAAE,MAAKS,KAAET,GAAE,MAAKU,KAAEJ,IAAEL,KAAEM,IAAE,IAAE;AAAE,YAAE,WAAO,SAAOP,GAAE,MAAK;AAAA,YAAC,KAAK;AAAE,kBAAG,MAAIA,GAAE,MAAK;AAAC,gBAAAA,GAAE,OAAK;AAAG;AAAA,cAAK;AAAC,qBAAKS,KAAE,MAAI;AAAC,oBAAG,MAAIH,GAAE,OAAM;AAAE,gBAAAA,MAAIE,MAAGN,GAAEE,IAAG,KAAGK,IAAEA,MAAG;AAAA,cAAC;AAAC,kBAAG,IAAET,GAAE,QAAM,UAAQQ,IAAE;AAAC,kBAAER,GAAE,QAAM,CAAC,IAAE,MAAIQ,IAAE,EAAE,CAAC,IAAEA,OAAI,IAAE,KAAIR,GAAE,QAAM,EAAEA,GAAE,OAAM,GAAE,GAAE,CAAC,GAAES,KAAED,KAAE,GAAER,GAAE,OAAK;AAAE;AAAA,cAAK;AAAC,kBAAGA,GAAE,QAAM,GAAEA,GAAE,SAAOA,GAAE,KAAK,OAAK,QAAI,EAAE,IAAEA,GAAE,YAAU,MAAIQ,OAAI,MAAIA,MAAG,MAAI,IAAG;AAAC,gBAAAV,GAAE,MAAI,0BAAyBE,GAAE,OAAK;AAAG;AAAA,cAAK;AAAC,kBAAG,MAAI,KAAGQ,KAAG;AAAC,gBAAAV,GAAE,MAAI,8BAA6BE,GAAE,OAAK;AAAG;AAAA,cAAK;AAAC,kBAAGS,MAAG,GAAE,IAAE,KAAG,MAAID,QAAK,KAAI,MAAIR,GAAE,MAAM,CAAAA,GAAE,QAAM;AAAA,uBAAU,IAAEA,GAAE,OAAM;AAAC,gBAAAF,GAAE,MAAI,uBAAsBE,GAAE,OAAK;AAAG;AAAA,cAAK;AAAC,cAAAA,GAAE,OAAK,KAAG,GAAEF,GAAE,QAAME,GAAE,QAAM,GAAEA,GAAE,OAAK,MAAIQ,KAAE,KAAG,IAAGC,KAAED,KAAE;AAAE;AAAA,YAAM,KAAK;AAAE,qBAAKC,KAAE,MAAI;AAAC,oBAAG,MAAIH,GAAE,OAAM;AAAE,gBAAAA,MAAIE,MAAGN,GAAEE,IAAG,KAAGK,IAAEA,MAAG;AAAA,cAAC;AAAC,kBAAGT,GAAE,QAAMQ,IAAE,MAAI,MAAIR,GAAE,QAAO;AAAC,gBAAAF,GAAE,MAAI,8BAA6BE,GAAE,OAAK;AAAG;AAAA,cAAK;AAAC,kBAAG,QAAMA,GAAE,OAAM;AAAC,gBAAAF,GAAE,MAAI,4BAA2BE,GAAE,OAAK;AAAG;AAAA,cAAK;AAAC,cAAAA,GAAE,SAAOA,GAAE,KAAK,OAAKQ,MAAG,IAAE,IAAG,MAAIR,GAAE,UAAQ,EAAE,CAAC,IAAE,MAAIQ,IAAE,EAAE,CAAC,IAAEA,OAAI,IAAE,KAAIR,GAAE,QAAM,EAAEA,GAAE,OAAM,GAAE,GAAE,CAAC,IAAGS,KAAED,KAAE,GAAER,GAAE,OAAK;AAAA,YAAE,KAAK;AAAE,qBAAKS,KAAE,MAAI;AAAC,oBAAG,MAAIH,GAAE,OAAM;AAAE,gBAAAA,MAAIE,MAAGN,GAAEE,IAAG,KAAGK,IAAEA,MAAG;AAAA,cAAC;AAAC,cAAAT,GAAE,SAAOA,GAAE,KAAK,OAAKQ,KAAG,MAAIR,GAAE,UAAQ,EAAE,CAAC,IAAE,MAAIQ,IAAE,EAAE,CAAC,IAAEA,OAAI,IAAE,KAAI,EAAE,CAAC,IAAEA,OAAI,KAAG,KAAI,EAAE,CAAC,IAAEA,OAAI,KAAG,KAAIR,GAAE,QAAM,EAAEA,GAAE,OAAM,GAAE,GAAE,CAAC,IAAGS,KAAED,KAAE,GAAER,GAAE,OAAK;AAAA,YAAE,KAAK;AAAE,qBAAKS,KAAE,MAAI;AAAC,oBAAG,MAAIH,GAAE,OAAM;AAAE,gBAAAA,MAAIE,MAAGN,GAAEE,IAAG,KAAGK,IAAEA,MAAG;AAAA,cAAC;AAAC,cAAAT,GAAE,SAAOA,GAAE,KAAK,SAAO,MAAIQ,IAAER,GAAE,KAAK,KAAGQ,MAAG,IAAG,MAAIR,GAAE,UAAQ,EAAE,CAAC,IAAE,MAAIQ,IAAE,EAAE,CAAC,IAAEA,OAAI,IAAE,KAAIR,GAAE,QAAM,EAAEA,GAAE,OAAM,GAAE,GAAE,CAAC,IAAGS,KAAED,KAAE,GAAER,GAAE,OAAK;AAAA,YAAE,KAAK;AAAE,kBAAG,OAAKA,GAAE,OAAM;AAAC,uBAAKS,KAAE,MAAI;AAAC,sBAAG,MAAIH,GAAE,OAAM;AAAE,kBAAAA,MAAIE,MAAGN,GAAEE,IAAG,KAAGK,IAAEA,MAAG;AAAA,gBAAC;AAAC,gBAAAT,GAAE,SAAOQ,IAAER,GAAE,SAAOA,GAAE,KAAK,YAAUQ,KAAG,MAAIR,GAAE,UAAQ,EAAE,CAAC,IAAE,MAAIQ,IAAE,EAAE,CAAC,IAAEA,OAAI,IAAE,KAAIR,GAAE,QAAM,EAAEA,GAAE,OAAM,GAAE,GAAE,CAAC,IAAGS,KAAED,KAAE;AAAA,cAAC,MAAM,CAAAR,GAAE,SAAOA,GAAE,KAAK,QAAM;AAAM,cAAAA,GAAE,OAAK;AAAA,YAAE,KAAK;AAAE,kBAAG,OAAKA,GAAE,UAAQM,MAAG,IAAEN,GAAE,YAAU,IAAEM,KAAG,MAAIN,GAAE,SAAO,IAAEA,GAAE,KAAK,YAAUA,GAAE,QAAOA,GAAE,KAAK,UAAQA,GAAE,KAAK,QAAM,IAAI,MAAMA,GAAE,KAAK,SAAS,IAAG,EAAE,SAASA,GAAE,KAAK,OAAME,IAAEE,IAAE,GAAE,CAAC,IAAG,MAAIJ,GAAE,UAAQA,GAAE,QAAM,EAAEA,GAAE,OAAME,IAAE,GAAEE,EAAC,IAAGE,MAAG,GAAEF,MAAG,GAAEJ,GAAE,UAAQ,IAAGA,GAAE,QAAQ,OAAM;AAAE,cAAAA,GAAE,SAAO,GAAEA,GAAE,OAAK;AAAA,YAAE,KAAK;AAAE,kBAAG,OAAKA,GAAE,OAAM;AAAC,oBAAG,MAAIM,GAAE,OAAM;AAAE,qBAAI,IAAE,GAAE,IAAEJ,GAAEE,KAAE,GAAG,GAAEJ,GAAE,QAAM,KAAGA,GAAE,SAAO,UAAQA,GAAE,KAAK,QAAM,OAAO,aAAa,CAAC,IAAG,KAAG,IAAEM,KAAG;AAAC,oBAAG,MAAIN,GAAE,UAAQA,GAAE,QAAM,EAAEA,GAAE,OAAME,IAAE,GAAEE,EAAC,IAAGE,MAAG,GAAEF,MAAG,GAAE,EAAE,OAAM;AAAA,cAAC,MAAM,CAAAJ,GAAE,SAAOA,GAAE,KAAK,OAAK;AAAM,cAAAA,GAAE,SAAO,GAAEA,GAAE,OAAK;AAAA,YAAE,KAAK;AAAE,kBAAG,OAAKA,GAAE,OAAM;AAAC,oBAAG,MAAIM,GAAE,OAAM;AAAE,qBAAI,IAAE,GAAE,IAAEJ,GAAEE,KAAE,GAAG,GAAEJ,GAAE,QAAM,KAAGA,GAAE,SAAO,UAAQA,GAAE,KAAK,WAAS,OAAO,aAAa,CAAC,IAAG,KAAG,IAAEM,KAAG;AAAC,oBAAG,MAAIN,GAAE,UAAQA,GAAE,QAAM,EAAEA,GAAE,OAAME,IAAE,GAAEE,EAAC,IAAGE,MAAG,GAAEF,MAAG,GAAE,EAAE,OAAM;AAAA,cAAC,MAAM,CAAAJ,GAAE,SAAOA,GAAE,KAAK,UAAQ;AAAM,cAAAA,GAAE,OAAK;AAAA,YAAE,KAAK;AAAE,kBAAG,MAAIA,GAAE,OAAM;AAAC,uBAAKS,KAAE,MAAI;AAAC,sBAAG,MAAIH,GAAE,OAAM;AAAE,kBAAAA,MAAIE,MAAGN,GAAEE,IAAG,KAAGK,IAAEA,MAAG;AAAA,gBAAC;AAAC,oBAAGD,QAAK,QAAMR,GAAE,QAAO;AAAC,kBAAAF,GAAE,MAAI,uBAAsBE,GAAE,OAAK;AAAG;AAAA,gBAAK;AAAC,gBAAAS,KAAED,KAAE;AAAA,cAAC;AAAC,cAAAR,GAAE,SAAOA,GAAE,KAAK,OAAKA,GAAE,SAAO,IAAE,GAAEA,GAAE,KAAK,OAAK,OAAIF,GAAE,QAAME,GAAE,QAAM,GAAEA,GAAE,OAAK;AAAG;AAAA,YAAM,KAAK;AAAG,qBAAKS,KAAE,MAAI;AAAC,oBAAG,MAAIH,GAAE,OAAM;AAAE,gBAAAA,MAAIE,MAAGN,GAAEE,IAAG,KAAGK,IAAEA,MAAG;AAAA,cAAC;AAAC,cAAAX,GAAE,QAAME,GAAE,QAAM,EAAEQ,EAAC,GAAEC,KAAED,KAAE,GAAER,GAAE,OAAK;AAAA,YAAG,KAAK;AAAG,kBAAG,MAAIA,GAAE,SAAS,QAAOF,GAAE,WAASO,IAAEP,GAAE,YAAUS,IAAET,GAAE,UAAQM,IAAEN,GAAE,WAASQ,IAAEN,GAAE,OAAKQ,IAAER,GAAE,OAAKS,IAAE;AAAE,cAAAX,GAAE,QAAME,GAAE,QAAM,GAAEA,GAAE,OAAK;AAAA,YAAG,KAAK;AAAG,kBAAG,MAAID,MAAG,MAAIA,GAAE,OAAM;AAAA,YAAE,KAAK;AAAG,kBAAGC,GAAE,MAAK;AAAC,gBAAAQ,QAAK,IAAEC,IAAEA,MAAG,IAAEA,IAAET,GAAE,OAAK;AAAG;AAAA,cAAK;AAAC,qBAAKS,KAAE,KAAG;AAAC,oBAAG,MAAIH,GAAE,OAAM;AAAE,gBAAAA,MAAIE,MAAGN,GAAEE,IAAG,KAAGK,IAAEA,MAAG;AAAA,cAAC;AAAC,sBAAOT,GAAE,OAAK,IAAEQ,IAAEC,MAAG,GAAE,KAAGD,QAAK,IAAG;AAAA,gBAAC,KAAK;AAAE,kBAAAR,GAAE,OAAK;AAAG;AAAA,gBAAM,KAAK;AAAE,sBAAG,EAAEA,EAAC,GAAEA,GAAE,OAAK,IAAG,MAAID,GAAE;AAAM,kBAAAS,QAAK,GAAEC,MAAG;AAAE,wBAAM;AAAA,gBAAE,KAAK;AAAE,kBAAAT,GAAE,OAAK;AAAG;AAAA,gBAAM,KAAK;AAAE,kBAAAF,GAAE,MAAI,sBAAqBE,GAAE,OAAK;AAAA,cAAE;AAAC,cAAAQ,QAAK,GAAEC,MAAG;AAAE;AAAA,YAAM,KAAK;AAAG,mBAAID,QAAK,IAAEC,IAAEA,MAAG,IAAEA,IAAEA,KAAE,MAAI;AAAC,oBAAG,MAAIH,GAAE,OAAM;AAAE,gBAAAA,MAAIE,MAAGN,GAAEE,IAAG,KAAGK,IAAEA,MAAG;AAAA,cAAC;AAAC,mBAAI,QAAMD,QAAKA,OAAI,KAAG,QAAO;AAAC,gBAAAV,GAAE,MAAI,gCAA+BE,GAAE,OAAK;AAAG;AAAA,cAAK;AAAC,kBAAGA,GAAE,SAAO,QAAMQ,IAAEC,KAAED,KAAE,GAAER,GAAE,OAAK,IAAG,MAAID,GAAE,OAAM;AAAA,YAAE,KAAK;AAAG,cAAAC,GAAE,OAAK;AAAA,YAAG,KAAK;AAAG,kBAAG,IAAEA,GAAE,QAAO;AAAC,oBAAGM,KAAE,MAAI,IAAEA,KAAGC,KAAE,MAAI,IAAEA,KAAG,MAAI,EAAE,OAAM;AAAE,kBAAE,SAASJ,IAAED,IAAEE,IAAE,GAAEC,EAAC,GAAEC,MAAG,GAAEF,MAAG,GAAEG,MAAG,GAAEF,MAAG,GAAEL,GAAE,UAAQ;AAAE;AAAA,cAAK;AAAC,cAAAA,GAAE,OAAK;AAAG;AAAA,YAAM,KAAK;AAAG,qBAAKS,KAAE,MAAI;AAAC,oBAAG,MAAIH,GAAE,OAAM;AAAE,gBAAAA,MAAIE,MAAGN,GAAEE,IAAG,KAAGK,IAAEA,MAAG;AAAA,cAAC;AAAC,kBAAGT,GAAE,OAAK,OAAK,KAAGQ,KAAGA,QAAK,GAAEC,MAAG,GAAET,GAAE,QAAM,KAAG,KAAGQ,KAAGA,QAAK,GAAEC,MAAG,GAAET,GAAE,QAAM,KAAG,KAAGQ,KAAGA,QAAK,GAAEC,MAAG,GAAE,MAAIT,GAAE,QAAM,KAAGA,GAAE,OAAM;AAAC,gBAAAF,GAAE,MAAI,uCAAsCE,GAAE,OAAK;AAAG;AAAA,cAAK;AAAC,cAAAA,GAAE,OAAK,GAAEA,GAAE,OAAK;AAAA,YAAG,KAAK;AAAG,qBAAKA,GAAE,OAAKA,GAAE,SAAO;AAAC,uBAAKS,KAAE,KAAG;AAAC,sBAAG,MAAIH,GAAE,OAAM;AAAE,kBAAAA,MAAIE,MAAGN,GAAEE,IAAG,KAAGK,IAAEA,MAAG;AAAA,gBAAC;AAAC,gBAAAT,GAAE,KAAK,EAAEA,GAAE,MAAM,CAAC,IAAE,IAAEQ,IAAEA,QAAK,GAAEC,MAAG;AAAA,cAAC;AAAC,qBAAKT,GAAE,OAAK,KAAI,CAAAA,GAAE,KAAK,EAAEA,GAAE,MAAM,CAAC,IAAE;AAAE,kBAAGA,GAAE,UAAQA,GAAE,QAAOA,GAAE,UAAQ,GAAE,IAAE,EAAC,MAAKA,GAAE,QAAO,GAAE,IAAE,EAAE,GAAEA,GAAE,MAAK,GAAE,IAAGA,GAAE,SAAQ,GAAEA,GAAE,MAAK,CAAC,GAAEA,GAAE,UAAQ,EAAE,MAAK,GAAE;AAAC,gBAAAF,GAAE,MAAI,4BAA2BE,GAAE,OAAK;AAAG;AAAA,cAAK;AAAC,cAAAA,GAAE,OAAK,GAAEA,GAAE,OAAK;AAAA,YAAG,KAAK;AAAG,qBAAKA,GAAE,OAAKA,GAAE,OAAKA,GAAE,SAAO;AAAC,uBAAK,KAAG,IAAEA,GAAE,QAAQQ,MAAG,KAAGR,GAAE,WAAS,CAAC,OAAK,KAAG,KAAI,IAAE,QAAM,GAAE,GAAG,IAAE,MAAI,OAAKS,OAAI;AAAC,sBAAG,MAAIH,GAAE,OAAM;AAAE,kBAAAA,MAAIE,MAAGN,GAAEE,IAAG,KAAGK,IAAEA,MAAG;AAAA,gBAAC;AAAC,oBAAG,IAAE,GAAG,CAAAD,QAAK,GAAEC,MAAG,GAAET,GAAE,KAAKA,GAAE,MAAM,IAAE;AAAA,qBAAM;AAAC,sBAAG,OAAK,GAAE;AAAC,yBAAI,IAAE,IAAE,GAAES,KAAE,KAAG;AAAC,0BAAG,MAAIH,GAAE,OAAM;AAAE,sBAAAA,MAAIE,MAAGN,GAAEE,IAAG,KAAGK,IAAEA,MAAG;AAAA,oBAAC;AAAC,wBAAGD,QAAK,GAAEC,MAAG,GAAE,MAAIT,GAAE,MAAK;AAAC,sBAAAF,GAAE,MAAI,6BAA4BE,GAAE,OAAK;AAAG;AAAA,oBAAK;AAAC,wBAAEA,GAAE,KAAKA,GAAE,OAAK,CAAC,GAAE,IAAE,KAAG,IAAEQ,KAAGA,QAAK,GAAEC,MAAG;AAAA,kBAAC,WAAS,OAAK,GAAE;AAAC,yBAAI,IAAE,IAAE,GAAEA,KAAE,KAAG;AAAC,0BAAG,MAAIH,GAAE,OAAM;AAAE,sBAAAA,MAAIE,MAAGN,GAAEE,IAAG,KAAGK,IAAEA,MAAG;AAAA,oBAAC;AAAC,oBAAAA,MAAG,GAAE,IAAE,GAAE,IAAE,KAAG,KAAGD,QAAK,KAAIA,QAAK,GAAEC,MAAG;AAAA,kBAAC,OAAK;AAAC,yBAAI,IAAE,IAAE,GAAEA,KAAE,KAAG;AAAC,0BAAG,MAAIH,GAAE,OAAM;AAAE,sBAAAA,MAAIE,MAAGN,GAAEE,IAAG,KAAGK,IAAEA,MAAG;AAAA,oBAAC;AAAC,oBAAAA,MAAG,GAAE,IAAE,GAAE,IAAE,MAAI,OAAKD,QAAK,KAAIA,QAAK,GAAEC,MAAG;AAAA,kBAAC;AAAC,sBAAGT,GAAE,OAAK,IAAEA,GAAE,OAAKA,GAAE,OAAM;AAAC,oBAAAF,GAAE,MAAI,6BAA4BE,GAAE,OAAK;AAAG;AAAA,kBAAK;AAAC,yBAAK,MAAK,CAAAA,GAAE,KAAKA,GAAE,MAAM,IAAE;AAAA,gBAAC;AAAA,cAAC;AAAC,kBAAG,OAAKA,GAAE,KAAK;AAAM,kBAAG,MAAIA,GAAE,KAAK,GAAG,GAAE;AAAC,gBAAAF,GAAE,MAAI,wCAAuCE,GAAE,OAAK;AAAG;AAAA,cAAK;AAAC,kBAAGA,GAAE,UAAQ,GAAE,IAAE,EAAC,MAAKA,GAAE,QAAO,GAAE,IAAE,EAAE,GAAEA,GAAE,MAAK,GAAEA,GAAE,MAAKA,GAAE,SAAQ,GAAEA,GAAE,MAAK,CAAC,GAAEA,GAAE,UAAQ,EAAE,MAAK,GAAE;AAAC,gBAAAF,GAAE,MAAI,+BAA8BE,GAAE,OAAK;AAAG;AAAA,cAAK;AAAC,kBAAGA,GAAE,WAAS,GAAEA,GAAE,WAASA,GAAE,SAAQ,IAAE,EAAC,MAAKA,GAAE,SAAQ,GAAE,IAAE,EAAE,GAAEA,GAAE,MAAKA,GAAE,MAAKA,GAAE,OAAMA,GAAE,UAAS,GAAEA,GAAE,MAAK,CAAC,GAAEA,GAAE,WAAS,EAAE,MAAK,GAAE;AAAC,gBAAAF,GAAE,MAAI,yBAAwBE,GAAE,OAAK;AAAG;AAAA,cAAK;AAAC,kBAAGA,GAAE,OAAK,IAAG,MAAID,GAAE,OAAM;AAAA,YAAE,KAAK;AAAG,cAAAC,GAAE,OAAK;AAAA,YAAG,KAAK;AAAG,kBAAG,KAAGM,MAAG,OAAKC,IAAE;AAAC,gBAAAT,GAAE,WAASO,IAAEP,GAAE,YAAUS,IAAET,GAAE,UAAQM,IAAEN,GAAE,WAASQ,IAAEN,GAAE,OAAKQ,IAAER,GAAE,OAAKS,IAAE,EAAEX,IAAEG,EAAC,GAAEI,KAAEP,GAAE,UAASK,KAAEL,GAAE,QAAOS,KAAET,GAAE,WAAUM,KAAEN,GAAE,SAAQI,KAAEJ,GAAE,OAAMQ,KAAER,GAAE,UAASU,KAAER,GAAE,MAAKS,KAAET,GAAE,MAAK,OAAKA,GAAE,SAAOA,GAAE,OAAK;AAAI;AAAA,cAAK;AAAC,mBAAIA,GAAE,OAAK,GAAE,KAAG,IAAEA,GAAE,QAAQQ,MAAG,KAAGR,GAAE,WAAS,CAAC,OAAK,KAAG,KAAI,IAAE,QAAM,GAAE,GAAG,IAAE,MAAI,OAAKS,OAAI;AAAC,oBAAG,MAAIH,GAAE,OAAM;AAAE,gBAAAA,MAAIE,MAAGN,GAAEE,IAAG,KAAGK,IAAEA,MAAG;AAAA,cAAC;AAAC,kBAAG,KAAG,MAAI,MAAI,IAAG;AAAC,qBAAI,IAAE,GAAE,IAAE,GAAE,IAAE,GAAE,KAAG,IAAET,GAAE,QAAQ,MAAIQ,MAAG,KAAG,IAAE,KAAG,MAAI,EAAE,OAAK,KAAG,KAAI,IAAE,QAAM,GAAE,EAAE,KAAG,IAAE,MAAI,OAAKC,OAAI;AAAC,sBAAG,MAAIH,GAAE,OAAM;AAAE,kBAAAA,MAAIE,MAAGN,GAAEE,IAAG,KAAGK,IAAEA,MAAG;AAAA,gBAAC;AAAC,gBAAAD,QAAK,GAAEC,MAAG,GAAET,GAAE,QAAM;AAAA,cAAC;AAAC,kBAAGQ,QAAK,GAAEC,MAAG,GAAET,GAAE,QAAM,GAAEA,GAAE,SAAO,GAAE,MAAI,GAAE;AAAC,gBAAAA,GAAE,OAAK;AAAG;AAAA,cAAK;AAAC,kBAAG,KAAG,GAAE;AAAC,gBAAAA,GAAE,OAAK,IAAGA,GAAE,OAAK;AAAG;AAAA,cAAK;AAAC,kBAAG,KAAG,GAAE;AAAC,gBAAAF,GAAE,MAAI,+BAA8BE,GAAE,OAAK;AAAG;AAAA,cAAK;AAAC,cAAAA,GAAE,QAAM,KAAG,GAAEA,GAAE,OAAK;AAAA,YAAG,KAAK;AAAG,kBAAGA,GAAE,OAAM;AAAC,qBAAI,IAAEA,GAAE,OAAMS,KAAE,KAAG;AAAC,sBAAG,MAAIH,GAAE,OAAM;AAAE,kBAAAA,MAAIE,MAAGN,GAAEE,IAAG,KAAGK,IAAEA,MAAG;AAAA,gBAAC;AAAC,gBAAAT,GAAE,UAAQQ,MAAG,KAAGR,GAAE,SAAO,GAAEQ,QAAKR,GAAE,OAAMS,MAAGT,GAAE,OAAMA,GAAE,QAAMA,GAAE;AAAA,cAAK;AAAC,cAAAA,GAAE,MAAIA,GAAE,QAAOA,GAAE,OAAK;AAAA,YAAG,KAAK;AAAG,qBAAK,KAAG,IAAEA,GAAE,SAASQ,MAAG,KAAGR,GAAE,YAAU,CAAC,OAAK,KAAG,KAAI,IAAE,QAAM,GAAE,GAAG,IAAE,MAAI,OAAKS,OAAI;AAAC,oBAAG,MAAIH,GAAE,OAAM;AAAE,gBAAAA,MAAIE,MAAGN,GAAEE,IAAG,KAAGK,IAAEA,MAAG;AAAA,cAAC;AAAC,kBAAG,MAAI,MAAI,IAAG;AAAC,qBAAI,IAAE,GAAE,IAAE,GAAE,IAAE,GAAE,KAAG,IAAET,GAAE,SAAS,MAAIQ,MAAG,KAAG,IAAE,KAAG,MAAI,EAAE,OAAK,KAAG,KAAI,IAAE,QAAM,GAAE,EAAE,KAAG,IAAE,MAAI,OAAKC,OAAI;AAAC,sBAAG,MAAIH,GAAE,OAAM;AAAE,kBAAAA,MAAIE,MAAGN,GAAEE,IAAG,KAAGK,IAAEA,MAAG;AAAA,gBAAC;AAAC,gBAAAD,QAAK,GAAEC,MAAG,GAAET,GAAE,QAAM;AAAA,cAAC;AAAC,kBAAGQ,QAAK,GAAEC,MAAG,GAAET,GAAE,QAAM,GAAE,KAAG,GAAE;AAAC,gBAAAF,GAAE,MAAI,yBAAwBE,GAAE,OAAK;AAAG;AAAA,cAAK;AAAC,cAAAA,GAAE,SAAO,GAAEA,GAAE,QAAM,KAAG,GAAEA,GAAE,OAAK;AAAA,YAAG,KAAK;AAAG,kBAAGA,GAAE,OAAM;AAAC,qBAAI,IAAEA,GAAE,OAAMS,KAAE,KAAG;AAAC,sBAAG,MAAIH,GAAE,OAAM;AAAE,kBAAAA,MAAIE,MAAGN,GAAEE,IAAG,KAAGK,IAAEA,MAAG;AAAA,gBAAC;AAAC,gBAAAT,GAAE,UAAQQ,MAAG,KAAGR,GAAE,SAAO,GAAEQ,QAAKR,GAAE,OAAMS,MAAGT,GAAE,OAAMA,GAAE,QAAMA,GAAE;AAAA,cAAK;AAAC,kBAAGA,GAAE,SAAOA,GAAE,MAAK;AAAC,gBAAAF,GAAE,MAAI,iCAAgCE,GAAE,OAAK;AAAG;AAAA,cAAK;AAAC,cAAAA,GAAE,OAAK;AAAA,YAAG,KAAK;AAAG,kBAAG,MAAIO,GAAE,OAAM;AAAE,kBAAG,IAAEN,KAAEM,IAAEP,GAAE,SAAO,GAAE;AAAC,qBAAI,IAAEA,GAAE,SAAO,KAAGA,GAAE,SAAOA,GAAE,MAAK;AAAC,kBAAAF,GAAE,MAAI,iCAAgCE,GAAE,OAAK;AAAG;AAAA,gBAAK;AAAC,oBAAE,IAAEA,GAAE,SAAO,KAAGA,GAAE,OAAMA,GAAE,QAAM,KAAGA,GAAE,QAAM,GAAE,IAAEA,GAAE,WAAS,IAAEA,GAAE,SAAQ,IAAEA,GAAE;AAAA,cAAM,MAAM,KAAEG,IAAE,IAAEE,KAAEL,GAAE,QAAO,IAAEA,GAAE;AAAO,mBAAIO,KAAE,MAAI,IAAEA,KAAGA,MAAG,GAAEP,GAAE,UAAQ,GAAEG,GAAEE,IAAG,IAAE,EAAE,GAAG,GAAE,EAAE,IAAG;AAAC,oBAAIL,GAAE,WAASA,GAAE,OAAK;AAAI;AAAA,YAAM,KAAK;AAAG,kBAAG,MAAIO,GAAE,OAAM;AAAE,cAAAJ,GAAEE,IAAG,IAAEL,GAAE,QAAOO,MAAIP,GAAE,OAAK;AAAG;AAAA,YAAM,KAAK;AAAG,kBAAGA,GAAE,MAAK;AAAC,uBAAKS,KAAE,MAAI;AAAC,sBAAG,MAAIH,GAAE,OAAM;AAAE,kBAAAA,MAAIE,MAAGN,GAAEE,IAAG,KAAGK,IAAEA,MAAG;AAAA,gBAAC;AAAC,oBAAGR,MAAGM,IAAET,GAAE,aAAWG,IAAED,GAAE,SAAOC,IAAEA,OAAIH,GAAE,QAAME,GAAE,QAAMA,GAAE,QAAM,EAAEA,GAAE,OAAMG,IAAEF,IAAEI,KAAEJ,EAAC,IAAE,EAAED,GAAE,OAAMG,IAAEF,IAAEI,KAAEJ,EAAC,IAAGA,KAAEM,KAAGP,GAAE,QAAMQ,KAAE,EAAEA,EAAC,OAAKR,GAAE,OAAM;AAAC,kBAAAF,GAAE,MAAI,wBAAuBE,GAAE,OAAK;AAAG;AAAA,gBAAK;AAAC,gBAAAS,KAAED,KAAE;AAAA,cAAC;AAAC,cAAAR,GAAE,OAAK;AAAA,YAAG,KAAK;AAAG,kBAAGA,GAAE,QAAMA,GAAE,OAAM;AAAC,uBAAKS,KAAE,MAAI;AAAC,sBAAG,MAAIH,GAAE,OAAM;AAAE,kBAAAA,MAAIE,MAAGN,GAAEE,IAAG,KAAGK,IAAEA,MAAG;AAAA,gBAAC;AAAC,oBAAGD,QAAK,aAAWR,GAAE,QAAO;AAAC,kBAAAF,GAAE,MAAI,0BAAyBE,GAAE,OAAK;AAAG;AAAA,gBAAK;AAAC,gBAAAS,KAAED,KAAE;AAAA,cAAC;AAAC,cAAAR,GAAE,OAAK;AAAA,YAAG,KAAK;AAAG,kBAAE;AAAE,oBAAM;AAAA,YAAE,KAAK;AAAG,kBAAE;AAAG,oBAAM;AAAA,YAAE,KAAK;AAAG,qBAAM;AAAA,YAAG,KAAK;AAAA,YAAG;AAAQ,qBAAO;AAAA,UAAC;AAAC,iBAAOF,GAAE,WAASO,IAAEP,GAAE,YAAUS,IAAET,GAAE,UAAQM,IAAEN,GAAE,WAASQ,IAAEN,GAAE,OAAKQ,IAAER,GAAE,OAAKS,KAAGT,GAAE,SAAOC,OAAIH,GAAE,aAAWE,GAAE,OAAK,OAAKA,GAAE,OAAK,MAAI,MAAID,QAAK,EAAED,IAAEA,GAAE,QAAOA,GAAE,UAASG,KAAEH,GAAE,SAAS,KAAGE,GAAE,OAAK,IAAG,OAAKU,MAAGZ,GAAE,UAASG,MAAGH,GAAE,WAAUA,GAAE,YAAUY,IAAEZ,GAAE,aAAWG,IAAED,GAAE,SAAOC,IAAED,GAAE,QAAMC,OAAIH,GAAE,QAAME,GAAE,QAAMA,GAAE,QAAM,EAAEA,GAAE,OAAMG,IAAEF,IAAEH,GAAE,WAASG,EAAC,IAAE,EAAED,GAAE,OAAMG,IAAEF,IAAEH,GAAE,WAASG,EAAC,IAAGH,GAAE,YAAUE,GAAE,QAAMA,GAAE,OAAK,KAAG,MAAI,OAAKA,GAAE,OAAK,MAAI,MAAI,OAAKA,GAAE,QAAM,OAAKA,GAAE,OAAK,MAAI,KAAI,KAAGU,MAAG,MAAIT,MAAG,MAAIF,OAAI,MAAI,MAAI,IAAE,KAAI;AAAA,QAAE,GAAE,EAAE,aAAW,SAASD,IAAE;AAAC,cAAG,CAACA,MAAG,CAACA,GAAE,MAAM,QAAO;AAAE,cAAIC,KAAED,GAAE;AAAM,iBAAOC,GAAE,WAASA,GAAE,SAAO,OAAMD,GAAE,QAAM,MAAK;AAAA,QAAC,GAAE,EAAE,mBAAiB,SAASA,IAAEC,IAAE;AAAC,cAAIC;AAAE,iBAAOF,MAAGA,GAAE,QAAM,MAAI,KAAGE,KAAEF,GAAE,OAAO,QAAM,MAAIE,GAAE,OAAKD,IAAG,OAAK,OAAG,KAAG;AAAA,QAAC,GAAE,EAAE,uBAAqB,SAASD,IAAEC,IAAE;AAAC,cAAIC,IAAEE,KAAEH,GAAE;AAAO,iBAAOD,MAAGA,GAAE,QAAM,OAAKE,KAAEF,GAAE,OAAO,QAAM,OAAKE,GAAE,OAAK,IAAE,OAAKA,GAAE,QAAM,EAAE,GAAED,IAAEG,IAAE,CAAC,MAAIF,GAAE,QAAM,KAAG,EAAEF,IAAEC,IAAEG,IAAEA,EAAC,KAAGF,GAAE,OAAK,IAAG,OAAKA,GAAE,WAAS,GAAE,KAAG;AAAA,QAAC,GAAE,EAAE,cAAY;AAAA,MAAoC,GAAE,EAAC,mBAAkB,IAAG,aAAY,IAAG,WAAU,IAAG,aAAY,IAAG,cAAa,GAAE,CAAC,GAAE,IAAG,CAAC,SAAS,GAAE,GAAE,GAAE;AAAC;AAAa,YAAI,IAAE,EAAE,iBAAiB,GAAE,IAAE,CAAC,GAAE,GAAE,GAAE,GAAE,GAAE,GAAE,GAAE,IAAG,IAAG,IAAG,IAAG,IAAG,IAAG,IAAG,IAAG,IAAG,IAAG,IAAG,IAAG,IAAG,IAAG,IAAG,IAAG,KAAI,KAAI,KAAI,KAAI,KAAI,KAAI,GAAE,CAAC,GAAE,IAAE,CAAC,IAAG,IAAG,IAAG,IAAG,IAAG,IAAG,IAAG,IAAG,IAAG,IAAG,IAAG,IAAG,IAAG,IAAG,IAAG,IAAG,IAAG,IAAG,IAAG,IAAG,IAAG,IAAG,IAAG,IAAG,IAAG,IAAG,IAAG,IAAG,IAAG,IAAG,EAAE,GAAE,IAAE,CAAC,GAAE,GAAE,GAAE,GAAE,GAAE,GAAE,GAAE,IAAG,IAAG,IAAG,IAAG,IAAG,IAAG,IAAG,KAAI,KAAI,KAAI,KAAI,KAAI,KAAI,MAAK,MAAK,MAAK,MAAK,MAAK,MAAK,MAAK,OAAM,OAAM,OAAM,GAAE,CAAC,GAAE,IAAE,CAAC,IAAG,IAAG,IAAG,IAAG,IAAG,IAAG,IAAG,IAAG,IAAG,IAAG,IAAG,IAAG,IAAG,IAAG,IAAG,IAAG,IAAG,IAAG,IAAG,IAAG,IAAG,IAAG,IAAG,IAAG,IAAG,IAAG,IAAG,IAAG,IAAG,IAAG,IAAG,EAAE;AAAE,UAAE,UAAQ,SAASF,IAAEC,IAAEC,IAAE,GAAE,GAAE,GAAE,GAAE,GAAE;AAAC,cAAI,GAAE,GAAE,GAAE,GAAE,GAAE,GAAE,GAAE,GAAE,GAAE,IAAE,EAAE,MAAK,IAAE,GAAE,IAAE,GAAE,IAAE,GAAE,IAAE,GAAE,IAAE,GAAE,IAAE,GAAE,IAAE,GAAE,IAAE,GAAE,IAAE,GAAE,IAAE,GAAE,IAAE,MAAK,IAAE,GAAE,IAAE,IAAI,EAAE,MAAM,EAAE,GAAE,IAAE,IAAI,EAAE,MAAM,EAAE,GAAE,IAAE,MAAK,IAAE;AAAE,eAAI,IAAE,GAAE,KAAG,IAAG,IAAI,GAAE,CAAC,IAAE;AAAE,eAAI,IAAE,GAAE,IAAE,GAAE,IAAI,GAAED,GAAEC,KAAE,CAAC,CAAC;AAAI,eAAI,IAAE,GAAE,IAAE,IAAG,KAAG,KAAG,MAAI,EAAE,CAAC,GAAE,IAAI;AAAC,cAAG,IAAE,MAAI,IAAE,IAAG,MAAI,EAAE,QAAO,EAAE,GAAG,IAAE,UAAS,EAAE,GAAG,IAAE,UAAS,EAAE,OAAK,GAAE;AAAE,eAAI,IAAE,GAAE,IAAE,KAAG,MAAI,EAAE,CAAC,GAAE,IAAI;AAAC,eAAI,IAAE,MAAI,IAAE,IAAG,IAAE,IAAE,GAAE,KAAG,IAAG,IAAI,KAAG,MAAI,IAAG,KAAG,EAAE,CAAC,KAAG,EAAE,QAAM;AAAG,cAAG,IAAE,MAAI,MAAIF,MAAG,MAAI,GAAG,QAAM;AAAG,eAAI,EAAE,CAAC,IAAE,GAAE,IAAE,GAAE,IAAE,IAAG,IAAI,GAAE,IAAE,CAAC,IAAE,EAAE,CAAC,IAAE,EAAE,CAAC;AAAE,eAAI,IAAE,GAAE,IAAE,GAAE,IAAI,OAAIC,GAAEC,KAAE,CAAC,MAAI,EAAE,EAAED,GAAEC,KAAE,CAAC,CAAC,GAAG,IAAE;AAAG,cAAG,IAAE,MAAIF,MAAG,IAAE,IAAE,GAAE,MAAI,MAAIA,MAAG,IAAE,GAAE,KAAG,KAAI,IAAE,GAAE,KAAG,KAAI,QAAM,IAAE,GAAE,IAAE,GAAE,KAAI,IAAE,GAAE,IAAE,GAAE,IAAE,IAAE,IAAE,GAAE,IAAE,IAAG,KAAG,IAAE,MAAI,IAAE,MAAI,GAAE,MAAIA,MAAG,MAAI,KAAG,MAAIA,MAAG,MAAI,EAAE,QAAO;AAAE,qBAAO;AAAC,iBAAI,IAAE,IAAE,GAAE,IAAE,EAAE,CAAC,IAAE,KAAG,IAAE,GAAE,EAAE,CAAC,KAAG,EAAE,CAAC,IAAE,KAAG,IAAE,EAAE,IAAE,EAAE,CAAC,CAAC,GAAE,EAAE,IAAE,EAAE,CAAC,CAAC,MAAI,IAAE,IAAG,IAAG,IAAE,KAAG,IAAE,GAAE,IAAE,IAAE,KAAG,GAAE,EAAE,KAAG,KAAG,MAAI,KAAG,EAAE,IAAE,KAAG,KAAG,KAAG,KAAG,IAAE,GAAE,MAAI,IAAG;AAAC,iBAAI,IAAE,KAAG,IAAE,GAAE,IAAE,IAAG,OAAI;AAAE,gBAAG,MAAI,KAAG,KAAG,IAAE,GAAE,KAAG,KAAG,IAAE,GAAE,KAAI,KAAG,EAAE,EAAE,CAAC,GAAE;AAAC,kBAAG,MAAI,EAAE;AAAM,kBAAEC,GAAEC,KAAE,EAAE,CAAC,CAAC;AAAA,YAAC;AAAC,gBAAG,IAAE,MAAI,IAAE,OAAK,GAAE;AAAC,mBAAI,MAAI,MAAI,IAAE,IAAG,KAAG,GAAE,IAAE,MAAI,IAAE,IAAE,IAAG,IAAE,IAAE,KAAG,GAAG,KAAG,EAAE,IAAE,CAAC,MAAI,KAAI,MAAI,MAAI;AAAE,kBAAG,KAAG,KAAG,GAAE,MAAIF,MAAG,MAAI,KAAG,MAAIA,MAAG,MAAI,EAAE,QAAO;AAAE,gBAAE,IAAE,IAAE,CAAC,IAAE,KAAG,KAAG,KAAG,KAAG,IAAE,IAAE;AAAA,YAAC;AAAA,UAAC;AAAC,iBAAO,MAAI,MAAI,EAAE,IAAE,CAAC,IAAE,IAAE,KAAG,KAAG,MAAI,KAAG,IAAG,EAAE,OAAK,GAAE;AAAA,QAAC;AAAA,MAAC,GAAE,EAAC,mBAAkB,GAAE,CAAC,GAAE,IAAG,CAAC,SAAS,GAAE,GAAE,GAAE;AAAC;AAAa,UAAE,UAAQ,EAAC,GAAE,mBAAkB,GAAE,cAAa,GAAE,IAAG,MAAK,cAAa,MAAK,gBAAe,MAAK,cAAa,MAAK,uBAAsB,MAAK,gBAAe,MAAK,uBAAsB;AAAA,MAAC,GAAE,CAAC,CAAC,GAAE,IAAG,CAAC,SAAS,GAAE,GAAE,GAAE;AAAC;AAAa,YAAI,IAAE,EAAE,iBAAiB,GAAE,IAAE,GAAE,IAAE;AAAE,iBAAS,EAAEA,IAAE;AAAC,mBAAQC,KAAED,GAAE,QAAO,KAAG,EAAEC,KAAG,CAAAD,GAAEC,EAAC,IAAE;AAAA,QAAC;AAAC,YAAI,IAAE,GAAE,IAAE,IAAG,IAAE,KAAI,IAAE,IAAE,IAAE,GAAE,IAAE,IAAG,IAAE,IAAG,IAAE,IAAE,IAAE,GAAE,IAAE,IAAG,IAAE,IAAG,IAAE,GAAE,IAAE,KAAI,IAAE,IAAG,IAAE,IAAG,IAAE,IAAG,IAAE,CAAC,GAAE,GAAE,GAAE,GAAE,GAAE,GAAE,GAAE,GAAE,GAAE,GAAE,GAAE,GAAE,GAAE,GAAE,GAAE,GAAE,GAAE,GAAE,GAAE,GAAE,GAAE,GAAE,GAAE,GAAE,GAAE,GAAE,GAAE,GAAE,CAAC,GAAE,IAAE,CAAC,GAAE,GAAE,GAAE,GAAE,GAAE,GAAE,GAAE,GAAE,GAAE,GAAE,GAAE,GAAE,GAAE,GAAE,GAAE,GAAE,GAAE,GAAE,GAAE,GAAE,GAAE,GAAE,IAAG,IAAG,IAAG,IAAG,IAAG,IAAG,IAAG,EAAE,GAAE,IAAE,CAAC,GAAE,GAAE,GAAE,GAAE,GAAE,GAAE,GAAE,GAAE,GAAE,GAAE,GAAE,GAAE,GAAE,GAAE,GAAE,GAAE,GAAE,GAAE,CAAC,GAAE,IAAE,CAAC,IAAG,IAAG,IAAG,GAAE,GAAE,GAAE,GAAE,GAAE,IAAG,GAAE,IAAG,GAAE,IAAG,GAAE,IAAG,GAAE,IAAG,GAAE,EAAE,GAAE,IAAE,IAAI,MAAM,KAAG,IAAE,EAAE;AAAE,UAAE,CAAC;AAAE,YAAI,IAAE,IAAI,MAAM,IAAE,CAAC;AAAE,UAAE,CAAC;AAAE,YAAI,IAAE,IAAI,MAAM,GAAG;AAAE,UAAE,CAAC;AAAE,YAAI,IAAE,IAAI,MAAM,GAAG;AAAE,UAAE,CAAC;AAAE,YAAI,IAAE,IAAI,MAAM,CAAC;AAAE,UAAE,CAAC;AAAE,YAAI,GAAE,GAAE,GAAE,IAAE,IAAI,MAAM,CAAC;AAAE,iBAAS,EAAED,IAAEC,IAAEC,IAAEE,IAAEC,IAAE;AAAC,eAAK,cAAYL,IAAE,KAAK,aAAWC,IAAE,KAAK,aAAWC,IAAE,KAAK,QAAME,IAAE,KAAK,aAAWC,IAAE,KAAK,YAAUL,MAAGA,GAAE;AAAA,QAAM;AAAC,iBAAS,EAAEA,IAAEC,IAAE;AAAC,eAAK,WAASD,IAAE,KAAK,WAAS,GAAE,KAAK,YAAUC;AAAA,QAAC;AAAC,iBAAS,EAAED,IAAE;AAAC,iBAAOA,KAAE,MAAI,EAAEA,EAAC,IAAE,EAAE,OAAKA,OAAI,EAAE;AAAA,QAAC;AAAC,iBAAS,EAAEA,IAAEC,IAAE;AAAC,UAAAD,GAAE,YAAYA,GAAE,SAAS,IAAE,MAAIC,IAAED,GAAE,YAAYA,GAAE,SAAS,IAAEC,OAAI,IAAE;AAAA,QAAG;AAAC,iBAAS,EAAED,IAAEC,IAAEC,IAAE;AAAC,UAAAF,GAAE,WAAS,IAAEE,MAAGF,GAAE,UAAQC,MAAGD,GAAE,WAAS,OAAM,EAAEA,IAAEA,GAAE,MAAM,GAAEA,GAAE,SAAOC,MAAG,IAAED,GAAE,UAASA,GAAE,YAAUE,KAAE,MAAIF,GAAE,UAAQC,MAAGD,GAAE,WAAS,OAAMA,GAAE,YAAUE;AAAA,QAAE;AAAC,iBAAS,EAAEF,IAAEC,IAAEC,IAAE;AAAC,YAAEF,IAAEE,GAAE,IAAED,EAAC,GAAEC,GAAE,IAAED,KAAE,CAAC,CAAC;AAAA,QAAC;AAAC,iBAAS,EAAED,IAAEC,IAAE;AAAC,mBAAQC,KAAE,GAAEA,MAAG,IAAEF,IAAEA,QAAK,GAAEE,OAAI,GAAE,IAAE,EAAED,KAAG;AAAC,iBAAOC,OAAI;AAAA,QAAC;AAAC,iBAAS,EAAEF,IAAEC,IAAEC,IAAE;AAAC,cAAIE,IAAEC,IAAEC,KAAE,IAAI,MAAM,IAAE,CAAC,GAAEC,KAAE;AAAE,eAAIH,KAAE,GAAEA,MAAG,GAAEA,KAAI,CAAAE,GAAEF,EAAC,IAAEG,KAAEA,KAAEL,GAAEE,KAAE,CAAC,KAAG;AAAE,eAAIC,KAAE,GAAEA,MAAGJ,IAAEI,MAAI;AAAC,gBAAIG,KAAER,GAAE,IAAEK,KAAE,CAAC;AAAE,kBAAIG,OAAIR,GAAE,IAAEK,EAAC,IAAE,EAAEC,GAAEE,EAAC,KAAIA,EAAC;AAAA,UAAE;AAAA,QAAC;AAAC,iBAAS,EAAER,IAAE;AAAC,cAAIC;AAAE,eAAIA,KAAE,GAAEA,KAAE,GAAEA,KAAI,CAAAD,GAAE,UAAU,IAAEC,EAAC,IAAE;AAAE,eAAIA,KAAE,GAAEA,KAAE,GAAEA,KAAI,CAAAD,GAAE,UAAU,IAAEC,EAAC,IAAE;AAAE,eAAIA,KAAE,GAAEA,KAAE,GAAEA,KAAI,CAAAD,GAAE,QAAQ,IAAEC,EAAC,IAAE;AAAE,UAAAD,GAAE,UAAU,IAAE,CAAC,IAAE,GAAEA,GAAE,UAAQA,GAAE,aAAW,GAAEA,GAAE,WAASA,GAAE,UAAQ;AAAA,QAAC;AAAC,iBAAS,EAAEA,IAAE;AAAC,cAAEA,GAAE,WAAS,EAAEA,IAAEA,GAAE,MAAM,IAAE,IAAEA,GAAE,aAAWA,GAAE,YAAYA,GAAE,SAAS,IAAEA,GAAE,SAAQA,GAAE,SAAO,GAAEA,GAAE,WAAS;AAAA,QAAC;AAAC,iBAAS,EAAEA,IAAEC,IAAEC,IAAEE,IAAE;AAAC,cAAIC,KAAE,IAAEJ,IAAEK,KAAE,IAAEJ;AAAE,iBAAOF,GAAEK,EAAC,IAAEL,GAAEM,EAAC,KAAGN,GAAEK,EAAC,MAAIL,GAAEM,EAAC,KAAGF,GAAEH,EAAC,KAAGG,GAAEF,EAAC;AAAA,QAAC;AAAC,iBAAS,EAAEF,IAAEC,IAAEC,IAAE;AAAC,mBAAQE,KAAEJ,GAAE,KAAKE,EAAC,GAAEG,KAAEH,MAAG,GAAEG,MAAGL,GAAE,aAAWK,KAAEL,GAAE,YAAU,EAAEC,IAAED,GAAE,KAAKK,KAAE,CAAC,GAAEL,GAAE,KAAKK,EAAC,GAAEL,GAAE,KAAK,KAAGK,MAAI,CAAC,EAAEJ,IAAEG,IAAEJ,GAAE,KAAKK,EAAC,GAAEL,GAAE,KAAK,KAAI,CAAAA,GAAE,KAAKE,EAAC,IAAEF,GAAE,KAAKK,EAAC,GAAEH,KAAEG,IAAEA,OAAI;AAAE,UAAAL,GAAE,KAAKE,EAAC,IAAEE;AAAA,QAAC;AAAC,iBAAS,EAAEJ,IAAEC,IAAEC,IAAE;AAAC,cAAIE,IAAEC,IAAEC,IAAEC,IAAEC,KAAE;AAAE,cAAG,MAAIR,GAAE,SAAS,QAAKI,KAAEJ,GAAE,YAAYA,GAAE,QAAM,IAAEQ,EAAC,KAAG,IAAER,GAAE,YAAYA,GAAE,QAAM,IAAEQ,KAAE,CAAC,GAAEH,KAAEL,GAAE,YAAYA,GAAE,QAAMQ,EAAC,GAAEA,MAAI,MAAIJ,KAAE,EAAEJ,IAAEK,IAAEJ,EAAC,KAAG,EAAED,KAAGM,KAAE,EAAED,EAAC,KAAG,IAAE,GAAEJ,EAAC,GAAE,OAAKM,KAAE,EAAED,EAAC,MAAI,EAAEN,IAAEK,MAAG,EAAEC,EAAC,GAAEC,EAAC,GAAE,EAAEP,IAAEM,KAAE,EAAE,EAAEF,EAAC,GAAEF,EAAC,GAAE,OAAKK,KAAE,EAAED,EAAC,MAAI,EAAEN,IAAEI,MAAG,EAAEE,EAAC,GAAEC,EAAC,IAAGC,KAAER,GAAE,WAAU;AAAC,YAAEA,IAAE,GAAEC,EAAC;AAAA,QAAC;AAAC,iBAAS,EAAED,IAAEC,IAAE;AAAC,cAAIC,IAAEE,IAAEC,IAAEC,KAAEL,GAAE,UAASM,KAAEN,GAAE,UAAU,aAAYO,KAAEP,GAAE,UAAU,WAAUQ,KAAER,GAAE,UAAU,OAAMS,KAAE;AAAG,eAAIV,GAAE,WAAS,GAAEA,GAAE,WAAS,GAAEE,KAAE,GAAEA,KAAEO,IAAEP,KAAI,OAAII,GAAE,IAAEJ,EAAC,KAAGF,GAAE,KAAK,EAAEA,GAAE,QAAQ,IAAEU,KAAER,IAAEF,GAAE,MAAME,EAAC,IAAE,KAAGI,GAAE,IAAEJ,KAAE,CAAC,IAAE;AAAE,iBAAKF,GAAE,WAAS,IAAG,CAAAM,GAAE,KAAGD,KAAEL,GAAE,KAAK,EAAEA,GAAE,QAAQ,IAAEU,KAAE,IAAE,EAAEA,KAAE,EAAE,IAAE,GAAEV,GAAE,MAAMK,EAAC,IAAE,GAAEL,GAAE,WAAUQ,OAAIR,GAAE,cAAYO,GAAE,IAAEF,KAAE,CAAC;AAAG,eAAIJ,GAAE,WAASS,IAAER,KAAEF,GAAE,YAAU,GAAE,KAAGE,IAAEA,KAAI,GAAEF,IAAEM,IAAEJ,EAAC;AAAE,eAAIG,KAAEI,IAAEP,KAAEF,GAAE,KAAK,CAAC,GAAEA,GAAE,KAAK,CAAC,IAAEA,GAAE,KAAKA,GAAE,UAAU,GAAE,EAAEA,IAAEM,IAAE,CAAC,GAAEF,KAAEJ,GAAE,KAAK,CAAC,GAAEA,GAAE,KAAK,EAAEA,GAAE,QAAQ,IAAEE,IAAEF,GAAE,KAAK,EAAEA,GAAE,QAAQ,IAAEI,IAAEE,GAAE,IAAED,EAAC,IAAEC,GAAE,IAAEJ,EAAC,IAAEI,GAAE,IAAEF,EAAC,GAAEJ,GAAE,MAAMK,EAAC,KAAGL,GAAE,MAAME,EAAC,KAAGF,GAAE,MAAMI,EAAC,IAAEJ,GAAE,MAAME,EAAC,IAAEF,GAAE,MAAMI,EAAC,KAAG,GAAEE,GAAE,IAAEJ,KAAE,CAAC,IAAEI,GAAE,IAAEF,KAAE,CAAC,IAAEC,IAAEL,GAAE,KAAK,CAAC,IAAEK,MAAI,EAAEL,IAAEM,IAAE,CAAC,GAAE,KAAGN,GAAE,WAAU;AAAC,UAAAA,GAAE,KAAK,EAAEA,GAAE,QAAQ,IAAEA,GAAE,KAAK,CAAC,GAAE,SAASA,IAAEC,IAAE;AAAC,gBAAIC,IAAEE,IAAEC,IAAEC,IAAEC,IAAEC,IAAEC,KAAER,GAAE,UAASS,KAAET,GAAE,UAASU,KAAEV,GAAE,UAAU,aAAYW,KAAEX,GAAE,UAAU,WAAUE,KAAEF,GAAE,UAAU,YAAWY,KAAEZ,GAAE,UAAU,YAAWa,KAAEb,GAAE,UAAU,YAAWc,KAAE;AAAE,iBAAIT,KAAE,GAAEA,MAAG,GAAEA,KAAI,CAAAN,GAAE,SAASM,EAAC,IAAE;AAAE,iBAAIG,GAAE,IAAET,GAAE,KAAKA,GAAE,QAAQ,IAAE,CAAC,IAAE,GAAEE,KAAEF,GAAE,WAAS,GAAEE,KAAE,GAAEA,KAAI,CAAAY,MAAGR,KAAEG,GAAE,IAAEA,GAAE,KAAGL,KAAEJ,GAAE,KAAKE,EAAC,KAAG,CAAC,IAAE,CAAC,IAAE,OAAKI,KAAEQ,IAAEC,OAAKN,GAAE,IAAEL,KAAE,CAAC,IAAEE,IAAEI,KAAEN,OAAIJ,GAAE,SAASM,EAAC,KAAIC,KAAE,GAAEM,MAAGT,OAAIG,KAAEJ,GAAEC,KAAES,EAAC,IAAGL,KAAEC,GAAE,IAAEL,EAAC,GAAEJ,GAAE,WAASQ,MAAGF,KAAEC,KAAGK,OAAIZ,GAAE,cAAYQ,MAAGG,GAAE,IAAEP,KAAE,CAAC,IAAEG;AAAK,gBAAG,MAAIQ,IAAE;AAAC,iBAAE;AAAC,qBAAIT,KAAEQ,KAAE,GAAE,MAAId,GAAE,SAASM,EAAC,IAAG,CAAAA;AAAI,gBAAAN,GAAE,SAASM,EAAC,KAAIN,GAAE,SAASM,KAAE,CAAC,KAAG,GAAEN,GAAE,SAASc,EAAC,KAAIC,MAAG;AAAA,cAAC,SAAO,IAAEA;AAAG,mBAAIT,KAAEQ,IAAE,MAAIR,IAAEA,KAAI,MAAIF,KAAEJ,GAAE,SAASM,EAAC,GAAE,MAAIF,KAAG,CAAAM,MAAGL,KAAEL,GAAE,KAAK,EAAEE,EAAC,OAAKO,GAAE,IAAEJ,KAAE,CAAC,MAAIC,OAAIN,GAAE,YAAUM,KAAEG,GAAE,IAAEJ,KAAE,CAAC,KAAGI,GAAE,IAAEJ,EAAC,GAAEI,GAAE,IAAEJ,KAAE,CAAC,IAAEC,KAAGF;AAAA,YAAI;AAAA,UAAC,EAAEJ,IAAEC,EAAC,GAAE,EAAEK,IAAEI,IAAEV,GAAE,QAAQ;AAAA,QAAC;AAAC,iBAAS,EAAEA,IAAEC,IAAEC,IAAE;AAAC,cAAIE,IAAEC,IAAEC,KAAE,IAAGC,KAAEN,GAAE,CAAC,GAAEO,KAAE,GAAEC,KAAE,GAAEC,KAAE;AAAE,eAAI,MAAIH,OAAIE,KAAE,KAAIC,KAAE,IAAGT,GAAE,KAAGC,KAAE,KAAG,CAAC,IAAE,OAAME,KAAE,GAAEA,MAAGF,IAAEE,KAAI,CAAAC,KAAEE,IAAEA,KAAEN,GAAE,KAAGG,KAAE,KAAG,CAAC,GAAE,EAAEI,KAAEC,MAAGJ,OAAIE,OAAIC,KAAEE,KAAEV,GAAE,QAAQ,IAAEK,EAAC,KAAGG,KAAE,MAAIH,MAAGA,OAAIC,MAAGN,GAAE,QAAQ,IAAEK,EAAC,KAAIL,GAAE,QAAQ,IAAE,CAAC,OAAKQ,MAAG,KAAGR,GAAE,QAAQ,IAAE,CAAC,MAAIA,GAAE,QAAQ,IAAE,CAAC,KAAIM,KAAED,IAAEK,MAAGF,KAAE,OAAKD,MAAGE,KAAE,KAAI,KAAGJ,OAAIE,MAAGE,KAAE,GAAE,MAAIA,KAAE,GAAE;AAAA,QAAG;AAAC,iBAAS,EAAET,IAAEC,IAAEC,IAAE;AAAC,cAAIE,IAAEC,IAAEC,KAAE,IAAGC,KAAEN,GAAE,CAAC,GAAEO,KAAE,GAAEC,KAAE,GAAEC,KAAE;AAAE,eAAI,MAAIH,OAAIE,KAAE,KAAIC,KAAE,IAAGN,KAAE,GAAEA,MAAGF,IAAEE,KAAI,KAAGC,KAAEE,IAAEA,KAAEN,GAAE,KAAGG,KAAE,KAAG,CAAC,GAAE,EAAE,EAAEI,KAAEC,MAAGJ,OAAIE,KAAG;AAAC,gBAAGC,KAAEE,GAAE,QAAK,EAAEV,IAAEK,IAAEL,GAAE,OAAO,GAAE,KAAG,EAAEQ,KAAG;AAAA,gBAAM,OAAIH,MAAGA,OAAIC,OAAI,EAAEN,IAAEK,IAAEL,GAAE,OAAO,GAAEQ,OAAK,EAAER,IAAE,GAAEA,GAAE,OAAO,GAAE,EAAEA,IAAEQ,KAAE,GAAE,CAAC,KAAGA,MAAG,MAAI,EAAER,IAAE,GAAEA,GAAE,OAAO,GAAE,EAAEA,IAAEQ,KAAE,GAAE,CAAC,MAAI,EAAER,IAAE,GAAEA,GAAE,OAAO,GAAE,EAAEA,IAAEQ,KAAE,IAAG,CAAC;AAAG,YAAAF,KAAED,IAAEK,MAAGF,KAAE,OAAKD,MAAGE,KAAE,KAAI,KAAGJ,OAAIE,MAAGE,KAAE,GAAE,MAAIA,KAAE,GAAE;AAAA,UAAE;AAAA,QAAC;AAAC,UAAE,CAAC;AAAE,YAAI,IAAE;AAAG,iBAAS,EAAET,IAAEC,IAAEC,IAAEE,IAAE;AAAC,YAAEJ,KAAG,KAAG,MAAII,KAAE,IAAE,IAAG,CAAC,GAAE,SAASJ,IAAEC,IAAEC,IAAEE,IAAE;AAAC,cAAEJ,EAAC,GAAEI,OAAI,EAAEJ,IAAEE,EAAC,GAAE,EAAEF,IAAE,CAACE,EAAC,IAAG,EAAE,SAASF,GAAE,aAAYA,GAAE,QAAOC,IAAEC,IAAEF,GAAE,OAAO,GAAEA,GAAE,WAASE;AAAA,UAAC,EAAEF,IAAEC,IAAEC,IAAE,IAAE;AAAA,QAAC;AAAC,UAAE,WAAS,SAASF,IAAE;AAAC,gBAAI,WAAU;AAAC,gBAAIA,IAAEC,IAAEC,IAAEE,IAAEC,IAAEC,KAAE,IAAI,MAAM,IAAE,CAAC;AAAE,iBAAIF,KAAEF,KAAE,GAAEE,KAAE,IAAE,GAAEA,KAAI,MAAI,EAAEA,EAAC,IAAEF,IAAEF,KAAE,GAAEA,KAAE,KAAG,EAAEI,EAAC,GAAEJ,KAAI,GAAEE,IAAG,IAAEE;AAAE,iBAAI,EAAEF,KAAE,CAAC,IAAEE,IAAEA,KAAEC,KAAE,GAAED,KAAE,IAAGA,KAAI,MAAI,EAAEA,EAAC,IAAEC,IAAEL,KAAE,GAAEA,KAAE,KAAG,EAAEI,EAAC,GAAEJ,KAAI,GAAEK,IAAG,IAAED;AAAE,iBAAIC,OAAI,GAAED,KAAE,GAAEA,KAAI,MAAI,EAAEA,EAAC,IAAEC,MAAG,GAAEL,KAAE,GAAEA,KAAE,KAAG,EAAEI,EAAC,IAAE,GAAEJ,KAAI,GAAE,MAAIK,IAAG,IAAED;AAAE,iBAAIH,KAAE,GAAEA,MAAG,GAAEA,KAAI,CAAAK,GAAEL,EAAC,IAAE;AAAE,iBAAID,KAAE,GAAEA,MAAG,MAAK,GAAE,IAAEA,KAAE,CAAC,IAAE,GAAEA,MAAIM,GAAE,CAAC;AAAI,mBAAKN,MAAG,MAAK,GAAE,IAAEA,KAAE,CAAC,IAAE,GAAEA,MAAIM,GAAE,CAAC;AAAI,mBAAKN,MAAG,MAAK,GAAE,IAAEA,KAAE,CAAC,IAAE,GAAEA,MAAIM,GAAE,CAAC;AAAI,mBAAKN,MAAG,MAAK,GAAE,IAAEA,KAAE,CAAC,IAAE,GAAEA,MAAIM,GAAE,CAAC;AAAI,iBAAI,EAAE,GAAE,IAAE,GAAEA,EAAC,GAAEN,KAAE,GAAEA,KAAE,GAAEA,KAAI,GAAE,IAAEA,KAAE,CAAC,IAAE,GAAE,EAAE,IAAEA,EAAC,IAAE,EAAEA,IAAE,CAAC;AAAE,gBAAE,IAAI,EAAE,GAAE,GAAE,IAAE,GAAE,GAAE,CAAC,GAAE,IAAE,IAAI,EAAE,GAAE,GAAE,GAAE,GAAE,CAAC,GAAE,IAAE,IAAI,EAAE,IAAI,MAAM,CAAC,GAAE,GAAE,GAAE,GAAE,CAAC;AAAA,UAAC,EAAE,GAAE,IAAE,OAAIA,GAAE,SAAO,IAAI,EAAEA,GAAE,WAAU,CAAC,GAAEA,GAAE,SAAO,IAAI,EAAEA,GAAE,WAAU,CAAC,GAAEA,GAAE,UAAQ,IAAI,EAAEA,GAAE,SAAQ,CAAC,GAAEA,GAAE,SAAO,GAAEA,GAAE,WAAS,GAAE,EAAEA,EAAC;AAAA,QAAC,GAAE,EAAE,mBAAiB,GAAE,EAAE,kBAAgB,SAASA,IAAEC,IAAEC,IAAEE,IAAE;AAAC,cAAIC,IAAEC,IAAEC,KAAE;AAAE,cAAEP,GAAE,SAAO,MAAIA,GAAE,KAAK,cAAYA,GAAE,KAAK,YAAU,SAASA,IAAE;AAAC,gBAAIC,IAAEC,KAAE;AAAW,iBAAID,KAAE,GAAEA,MAAG,IAAGA,MAAIC,QAAK,EAAE,KAAG,IAAEA,MAAG,MAAIF,GAAE,UAAU,IAAEC,EAAC,EAAE,QAAO;AAAE,gBAAG,MAAID,GAAE,UAAU,EAAE,KAAG,MAAIA,GAAE,UAAU,EAAE,KAAG,MAAIA,GAAE,UAAU,EAAE,EAAE,QAAO;AAAE,iBAAIC,KAAE,IAAGA,KAAE,GAAEA,KAAI,KAAG,MAAID,GAAE,UAAU,IAAEC,EAAC,EAAE,QAAO;AAAE,mBAAO;AAAA,UAAC,EAAED,EAAC,IAAG,EAAEA,IAAEA,GAAE,MAAM,GAAE,EAAEA,IAAEA,GAAE,MAAM,GAAEO,KAAE,SAASP,IAAE;AAAC,gBAAIC;AAAE,iBAAI,EAAED,IAAEA,GAAE,WAAUA,GAAE,OAAO,QAAQ,GAAE,EAAEA,IAAEA,GAAE,WAAUA,GAAE,OAAO,QAAQ,GAAE,EAAEA,IAAEA,GAAE,OAAO,GAAEC,KAAE,IAAE,GAAE,KAAGA,MAAG,MAAID,GAAE,QAAQ,IAAE,EAAEC,EAAC,IAAE,CAAC,GAAEA,KAAI;AAAC,mBAAOD,GAAE,WAAS,KAAGC,KAAE,KAAG,IAAE,IAAE,GAAEA;AAAA,UAAC,EAAED,EAAC,GAAEK,KAAEL,GAAE,UAAQ,IAAE,MAAI,IAAGM,KAAEN,GAAE,aAAW,IAAE,MAAI,MAAIK,OAAIA,KAAEC,OAAID,KAAEC,KAAEJ,KAAE,GAAEA,KAAE,KAAGG,MAAG,OAAKJ,KAAE,EAAED,IAAEC,IAAEC,IAAEE,EAAC,IAAE,MAAIJ,GAAE,YAAUM,OAAID,MAAG,EAAEL,IAAE,KAAGI,KAAE,IAAE,IAAG,CAAC,GAAE,EAAEJ,IAAE,GAAE,CAAC,MAAI,EAAEA,IAAE,KAAGI,KAAE,IAAE,IAAG,CAAC,GAAE,SAASJ,IAAEC,IAAEC,IAAEE,IAAE;AAAC,gBAAIC;AAAE,iBAAI,EAAEL,IAAEC,KAAE,KAAI,CAAC,GAAE,EAAED,IAAEE,KAAE,GAAE,CAAC,GAAE,EAAEF,IAAEI,KAAE,GAAE,CAAC,GAAEC,KAAE,GAAEA,KAAED,IAAEC,KAAI,GAAEL,IAAEA,GAAE,QAAQ,IAAE,EAAEK,EAAC,IAAE,CAAC,GAAE,CAAC;AAAE,cAAEL,IAAEA,GAAE,WAAUC,KAAE,CAAC,GAAE,EAAED,IAAEA,GAAE,WAAUE,KAAE,CAAC;AAAA,UAAC,EAAEF,IAAEA,GAAE,OAAO,WAAS,GAAEA,GAAE,OAAO,WAAS,GAAEO,KAAE,CAAC,GAAE,EAAEP,IAAEA,GAAE,WAAUA,GAAE,SAAS,IAAG,EAAEA,EAAC,GAAEI,MAAG,EAAEJ,EAAC;AAAA,QAAC,GAAE,EAAE,YAAU,SAASA,IAAEC,IAAEC,IAAE;AAAC,iBAAOF,GAAE,YAAYA,GAAE,QAAM,IAAEA,GAAE,QAAQ,IAAEC,OAAI,IAAE,KAAID,GAAE,YAAYA,GAAE,QAAM,IAAEA,GAAE,WAAS,CAAC,IAAE,MAAIC,IAAED,GAAE,YAAYA,GAAE,QAAMA,GAAE,QAAQ,IAAE,MAAIE,IAAEF,GAAE,YAAW,MAAIC,KAAED,GAAE,UAAU,IAAEE,EAAC,OAAKF,GAAE,WAAUC,MAAID,GAAE,UAAU,KAAG,EAAEE,EAAC,IAAE,IAAE,EAAE,KAAIF,GAAE,UAAU,IAAE,EAAEC,EAAC,CAAC,MAAKD,GAAE,aAAWA,GAAE,cAAY;AAAA,QAAC,GAAE,EAAE,YAAU,SAASA,IAAE;AAAC,YAAEA,IAAE,GAAE,CAAC,GAAE,EAAEA,IAAE,GAAE,CAAC,GAAE,SAASA,IAAE;AAAC,mBAAKA,GAAE,YAAU,EAAEA,IAAEA,GAAE,MAAM,GAAEA,GAAE,SAAO,GAAEA,GAAE,WAAS,KAAG,KAAGA,GAAE,aAAWA,GAAE,YAAYA,GAAE,SAAS,IAAE,MAAIA,GAAE,QAAOA,GAAE,WAAS,GAAEA,GAAE,YAAU;AAAA,UAAE,EAAEA,EAAC;AAAA,QAAC;AAAA,MAAC,GAAE,EAAC,mBAAkB,GAAE,CAAC,GAAE,IAAG,CAAC,SAAS,GAAE,GAAE,GAAE;AAAC;AAAa,UAAE,UAAQ,WAAU;AAAC,eAAK,QAAM,MAAK,KAAK,UAAQ,GAAE,KAAK,WAAS,GAAE,KAAK,WAAS,GAAE,KAAK,SAAO,MAAK,KAAK,WAAS,GAAE,KAAK,YAAU,GAAE,KAAK,YAAU,GAAE,KAAK,MAAI,IAAG,KAAK,QAAM,MAAK,KAAK,YAAU,GAAE,KAAK,QAAM;AAAA,QAAC;AAAA,MAAC,GAAE,CAAC,CAAC,GAAE,IAAG,CAAC,SAAS,GAAE,GAAE,GAAE;AAAC,SAAC,SAASA,IAAE;AAAC,WAAC,SAASE,IAAE,GAAE;AAAC;AAAa,gBAAG,CAACA,GAAE,cAAa;AAAC,kBAAI,GAAE,GAAED,IAAE,GAAE,IAAE,GAAE,IAAE,CAAC,GAAE,IAAE,OAAG,IAAEC,GAAE,UAASF,KAAE,OAAO,kBAAgB,OAAO,eAAeE,EAAC;AAAE,cAAAF,KAAEA,MAAGA,GAAE,aAAWA,KAAEE,IAAE,IAAE,uBAAqB,CAAC,EAAE,SAAS,KAAKA,GAAE,OAAO,IAAE,SAASF,IAAE;AAAC,wBAAQ,SAAS,WAAU;AAAC,oBAAEA,EAAC;AAAA,gBAAC,CAAC;AAAA,cAAC,IAAE,WAAU;AAAC,oBAAGE,GAAE,eAAa,CAACA,GAAE,eAAc;AAAC,sBAAIF,KAAE,MAAGC,KAAEC,GAAE;AAAU,yBAAOA,GAAE,YAAU,WAAU;AAAC,oBAAAF,KAAE;AAAA,kBAAE,GAAEE,GAAE,YAAY,IAAG,GAAG,GAAEA,GAAE,YAAUD,IAAED;AAAA,gBAAC;AAAA,cAAC,EAAE,KAAG,IAAE,kBAAgB,KAAK,OAAO,IAAE,KAAIE,GAAE,mBAAiBA,GAAE,iBAAiB,WAAU,GAAE,KAAE,IAAEA,GAAE,YAAY,aAAY,CAAC,GAAE,SAASF,IAAE;AAAC,gBAAAE,GAAE,YAAY,IAAEF,IAAE,GAAG;AAAA,cAAC,KAAGE,GAAE,mBAAiBD,KAAE,IAAI,kBAAgB,MAAM,YAAU,SAASD,IAAE;AAAC,kBAAEA,GAAE,IAAI;AAAA,cAAC,GAAE,SAASA,IAAE;AAAC,gBAAAC,GAAE,MAAM,YAAYD,EAAC;AAAA,cAAC,KAAG,KAAG,wBAAuB,EAAE,cAAc,QAAQ,KAAG,IAAE,EAAE,iBAAgB,SAASA,IAAE;AAAC,oBAAIC,KAAE,EAAE,cAAc,QAAQ;AAAE,gBAAAA,GAAE,qBAAmB,WAAU;AAAC,oBAAED,EAAC,GAAEC,GAAE,qBAAmB,MAAK,EAAE,YAAYA,EAAC,GAAEA,KAAE;AAAA,gBAAI,GAAE,EAAE,YAAYA,EAAC;AAAA,cAAC,KAAG,SAASD,IAAE;AAAC,2BAAW,GAAE,GAAEA,EAAC;AAAA,cAAC,GAAEA,GAAE,eAAa,SAASA,IAAE;AAAC,8BAAY,OAAOA,OAAIA,KAAE,IAAI,SAAS,KAAGA,EAAC;AAAG,yBAAQC,KAAE,IAAI,MAAM,UAAU,SAAO,CAAC,GAAEC,KAAE,GAAEA,KAAED,GAAE,QAAOC,KAAI,CAAAD,GAAEC,EAAC,IAAE,UAAUA,KAAE,CAAC;AAAE,oBAAIE,KAAE,EAAC,UAASJ,IAAE,MAAKC,GAAC;AAAE,uBAAO,EAAE,CAAC,IAAEG,IAAE,EAAE,CAAC,GAAE;AAAA,cAAG,GAAEJ,GAAE,iBAAe;AAAA,YAAC;AAAC,qBAAS,EAAEA,IAAE;AAAC,qBAAO,EAAEA,EAAC;AAAA,YAAC;AAAC,qBAAS,EAAEA,IAAE;AAAC,kBAAG,EAAE,YAAW,GAAE,GAAEA,EAAC;AAAA,mBAAM;AAAC,oBAAIC,KAAE,EAAED,EAAC;AAAE,oBAAGC,IAAE;AAAC,sBAAE;AAAG,sBAAG;AAAC,qBAAC,SAASD,IAAE;AAAC,0BAAIC,KAAED,GAAE,UAASE,KAAEF,GAAE;AAAK,8BAAOE,GAAE,QAAO;AAAA,wBAAC,KAAK;AAAE,0BAAAD,GAAE;AAAE;AAAA,wBAAM,KAAK;AAAE,0BAAAA,GAAEC,GAAE,CAAC,CAAC;AAAE;AAAA,wBAAM,KAAK;AAAE,0BAAAD,GAAEC,GAAE,CAAC,GAAEA,GAAE,CAAC,CAAC;AAAE;AAAA,wBAAM,KAAK;AAAE,0BAAAD,GAAEC,GAAE,CAAC,GAAEA,GAAE,CAAC,GAAEA,GAAE,CAAC,CAAC;AAAE;AAAA,wBAAM;AAAQ,0BAAAD,GAAE,MAAM,GAAEC,EAAC;AAAA,sBAAC;AAAA,oBAAC,EAAED,EAAC;AAAA,kBAAC,UAAC;AAAQ,sBAAED,EAAC,GAAE,IAAE;AAAA,kBAAE;AAAA,gBAAC;AAAA,cAAC;AAAA,YAAC;AAAC,qBAAS,EAAEA,IAAE;AAAC,cAAAA,GAAE,WAASE,MAAG,YAAU,OAAOF,GAAE,QAAM,MAAIA,GAAE,KAAK,QAAQ,CAAC,KAAG,EAAE,CAACA,GAAE,KAAK,MAAM,EAAE,MAAM,CAAC;AAAA,YAAC;AAAA,UAAC,EAAE,eAAa,OAAO,OAAK,WAASA,KAAE,OAAKA,KAAE,IAAI;AAAA,QAAC,GAAG,KAAK,MAAK,eAAa,OAAO,SAAO,SAAO,eAAa,OAAO,OAAK,OAAK,eAAa,OAAO,SAAO,SAAO,CAAC,CAAC;AAAA,MAAC,GAAE,CAAC,CAAC,EAAC,GAAE,CAAC,GAAE,CAAC,EAAE,CAAC,EAAE,EAAE;AAAA,IAAC,CAAC;AAAA;AAAA;;;;ACH599F,IAAY;CAAZ,SAAYgB,oBAAiB;AACzB,EAAAA,mBAAA,gBAAA,IAAA;AACA,EAAAA,mBAAA,WAAA,IAAA;AACA,EAAAA,mBAAA,OAAA,IAAA;AACA,EAAAA,mBAAA,WAAA,IAAA;AACA,EAAAA,mBAAA,QAAA,IAAA;AACA,EAAAA,mBAAA,mBAAA,IAAA;AACA,EAAAA,mBAAA,OAAA,IAAA;AACA,EAAAA,mBAAA,UAAA,IAAA;AACA,EAAAA,mBAAA,aAAA,IAAA;AACA,EAAAA,mBAAA,WAAA,IAAA;AACA,EAAAA,mBAAA,WAAA,IAAA;AACH,EAAAA,mBAAA,UAAA,IAAA;AACG,EAAAA,mBAAA,QAAA,IAAA;AACA,EAAAA,mBAAA,QAAA,IAAA;AACA,EAAAA,mBAAA,oBAAA,IAAA;AACA,EAAAA,mBAAA,gBAAA,IAAA;AACH,EAAAA,mBAAA,kBAAA,IAAA;AACA,EAAAA,mBAAA,UAAA,IAAA;AACG,EAAAA,mBAAA,kBAAA,IAAA;AACA,EAAAA,mBAAA,UAAA,IAAA;AACJ,GArBY,sBAAA,oBAAiB,CAAA,EAAA;AAuBvB,SAAU,mBAAmB,MAAe,KAAc;AAC5D,SAAO,IAAI,SAAS,IAAI,EAAE,IAAI,QAAmB;IAC7C,IAAI,IAAI,KAAK,GAAG,IAAI;IACpB,MAAM,IAAI,KAAK,GAAG,MAAM;IACxB,QAAQ,IAAI,KAAK,GAAG,QAAQ;IAC5B,YAAY,IAAI,KAAK,GAAG,YAAY;EACvC,EAAA;AACL;ACvCM,SAAU,gBAAgB,WAAiB;AAChD,SAAO,uCAAW,QAAQ,UAAU,KAAK,QAAQ,SAAS,OAAO;AAClE;AAEM,SAAU,kBAAkB,YAAkB;AAChD,SAAO,qBAAqB,KAAK,UAAU,IAAI,IAAI,UAAU,MAAM;AACvE;AAEM,SAAU,UAAU,MAAY;AAClC,MAAI,KAAK,KAAK,YAAY,GAAG,IAAI;AACjC,MAAI,SAAS,MAAM,IAAI,KAAK,KAAK,UAAU,GAAG,EAAE;AAChD,MAAI,WAAW,MAAM,IAAI,OAAO,KAAK,UAAU,EAAE;AAEjD,SAAO,CAAC,QAAQ,QAAQ;AAC5B;AAEM,SAAU,YAAY,MAAc,MAAY;AAClD,MAAI;AACA,UAAM,SAAS;AACf,UAAM,MAAM,IAAI,IAAI,MAAM,SAAS,IAAI,EAAE,SAAQ;AACjD,WAAO,IAAI,UAAU,OAAO,MAAM;EACtC,QAAQ;AACJ,WAAO,GAAG,IAAI,GAAG,IAAI;EACzB;AACJ;AAEM,SAAU,MAAe,OAAY,IAAiB;AACxD,SAAO,MAAM,OAAO,CAAC,GAAG,MAAK;AACzB,MAAE,GAAG,CAAC,CAAC,IAAI;AACX,WAAO;EACX,GAAG,CAAA,CAAE;AACT;AAEM,SAAU,aAAa,MAAU;AACtC,SAAO,IAAI,QAAQ,CAAC,SAAS,WAAU;AACtC,UAAM,SAAS,IAAI,WAAU;AAC7B,WAAO,YAAY,MAAM,QAAQ,OAAO,MAAgB;AACxD,WAAO,UAAU,MAAM,OAAM;AAC7B,WAAO,cAAc,IAAI;EAC1B,CAAC;AACF;AAEM,SAAU,SAAS,MAAI;AACzB,SAAO,QAAQ,OAAO,SAAS,YAAY,CAAC,MAAM,QAAQ,IAAI;AAClE;AAEM,SAAU,SAAS,MAAa;AAClC,SAAO,OAAO,SAAS,YAAY,gBAAgB;AACvD;SAEgB,UAAU,WAAW,SAAO;AACxC,MAAI,CAAC,QAAQ;AACT,WAAO;AAEX,QAAM,SAAS,QAAQ,MAAK;AAE5B,MAAI,SAAS,MAAM,KAAK,SAAS,MAAM,GAAG;AACtC,eAAW,OAAO,QAAQ;AACtB,UAAI,SAAS,OAAO,GAAG,CAAC,GAAG;AACvB,cAAM,MAAM,OAAO,GAAG,MAAM,OAAO,GAAG,IAAI,CAAA;AAC1C,kBAAU,KAAK,OAAO,GAAG,CAAC;MAC9B,OAAO;AACH,eAAO,GAAG,IAAI,OAAO,GAAG;MAC5B;IACJ;EACJ;AAEA,SAAO,UAAU,QAAQ,GAAG,OAAO;AACvC;AAiBM,SAAU,QAAW,KAAY;AACtC,SAAO,MAAM,QAAQ,GAAG,IAAI,MAAM,CAAC,GAAG;AACvC;SAEgB,MAAM,KAAK,KAAK,KAAG;AAC/B,SAAO,MAAM,MAAM,MAAO,MAAM,MAAM,MAAM;AAChD;ACxFO,IAAMC,OAAK;EACd,QAAQ;AAAA;AAsBL,IAAM,cAA+C;EACxD,KAAK,EAAE,KAAK,MAAM,MAAM,KAAI;EAC5B,KAAK,EAAE,KAAK,IAAI,OAAO,MAAM,KAAI;EACjC,UAAU,EAAE,KAAK,KAAK,MAAM,KAAI;EAChC,QAAQ,EAAE,KAAK,OAAO,MAAM,MAAM,KAAK,MAAM,KAAK,GAAE;EACpD,OAAO,EAAE,KAAK,GAAG,MAAM,KAAI;EAC3B,SAAS,EAAE,KAAK,MAAM,MAAM,IAAG;AAAA;AAK7B,SAAU,cAAc,KAAa,QAAyB,YAAY,KAAG;AAE/E,MAAI,OAAO,QAAQ,iBAAiB,KAAK,GAAG,GAAG;AAC3C,WAAO;EACX;AAEA,MAAI,MAAM,SAAS,GAAG,IAAI,MAAM;AAEhC,MAAI,MAAM,OAAO,MAAM;AACnB,UAAM,MAAM,KAAK,MAAM,KAAK,MAAM,GAAG;AAE5C,SAAO,GAAG,IAAI,QAAQ,CAAC,CAAC,GAAG,MAAM,IAAI;AACtC;SAEgB,eAAe,GAAW,eAAe,OAAK;AAC1D,UAAQ,GAAC;IACL,KAAK;AAAK,aAAO;IACjB,KAAK;AAAK,aAAO;IACjB,KAAK;AAAM,aAAO;IAClB,KAAK;AAAO,aAAO;IACnB,KAAK;AAAQ,aAAO;IACpB,KAAK;AAAS,aAAO;IACrB;AAAS,aAAO;;AAExB;SAMgB,oBAAoB,MAAe,OAAyB,KAAc;AACtF,MAAG,KAAK,gBAAgBA,KAAG;AACvB,WAAO;AAEX,UAAO,KAAK,WAAS;IACjB,KAAK;AACD,YAAM,QAAQ,IAAI,KAAK,MAAM,KAAK;AAClC;IAEJ,KAAK;AACD,YAAM,WAAW,IAAI,WAAW,MAAM,OAAO,YAAY,QAAQ;AACjE;IAEJ;AACI,aAAO;;AAGf,SAAO;AACX;SCnFgB,eAAe,WAAmB,qBAA8B,OAAK;AACjF,MAAI;AACA,gBAAY,UAAU,QAAQ,cAAc,EAAE;AAElD,cAAY,cAAc,SAAS;AAEnC,QAAM,SAAS,IAAI,UAAS,EAAG,gBAAgB,WAAW,iBAAiB;AAC3E,QAAM,YAAY,kBAAkB,MAAM;AAE1C,MAAI;AACA,UAAM,IAAI,MAAM,SAAS;AAE7B,SAAO;AACX;AAEA,SAAS,kBAAkB,KAAa;;AACpC,UAAO,SAAI,qBAAqB,aAAa,EAAE,CAAC,MAAzC,mBAA4C;AACvD;AAEA,SAAS,cAAc,MAAY;AAC/B,SAAO,KAAK,WAAW,CAAC,MAAM,QAAS,KAAK,UAAU,CAAC,IAAI;AAC/D;AAEM,SAAU,mBAAmB,MAAU;AACzC,SAAO,IAAI,cAAa,EAAG,kBAAkB,IAAI;AACrD;IAEa,kBAAS;EAClB,SAAS,MAAe,YAAoB,MAAI;AAC5C,UAAM,SAAS,CAAA;AAEf,aAAS,IAAI,GAAG,IAAI,KAAK,WAAW,QAAQ,IAAI,GAAG,KAAK;AACpD,UAAI,IAAI,KAAK,WAAW,KAAK,CAAC;AAE9B,UAAI,EAAE,YAAY,KAAK,iBAAiB,aAAa,QAAS,EAAc,aAAa;AACrF,eAAO,KAAK,CAAC;IACrB;AAEA,WAAO;EACX;EAEA,QAAQ,MAAe,WAAiB;AACpC,aAAS,IAAI,GAAG,IAAI,KAAK,WAAW,QAAQ,IAAI,GAAG,KAAK;AACpD,UAAI,IAAI,KAAK,WAAW,KAAK,CAAC;AAE9B,UAAI,EAAE,YAAY,KAAM,EAAc,aAAa;AAC/C,eAAO;IACf;AAEA,WAAO;EACX;EAEA,YAAY,MAAe,WAAmB,eAAqB;AAC/D,QAAI,KAAK,KAAK,QAAQ,MAAM,SAAS;AACrC,WAAO,KAAK,KAAK,KAAK,IAAI,aAAa,IAAI;EAC/C;EAEH,MAAM,MAAa;AAClB,WAAO,MAAM,KAAK,KAAK,UAAU;EAClC;EAEG,KAAK,MAAe,WAAiB;AACjC,aAAS,IAAI,GAAG,IAAI,KAAK,WAAW,QAAQ,IAAI,GAAG,KAAK;AACpD,UAAI,IAAI,KAAK,WAAW,KAAK,CAAC;AAE9B,UAAI,EAAE,aAAa;AACf,eAAO,EAAE;IACjB;AAEA,WAAO;EACX;EAEA,QAAQ,MAAe,UAAkB,eAAuB,MAAI;AAChE,QAAI,MAAM,KAAK,KAAK,MAAM,QAAQ;AAClC,WAAO,MAAM,SAAS,GAAG,IAAI;EACjC;EAEH,QAAQ,MAAe,UAAkB,eAAuB,MAAI;AAC7D,QAAI,MAAM,KAAK,KAAK,MAAM,QAAQ;AAClC,WAAO,MAAM,SAAS,KAAK,EAAE,IAAI;EACrC;EAEA,UAAU,MAAe,UAAkB,eAAuB,MAAI;AAClE,QAAI,MAAM,KAAK,KAAK,MAAM,QAAQ;AAClC,WAAO,MAAM,WAAW,GAAG,IAAI;EACnC;EAEA,SAAS,MAAe,UAAkB,eAAwB,MAAI;AAClE,WAAO,eAAe,KAAK,KAAK,MAAM,QAAQ,GAAG,YAAY;EACjE;EAEA,WAAW,MAAe,UAAkB,QAAyB,YAAY,KAAG;AAChF,WAAO,cAAc,KAAK,KAAK,MAAM,QAAQ,GAAG,KAAK;EACzD;AACH;AAED,IAAM,kBAAkB,IAAI,UAAS;IC9FxB,aAAI;EAKb,YAAsB,UAAiC,MAAY;AAA7C,SAAA,WAAA;AAAiC,SAAA,OAAA;EACvD;EAEA,MAAM,OAAI;AACR,SAAK,OAAO,MAAM,KAAK,SAAS,kBAAkB,KAAK,IAAI;AAE3D,UAAM,UAAU,MAAM,KAAK,SAAS,KAAK,KAAK,IAAI;AAClD,UAAM,SAAS,KAAK,SAAS,iBAAiB,OAAO;AAErD,QAAI,KAAK,SAAS,QAAQ,YAAY;AAClC,WAAK,eAAe;IACxB;AAEA,SAAK,SAAS,OAAO,iBAAiB;EACxC;EAEA,OAAI;AACA,SAAK,SAAS,OAAO,KAAK,MAAM,mBAAmB,KAAK,YAAY,CAAC;EACzE;EAEU,SAAS,MAAa;EAChC;AACH;AC7BD,IAAM,mBAAmB;EACrB,cAAc;EACd,WAAW;EACX,aAAa;EACb,iBAAiB;;AAgBf,SAAU,WAAW,MAAe,KAAc;AACpD,SAAO,IAAI,SAAS,IAAI,EAAE,IAAI,QAAM,UAAU,IAAI,GAAG,CAAC;AAC1D;AAEM,SAAU,UAAU,MAAe,KAAc;AACnD,MAAI,SAA0B;IAC1B,MAAM,IAAI,KAAK,MAAM,MAAM;IAC3B,eAAe,CAAA;;AAGnB,WAAS,MAAM,IAAI,SAAS,IAAI,GAAG;AAC/B,YAAQ,GAAG,WAAS;MAChB,KAAK;AACD,eAAO,SAAS,IAAI,KAAK,IAAI,KAAK;AAClC;MAEJ,KAAK;AACD,eAAO,UAAU,IAAI,KAAK,IAAI,KAAK;AACnC;MAEJ,KAAK;MACL,KAAK;MACL,KAAK;MACL,KAAK;AACD,eAAO,cAAc,KAAK,kBAAkB,IAAI,GAAG,CAAC;AACpD;;EAEZ;AAEA,SAAO;AACX;AAEM,SAAU,kBAAkB,MAAe,KAAc;AAC3D,SAAO;IACH,IAAI,IAAI,KAAK,MAAM,IAAI;IACvB,KAAK,IAAI,KAAK,MAAM,SAAS;IAC7B,MAAM,iBAAiB,KAAK,SAAS;;AAE7C;ACzDM,IAAO,gBAAP,cAA6B,KAAI;EAGnC,SAAS,MAAa;AAClB,SAAK,QAAQ,WAAW,MAAM,KAAK,SAAS,SAAS;EACzD;AACH;ICCY,uBAAA,gBAAc;EAGvB,YAAoB,MAAoB,SAA8B;AAAlD,SAAA,OAAA;AAAoB,SAAA,UAAA;AAFxC,SAAA,YAAuB,IAAI,UAAS;EAGpC;EAEA,IAAI,MAAY;AACZ,UAAM,IAAI,cAAc,IAAI;AAC5B,WAAO,KAAK,KAAK,MAAM,CAAC,KAAK,KAAK,KAAK,MAAM,EAAE,QAAQ,OAAO,IAAI,CAAC;EACvE;EAEA,OAAO,MAAc,SAAY;AAC7B,SAAK,KAAK,KAAK,MAAM,OAAO;EAChC;EAEA,aAAa,KAAK,OAAmB,SAA8B;AAC/D,UAAM,MAAM,MAAM,aAAAC,QAAM,UAAU,KAAK;AAC7C,WAAO,IAAI,gBAAe,KAAK,OAAO;EACpC;EAEA,KAAK,OAAY,QAAM;AACnB,WAAO,KAAK,KAAK,cAAc,EAAE,KAAI,CAAE;EAC3C;EAEA,KAAK,MAAc,OAAyB,UAAQ;;AAChD,aAAO,UAAK,IAAI,IAAI,MAAb,mBAAgB,MAAM,UAAS,QAAQ,QAAQ,IAAI;EAC9D;EAEA,MAAM,kBAAkB,OAAe,MAAI;AACvC,QAAI,WAAW;AAEf,QAAI,QAAQ,MAAM;AACd,YAAM,CAAC,GAAG,EAAE,IAAI,UAAU,IAAI;AAC9B,iBAAW,GAAG,CAAC,SAAS,EAAE;IAC9B;AAEA,UAAM,MAAM,MAAM,KAAK,KAAK,QAAQ;AAC1C,WAAO,MAAM,mBAAmB,KAAK,iBAAiB,GAAG,EAAE,mBAAmB,KAAK,SAAS,IAAI;EAC9F;EAGA,iBAAiB,KAAW;AACxB,WAAO,eAAe,KAAK,KAAK,QAAQ,kBAAkB;EAC9D;AACH;AAED,SAAS,cAAc,MAAY;AAC/B,SAAO,KAAK,WAAW,GAAG,IAAI,KAAK,OAAO,CAAC,IAAI;AACnD;ACrDM,IAAO,eAAP,cAA4B,KAAI;EAGlC,YAAY,KAAqB,MAAc,QAAsB;AACjE,UAAM,KAAK,IAAI;AACf,SAAK,kBAAkB;EAC3B;EAIA,SAAS,MAAa;AAClB,SAAK,OAAO,KAAK,gBAAgB,kBAAkB,IAAI;EAC3D;AACH;ACCK,SAAU,YAAY,MAAe,KAAc;AACrD,SAAO;IACH,MAAM,IAAI,KAAK,MAAM,KAAK;IAC1B,OAAO,IAAI,KAAK,MAAM,OAAO;IAC7B,MAAM,IAAI,WAAW,MAAM,MAAM,YAAY,MAAM;IACnD,QAAQ,IAAI,WAAW,MAAM,SAAS,YAAY,KAAK;IACvD,OAAO,IAAI,SAAS,MAAM,OAAO;IACjC,QAAQ,IAAI,SAAS,MAAM,QAAQ;;AAE3C;AAEM,SAAU,aAAa,MAAe,KAAc;AACtD,MAAI,SAAkB,CAAA;AAEtB,WAAS,KAAK,IAAI,SAAS,IAAI,GAAG;AAC9B,YAAQ,EAAE,WAAS;MACf,KAAK;AAAQ,eAAO,OAAO,YAAY,GAAG,GAAG;AAAG;MAChD,KAAK;AAAO,eAAO,MAAM,YAAY,GAAG,GAAG;AAAG;MAC9C,KAAK;AAAS,eAAO,QAAQ,YAAY,GAAG,GAAG;AAAG;MAClD,KAAK;AAAU,eAAO,SAAS,YAAY,GAAG,GAAG;AAAG;;EAE5D;AAEA,SAAO;AACX;ACDA,IAAY;CAAZ,SAAYC,cAAW;AACnB,EAAAA,aAAA,YAAA,IAAA;AACA,EAAAA,aAAA,UAAA,IAAA;AACA,EAAAA,aAAA,YAAA,IAAA;AACA,EAAAA,aAAA,UAAA,IAAA;AACA,EAAAA,aAAA,SAAA,IAAA;AACJ,GANY,gBAAA,cAAW,CAAA,EAAA;SAyBP,uBAAuB,MAAe,MAAiB,iBAAe;AAClF,MAAI,UAA6B,CAAA;AAEjC,WAAS,KAAK,IAAI,SAAS,IAAI,GAAG;AAC9B,YAAQ,EAAE,WAAS;MACf,KAAK;AACD,gBAAQ,WAAW;UACf,OAAO,IAAI,WAAW,GAAG,GAAG;UAC5B,QAAQ,IAAI,WAAW,GAAG,GAAG;UAC7B,aAAa,IAAI,KAAK,GAAG,QAAQ;;AAErC;MAEJ,KAAK;AACD,gBAAQ,OAAO,IAAI,KAAK,GAAG,KAAK;AAChC;MAEJ,KAAK;AACD,gBAAQ,cAAc;UAClB,MAAM,IAAI,WAAW,GAAG,MAAM;UAC9B,OAAO,IAAI,WAAW,GAAG,OAAO;UAChC,KAAK,IAAI,WAAW,GAAG,KAAK;UAC5B,QAAQ,IAAI,WAAW,GAAG,QAAQ;UAClC,QAAQ,IAAI,WAAW,GAAG,QAAQ;UAClC,QAAQ,IAAI,WAAW,GAAG,QAAQ;UAClC,QAAQ,IAAI,WAAW,GAAG,QAAQ;;AAEtC;MAEJ,KAAK;AACD,gBAAQ,UAAU,aAAa,GAAG,GAAG;AACrC;MAEJ,KAAK;AACD,SAAC,QAAQ,eAAe,QAAQ,aAAa,CAAA,IAAK,KAAK,2BAA2B,GAAG,GAAG,CAAC;AACzF;MAEJ,KAAK;AACD,SAAC,QAAQ,eAAe,QAAQ,aAAa,CAAA,IAAK,KAAK,2BAA2B,GAAG,GAAG,CAAC;AACzF;MAEJ,KAAK;AACD,gBAAQ,YAAY,IAAI,SAAS,GAAG,OAAO,IAAI;AAC/C;MAEJ,KAAK;AACD,gBAAQ,cAAc,aAAa,GAAG,GAAG;AACzC;MAEJ,KAAK;AACD,gBAAQ,aAAa,gBAAgB,GAAG,GAAG;AAC3C;;EAEZ;AAEA,SAAO;AACX;AAEA,SAAS,aAAa,MAAe,KAAc;AAC/C,SAAO;IACH,iBAAiB,IAAI,QAAQ,MAAM,KAAK;IACxC,OAAO,IAAI,WAAW,MAAM,OAAO;IACnC,WAAW,IAAI,SAAS,MAAM,KAAK;IACnC,YAAY,IAAI,SAAS,MAAM,cAAc,IAAI;IACjD,SAAS,IAAI,SAAS,MAAM,KAAK,EAC5B,IAAI,QAAa;MACd,OAAO,IAAI,WAAW,GAAG,GAAG;MAC5B,OAAO,IAAI,WAAW,GAAG,OAAO;IACnC,EAAA;;AAEb;AAEA,SAAS,gBAAgB,MAAe,KAAc;AAClD,SAAO;IACH,SAAS,IAAI,KAAK,MAAM,SAAS;IACjC,WAAW,IAAI,KAAK,MAAM,WAAW;IACrC,QAAQ,IAAI,KAAK,MAAM,KAAK;IAC5B,OAAO,IAAI,QAAQ,MAAM,OAAO;;AAExC;AAEA,SAAS,2BAA2B,MAAe,KAAc;AAC7D,SAAO;IACH,IAAI,IAAI,KAAK,MAAM,IAAI;IACvB,MAAM,IAAI,KAAK,MAAM,MAAM;;AAEnC;AC/IM,SAAU,iBAAiB,MAAe,KAAc;AAC1D,SAAO;IACH,QAAQ,IAAI,WAAW,MAAM,QAAQ;IACrC,OAAO,IAAI,WAAW,MAAM,OAAO;IACnC,MAAM,IAAI,QAAQ,MAAM,MAAM;IAC9B,UAAU,IAAI,KAAK,MAAM,UAAU;;AAE3C;ACHM,SAAU,mBAAmB,MAAe,KAAc;AAC5D,MAAI,SAAwB,CAAA;AAE5B,WAAQ,MAAM,IAAI,SAAS,IAAI,GAAG;AAC9B,qBAAiB,IAAI,QAAQ,GAAG;EACpC;AAEA,SAAO;AACX;SAEgB,iBAAiB,MAAe,OAAsB,KAAc;AAChF,MAAI,oBAAoB,MAAM,OAAO,GAAG;AACpC,WAAO;AAEX,SAAO;AACX;ACUM,SAAU,yBAAyB,MAAe,KAAc;AAClE,MAAI,SAA8B,CAAA;AAElC,WAAQ,MAAM,IAAI,SAAS,IAAI,GAAG;AAC9B,2BAAuB,IAAI,QAAQ,GAAG;EAC1C;AAEA,SAAO;AACX;SAEgB,uBAAuB,MAAe,OAA4B,KAAc;AAC5F,MAAI,KAAK,gBAAgBF,KAAG;AACxB,WAAO;AAEX,MAAG,oBAAoB,MAAM,OAAO,GAAG;AACnC,WAAO;AAEX,UAAQ,KAAK,WAAS;IAClB,KAAK;AACD,YAAM,OAAO,UAAU,MAAM,GAAG;AAChC;IAEJ,KAAK;AACD,YAAM,eAAe,uBAAuB,MAAM,GAAG;AACrD;IAEJ,KAAK;AACD,YAAM,YAAYG,iBAAe,MAAM,GAAG;AAC1C;IAEJ,KAAK;AACD,YAAM,cAAc,iBAAiB,MAAM,GAAG;AAC9C,aAAO;IAGX,KAAK;AACD,YAAM,gBAAgB,IAAI,KAAK,MAAM,KAAK;AAC1C,aAAO;IAGX,KAAK;AACD,YAAM,YAAY,IAAI,SAAS,MAAM,OAAO,IAAI;AAChD;IAEJ,KAAK;AACD,YAAM,WAAW,IAAI,SAAS,MAAM,OAAO,IAAI;AAC/C;IAEJ,KAAK;AACD,YAAM,kBAAkB,IAAI,SAAS,MAAM,OAAO,IAAI;AACtD;IAEJ,KAAK;AACD,YAAM,eAAe,IAAI,QAAQ,MAAM,KAAK;AAC5C;IAEJ,KAAK;AACD,YAAM,YAAY,IAAI,KAAK,MAAM,KAAK;AACtC;IAEJ,KAAK;AACD,YAAM,WAAW,mBAAmB,MAAM,GAAG;AAC7C;IAEJ;AACI,aAAO;;AAGf,SAAO;AACX;AAEM,SAAU,UAAU,MAAe,KAAc;AACnD,SAAO,IAAI,SAAS,MAAM,KAAK,EAC1B,IAAI,QAAmB;IACpB,UAAU,IAAI,WAAW,GAAG,KAAK;IACjC,QAAQ,IAAI,KAAK,GAAG,QAAQ;IAC5B,OAAO,IAAI,KAAK,GAAG,KAAK;EAC3B,EAAA;AACT;AAEM,SAAUA,iBAAe,MAAe,KAAc;AACxD,MAAI,SAA6B,CAAA;AAEjC,WAAS,KAAK,IAAI,SAAS,IAAI,GAAG;AAC9B,YAAQ,EAAE,WAAS;MACf,KAAK;AACD,eAAO,KAAK,IAAI,KAAK,GAAG,KAAK;AAC7B;MAEJ,KAAK;AACD,eAAO,QAAQ,IAAI,QAAQ,GAAG,KAAK;AACnC;;EAEZ;AAEA,SAAO;AACX;ACpFM,SAAU,mBAAmB,MAAe,KAAc;AAC5D,MAAI,SAAkC;IAClC,YAAY,CAAA;IACZ,oBAAoB,CAAA;IACpB,gBAAgB,CAAA;;AAGpB,WAAS,KAAK,IAAI,SAAS,IAAI,GAAG;AAC9B,YAAQ,EAAE,WAAS;MACf,KAAK;AACD,eAAO,WAAW,KAAK,eAAe,GAAG,GAAG,CAAC;AAC7C;MACJ,KAAK;AACD,eAAO,mBAAmB,KAAK,uBAAuB,GAAG,GAAG,CAAC;AAC7D;MACJ,KAAK;AACD,eAAO,eAAe,KAAK,4BAA4B,GAAG,GAAG,CAAC;AAC9D;;EAEZ;AAEA,SAAO;AACX;AAEM,SAAU,eAAe,MAAe,KAAc;AACxD,MAAI,SAAoB;IACpB,IAAI,IAAI,KAAK,MAAM,OAAO;IAC1B,WAAW,CAAA;;AAGf,WAAS,KAAK,IAAI,SAAS,IAAI,GAAG;AAC9B,YAAQ,EAAE,WAAS;MACf,KAAK;AACD,eAAO,aAAa,IAAI,KAAK,GAAG,KAAK;AACrC;MACJ,KAAK;AACD,eAAO,UAAU,KAAK,6BAA6B,GAAG,GAAG,CAAC;AAC1D;;EAEZ;AAEA,SAAO;AACX;AAEM,SAAU,uBAAuB,MAAe,KAAc;AAChE,MAAI,SAA4B;IAC5B,IAAI,IAAI,KAAK,MAAM,eAAe;IAClC,QAAQ,CAAA;;AAGZ,WAAS,KAAK,IAAI,SAAS,IAAI,GAAG;AAC9B,YAAQ,EAAE,WAAS;MACf,KAAK;AACD,eAAO,OAAO,IAAI,KAAK,GAAG,KAAK;AAC/B;MACJ,KAAK;AACD,eAAO,iBAAiB,IAAI,KAAK,GAAG,KAAK;AACzC;MACJ,KAAK;AACD,eAAO,qBAAqB,IAAI,KAAK,GAAG,KAAK;AAC7C;MACJ,KAAK;AACD,eAAO,YAAY,IAAI,KAAK,GAAG,KAAK;AACpC;MACJ,KAAK;AACD,eAAO,OAAO,KAAK,oBAAoB,GAAG,GAAG,CAAC;AAC9C;;EAEZ;AAEA,SAAO;AACX;AAEM,SAAU,oBAAoB,MAAe,KAAc;AAC7D,MAAI,SAAyB;IACzB,OAAO,IAAI,QAAQ,MAAM,MAAM;;AAGnC,WAAS,KAAK,IAAI,SAAS,IAAI,GAAG;AAC9B,YAAQ,EAAE,WAAS;MACf,KAAK;AACD,eAAO,QAAQ,IAAI,KAAK,GAAG,KAAK;AAChC;MACJ,KAAK;AACD,eAAO,UAAU,IAAI,QAAQ,GAAG,KAAK;AACrC;MACJ,KAAK;AACD,eAAO,SAAS,IAAI,KAAK,GAAG,KAAK;AACjC;MACJ,KAAK;AACD,eAAO,OAAO,IAAI,KAAK,GAAG,KAAK;AAC/B;MACJ,KAAK;AACD,eAAO,gBAAgB,IAAI,KAAK,GAAG,KAAK;AACxC;MACJ,KAAK;AACD,eAAO,kBAAkB,IAAI,KAAK,GAAG,KAAK;AAC1C;MACJ,KAAK;AACD,eAAO,iBAAiB,IAAI,KAAK,GAAG,KAAK;AACzC;MACJ,KAAK;AACD,eAAO,iBAAiB,yBAAyB,GAAG,GAAG;AACvD;MACJ,KAAK;AACD,eAAO,WAAW,mBAAmB,GAAG,GAAG;AAC3C;;EAEZ;AAEA,SAAO;AACX;AAEM,SAAU,6BAA6B,MAAe,KAAc;AACtE,MAAI,SAAiC;IACjC,OAAO,IAAI,QAAQ,MAAM,MAAM;;AAGnC,WAAS,KAAK,IAAI,SAAS,IAAI,GAAG;AAC9B,YAAQ,EAAE,WAAS;MACf,KAAK;AACD,eAAO,QAAQ,IAAI,QAAQ,GAAG,KAAK;AACnC;MACJ,KAAK;AACD,eAAO,iBAAiB,oBAAoB,GAAG,GAAG;AAClD;;EAEZ;AAEA,SAAO;AACX;AAEM,SAAU,4BAA4B,MAAe,KAAc;AAErE,MAAI,OAAO,IAAI,QAAQ,MAAM,MAAM;AACnC,MAAI,QAAQ,QAAQ,IAAI,QAAQ,MAAM,OAAO;AAC7C,MAAI,YAAY,SAAS,IAAI,QAAQ,OAAO,WAAW;AAEvD,SAAO,YAAY;IACf,IAAI,IAAI,KAAK,MAAM,gBAAgB;IACnC,aAAa,IAAI,KAAK,WAAW,IAAI;IACrC,OAAO,IAAI,KAAK,OAAO,OAAO;MAC9B;AACR;AC5LM,IAAO,gBAAP,cAA6B,KAAI;EAGnC,YAAY,KAAqB,MAAc,QAAsB;AACjE,UAAM,KAAK,IAAI;AACf,SAAK,kBAAkB;EAC3B;EAQA,SAAS,MAAa;AAClB,WAAO,OAAO,MAAM,mBAAmB,MAAM,KAAK,SAAS,SAAS,CAAC;AACrE,SAAK,gBAAgB,KAAK,gBAAgB,mBAAmB,IAAI;EACrE;AACH;ACnBK,IAAO,aAAP,cAA0B,KAAI;EAKhC,YAAY,KAAqB,MAAc,QAAsB;AACjE,UAAM,KAAK,IAAI;AACf,SAAK,kBAAkB;EAC3B;EAEA,SAAS,MAAa;AAClB,SAAK,SAAS,KAAK,gBAAgB,gBAAgB,IAAI;EAC3D;AACH;AClBD,IAAY;CAAZ,SAAYC,UAAO;AACf,EAAAA,SAAA,UAAA,IAAA;AACA,EAAAA,SAAA,WAAA,IAAA;AACA,EAAAA,SAAA,KAAA,IAAA;AACA,EAAAA,SAAA,OAAA,IAAA;AACA,EAAAA,SAAA,eAAA,IAAA;AACA,EAAAA,SAAA,OAAA,IAAA;AACA,EAAAA,SAAA,KAAA,IAAA;AACA,EAAAA,SAAA,MAAA,IAAA;AACA,EAAAA,SAAA,WAAA,IAAA;AACA,EAAAA,SAAA,UAAA,IAAA;AACA,EAAAA,SAAA,SAAA,IAAA;AACA,EAAAA,SAAA,OAAA,IAAA;AACA,EAAAA,SAAA,MAAA,IAAA;AACA,EAAAA,SAAA,KAAA,IAAA;AACA,EAAAA,SAAA,QAAA,IAAA;AACA,EAAAA,SAAA,eAAA,IAAA;AACA,EAAAA,SAAA,aAAA,IAAA;AACA,EAAAA,SAAA,QAAA,IAAA;AACA,EAAAA,SAAA,QAAA,IAAA;AACA,EAAAA,SAAA,mBAAA,IAAA;AACH,EAAAA,SAAA,kBAAA,IAAA;AACG,EAAAA,SAAA,UAAA,IAAA;AACA,EAAAA,SAAA,SAAA,IAAA;AACA,EAAAA,SAAA,aAAA,IAAA;AACA,EAAAA,SAAA,cAAA,IAAA;AACA,EAAAA,SAAA,aAAA,IAAA;AACH,EAAAA,SAAA,YAAA,IAAA;AACA,EAAAA,SAAA,SAAA,IAAA;AACA,EAAAA,SAAA,kBAAA,IAAA;AACA,EAAAA,SAAA,aAAA,IAAA;AACA,EAAAA,SAAA,aAAA,IAAA;AACA,EAAAA,SAAA,iBAAA,IAAA;AACA,EAAAA,SAAA,cAAA,IAAA;AACA,EAAAA,SAAA,gBAAA,IAAA;AACA,EAAAA,SAAA,YAAA,IAAA;AACA,EAAAA,SAAA,SAAA,IAAA;AACA,EAAAA,SAAA,WAAA,IAAA;AACA,EAAAA,SAAA,gBAAA,IAAA;AACA,EAAAA,SAAA,cAAA,IAAA;AACA,EAAAA,SAAA,gBAAA,IAAA;AACA,EAAAA,SAAA,gBAAA,IAAA;AACA,EAAAA,SAAA,kBAAA,IAAA;AACA,EAAAA,SAAA,SAAA,IAAA;AACA,EAAAA,SAAA,cAAA,IAAA;AACA,EAAAA,SAAA,QAAA,IAAA;AACA,EAAAA,SAAA,kBAAA,IAAA;AACA,EAAAA,SAAA,UAAA,IAAA;AACA,EAAAA,SAAA,eAAA,IAAA;AACA,EAAAA,SAAA,WAAA,IAAA;AACA,EAAAA,SAAA,cAAA,IAAA;AACA,EAAAA,SAAA,QAAA,IAAA;AACA,EAAAA,SAAA,QAAA,IAAA;AACA,EAAAA,SAAA,cAAA,IAAA;AACA,EAAAA,SAAA,YAAA,IAAA;AACA,EAAAA,SAAA,UAAA,IAAA;AACA,EAAAA,SAAA,SAAA,IAAA;AACA,EAAAA,SAAA,aAAA,IAAA;AACA,EAAAA,SAAA,SAAA,IAAA;AACA,EAAAA,SAAA,kBAAA,IAAA;AACA,EAAAA,SAAA,mBAAA,IAAA;AACA,EAAAA,SAAA,iBAAA,IAAA;AACG,EAAAA,SAAA,UAAA,IAAA;AACJ,GA/DY,YAAA,UAAO,CAAA,EAAA;IA6EG,2BAAkB;EAAxC,cAAA;AAEI,SAAA,WAA8B,CAAA;AAC9B,SAAA,WAAoC,CAAA;EAOxC;AAAC;ACrFK,IAAO,YAAP,cAAyB,mBAAkB;EAAjD,cAAA;;AACI,SAAA,OAAgB,QAAQ;EAC5B;AAAC;AAEK,IAAO,YAAP,cAAyB,mBAAkB;EAAjD,cAAA;;AACI,SAAA,OAAgB,QAAQ;EAC5B;AAAC;ACFK,IAAgB,uBAAhB,cAAwF,KAAI;EAK9F,YAAY,KAAqB,MAAc,QAAsB;AACjE,UAAM,KAAK,IAAI;AACf,SAAK,kBAAkB;EAC3B;EAEA,SAAS,MAAa;AAClB,SAAK,cAAc,KAAK,kBAAiB;AACzC,SAAK,YAAY,WAAW,KAAK,gBAAgB,kBAAkB,IAAI;EAC3E;AAGH;AAEK,IAAO,aAAP,cAA0B,qBAA+B;EACjD,oBAAiB;AACvB,WAAO,IAAI,UAAS;EACxB;AACH;AAEK,IAAO,aAAP,cAA0B,qBAA+B;EACjD,oBAAiB;AACvB,WAAO,IAAI,UAAS;EACxB;AACH;ACnBK,SAAU,mBAAmB,MAAe,WAAoB;AAClE,QAAM,SAAmC,CAAA;AAIzC,WAAS,MAAM,UAAU,SAAS,IAAI,GAAG;AACrC,YAAQ,GAAG,WAAS;MAChB,KAAK;AACD,eAAO,WAAW,GAAG;AACrB;MACJ,KAAK;AACD,eAAO,QAAQ,eAAe,GAAG,WAAW;AAC5C;MACJ,KAAK;AACD,eAAO,QAAQ,eAAe,GAAG,WAAW;AAC5C;MACJ,KAAK;AACD,eAAO,aAAa,eAAe,GAAG,WAAW;AACjD;MACJ,KAAK;AACD,eAAO,cAAc,GAAG;AACxB;MACJ,KAAK;AACD,eAAO,QAAQ,eAAe,GAAG,WAAW;AAC5C;MACJ,KAAK;AACD,eAAO,aAAa,eAAe,GAAG,WAAW;AACjD;MACJ,KAAK;AACD,eAAO,UAAU,GAAG;AACpB;MACJ,KAAK;AACD,eAAO,aAAa,GAAG;AACvB;;EAEZ;AAEA,SAAO;AACX;AAEA,SAAS,eAAe,OAAa;AACjC,MAAI,OAAO,UAAU;AACjB;AACJ,SAAO,SAAS,KAAK;AACzB;ACxDM,IAAO,oBAAP,cAAiC,KAAI;EAGvC,SAAS,MAAa;AAClB,SAAK,QAAQ,mBAAmB,MAAM,KAAK,SAAS,SAAS;EACjE;AACH;ACIK,SAAU,eAAe,MAAe,WAAoB;AAC9D,QAAM,SAA+B,CAAA;AAErC,WAAS,MAAM,UAAU,SAAS,IAAI,GAAG;AACrC,YAAQ,GAAG,WAAS;MAChB,KAAK;AAAS,eAAO,QAAQ,GAAG;AAAa;MAC7C,KAAK;AAAe,eAAO,cAAc,GAAG;AAAa;MACzD,KAAK;AAAW,eAAO,UAAU,GAAG;AAAa;MACjD,KAAK;AAAW,eAAO,UAAU,GAAG;AAAa;MACjD,KAAK;AAAY,eAAO,WAAW,GAAG;AAAa;MACnD,KAAK;AAAY,eAAO,WAAW,GAAG;AAAa;MACnD,KAAK;AAAkB,eAAO,iBAAiB,GAAG;AAAa;MAC/D,KAAK;AAAY,WAAG,gBAAgB,OAAO,WAAW,SAAS,GAAG,WAAW;AAAI;;EAEzF;AAEA,SAAO;AACX;AC3BM,IAAO,gBAAP,cAA6B,KAAI;EAGnC,SAAS,MAAa;AAClB,SAAK,QAAQ,eAAe,MAAM,KAAK,SAAS,SAAS;EAC7D;AACH;ICPY,iBAAQ;AAGpB;AAmBK,SAAU,WAAW,MAAe,KAAc;AACpD,MAAI,SAAS,IAAI,SAAQ;AACzB,MAAI,gBAAgB,IAAI,QAAQ,MAAM,eAAe;AAErD,WAAS,MAAM,IAAI,SAAS,aAAa,GAAG;AACxC,YAAO,GAAG,WAAS;MACf,KAAK;AAAa,eAAO,cAAc,iBAAiB,IAAI,GAAG;AAAG;MAClE,KAAK;AAAc,eAAO,aAAa,gBAAgB,IAAI,GAAG;AAAG;;EAEzE;AAEA,SAAO;AACX;AAEM,SAAU,iBAAiB,MAAe,KAAc;AAC1D,MAAI,SAAyB;IACzB,MAAM,IAAI,KAAK,MAAM,MAAM;IAC3B,QAAQ,CAAA;;AAGZ,WAAS,MAAM,IAAI,SAAS,IAAI,GAAG;AAC/B,QAAI,UAAU,IAAI,QAAQ,IAAI,SAAS;AACvC,QAAI,SAAS,IAAI,QAAQ,IAAI,QAAQ;AAErC,QAAI,SAAS;AACT,aAAO,OAAO,GAAG,SAAS,IAAI,IAAI,KAAK,SAAS,KAAK;IACzD,WACS,QAAQ;AACb,aAAO,OAAO,GAAG,SAAS,IAAI,IAAI,KAAK,QAAQ,SAAS;IAC5D;EACJ;AAEA,SAAO;AACX;AAEM,SAAU,gBAAgB,MAAe,KAAc;AACzD,MAAI,SAAwB;IACxB,MAAM,IAAI,KAAK,MAAM,MAAM;;AAG/B,WAAS,MAAM,IAAI,SAAS,IAAI,GAAG;AAC/B,YAAQ,GAAG,WAAS;MAChB,KAAK;AAAa,eAAO,YAAY,cAAc,IAAI,GAAG;AAAG;MAC7D,KAAK;AAAa,eAAO,YAAY,cAAc,IAAI,GAAG;AAAG;;EAErE;AAEA,SAAO;AACX;AAEM,SAAU,cAAc,MAAe,KAAc;AACvD,SAAO;IACH,eAAe,IAAI,YAAY,MAAM,SAAS,UAAU;IACxD,YAAY,IAAI,YAAY,MAAM,MAAM,UAAU;IAClD,YAAY,IAAI,YAAY,MAAM,MAAM,UAAU;;AAE1D;AC5EM,IAAO,YAAP,cAAyB,KAAI;EAG/B,YAAY,KAAqB,MAAY;AACzC,UAAM,KAAK,IAAI;EACnB;EAEA,SAAS,MAAa;AAClB,SAAK,QAAQ,WAAW,MAAM,KAAK,SAAS,SAAS;EACzD;AACH;ICZqB,oBAAW;AAIhC;AAEK,IAAO,cAAP,cAA2B,YAAW;EAA5C,cAAA;;AACC,SAAA,OAAO,QAAQ;EAChB;AAAC;AAEK,IAAO,aAAP,cAA0B,YAAW;EAA3C,cAAA;;AACC,SAAA,OAAO,QAAQ;EAChB;AAAC;ACTK,IAAO,eAAP,cAAmD,KAAI;EAKzD,YAAY,KAAqB,MAAc,QAAsB;AACjE,UAAM,KAAK,IAAI;AACf,SAAK,kBAAkB;EAC3B;AACH;AAEK,IAAO,gBAAP,cAA6B,aAAyB;EACxD,YAAY,KAAqB,MAAc,QAAsB;AACjE,UAAM,KAAK,MAAM,MAAM;EAC3B;EAEA,SAAS,MAAa;AAClB,SAAK,QAAQ,KAAK,gBAAgB,WAAW,MAAM,YAAY,WAAW;EAC9E;AACH;AAEK,IAAO,eAAP,cAA4B,aAAwB;EACtD,YAAY,KAAqB,MAAc,QAAsB;AACjE,UAAM,KAAK,MAAM,MAAM;EAC3B;EAEA,SAAS,MAAa;AAClB,SAAK,QAAQ,KAAK,gBAAgB,WAAW,MAAM,WAAW,UAAU;EAC5E;AACH;AClBK,SAAU,cAAc,MAAe,KAAc;AAC1D,MAAI,SAAS,CAAA;AAEb,WAAS,MAAM,IAAI,SAAS,IAAI,GAAG;AAClC,YAAO,GAAG,WAAS;MAClB,KAAK;AAAkB,eAAO,iBAAiB,IAAI,WAAW,IAAI,KAAK;AAAG;MAC1E,KAAK;AAAc,eAAO,gBAAgB,oBAAoB,IAAI,GAAG;AAAG;MACxE,KAAK;AAAa,eAAO,eAAe,oBAAoB,IAAI,GAAG;AAAG;MACtE,KAAK;AAAmB,eAAO,kBAAkB,IAAI,SAAS,IAAI,KAAK;AAAG;;EAE5E;AAEG,SAAO;AACX;AAEM,SAAU,oBAAoB,MAAe,KAAc;AAChE,MAAI,SAAS;IACZ,gBAAgB,CAAA;;AAGjB,WAAS,MAAM,IAAI,SAAS,IAAI,GAAG;AAClC,YAAO,GAAG,WAAS;MAClB,KAAK;AACJ,eAAO,kBAAkB,IAAI,KAAK,IAAI,KAAK;AAC3C;MAED,KAAK;MACL,KAAK;AACJ,eAAO,eAAe,KAAK,IAAI,KAAK,IAAI,IAAI,CAAC;AAC7C;;EAEH;AAEG,SAAO;AACX;AC9CM,IAAO,eAAP,cAA4B,KAAI;EAGrC,YAAY,KAAqB,MAAY;AAC5C,UAAM,KAAK,IAAI;EAChB;EAEA,SAAS,MAAa;AACrB,SAAK,WAAW,cAAc,MAAM,KAAK,SAAS,SAAS;EAC5D;AACA;ACLK,SAAU,iBAAiB,MAAe,KAAc;AAC7D,SAAO,IAAI,SAAS,MAAM,UAAU,EAAE,IAAI,OAAI;AAC7C,UAAM,aAAa,EAAE;AAErB,WAAO;MACN,UAAU,IAAI,KAAK,GAAG,OAAO;MAC7B,MAAM,IAAI,KAAK,GAAG,MAAM;MACxB,MAAM,WAAW;MACjB,OAAO,WAAW;;EAEpB,CAAC;AACF;ACjBM,IAAO,kBAAP,cAA+B,KAAI;EAGrC,SAAS,MAAa;AAClB,SAAK,QAAQ,iBAAiB,MAAM,KAAK,SAAS,SAAS;EAC/D;AACH;ACHK,IAAO,eAAP,cAA4B,KAAI;EAMlC,YAAY,KAAqB,MAAc,QAAsB;AACjE,UAAM,KAAK,IAAI;AACf,SAAK,kBAAkB;EAC3B;EAEH,SAAS,MAAa;AACf,SAAK,WAAW,KAAK,gBAAgB,cAAc,IAAI;AAC7D,SAAK,aAAa,MAAM,KAAK,UAAU,OAAK,EAAE,EAAE;EAC9C;AACH;ACXK,IAAO,uBAAP,cAAoC,KAAI;EAI1C,YAAY,KAAqB,MAAY;AACzC,UAAM,KAAK,IAAI;AAJnB,SAAA,WAA+B,CAAA;EAK/B;EAEH,SAAS,MAAa;AACf,UAAM,MAAM,KAAK,SAAS;AAE1B,aAAS,MAAM,IAAI,SAAS,MAAM,WAAW,GAAG;AAC5C,WAAK,SAAS,KAAK;QACf,QAAQ,IAAI,KAAK,IAAI,QAAQ;QAC7B,cAAc,IAAI,KAAK,IAAI,cAAc;QACzC,MAAM,IAAI,SAAS,IAAI,MAAM;MAChC,CAAA;IACL;AAEN,SAAK,aAAa,MAAM,KAAK,UAAU,OAAK,EAAE,MAAM;EAClD;AACH;ACVD,IAAM,eAAe;EACpB,EAAE,MAAM,kBAAkB,gBAAgB,QAAQ,oBAAmB;EACrE,EAAE,MAAM,kBAAkB,oBAAoB,QAAQ,mBAAkB;EACxE,EAAE,MAAM,kBAAkB,gBAAgB,QAAQ,oBAAmB;EACrE,EAAE,MAAM,kBAAkB,kBAAkB,QAAQ,sBAAqB;;IAG7D,qBAAA,cAAY;EAAzB,cAAA;AAMC,SAAA,QAAgB,CAAA;AAChB,SAAA,WAAiC,CAAA;EAwKlC;EAzJC,aAAa,KAAK,MAAkB,QAAwB,SAAY;AACvE,QAAI,IAAI,IAAI,cAAY;AAExB,MAAE,WAAW;AACb,MAAE,UAAU;AACZ,MAAE,WAAW,MAAM,eAAe,KAAK,MAAM,OAAO;AACpD,MAAE,OAAO,MAAM,EAAE,SAAS,kBAAiB;AAE3C,UAAM,QAAQ,IAAI,aAAa,IAAI,SAAM;AACxC,YAAM,IAAI,EAAE,KAAK,KAAK,OAAK,EAAE,SAAS,IAAI,IAAI,KAAK;AACnD,aAAO,EAAE,qBAAqB,EAAE,QAAQ,EAAE,IAAI;IAC/C,CAAC,CAAC;AAEF,WAAO;EACR;EAEA,KAAK,OAAO,QAAM;AACjB,WAAO,KAAK,SAAS,KAAK,IAAI;EAC/B;EAEQ,MAAM,qBAAqB,MAAc,MAAY;;AAC5D,QAAI,KAAK,SAAS,IAAI;AACrB,aAAO,KAAK,SAAS,IAAI;AAE1B,QAAI,CAAC,KAAK,SAAS,IAAI,IAAI;AAC1B,aAAO;AAER,QAAI,OAAa;AAEjB,YAAQ,MAAI;MACX,KAAK,kBAAkB;AACtB,aAAK,eAAe,OAAO,IAAI,aAAa,KAAK,UAAU,MAAM,KAAK,OAAO;AAC7E;MAED,KAAK,kBAAkB;AACtB,aAAK,gBAAgB,OAAO,IAAI,cAAc,KAAK,UAAU,IAAI;AACjE;MAED,KAAK,kBAAkB;AACtB,aAAK,gBAAgB,OAAO,IAAI,cAAc,KAAK,UAAU,MAAM,KAAK,OAAO;AAC/E;MAED,KAAK,kBAAkB;AACtB,aAAK,aAAa,OAAO,IAAI,WAAW,KAAK,UAAU,MAAM,KAAK,OAAO;AACzE;MAED,KAAK,kBAAkB;AACtB,aAAK,YAAY,OAAO,IAAI,UAAU,KAAK,UAAU,IAAI;AACzD;MAED,KAAK,kBAAkB;AACtB,aAAK,gBAAgB,OAAO,IAAI,cAAc,KAAK,UAAU,MAAM,KAAK,OAAO;AAC/E;MAED,KAAK,kBAAkB;AACtB,aAAK,eAAe,OAAO,IAAI,aAAa,KAAK,UAAU,MAAM,KAAK,OAAO;AAC7E;MAED,KAAK,kBAAkB;AACtB,eAAO,IAAI,WAAW,KAAK,UAAU,MAAM,KAAK,OAAO;AACvD;MAED,KAAK,kBAAkB;AACtB,eAAO,IAAI,WAAW,KAAK,UAAU,MAAM,KAAK,OAAO;AACvD;MAED,KAAK,kBAAkB;AACtB,aAAK,gBAAgB,OAAO,IAAI,cAAc,KAAK,UAAU,IAAI;AACjE;MAED,KAAK,kBAAkB;AACtB,aAAK,oBAAoB,OAAO,IAAI,kBAAkB,KAAK,UAAU,IAAI;AACzE;MAED,KAAK,kBAAkB;AACtB,eAAO,IAAI,gBAAgB,KAAK,UAAU,IAAI;AAC9C;MAED,KAAK,kBAAkB;AACtB,aAAK,eAAe,OAAO,IAAI,aAAa,KAAK,UAAU,IAAI;AAC/D;MAED,KAAK,kBAAkB;AACtB,aAAK,eAAe,OAAO,IAAI,aAAa,KAAK,UAAU,MAAM,KAAK,OAAO;AAC7E;MAED,KAAK,kBAAkB;AACtB,aAAK,uBAAuB,OAAO,IAAI,qBAAqB,KAAK,UAAU,IAAI;AAC/E;;AAGF,QAAI,QAAQ;AACX,aAAO,QAAQ,QAAQ,IAAI;AAE5B,SAAK,SAAS,IAAI,IAAI;AACtB,SAAK,MAAM,KAAK,IAAI;AAEpB,UAAM,KAAK,KAAI;AAEf,UAAI,UAAK,SAAL,mBAAW,UAAS,GAAG;AAC1B,YAAM,CAAC,MAAM,IAAI,UAAU,KAAK,IAAI;AACpC,YAAM,QAAQ,IAAI,KAAK,KAAK,IAAI,SAAO,KAAK,qBAAqB,YAAY,IAAI,QAAQ,MAAM,GAAG,IAAI,IAAI,CAAC,CAAC;IAC7G;AAEA,WAAO;EACR;EAEA,MAAM,kBAAkB,IAAY,MAAW;AAC9C,UAAM,IAAI,MAAM,KAAK,aAAa,QAAQ,KAAK,cAAc,IAAI,MAAM;AACvE,WAAO,KAAK,UAAU,CAAC;EACxB;EAEA,MAAM,mBAAmB,IAAU;AAClC,UAAM,IAAI,MAAM,KAAK,aAAa,KAAK,eAAe,IAAI,MAAM;AAChE,WAAO,KAAK,UAAU,CAAC;EACxB;EAEA,MAAM,SAAS,IAAY,KAAW;AACrC,UAAM,IAAI,MAAM,KAAK,aAAa,KAAK,eAAe,IAAI,YAAY;AACtE,WAAO,IAAI,KAAK,UAAU,IAAI,KAAK,CAAC,YAAY,GAAG,GAAG,CAAC,CAAC,CAAC,IAAI;EAC9D;EAEA,MAAM,aAAa,IAAY,MAAW;AACzC,WAAO,MAAM,KAAK,aAAa,QAAQ,KAAK,cAAc,IAAI,QAAQ;EACvE;EAEQ,UAAU,MAAU;AAC3B,QAAI,CAAC;AACJ,aAAO;AAER,QAAI,KAAK,SAAS,cAAc;AAC/B,aAAO,aAAa,IAAI;IACzB;AAEA,WAAO,IAAI,gBAAgB,IAAI;EAChC;EAEA,gBAAgB,IAAY,WAAiB,MAAI;AAChD,QAAI,OAAO,SAAS,QAAQ,KAAK,MAAM,KAAK,OAAK,EAAE,MAAM,EAAE;AAC3D,UAAM,SAAS,WAAW,UAAU,SAAS,IAAI,EAAE,CAAC,IAAI;AACxD,WAAO,MAAM,KAAK,SAAS,YAAY,IAAI,QAAQ,MAAM,CAAC,IAAI;EAC/D;EAEA,YAAY,MAAY,IAAU;AACjC,UAAM,MAAM,KAAK,KAAK,KAAK,OAAK,EAAE,MAAM,EAAE;AAC1C,UAAM,CAAC,MAAM,IAAI,UAAU,KAAK,IAAI;AACpC,WAAO,MAAM,YAAY,IAAI,QAAQ,MAAM,IAAI;EAChD;EAEQ,aAAa,MAAY,IAAY,YAAsB;AAClE,UAAM,OAAO,KAAK,YAAY,MAAM,EAAE;AACtC,WAAO,OAAO,KAAK,SAAS,KAAK,MAAM,UAAU,IAAI,QAAQ,QAAQ,IAAI;EAC1E;AACA;AAEK,SAAU,YAAY,MAAkB,SAAe;AAC5D,QAAM,MAAM;AACZ,QAAM,UAAU,QAAQ,QAAQ,UAAU,EAAE;AAC5C,QAAM,UAAU,IAAI,MAAM,GAAG;AAE7B,WAAS,IAAI,GAAG,IAAI,KAAK;AACxB,YAAQ,MAAM,IAAI,CAAC,IAAI,SAAS,QAAQ,UAAU,IAAI,GAAG,IAAI,IAAI,CAAC,GAAG,EAAE;AAExE,WAAS,IAAI,GAAG,IAAI,IAAI;AACvB,SAAK,CAAC,IAAI,KAAK,CAAC,IAAI,QAAQ,IAAI,GAAG;AAGpC,SAAO;AACR;AC5MM,SAAU,mBAAmB,MAAe,KAAc;AAC5D,SAAO;IACH,MAAM,QAAQ;IACd,IAAI,IAAI,KAAK,MAAM,IAAI;IACvB,MAAM,IAAI,KAAK,MAAM,MAAM;IAC3B,UAAU,IAAI,QAAQ,MAAM,UAAU;IACtC,SAAS,IAAI,QAAQ,MAAM,SAAS;;AAE5C;AAEM,SAAU,iBAAiB,MAAe,KAAc;AAC1D,SAAO;IACH,MAAM,QAAQ;IACd,IAAI,IAAI,KAAK,MAAM,IAAI;;AAE/B;ACvBM,IAAO,aAAP,cAA0B,mBAAkB;EAAlD,cAAA;;AACC,SAAA,OAAgB,QAAQ;AAGxB,SAAA,QAAgC,CAAA;EAMjC;AAAC;AAEK,SAAU,gBAAgB,MAAe,QAAsB;AACpE,MAAI,SAAS,IAAI,WAAU;AAE3B,UAAQ,KAAK,WAAS;IACrB,KAAK;AACJ,aAAO,UAAU;AACjB,aAAO,OAAO,OAAO,OAAO,EAAE,OAAO,QAAQ,QAAQ,OAAM,CAAE;AAC7D;IAED,KAAK;AACJ,aAAO,UAAU;AACjB,aAAO,OAAO,OAAO,OAAO,EAAE,IAAI,OAAO,IAAI,OAAO,IAAI,OAAO,IAAI,MAAK,CAAE;AAC1E;IAED,KAAK;AACJ,aAAO,UAAU;AACjB;IAED,KAAK;AACJ,aAAO,UAAU;AACjB;IAED,KAAK;AACJ,aAAO,UAAU;AACjB,aAAO,OAAO,OAAO,OAAO,EAAE,OAAO,QAAQ,QAAQ,OAAM,CAAE;AAC7D;IAED;AACC,aAAO;;AAGT,aAAW,MAAMC,gBAAI,MAAM,IAAI,GAAG;AACjC,YAAO,GAAG,WAAS;MAClB,KAAK;AACJ,eAAO,eAAe,GAAG;AACzB;MAED,KAAK;AACJ,eAAO,MAAM,OAAO,GAAG;AACvB;MAED,KAAK;AACJ,cAAM,CAAC,IAAI,EAAE,IAAI,WAAW,GAAG,KAAK;AACpC,eAAO,OAAO,OAAO,OAAO,EAAE,IAAI,GAAE,CAAE;AACtC;MAED,KAAK;AACJ,cAAM,CAAC,IAAI,EAAE,IAAI,WAAW,GAAG,KAAK;AACpC,eAAO,OAAO,OAAO,OAAO,EAAE,IAAI,GAAE,CAAE;AACtC;;EAEH;AAEA,aAAW,MAAMA,gBAAI,SAAS,IAAI,GAAG;AACpC,YAAQ,GAAG,WAAS;MACnB,KAAK;AACJ,eAAO,OAAO,OAAO,OAAO,YAAY,EAAE,CAAC;AAC3C;MAED,KAAK;AACJ,eAAO,OAAO,OAAO,OAAO,UAAY,CAAC;AACzC;MAED,KAAK;AACJ,eAAO,UAAU;AACjB,eAAO,OAAO,OAAO,OAAO,EAAE,OAAO,QAAQ,QAAQ,OAAM,CAAE;AAC7D,eAAO,YAAY;UAClB,IAAIA,gBAAI,KAAK,IAAI,IAAI;UACrB,OAAOA,gBAAI,KAAK,IAAI,OAAO;;AAE5B;MAED,KAAK;AACJ,eAAO,SAAS,KAAK,GAAG,OAAO,kBAAkB,EAAE,CAAC;AACpD;MAED;AACC,cAAM,QAAQ,gBAAgB,IAAI,MAAM;AACxC,iBAAS,OAAO,SAAS,KAAK,KAAK;AACnC;;EAEH;AAEA,SAAO;AACR;AAEA,SAAS,YAAY,IAAW;AAC/B,SAAO;IACN,UAAUA,gBAAI,KAAK,IAAI,OAAO;IAC9B,gBAAgBA,gBAAI,WAAW,IAAI,UAAU,YAAY,GAAG,KAAK;;AAEnE;AAEA,SAAS,UAAU,IAAW;AAC7B,SAAO,CAAA;AAGR;AAEA,SAAS,WAAW,KAAW;AAC9B,SAAO,IAAI,MAAM,GAAG;AACrB;ACrHM,IAAO,aAAP,cAA0B,mBAAkB;EAAlD,cAAA;;AACC,SAAA,OAAO,QAAQ;EAKhB;AAAC;AAEK,IAAO,sBAAP,cAAoC,mBAAkB;EAG3D,YAAmB,IAAW;AAC7B,UAAK;AADa,SAAA,KAAA;AAFnB,SAAA,OAAO,QAAQ;EAIf;AACA;AAEK,IAAO,uBAAP,cAAqC,mBAAkB;EAG5D,YAAmB,IAAW;AAC7B,UAAK;AADa,SAAA,KAAA;AAFnB,SAAA,OAAO,QAAQ;EAIf;AACA;AACK,IAAO,qBAAP,cAAmC,mBAAkB;EAG1D,YAAmB,IAAW;AAC7B,UAAK;AADa,SAAA,KAAA;AAFnB,SAAA,OAAO,QAAQ;EAIf;AACA;ACZM,IAAI,QAAQ;EAClB,KAAK;EACL,OAAO;EACP,aAAa;EACb,WAAW;;AAGZ,IAAM,yBAAyB,CAAA;AAE/B,IAAM,YAAY;EACjB,SAAS,QAAQ;EACjB,aAAa,QAAQ;EACrB,KAAK,QAAQ;EACb,QAAQ,QAAQ;EAChB,SAAS,QAAQ;EACjB,OAAO,QAAQ;EACf,OAAO,QAAQ;EACf,OAAO,QAAQ;EACf,OAAO,QAAQ;EACf,KAAK,QAAQ;EACb,QAAQ,QAAQ;EAChB,QAAQ,QAAQ;EAChB,QAAQ,QAAQ;EAChB,OAAO,QAAQ;EACf,OAAO,QAAQ;EACf,KAAK,QAAQ;EACb,QAAQ,QAAQ;EAChB,SAAS,QAAQ;EACjB,OAAO,QAAQ;EACf,UAAU,QAAQ;EAClB,KAAK,QAAQ;EACb,MAAM,QAAQ;EACd,OAAO,QAAQ;EACf,OAAO,QAAQ;EACf,YAAY,QAAQ;;IAQR,uBAAc;EAG1B,YAAY,SAAwC;AACnD,SAAK,UAAU;MACd,aAAa;MACb,OAAO;MACP,GAAG;;EAEL;EAEA,WAAW,QAAiB,UAAkB,WAAc;AAC3D,QAAI,SAAS,CAAA;AAEb,aAAS,MAAMA,gBAAI,SAAS,QAAQ,QAAQ,GAAG;AAC9C,YAAM,OAAO,IAAI,UAAS;AAC1B,WAAK,KAAKA,gBAAI,KAAK,IAAI,IAAI;AAC3B,WAAK,WAAWA,gBAAI,KAAK,IAAI,MAAM;AACnC,WAAK,WAAW,KAAK,kBAAkB,EAAE;AACzC,aAAO,KAAK,IAAI;IACjB;AAEA,WAAO;EACR;EAEA,cAAc,QAAe;AAC5B,QAAI,SAAS,CAAA;AAEb,aAAS,MAAMA,gBAAI,SAAS,QAAQ,SAAS,GAAG;AAC/C,YAAM,OAAO,IAAI,WAAU;AAC3B,WAAK,KAAKA,gBAAI,KAAK,IAAI,IAAI;AAC3B,WAAK,SAASA,gBAAI,KAAK,IAAI,QAAQ;AACnC,WAAK,WAAWA,gBAAI,KAAK,IAAI,UAAU;AACvC,WAAK,OAAOA,gBAAI,KAAK,IAAI,MAAM;AAC/B,WAAK,WAAW,KAAK,kBAAkB,EAAE;AACzC,aAAO,KAAK,IAAI;IACjB;AAEA,WAAO;EACR;EAEA,kBAAkB,QAAe;AAChC,QAAI,QAAQA,gBAAI,QAAQ,QAAQ,MAAM;AACtC,QAAI,aAAaA,gBAAI,QAAQ,QAAQ,YAAY;AACjD,QAAI,SAASA,gBAAI,QAAQ,OAAO,QAAQ;AAExC,WAAO;MACN,MAAM,QAAQ;MACd,UAAU,KAAK,kBAAkB,KAAK;MACtC,OAAO,SAAS,uBAAuB,QAAQA,eAAG,IAAI,CAAA;MACtD,UAAU,aAAa,KAAK,gBAAgB,UAAU,IAAI,CAAA;;EAE5D;EAEA,gBAAgB,MAAa;AAC5B,QAAI,SAAS,CAAA;AACb,QAAI,QAAQ,QAAQ,UAAU,MAAM,OAAO;AAE3C,QAAI,OAAO;AACV,aAAO,kBAAkB,IAAI;IAC9B;AAEA,WAAO;EACR;EAEA,kBAAkB,SAAgB;AACjC,QAAI,WAAW,CAAA;AAEf,eAAW,QAAQA,gBAAI,SAAS,OAAO,GAAG;AACzC,cAAQ,KAAK,WAAS;QACrB,KAAK;AACJ,mBAAS,KAAK,KAAK,eAAe,IAAI,CAAC;AACvC;QAED,KAAK;AACJ,mBAAS,KAAK,KAAK,cAAc,IAAI,CAAC;AACtC;QAED,KAAK;AACJ,mBAAS,KAAK,KAAK,WAAW,IAAI,CAAC;AACnC;QAED,KAAK;AACJ,mBAAS,KAAK,GAAG,KAAK,SAAS,MAAM,OAAK,KAAK,kBAAkB,CAAC,CAAC,CAAC;AACpE;;IAEH;AAEA,WAAO;EACR;EAEA,gBAAgB,SAAgB;AAC/B,QAAI,SAAS,CAAA;AAEb,eAAW,KAAKA,gBAAI,SAAS,OAAO,GAAG;AACtC,cAAQ,EAAE,WAAS;QAClB,KAAK;AACJ,iBAAO,KAAK,KAAK,WAAW,CAAC,CAAC;AAC9B;QAED,KAAK;AACJ,iBAAO,KAAK,KAAK,mBAAmB,CAAC,CAAC;AACtC;;IAEH;AAEA,WAAO;EACR;EAEA,mBAAmB,MAAa;AAC/B,QAAI,SAAoB;MACvB,IAAI;MACJ,MAAM;MACN,QAAQ;MACR,SAAS;MACT,QAAQ,CAAA;;AAGT,eAAW,KAAKA,gBAAI,SAAS,IAAI,GAAE;AAClC,cAAQ,EAAE,WAAS;QAClB,KAAK;AACJ,cAAI,MAAMA,gBAAI,QAAQ,GAAG,KAAK;AAE9B,cAAI;AACH,mBAAO,OAAO,KAAK;cAClB,QAAQ;cACR,QAAQ,KAAK,uBAAuB,KAAK,CAAA,CAAE;YAC3C,CAAA;AACF;QAED,KAAK;AACJ,cAAI,MAAMA,gBAAI,QAAQ,GAAG,KAAK;AAE9B,cAAI;AACH,mBAAO,OAAO,KAAK;cAClB,QAAQ;cACR,QAAQ,KAAK,uBAAuB,KAAK,CAAA,CAAE;YAC3C,CAAA;AACF;;IAEH;AAEA,WAAO;EACR;EAEA,WAAW,MAAa;AACvB,QAAI,SAAoB;MACvB,IAAIA,gBAAI,KAAK,MAAM,SAAS;MAC5B,WAAWA,gBAAI,SAAS,MAAM,SAAS;MACvC,MAAM;MACN,QAAQ;MACR,SAAS;MACT,QAAQ,CAAA;MACR,QAAQ;;AAGT,YAAQA,gBAAI,KAAK,MAAM,MAAM,GAAC;MAC7B,KAAK;AAAa,eAAO,SAAS;AAAK;MACvC,KAAK;AAAS,eAAO,SAAS;AAAS;MACvC,KAAK;AAAa,eAAO,SAAS;AAAQ;;AAI3C,eAAW,KAAKA,gBAAI,SAAS,IAAI,GAAG;AACnC,cAAQ,EAAE,WAAS;QAClB,KAAK;AACJ,iBAAO,UAAUA,gBAAI,KAAK,GAAG,KAAK;AAClC;QAED,KAAK;AACJ,iBAAO,OAAOA,gBAAI,KAAK,GAAG,KAAK;AAC/B;QAED,KAAK;AACJ,iBAAO,SAASA,gBAAI,KAAK,GAAG,KAAK;AACjC;QAED,KAAK;AACJ,iBAAO,OAAOA,gBAAI,KAAK,GAAG,KAAK;AAC/B;QAED,KAAK;AACJ,iBAAO,UAAUA,gBAAI,KAAK,GAAG,KAAK,EAAE,MAAM,GAAG;AAC7C;QAED,KAAK;AACJ,iBAAO,OAAO,KAAK;YAClB,QAAQ;YACR,QAAQ,KAAK,uBAAuB,GAAG,CAAA,CAAE;UACzC,CAAA;AACD,iBAAO,iBAAiB,yBAAyB,GAAGA,eAAG;AACvD;QAED,KAAK;AACJ,iBAAO,OAAO,KAAK;YAClB,QAAQ;YACR,QAAQ,KAAK,uBAAuB,GAAG,CAAA,CAAE;UACzC,CAAA;AACD,iBAAO,WAAW,mBAAmB,GAAGA,eAAG;AAC3C;QAED,KAAK;QACL,KAAK;AACJ,iBAAO,OAAO,KAAK;YAClB,QAAQ;YACR,QAAQ,KAAK,uBAAuB,GAAG,CAAA,CAAE;UACzC,CAAA;AACD;QAED,KAAK;AACJ,mBAAS,KAAK,KAAK,gBAAgB,CAAC;AACnC,mBAAO,OAAO,KAAK,CAAC;AACrB;QAED,KAAK;QACL,KAAK;QACL,KAAK;QACL,KAAK;QACL,KAAK;QACL,KAAK;QACL,KAAK;AAEJ;QAED;AACC,eAAK,QAAQ,SAAS,QAAQ,KAAK,gCAAgC,EAAE,SAAS,EAAE;;IAEnF;AAEA,WAAO;EACR;EAEA,gBAAgB,MAAa;AAC5B,QAAI,SAAS,CAAA;AAEb,QAAI,OAAOA,gBAAI,KAAK,MAAM,MAAM;AAChC,QAAI,WAAW;AACf,QAAI,cAAc;AAElB,YAAQ,MAAI;MACX,KAAK;AACJ,sBAAc;AACd,mBAAW;AACX;MACD,KAAK;AACJ,sBAAc;AACd,mBAAW;AACX;MACD,KAAK;AACJ,sBAAc;AACd,mBAAW;AACX;MACD,KAAK;AACJ,sBAAc;AACd,mBAAW;AACX;MACD,KAAK;AACJ,sBAAc;AACd,mBAAW;AACX;MACD,KAAK;AACJ,sBAAc;AACd,mBAAW;AACX;MACD,KAAK;AACJ,sBAAc;AACd,mBAAW;AACX;MACD,KAAK;AACJ,sBAAc;AACd,mBAAW;AACX;MACD;AAAS,eAAO,CAAA;;AAGjB,eAAW,KAAKA,gBAAI,SAAS,IAAI,GAAG;AACnC,cAAQ,EAAE,WAAS;QAClB,KAAK;AACJ,iBAAO,KAAK;YACX,QAAQ,GAAG,QAAQ;YACnB,KAAK;YACL,QAAQ,KAAK,uBAAuB,GAAG,CAAA,CAAE;UACzC,CAAA;AACD;QAED,KAAK;AACJ,iBAAO,KAAK;YACX,QAAQ,GAAG,QAAQ;YACnB,KAAK;YACL,QAAQ,KAAK,uBAAuB,GAAG,CAAA,CAAE;UACzC,CAAA;AACD;QAED,KAAK;QACL,KAAK;AACJ,iBAAO,KAAK;YACX,QAAQ;YACR,KAAK;YACL,QAAQ,KAAK,uBAAuB,GAAG,CAAA,CAAE;UACzC,CAAA;AACD;;IAEH;AAEA,WAAO;EACR;EAEA,mBAAmB,MAAa;AAC/B,QAAI,SAAS,CAAA;AACb,QAAI,UAAU,CAAA;AACd,QAAI,UAAU,CAAA;AAEd,eAAW,KAAKA,gBAAI,SAAS,IAAI,GAAG;AACnC,cAAQ,EAAE,WAAS;QAClB,KAAK;AACJ,eAAK,uBAAuB,GAAG,OAAO,EACpC,QAAQ,OAAK,OAAO,KAAK,CAAC,CAAC;AAC7B;QAED,KAAK;AACJ,kBAAQ,KAAK,KAAK,wBAAwB,CAAC,CAAC;AAC5C;QAED,KAAK;AACJ,cAAI,QAAQA,gBAAI,KAAK,GAAG,OAAO;AAC/B,cAAI,gBAAgBA,gBAAI,YAAY,GAAG,iBAAiB,KAAK;AAC7D,kBAAQ,aAAa,IAAI;AACzB;;IAEH;AAEA,WAAO,QAAQ,OAAK,EAAE,KAAK,QAAQ,EAAE,EAAE,CAAC;AAExC,WAAO;EACR;EAEA,wBAAwB,MAAa;AACpC,QAAI,OAAOA,gBAAI,QAAQ,MAAM,MAAM;AACnC,QAAI,QAAQ,QAAQA,gBAAI,QAAQ,MAAM,OAAO;AAC7C,QAAI,YAAY,SAASA,gBAAI,QAAQ,OAAO,WAAW;AAEvD,WAAO,YAAY;MAClB,IAAIA,gBAAI,QAAQ,MAAM,gBAAgB;MACtC,KAAKA,gBAAI,KAAK,WAAW,IAAI;MAC7B,OAAOA,gBAAI,KAAK,OAAO,OAAO;QAC3B;EACL;EAEA,uBAAuB,MAAe,SAAc;AACnD,QAAI,SAAS,CAAA;AACb,QAAI,KAAKA,gBAAI,KAAK,MAAM,eAAe;AAEvC,eAAW,KAAKA,gBAAI,SAAS,IAAI,GAAG;AACnC,cAAQ,EAAE,WAAS;QAClB,KAAK;AACJ,iBAAO,KAAK,KAAK,oBAAoB,IAAI,GAAG,OAAO,CAAC;AACpD;;IAEH;AAEA,WAAO;EACR;EAEA,oBAAoB,IAAY,MAAe,SAAc;AAC5D,QAAI,SAAwB;MAC3B;MACA,OAAOA,gBAAI,QAAQ,MAAM,MAAM;MAC/B,OAAO;MACP,YAAY;MACZ,QAAQ,CAAA;MACR,QAAQ,CAAA;MACR,MAAM;;AAGP,eAAW,KAAKA,gBAAI,SAAS,IAAI,GAAG;AACnC,cAAQ,EAAE,WAAS;QAClB,KAAK;AACJ,iBAAO,QAAQA,gBAAI,QAAQ,GAAG,KAAK;AACnC;QAED,KAAK;AACJ,eAAK,uBAAuB,GAAG,OAAO,MAAM;AAC5C;QAED,KAAK;AACJ,eAAK,uBAAuB,GAAG,OAAO,MAAM;AAC5C;QAED,KAAK;AACJ,cAAI,WAAWA,gBAAI,QAAQ,GAAG,KAAK;AACnC,iBAAO,SAAS,QAAQ,KAAK,QAAK,uBAAG,OAAM,QAAQ;AACnD;QAED,KAAK;AACJ,iBAAO,YAAYA,gBAAI,KAAK,GAAG,KAAK;AACpC;QAED,KAAK;AACJ,iBAAO,aAAaA,gBAAI,KAAK,GAAG,KAAK;AACrC;QAED,KAAK;AACJ,iBAAO,SAASA,gBAAI,KAAK,GAAG,KAAK;AACjC;QAED,KAAK;AACJ,iBAAO,OAAOA,gBAAI,KAAK,GAAG,KAAK;AAC/B;;IAEH;AAEA,WAAO;EACR;EAEA,SAAS,MAAe,QAAgB;AACvC,UAAM,aAAaA,gBAAI,QAAQ,MAAM,YAAY;AACjD,WAAO,aAAa,OAAO,UAAU,IAAI,CAAA;EAC1C;EAEA,cAAc,MAAe,cAAsB;;AAClD,WAAuB;MACtB,MAAM,QAAQ;MACd,YAAU,kBAAa,IAAI,MAAjB,mBAAoB,aAAY,CAAA;;EAE5C;EAEA,aAAa,MAAe,cAAsB;;AACjD,WAAuB;MACtB,MAAM,QAAQ;MACd,YAAU,kBAAa,IAAI,MAAjB,mBAAoB,aAAY,CAAA;;EAE5C;EAEA,cAAc,MAAa;AAC1B,WAAO,EAAE,MAAM,QAAQ,UAAU,UAAU,CAAA,GAAI,IAAIA,gBAAI,KAAK,MAAM,IAAI,EAAC;EACxE;EAEA,eAAe,MAAa;AAC3B,QAAI,SAAuB,EAAE,MAAM,QAAQ,WAAW,UAAU,CAAA,EAAE;AAElE,aAAS,MAAMA,gBAAI,SAAS,IAAI,GAAG;AAClC,cAAQ,GAAG,WAAS;QACnB,KAAK;AACJ,eAAK,yBAAyB,IAAI,MAAM;AACxC;QAED,KAAK;AACJ,iBAAO,SAAS,KAAK,KAAK,SAAS,IAAI,MAAM,CAAC;AAC9C;QAED,KAAK;AACJ,iBAAO,SAAS,KAAK,KAAK,eAAe,IAAI,MAAM,CAAC;AACpD;QAED,KAAK;AACJ,iBAAO,SAAS,KAAK,KAAK,cAAc,IAAI,MAAM,CAAC;AACnD;QAED,KAAK;AACJ,iBAAO,SAAS,KAAK,mBAAmB,IAAIA,eAAG,CAAC;AAChD;QAED,KAAK;AACJ,iBAAO,SAAS,KAAK,iBAAiB,IAAIA,eAAG,CAAC;AAC9C;QAED,KAAK;AACJ,iBAAO,SAAS,KAAK,IAAI,qBAAqBA,gBAAI,KAAK,IAAI,IAAI,CAAC,CAAC;AACjE;QAED,KAAK;AACJ,iBAAO,SAAS,KAAK,IAAI,mBAAmBA,gBAAI,KAAK,IAAI,IAAI,CAAC,CAAC;AAC/D;QAED,KAAK;QACL,KAAK;AACJ,iBAAO,SAAS,KAAK,KAAK,iBAAiB,EAAE,CAAC;AAC9C;QAED,KAAK;AACJ,iBAAO,SAAS,KAAK,GAAG,KAAK,SAAS,IAAI,OAAK,KAAK,eAAe,CAAC,EAAE,QAAQ,CAAC;AAC/E;QAED,KAAK;AACJ,iBAAO,SAAS,KAAK,KAAK,cAAc,IAAI,OAAK,KAAK,eAAe,CAAC,CAAC,CAAC;AACxE;QAED,KAAK;AACJ,iBAAO,SAAS,KAAK,KAAK,aAAa,IAAI,OAAK,KAAK,eAAe,CAAC,CAAC,CAAC;AACvE;;IAEH;AAEA,WAAO;EACR;EAEA,yBAAyB,MAAe,WAAuB;AAC9D,SAAK,uBAAuB,MAAM,UAAU,WAAW,CAAA,GAAI,MAAM,OAAI;AACpE,UAAI,uBAAuB,GAAG,WAAWA,eAAG;AAC3C,eAAO;AAER,cAAQ,EAAE,WAAS;QAClB,KAAK;AACJ,oBAAU,YAAYA,gBAAI,KAAK,GAAG,KAAK;AACvC;QAED,KAAK;AACJ,oBAAU,YAAY,OAAO,oBAAoB,CAAC;AAClD;QAED,KAAK;AACJ,eAAK,WAAW,GAAG,SAAS;AAC5B;QAED,KAAK;AAEJ;QAED;AACC,iBAAO;;AAGT,aAAO;IACR,CAAC;EACF;EAEA,WAAW,MAAe,WAAuB;AAChD,QAAI,UAAUA,gBAAI,KAAK,MAAM,SAAS;AAEtC,QAAI,WAAW;AACd,gBAAU,SAAS,OAAO,IAAI;EAChC;EAEA,eAAe,MAAe,QAAuB;AACpD,QAAI,SAAqC,EAAE,MAAM,QAAQ,WAAW,QAAgB,UAAU,CAAA,EAAE;AAEhG,WAAO,SAASA,gBAAI,KAAK,MAAM,QAAQ;AACvC,WAAO,KAAKA,gBAAI,KAAK,MAAM,IAAI;AAE/B,eAAW,KAAKA,gBAAI,SAAS,IAAI,GAAG;AACnC,cAAQ,EAAE,WAAS;QAClB,KAAK;AACJ,iBAAO,SAAS,KAAK,KAAK,SAAS,GAAG,MAAM,CAAC;AAC7C;;IAEH;AAEA,WAAO;EACR;EAEA,cAAc,MAAe,QAAuB;AACnD,QAAI,SAAsB,EAAE,MAAM,QAAQ,UAAU,QAAQ,UAAU,CAAA,EAAE;AACxE,QAAI,MAAMA,gBAAI,KAAK,MAAM,KAAK;AAC9B,QAAI,UAAUA,gBAAI,KAAK,MAAM,SAAS;AAEtC,QAAI;AACH,aAAO,MAAM;AAEd,QAAI;AACH,aAAO,UAAU;AAElB,eAAW,KAAKA,gBAAI,SAAS,IAAI,GAAG;AACnC,cAAQ,EAAE,WAAS;QAClB,KAAK;AACJ,iBAAO,SAAS,KAAK,KAAK,SAAS,GAAG,MAAM,CAAC;AAC7C;;IAEH;AAEA,WAAO;EACR;EAEA,SAAS,MAAe,QAAuB;AAC9C,QAAI,SAAyB,EAAE,MAAM,QAAQ,KAAK,QAAgB,UAAU,CAAA,EAAE;AAE9E,aAAS,KAAKA,gBAAI,SAAS,IAAI,GAAG;AACjC,UAAI,KAAK,sBAAsB,CAAC;AAEhC,cAAQ,EAAE,WAAS;QAClB,KAAK;AACJ,iBAAO,SAAS,KAAc;YAC7B,MAAM,QAAQ;YACd,MAAM,EAAE;UACR,CAAA;AACD;QAED,KAAK;AACJ,iBAAO,SAAS,KAAc;YAC7B,MAAM,QAAQ;YACd,MAAM,EAAE;UACR,CAAA;AACD;QAED,KAAK;AACJ,iBAAO,SAAS,KAAK,IAAI,oBAAoBA,gBAAI,KAAK,GAAG,IAAI,CAAC,CAAC;AAC/D;QAED,KAAK;AACJ,iBAAO,SAAS,KAAqB;YACpC,MAAM,QAAQ;YACd,aAAaA,gBAAI,KAAK,GAAG,OAAO;YAChC,MAAMA,gBAAI,SAAS,GAAG,QAAQ,KAAK;YACnC,OAAOA,gBAAI,SAAS,GAAG,SAAS,KAAK;UACrC,CAAA;AACD;QAED,KAAK;AACJ,iBAAO,WAAW;AAClB,iBAAO,SAAS,KAAyB;YACxC,MAAM,QAAQ;YACd,MAAM,EAAE;UACR,CAAA;AACD;QAED,KAAK;AACJ,iBAAO,WAAW;AAClB,iBAAO,SAAS,KAAmB;YAClC,MAAM,QAAQ;YACd,UAAUA,gBAAI,KAAK,GAAG,aAAa;YACnC,MAAMA,gBAAI,SAAS,GAAG,QAAQ,KAAK;YACnC,OAAOA,gBAAI,SAAS,GAAG,SAAS,KAAK;UACrC,CAAA;AACD;QAED,KAAK;AACJ,iBAAO,SAAS,KAAK,EAAE,MAAM,QAAQ,cAAa,CAAE;AACpD;QAED,KAAK;AACJ,iBAAO,SAAS,KAAe;YAC9B,MAAM,QAAQ;YACd,OAAOA,gBAAI,KAAK,GAAG,MAAM,KAAK;UAC9B,CAAA;AACD;QAED,KAAK;AACJ,iBAAO,SAAS,KAAe;YAC9B,MAAM,QAAQ;YACd,OAAO;UACP,CAAA;AACD;QAED,KAAK;AACJ,iBAAO,SAAS,KAAgB;YAC/B,MAAM,QAAQ;YACd,MAAM,kBAAkBA,gBAAI,KAAK,GAAG,MAAM,CAAC;YAC3C,MAAMA,gBAAI,KAAK,GAAG,MAAM;UACxB,CAAA;AACD;QAED,KAAK;AACJ,iBAAO,SAAS,KAAK,EAAE,MAAM,QAAQ,IAAG,CAAE;AAC1C;QAED,KAAK;AACJ,iBAAO,SAAS,KAAuB;YACtC,MAAM,QAAQ;YACd,IAAIA,gBAAI,KAAK,GAAG,IAAI;UACpB,CAAA;AACD;QAED,KAAK;AACJ,iBAAO,SAAS,KAAuB;YACtC,MAAM,QAAQ;YACd,IAAIA,gBAAI,KAAK,GAAG,IAAI;UACpB,CAAA;AACD;QAED,KAAK;AACJ,cAAI,IAAI,KAAK,aAAa,CAAC;AAE3B,cAAI;AACH,mBAAO,WAAW,CAAC,CAAC;AACrB;QAED,KAAK;AACJ,iBAAO,SAAS,KAAK,KAAK,gBAAgB,CAAC,CAAC;AAC5C;QAED,KAAK;AACJ,eAAK,mBAAmB,GAAG,MAAM;AACjC;;IAEH;AAEA,WAAO;EACR;EAEA,iBAAiB,MAAa;AAC7B,UAAM,WAAW,GAAG,KAAK,SAAS;AAClC,UAAM,SAAS,EAAE,MAAM,UAAU,KAAK,SAAS,GAAG,UAAU,CAAA,EAAE;AAE9D,eAAW,MAAMA,gBAAI,SAAS,IAAI,GAAG;AACpC,YAAM,YAAY,UAAU,GAAG,SAAS;AAExC,UAAI,WAAW;AACd,eAAO,SAAS,KAAK,KAAK,iBAAiB,EAAE,CAAC;MAC/C,WAAW,GAAG,aAAa,KAAK;AAC/B,YAAI,MAAM,KAAK,SAAS,EAAE;AAC1B,YAAI,OAAO,QAAQ;AACnB,eAAO,SAAS,KAAK,GAAG;MACzB,WAAW,GAAG,aAAa,UAAU;AACpC,eAAO,QAAQ,KAAK,mBAAmB,EAAE;MAC1C;IACD;AAEA,WAAO;EACR;EAEA,mBAAmB,MAAa;AAC/B,UAAM,SAA8B,CAAA;AAEpC,eAAW,MAAMA,gBAAI,SAAS,IAAI,GAAG;AACpC,cAAQ,GAAG,WAAS;QACnB,KAAK;AAAO,iBAAO,OAAOA,gBAAI,KAAK,IAAI,KAAK;AAAG;QAC/C,KAAK;AAAU,iBAAO,wBAAwBA,gBAAI,KAAK,IAAI,KAAK;AAAG;QACnE,KAAK;AAAO,iBAAO,WAAWA,gBAAI,KAAK,IAAI,KAAK;AAAG;QACnD,KAAK;AAAW,iBAAO,aAAaA,gBAAI,SAAS,IAAI,KAAK;AAAG;QAC7D,KAAK;AAAU,iBAAO,YAAYA,gBAAI,KAAK,IAAI,KAAK;AAAG;QACvD,KAAK;AAAU,iBAAO,UAAUA,gBAAI,KAAK,IAAI,KAAK;AAAG;;IAEvD;AAEA,WAAO;EACR;EAEA,mBAAmB,MAAe,KAAW;AAC5C,SAAK,uBAAuB,MAAM,IAAI,WAAW,CAAA,GAAI,MAAM,OAAI;AAC9D,cAAQ,EAAE,WAAS;QAClB,KAAK;AACJ,cAAI,YAAYA,gBAAI,KAAK,GAAG,KAAK;AACjC;QAED,KAAK;AACJ,cAAI,gBAAgB,OAAO,iBAAiB,GAAG,IAAI;AACnD;QAED;AACC,iBAAO;;AAGT,aAAO;IACR,CAAC;EACF;EAEA,gBAAgB,MAAa;AAC5B,UAAM,SAAS,EAAE,MAAM,QAAQ,YAAY,UAAU,CAAA,EAAE;AAEvD,eAAW,MAAMA,gBAAI,SAAS,IAAI,GAAG;AACpC,YAAM,QAAQ,gBAAgB,IAAI,IAAI;AACtC,eAAS,OAAO,SAAS,KAAK,KAAK;IACpC;AAEA,WAAO;EACR;EAEA,sBAAsB,MAAa;;AAClC,QAAI,KAAK,aAAa;AACrB,aAAO;AAER,QAAI,SAASA,gBAAI,QAAQ,MAAM,QAAQ;AAEvC,QAAI,QAAQ;AACX,UAAI,WAAWA,gBAAI,KAAK,QAAQ,UAAU;AAC1C,UAAI,eAAe,KAAK,mBAAmB,QAAQ;AAEnD,UAAI,uBAAuB,SAAS,YAAY;AAC/C,eAAO,OAAO;IAChB;AAEA,YAAOA,qBAAI,QAAQ,MAAM,UAAU,MAA5BA,mBAA+B;EACvC;EAEA,aAAa,MAAa;AACzB,aAAS,KAAKA,gBAAI,SAAS,IAAI,GAAG;AACjC,cAAQ,EAAE,WAAS;QAClB,KAAK;QACL,KAAK;AACJ,iBAAO,KAAK,oBAAoB,CAAC;;IAEpC;EACD;EAEA,oBAAoB,MAAa;AAChC,QAAI,SAAyB,EAAE,MAAM,QAAQ,SAAS,UAAU,CAAA,GAAI,UAAU,CAAA,EAAE;AAChF,QAAI,WAAW,KAAK,aAAa;AAQjC,QAAI,WAAmD;AACvD,QAAI,YAAYA,gBAAI,SAAS,MAAM,WAAW;AAC9BA,oBAAI,SAAS,MAAM,WAAW;AAE9C,QAAI,OAAO,EAAE,UAAU,QAAQ,OAAO,QAAQ,QAAQ,IAAG;AACzD,QAAI,OAAO,EAAE,UAAU,QAAQ,OAAO,OAAO,QAAQ,IAAG;AAExD,aAAS,KAAKA,gBAAI,SAAS,IAAI,GAAG;AACjC,cAAQ,EAAE,WAAS;QAClB,KAAK;AACJ,cAAI,WAAW;AACd,iBAAK,SAASA,gBAAI,WAAW,GAAG,KAAK,YAAY,GAAG;AACpD,iBAAK,SAASA,gBAAI,WAAW,GAAG,KAAK,YAAY,GAAG;UACrD;AACA;QAED,KAAK;AACJ,iBAAO,SAAS,OAAO,IAAIA,gBAAI,WAAW,GAAG,MAAM,YAAY,GAAG;AAClE,iBAAO,SAAS,QAAQ,IAAIA,gBAAI,WAAW,GAAG,MAAM,YAAY,GAAG;AACnE;QAED,KAAK;QACL,KAAK;AACJ,cAAI,CAAC,WAAW;AACf,gBAAI,MAAM,EAAE,aAAa,cAAc,OAAO;AAC9C,gBAAI,YAAYA,gBAAI,QAAQ,GAAG,OAAO;AACtC,gBAAI,aAAaA,gBAAI,QAAQ,GAAG,WAAW;AAE3C,gBAAI,WAAWA,gBAAI,KAAK,GAAG,cAAc,KAAK,IAAI;AAElD,gBAAI;AACH,kBAAI,QAAQ,UAAU;AAEvB,gBAAI;AACH,kBAAI,SAAS,cAAc,WAAW,aAAa,YAAY,GAAG;UACpE;AACA;QAED,KAAK;AACJ,qBAAW;AACX;QAED,KAAK;AACJ,qBAAW;AACX;QAED,KAAK;AACJ,cAAI,IAAI,KAAK,aAAa,CAAC;AAE3B,cAAI;AACH,mBAAO,SAAS,KAAK,CAAC;AACvB;;IAEH;AAEA,QAAI,YAAY,oBAAoB;AACnC,aAAO,SAAS,SAAS,IAAI;AAE7B,UAAI,KAAK,OAAO;AACf,eAAO,SAAS,YAAY,IAAI,KAAK;AACrC,eAAO,SAAS,OAAO,IAAI;MAC5B;IACD,WACS,YAAY,YAAY;AAChC,aAAO,SAAS,SAAS,IAAI;AAC7B,aAAO,SAAS,UAAU,IAAI;AAC9B,aAAO,SAAS,OAAO,IAAI;AAC3B,aAAO,SAAS,QAAQ,IAAI;AAE5B,UAAI,KAAK;AACR,eAAO,SAAS,MAAM,IAAI,KAAK;AAChC,UAAI,KAAK;AACR,eAAO,SAAS,KAAK,IAAI,KAAK;IAChC,WACS,aAAa,KAAK,SAAS,UAAU,KAAK,SAAS,UAAU;AACrE,aAAO,SAAS,OAAO,IAAI,KAAK;IACjC;AAEA,WAAO;EACR;EAEA,aAAa,MAAa;AACzB,QAAI,cAAcA,gBAAI,QAAQ,MAAM,aAAa;AAEjD,aAAS,KAAKA,gBAAI,SAAS,WAAW,GAAG;AACxC,cAAQ,EAAE,WAAS;QAClB,KAAK;AACJ,iBAAO,KAAK,aAAa,CAAC;;IAE7B;AAEA,WAAO;EACR;EAEA,aAAa,MAAa;AACzB,QAAI,SAAoB,EAAE,MAAM,QAAQ,OAAO,KAAK,IAAI,UAAU,CAAA,EAAE;AACpE,QAAI,WAAWA,gBAAI,QAAQ,MAAM,UAAU;AAC3C,QAAI,OAAOA,gBAAI,QAAQ,UAAU,MAAM;AACvC,QAAI,UAAUA,gBAAI,QAAQ,UAAU,SAAS;AAE7C,WAAO,MAAMA,gBAAI,KAAK,MAAM,OAAO;AAEnC,QAAI,SAAS;AACZ,aAAO,UAAU;QAChBA,gBAAI,QAAQ,SAAS,KAAK,CAAC,IAAI;QAC/BA,gBAAI,QAAQ,SAAS,KAAK,CAAC,IAAI;QAC/BA,gBAAI,QAAQ,SAAS,KAAK,CAAC,IAAI;QAC/BA,gBAAI,QAAQ,SAAS,KAAK,CAAC,IAAI;;IAEjC;AAEA,QAAI,OAAOA,gBAAI,QAAQ,MAAM,MAAM;AACnC,QAAI,OAAOA,gBAAI,QAAQ,MAAM,MAAM;AAEnC,WAAO,SAAS,UAAU,IAAI;AAE9B,QAAI,MAAM;AACT,aAAO,WAAWA,gBAAI,QAAQ,MAAM,OAAO,CAAC,IAAI;AAEhD,eAAS,KAAKA,gBAAI,SAAS,IAAI,GAAG;AACjC,gBAAQ,EAAE,WAAS;UAClB,KAAK;AACJ,mBAAO,SAAS,OAAO,IAAIA,gBAAI,WAAW,GAAG,MAAM,YAAY,GAAG;AAClE,mBAAO,SAAS,QAAQ,IAAIA,gBAAI,WAAW,GAAG,MAAM,YAAY,GAAG;AACnE;UAED,KAAK;AACJ,mBAAO,SAAS,MAAM,IAAIA,gBAAI,WAAW,GAAG,KAAK,YAAY,GAAG;AAChE,mBAAO,SAAS,KAAK,IAAIA,gBAAI,WAAW,GAAG,KAAK,YAAY,GAAG;AAC/D;;MAEH;IACD;AAEA,WAAO;EACR;EAEA,WAAW,MAAa;AACvB,QAAI,SAAmB,EAAE,MAAM,QAAQ,OAAO,UAAU,CAAA,EAAE;AAE1D,eAAW,KAAKA,gBAAI,SAAS,IAAI,GAAG;AACnC,cAAQ,EAAE,WAAS;QAClB,KAAK;AACJ,iBAAO,SAAS,KAAK,KAAK,cAAc,CAAC,CAAC;AAC1C;QAED,KAAK;AACJ,iBAAO,UAAU,KAAK,kBAAkB,CAAC;AACzC;QAED,KAAK;AACJ,eAAK,qBAAqB,GAAG,MAAM;AACnC;;IAEH;AAEA,WAAO;EACR;EAEA,kBAAkB,MAAa;AAC9B,QAAI,SAAS,CAAA;AAEb,eAAW,KAAKA,gBAAI,SAAS,IAAI,GAAG;AACnC,cAAQ,EAAE,WAAS;QAClB,KAAK;AACJ,iBAAO,KAAK,EAAE,OAAOA,gBAAI,WAAW,GAAG,GAAG,EAAC,CAAE;AAC7C;;IAEH;AAEA,WAAO;EACR;EAEA,qBAAqB,MAAe,OAAe;AAClD,UAAM,WAAW,CAAA;AACjB,UAAM,YAAY,CAAA;AAElB,SAAK,uBAAuB,MAAM,MAAM,UAAU,MAAM,WAAW,OAAI;AACtE,cAAQ,EAAE,WAAS;QAClB,KAAK;AACJ,gBAAM,YAAYA,gBAAI,KAAK,GAAG,KAAK;AACnC;QAED,KAAK;AACJ,gBAAM,YAAY,OAAO,mBAAmB,CAAC;AAC7C;QAED,KAAK;AACJ,eAAK,mBAAmB,GAAG,KAAK;AAChC;QAED,KAAK;AACJ,gBAAM,cAAcA,gBAAI,QAAQ,GAAG,KAAK;AACxC;QAED,KAAK;AACJ,gBAAM,cAAcA,gBAAI,QAAQ,GAAG,KAAK;AACxC;QAGD,KAAK;AACJ,gBAAM,SAAS,SAAS,IAAI;AAC5B;QAED;AACC,iBAAO;;AAGT,aAAO;IACR,CAAC;AAED,YAAQ,MAAM,SAAS,YAAY,GAAC;MACnC,KAAK;AACJ,eAAO,MAAM,SAAS,YAAY;AAClC,cAAM,SAAS,aAAa,IAAI;AAChC,cAAM,SAAS,cAAc,IAAI;AACjC;MAED,KAAK;AACJ,eAAO,MAAM,SAAS,YAAY;AAClC,cAAM,SAAS,aAAa,IAAI;AAChC;;EAEH;EAEA,mBAAmB,MAAe,OAAe;AAChD,QAAI,cAAcA,gBAAI,WAAW,MAAM,aAAa;AACpD,QAAI,iBAAiBA,gBAAI,WAAW,MAAM,gBAAgB;AAC1D,QAAI,gBAAgBA,gBAAI,WAAW,MAAM,eAAe;AACxD,QAAI,eAAeA,gBAAI,WAAW,MAAM,cAAc;AAEtD,UAAM,SAAS,OAAO,IAAI;AAC1B,UAAM,SAAS,eAAe,IAAI,OAAO,QAAQ,MAAM,SAAS,eAAe,GAAG,cAAc;AAChG,UAAM,SAAS,aAAa,IAAI,OAAO,QAAQ,MAAM,SAAS,aAAa,GAAG,YAAY;AAC1F,UAAM,SAAS,cAAc,IAAI,OAAO,QAAQ,MAAM,SAAS,cAAc,GAAG,aAAa;AAC7F,UAAM,SAAS,YAAY,IAAI,OAAO,QAAQ,MAAM,SAAS,YAAY,GAAG,WAAW;EACxF;EAEA,cAAc,MAAa;AAC1B,QAAI,SAAsB,EAAE,MAAM,QAAQ,KAAK,UAAU,CAAA,EAAE;AAE3D,eAAW,KAAKA,gBAAI,SAAS,IAAI,GAAG;AACnC,cAAQ,EAAE,WAAS;QAClB,KAAK;AACJ,iBAAO,SAAS,KAAK,KAAK,eAAe,CAAC,CAAC;AAC3C;QAED,KAAK;QACL,KAAK;AACJ,eAAK,wBAAwB,GAAG,MAAM;AACtC;;IAEH;AAEA,WAAO;EACR;EAEA,wBAAwB,MAAe,KAAgB;AACtD,QAAI,WAAW,KAAK,uBAAuB,MAAM,CAAA,GAAI,MAAM,OAAI;AAC9D,cAAQ,EAAE,WAAS;QAClB,KAAK;AACJ,cAAI,YAAY,OAAO,oBAAoB,CAAC;AAC5C;QAED,KAAK;AACJ,cAAI,WAAWA,gBAAI,SAAS,GAAG,KAAK;AACpC;QAED,KAAK;AACJ,cAAI,aAAaA,gBAAI,QAAQ,GAAG,KAAK;AACrC;QAED,KAAK;AACJ,cAAI,YAAYA,gBAAI,QAAQ,GAAG,KAAK;AACpC;QAED;AACC,iBAAO;;AAGT,aAAO;IACR,CAAC;EACF;EAEA,eAAe,MAAa;AAC3B,QAAI,SAAuB,EAAE,MAAM,QAAQ,MAAM,UAAU,CAAA,EAAE;AAE7D,eAAW,KAAKA,gBAAI,SAAS,IAAI,GAAG;AACnC,cAAQ,EAAE,WAAS;QAClB,KAAK;AACJ,iBAAO,SAAS,KAAK,KAAK,WAAW,CAAC,CAAC;AACvC;QAED,KAAK;AACJ,iBAAO,SAAS,KAAK,KAAK,eAAe,CAAC,CAAC;AAC3C;QAED,KAAK;AACJ,eAAK,yBAAyB,GAAG,MAAM;AACvC;;IAEH;AAEA,WAAO;EACR;EAEA,yBAAyB,MAAe,MAAkB;AACzD,SAAK,WAAW,KAAK,uBAAuB,MAAM,CAAA,GAAI,MAAM,OAAI;AAC/D,cAAQ,EAAE,WAAS;QAClB,KAAK;AACJ,eAAK,OAAOA,gBAAI,QAAQ,GAAG,OAAO,IAAI;AACtC;QAED,KAAK;AACJ,eAAK,gBAAgBA,gBAAI,KAAK,GAAG,KAAK,KAAK;AAC3C;QAED,KAAK;AACJ,eAAK,YAAY,OAAO,oBAAoB,CAAC;AAC7C;QAED;AACC,iBAAO;;AAGT,aAAO;IACR,CAAC;AAED,SAAK,2BAA2B,MAAM,IAAI;EAC3C;EAEA,2BAA2B,MAAe,MAAkB;AAC3D,UAAM,eAAe;MACpB,QAAQ;QACP,aAAa;QACb,WAAW;MACX;MACD,QAAQ;QACP,aAAa;QACb,WAAW;MACX;MACD,QAAQ;QACP,aAAa;QACb,WAAW;MACX;;AAGF,eAAW,KAAKA,gBAAI,SAAS,IAAI,GAAG;AACnC,UAAI,EAAE,cAAc,iBAAiB;AACpC,cAAM,YAAYA,gBAAI,KAAK,GAAG,KAAK;AACnC,cAAM,QAAQ,aAAa,SAAS,KAAK,EAAE,aAAa,gBAAe;AACvE,aAAK,SAAS,cAAc,IAAI,MAAM;AACtC,aAAK,SAAS,WAAW,IAAI,MAAM;MACpC;IACD;EACD;EAEA,uBAAuB,MAAe,QAAgC,MAAM,aAAqC,MAAM,UAAsC,MAAI;AAChK,YAAQ,SAAS,CAAA;AAEjB,eAAW,KAAKA,gBAAI,SAAS,IAAI,GAAG;AACnC,UAAI,mCAAU;AACb;AAED,cAAQ,EAAE,WAAS;QAClB,KAAK;AACJ,gBAAM,YAAY,IAAI,OAAO,UAAU,CAAC;AACxC;QAED,KAAK;AACJ,gBAAM,gBAAgB,IAAI,OAAO,qBAAqB,CAAC;AACvD;QAED,KAAK;AACJ,gBAAM,OAAO,IAAI,QAAQ,UAAU,GAAG,OAAO,MAAM,MAAM,KAAK;AAC9D;QAED,KAAK;AACJ,gBAAM,WAAW,IAAI,MAAM,YAAY,IAAIA,gBAAI,WAAW,GAAG,OAAO,YAAY,QAAQ;AACxF;QAED,KAAK;AACJ,gBAAM,kBAAkB,IAAI,QAAQ,UAAU,GAAG,QAAQ,MAAM,MAAM,GAAG;AACxE;QAED,KAAK;AACJ,gBAAM,kBAAkB,IAAI,QAAQ,UAAU,GAAG,OAAO,MAAM,MAAM,SAAS;AAC7E;QAED,KAAK;AAGJ;QAED,KAAK;AACJ,gBAAM,gBAAgBA,gBAAI,WAAW,GAAG,OAAO,YAAY,QAAQ;AACnE;QAED,KAAK;AACJ,cAAI,KAAK,QAAQ;AAChB;QAEF,KAAK;AACJ,gBAAM,OAAO,IAAI,OAAO,YAAY,GAAG,GAAG;AAC1C;QAED,KAAK;AACJ,eAAK,cAAc,GAAG,KAAK;AAC3B;QAED,KAAK;AACJ,gBAAM,iBAAiB,IAAIA,gBAAI,SAAS,GAAG,OAAO,IAAI,IAAI,iBAAiB;AAC3E;QAED,KAAK;AACJ,gBAAM,aAAa,IAAIA,gBAAI,SAAS,GAAG,OAAO,IAAI,IAAI,SAAS;AAC/D;QAED,KAAK;AACJ,gBAAM,YAAY,IAAIA,gBAAI,SAAS,GAAG,OAAO,IAAI,IAAI,WAAW;AAChE;QAED,KAAK;AACJ,gBAAM,gBAAgB,IAAIA,gBAAI,SAAS,GAAG,OAAO,IAAI,IAAI,cAAc;AACvE;QAED,KAAK;AACJ,gBAAM,cAAc,IAAIA,gBAAI,SAAS,GAAG,OAAO,IAAI,IAAI,eAAe;AACtE;QAED,KAAK;AACJ,eAAK,eAAe,GAAG,KAAK;AAC5B;QAED,KAAK;QACL,KAAK;AACJ,eAAK,iBAAiB,GAAG,KAAK;AAC9B;QAED,KAAK;AACJ,eAAK,UAAU,GAAG,KAAK;AACvB;QAED,KAAK;AACJ,eAAK,sBAAsB,GAAG,cAAc,KAAK;AACjD;QAED,KAAK;AACJ,gBAAM,gBAAgB,IAAI,OAAO,cAAc,CAAC;AAChD,gBAAM,iBAAiB,IAAI;AAC3B;QAED,KAAK;AACJ,eAAK,sBAAsB,GAAG,KAAK;AACnC;QAED,KAAK;AACJ,gBAAM,QAAQ,IAAI,OAAO,cAAc,CAAC;AACxC;QAED,KAAK;AACJ,eAAK,sBAAsB,GAAG,KAAK;AACnC;QAED,KAAK;AACJ,cAAIA,gBAAI,SAAS,GAAG,OAAO,IAAI;AAC9B,kBAAM,SAAS,IAAI;AACpB;QAED,KAAK;AAGJ;QAED,KAAK;AAGJ;QAED,KAAK;QACL,KAAK;AACJ,eAAK,sBAAsB,GAAG,cAAc,KAAK;AACjD;QAED,KAAK;AACJ,gBAAM,cAAc,IAAI,OAAO,iBAAiB,CAAC;AACjD;QAED,KAAK;AACJ,gBAAM,gBAAgB,IAAI,OAAO,qBAAqB,CAAC;AACvD;QAED,KAAK;AACJ,cAAI,KAAK,aAAa;AACrB,iBAAK,aAAa,GAAG,KAAK;AAC3B;QAED,KAAK;AACJ,cAAIA,gBAAI,SAAS,GAAG,KAAK;AACxB,kBAAM,eAAe,IAAI;AAC1B;QAED,KAAK;AACJ,gBAAM,SAAS,IAAIA,gBAAI,SAAS,GAAG,OAAO,IAAI,IAAI,SAAS;AAC3D;QAED,KAAK;AACJ,gBAAM,OAAO,IAAIA,gBAAI,KAAK,GAAG,KAAK;AAClC;QAED,KAAK;QACL,KAAK;AACJ,cAAIA,gBAAI,SAAS,GAAG,OAAO,IAAI;AAC9B,kBAAM,WAAW,IAAI;AACtB;QAED,KAAK;QACL,KAAK;QACL,KAAK;QACL,KAAK;QACL,KAAK;QACL,KAAK;QACL,KAAK;QACL,KAAK;QACL,KAAK;QACL,KAAK;QACL,KAAK;QACL,KAAK;QACL,KAAK;QACL,KAAK;QACL,KAAK;QACL,KAAK;QACL,KAAK;AAEJ;QAED;AACC,cAAI,KAAK,QAAQ;AAChB,oBAAQ,KAAK,mCAAmC,KAAK,SAAS,IAAI,EAAE,SAAS,EAAE;AAChF;;IAEH;AAEA,WAAO;EACR;EAEA,eAAe,MAAe,OAA6B;AAC1D,QAAI,MAAMA,gBAAI,KAAK,MAAM,KAAK;AAE9B,QAAI,OAAO;AACV;AAED,YAAQ,KAAG;MACV,KAAK;MACL,KAAK;MACL,KAAK;MACL,KAAK;MACL,KAAK;MACL,KAAK;MACL,KAAK;MACL,KAAK;AACJ,cAAM,iBAAiB,IAAI;AAC3B;MAED,KAAK;MACL,KAAK;AACJ,cAAM,iBAAiB,IAAI;AAC3B;MAED,KAAK;AACJ,cAAM,iBAAiB,IAAI;AAC3B;MAED,KAAK;MACL,KAAK;AACJ,cAAM,iBAAiB,IAAI;AAC3B;MAED,KAAK;MACL,KAAK;MACL,KAAK;AACJ,cAAM,iBAAiB,IAAI;AAC3B;MAED,KAAK;AACJ,cAAM,iBAAiB,IAAI;AAC3B;MAED,KAAK;AACJ,cAAM,iBAAiB,IAAI;AAC3B;;AAGF,QAAI,MAAM,QAAQ,UAAU,MAAM,OAAO;AAEzC,QAAI;AACH,YAAM,uBAAuB,IAAI;EACnC;EAEA,UAAU,MAAe,OAA6B;AACrD,QAAI,QAAQA,gBAAI,KAAK,MAAM,OAAO;AAClC,QAAI,aAAa,OAAO,WAAW,MAAM,YAAY;AACrD,QAAI,WAAWA,gBAAI,KAAK,MAAM,UAAU;AACxC,QAAI,QAAQ,CAAC,OAAO,YAAY,QAAQ,EAAE,OAAO,OAAK,CAAC,EAAE,IAAI,OAAK,kBAAkB,CAAC,CAAC;AAEtF,QAAI,MAAM,SAAS;AAClB,YAAM,aAAa,IAAI,CAAC,GAAG,IAAI,IAAI,KAAK,CAAC,EAAE,KAAK,IAAI;EACtD;EAEA,iBAAiB,MAAe,OAA6B;AAC5D,QAAI,YAAYA,gBAAI,WAAW,MAAM,WAAW;AAChD,QAAI,UAAUA,gBAAI,WAAW,MAAM,SAAS;AAC5C,QAAI,OAAOA,gBAAI,WAAW,MAAM,MAAM;AACtC,QAAI,QAAQA,gBAAI,WAAW,MAAM,OAAO;AACxC,QAAI,QAAQA,gBAAI,WAAW,MAAM,OAAO;AACxC,QAAI,MAAMA,gBAAI,WAAW,MAAM,KAAK;AAEpC,QAAI;AAAW,YAAM,aAAa,IAAI;AACtC,QAAI;AAAS,YAAM,aAAa,IAAI,IAAI,OAAO;AAC/C,QAAI,QAAQ;AAAO,YAAM,qBAAqB,IAAI,QAAQ;AAC1D,QAAI,SAAS;AAAK,YAAM,mBAAmB,IAAI,SAAS;EACzD;EAEA,aAAa,MAAe,OAA6B;AACxD,QAAI,SAASA,gBAAI,WAAW,MAAM,QAAQ;AAC1C,QAAI,QAAQA,gBAAI,WAAW,MAAM,OAAO;AACxC,QAAI,OAAOA,gBAAI,QAAQ,MAAM,QAAQ,IAAI;AACzC,QAAI,WAAWA,gBAAI,KAAK,MAAM,UAAU;AAExC,QAAI;AAAQ,YAAM,YAAY,IAAI;AAClC,QAAI;AAAO,YAAM,eAAe,IAAI;AAEpC,QAAI,SAAS,MAAM;AAClB,cAAQ,UAAQ;QACf,KAAK;AACJ,gBAAM,aAAa,IAAI,IAAI,OAAO,KAAK,QAAQ,CAAC,CAAC;AACjD;QAED,KAAK;AACJ,gBAAM,aAAa,IAAI,eAAe,OAAO,EAAE;AAC/C;QAED;AACC,gBAAM,aAAa,IAAI,MAAM,YAAY,IAAI,GAAG,OAAO,EAAE;AACzD;;IAEH;EACD;EAEA,sBAAsB,MAAe,QAA8B;AAClE,eAAW,KAAKA,gBAAI,SAAS,IAAI,GAAG;AACnC,cAAQ,EAAE,WAAS;QAClB,KAAK;AACJ,iBAAO,cAAc,IAAI,OAAO,cAAc,CAAC;AAC/C;QAED,KAAK;AACJ,iBAAO,eAAe,IAAI,OAAO,cAAc,CAAC;AAChD;QAED,KAAK;AACJ,iBAAO,aAAa,IAAI,OAAO,cAAc,CAAC;AAC9C;QAED,KAAK;AACJ,iBAAO,gBAAgB,IAAI,OAAO,cAAc,CAAC;AACjD;;IAEH;EACD;EAEA,cAAc,MAAe,QAA8B;AAC1D,YAAQA,gBAAI,KAAK,MAAM,OAAO,GAAC;MAC9B,KAAK;AACJ,eAAO,QAAQ,IAAIA,gBAAI,WAAW,MAAM,KAAK;AAC7C;MAED,KAAK;MACL;AACC,eAAO,QAAQ,IAAIA,gBAAI,WAAW,MAAM,KAAK;AAG7C;;EAEH;EAEA,sBAAsB,MAAe,QAA8B;AAClE,eAAW,KAAKA,gBAAI,SAAS,IAAI,GAAG;AACnC,cAAQ,EAAE,WAAS;QAClB,KAAK;QACL,KAAK;AACJ,iBAAO,aAAa,IAAI,OAAO,cAAc,CAAC;AAC9C;QAED,KAAK;QACL,KAAK;AACJ,iBAAO,cAAc,IAAI,OAAO,cAAc,CAAC;AAC/C;QAED,KAAK;AACJ,iBAAO,YAAY,IAAI,OAAO,cAAc,CAAC;AAC7C;QAED,KAAK;AACJ,iBAAO,eAAe,IAAI,OAAO,cAAc,CAAC;AAChD;;IAEH;EACD;AACA;AAED,IAAM,cAAc,CAAC,SAAS,QAAQ,QAAQ,YAAY,YAAY,YAAY,aAAa,eAAe,WAAW,cAAc,SAAS,aAAa,WAAW,QAAQ,OAAO,SAAS,QAAQ;AAExM,IAAM,UAAN,MAAa;EACZ,OAAO,UAAU,MAAe,UAAkB,WAAmB,MAAM,YAAoB,SAAO;AACrG,QAAI,IAAIA,gBAAI,KAAK,MAAM,QAAQ;AAE/B,QAAI,GAAG;AACN,UAAI,KAAK,QAAQ;AAChB,eAAO;MACR,WAAW,YAAY,SAAS,CAAC,GAAG;AACnC,eAAO;MACR;AAEA,aAAO,IAAI,CAAC;IACb;AAEA,QAAI,aAAaA,gBAAI,KAAK,MAAM,YAAY;AAE5C,WAAO,aAAa,cAAc,UAAU,YAAY;EACzD;AACA;AAED,IAAM,SAAN,MAAM,QAAM;EACX,OAAO,WAAW,GAAY,MAAY;AACzC,QAAI,MAAMA,gBAAI,KAAK,GAAG,IAAI;AAC1B,WAAO,MAAM,cAAc,GAAG,WAAW;EAC1C;EAEA,OAAO,YAAY,GAAY,MAAY;AAC1C,QAAI,OAAO,YAAY;AAEvB,YAAQA,gBAAI,KAAK,GAAG,MAAM,GAAC;MAC1B,KAAK;AAAO;MACZ,KAAK;AAAO,eAAO,YAAY;AAAS;MACxC,KAAK;AAAQ,eAAO;;AAGrB,WAAOA,gBAAI,WAAW,GAAG,MAAM,IAAI;EACpC;EAEA,OAAO,cAAc,GAAU;AAC9B,WAAOA,gBAAI,WAAW,GAAG,GAAG;EAC7B;EAEA,OAAO,cAAc,GAAU;AAC9B,QAAI,OAAO,QAAO,gBAAgBA,gBAAI,KAAK,GAAG,KAAK,CAAC;AAEpD,QAAI,QAAQ;AACX,aAAO;AAER,QAAI,QAAQ,QAAQ,UAAU,GAAG,OAAO;AACxC,QAAI,OAAOA,gBAAI,WAAW,GAAG,MAAM,YAAY,MAAM;AAErD,WAAO,GAAG,IAAI,IAAI,IAAI,IAAI,SAAS,SAAS,MAAM,cAAc,KAAK;EACtE;EAEA,OAAO,gBAAgB,MAAY;AAClC,YAAQ,MAAI;MACX,KAAK;AAAU,eAAO;MACtB,KAAK;AAAkB,eAAO;MAC9B,KAAK;AAAU,eAAO;MACtB,KAAK;AAAgB,eAAO;MAC5B,KAAK;AAAW,eAAO;MACvB,KAAK;AAAc,eAAO;MAC1B,KAAK;AAAU,eAAO;MACtB,KAAK;AAAU,eAAO;MACtB,KAAK;AAAc,eAAO;MAC1B,KAAK;AAAS,eAAO;MACrB,KAAK;AAAO,eAAO;MACnB,KAAK;AAAQ,eAAO;MACpB,KAAK;AAAU,eAAO;MACtB,KAAK;AAAS,eAAO;MACrB,KAAK;AAAqB,eAAO;MACjC,KAAK;AAAsB,eAAO;MAClC,KAAK;AAAqB,eAAO;MACjC,KAAK;AAAqB,eAAO;MACjC,KAAK;AAAsB,eAAO;MAClC,KAAK;AAAqB,eAAO;MACjC,KAAK;AAAyB,eAAO;MACrC,KAAK;AAA0B,eAAO;MACtC,KAAK;AAAyB,eAAO;MACrC,KAAK;AAAgB,eAAO;MAC5B,KAAK;AAAiB,eAAO;MAC7B,KAAK;AAAU,eAAO;MACtB,KAAK;AAAQ,eAAO;;AAGrB,WAAO;EACR;EAEA,OAAO,iBAAiB,GAAU;AACjC,QAAI,OAAOA,gBAAI,KAAK,GAAG,KAAK;AAC5B,WAAO,QAAQ,UAAU,UAAU;EACpC;EAEA,OAAO,oBAAoB,GAAU;AACpC,UAAM,MAAMA,gBAAI,KAAK,GAAG,KAAK;AAC7B,UAAM,UAAU;MACf;MAAa;MAAY;MAAa;MACtC;MAAW;MAAY;MAAW;MAClC;MAAW;MAAW;MAAW;;AAGlC,WAAO,QAAQ,OAAO,CAAC,GAAG,MAAM,IAAI,CAAC,KAAK,GAAG,EAAE,KAAK,GAAG;EACxD;EAEA,OAAO,UAAU,GAAU;AAC1B,QAAI,OAAOA,gBAAI,KAAK,GAAG,KAAK;AAE5B,YAAQ,MAAI;MACX,KAAK;MACL,KAAK;AAAQ,eAAO;MACpB,KAAK;AAAU,eAAO;MACtB,KAAK;MACL,KAAK;AAAS,eAAO;MACrB,KAAK;AAAQ,eAAO;;AAGrB,WAAO;EACR;EAEA,OAAO,iBAAiB,GAAY,YAAqB,OAAK;AAC7D,QAAI,OAAOA,gBAAI,KAAK,GAAG,KAAK;AAE5B,YAAQ,MAAI;MACX,KAAK;AAAa,eAAO;MACzB,KAAK;AAAe,eAAO,YAAY,QAAQ;;AAGhD,WAAO,YAAY,OAAO;EAC3B;EAEA,OAAO,qBAAqB,GAAU;AACrC,QAAI,OAAOA,gBAAI,KAAK,GAAG,KAAK;AAE5B,YAAQ,MAAI;MACX,KAAK;MACL,KAAK;AAAY,eAAO;MACxB,KAAK;AAAO,eAAO;MACnB,KAAK;AAAU,eAAO;MACtB,KAAK;AAAU,eAAO;;AAGvB,WAAO;EACR;EAEA,OAAO,QAAQ,GAAW,GAAS;AAClC,QAAI,KAAK;AAAM,aAAO;AACtB,QAAI,KAAK;AAAM,aAAO;AAEtB,WAAO,QAAQ,CAAC,MAAM,CAAC;EACxB;EAEA,OAAO,mBAAmB,GAAU;AACnC,UAAM,MAAMA,gBAAI,QAAQ,GAAG,OAAO,CAAC;AACnC,QAAI,YAAY;AAEhB,QAAIA,gBAAI,SAAS,GAAG,UAAU,KAAM,MAAM;AAAS,mBAAa;AAChE,QAAIA,gBAAI,SAAS,GAAG,SAAS,KAAM,MAAM;AAAS,mBAAa;AAC/D,QAAIA,gBAAI,SAAS,GAAG,aAAa,KAAM,MAAM;AAAS,mBAAa;AACnE,QAAIA,gBAAI,SAAS,GAAG,YAAY,KAAM,MAAM;AAAS,mBAAa;AAClE,QAAIA,gBAAI,SAAS,GAAG,SAAS,KAAM,MAAM;AAAS,mBAAa;AAC/D,QAAIA,gBAAI,SAAS,GAAG,SAAS,KAAM,MAAM;AAAS,mBAAa;AAE/D,WAAO,UAAU,KAAI;EACtB;AACA;AC1rDD,IAAM,aAAsB,EAAE,KAAK,GAAG,QAAQ,QAAQ,OAAO,OAAM;AACnE,IAAM,UAAU;SAEA,oBAAoB,YAAyB,SAAS,MAAI;AACzE,QAAM,OAAO,SAAS,cAAc,KAAK;AACzC,OAAK,MAAM,QAAQ;AAEnB,YAAU,YAAY,IAAI;AAC1B,QAAM,SAAS,MAAM,KAAK;AAC1B,YAAU,YAAY,IAAI;AAE1B,SAAO;AACR;AAEM,SAAU,cAAc,MAAmB,MAAsB,gBAAwB,eAAuB,KAAK,IAAE;AACzH,QAAM,IAAI,KAAK,QAAQ,GAAG;AAE1B,QAAM,MAAM,KAAK,sBAAqB;AACtC,QAAM,MAAM,EAAE,sBAAqB;AACnC,QAAM,MAAM,iBAAiB,CAAC;AAEjC,QAAM,YAAW,6BAAM,UAAS,IAAI,KAAK,IAAI,QAAM;IAClD,KAAK,cAAc,EAAE,QAAQ;IAC7B,QAAQ,EAAE;IACV,OAAO,EAAE;IACR,EAAE,KAAK,CAAC,GAAG,MAAM,EAAE,MAAM,EAAE,GAAG,IAAI,CAAC,UAAU;AAE/C,QAAM,UAAU,SAAS,SAAS,SAAS,CAAC;AAC5C,QAAM,WAAW,IAAI,QAAQ;AAC7B,QAAM,OAAO,cAAc,cAAc;AACtC,MAAI,MAAM,QAAQ,MAAM;AAExB,MAAI,MAAM,UAAU;AAChB,WAAO,MAAM,YAAY,SAAS,SAAS,SAAS,OAAO,MAAM;AAC7D,eAAS,KAAK,EAAE,GAAG,YAAY,IAAQ,CAAE;IAC7C;EACJ;AAEA,QAAM,aAAa,WAAW,IAAI,UAAU;AAC5C,QAAM,UAAU,IAAI,OAAO;AAC3B,QAAM,QAAQ,IAAI,OAAO,WAAW;AACpC,QAAM,MAAM,SAAS,KAAK,OAAK,EAAE,SAAS,WAAW,EAAE,MAAM,IAAI;AAEjE,MAAG,OAAO;AACN;AAEJ,MAAI,QAAgB;AAEpB,MAAI,IAAI,SAAS,WAAW,IAAI,SAAS,UAAU;AACrD,UAAMC,YAAW,MAAM,KAAK,EAAE,iBAAiB,IAAI,KAAK,SAAS,EAAE,CAAC;AACpE,UAAM,UAAUA,UAAS,QAAQ,IAAI,IAAI;AACnC,UAAM,QAAQ,SAAS,YAAW;AAClC,UAAM,SAAS,MAAM,CAAC;AAE5B,QAAI,UAAUA,UAAS,QAAQ;AAC9B,YAAM,aAAaA,UAAS,OAAO,CAAC;IACrC,OAAO;AACN,YAAM,YAAY,CAAC;IACpB;AAEA,UAAM,MAAM,IAAI,SAAS,WAAW,MAAM;AACpC,UAAM,SAAS,MAAM,sBAAqB;AAChD,UAAM,SAAS,OAAO,OAAO,MAAM,OAAO,SAAS,IAAI,OAAO;AAE9D,YAAQ,IAAI,MAAM,SAAS;EACzB,OAAO;AACH,YAAQ,IAAI,MAAM;EACtB;AAEA,OAAK,YAAY;AACjB,OAAK,MAAM,iBAAiB;AAC5B,OAAK,MAAM,cAAc,GAAG,MAAM,QAAQ,CAAC,CAAC;AAE5C,UAAQ,IAAI,QAAM;IACd,KAAK;IACL,KAAK;AACD,WAAK,MAAM,iBAAiB;AAC5B,WAAK,MAAM,sBAAsB;AACjC;IAEJ,KAAK;IACL,KAAK;IACL,KAAK;AACD,WAAK,MAAM,iBAAiB;AAC5B;;AAEZ;AAEA,SAAS,cAAc,QAAc;AACpC,SAAO,WAAW,MAAM;AACzB;ACzEA,IAAM,KAAK;EACV,KAAK;EACL,QAAQ;;IAkBI,qBAAY;EA6BxB,YAAmB,cAAsB;AAAtB,SAAA,eAAA;AA3BnB,SAAA,YAAoB;AAIpB,SAAA,WAAsC,CAAA;AACtC,SAAA,cAAoB;AAEpB,SAAA,sBAA+C,CAAA;AAC/C,SAAA,uBAA8C;AAC9C,SAAA,qBAAgC,CAAA;AAChC,SAAA,sBAA+B;AAE/B,SAAA,cAA2C,CAAA;AAC3C,SAAA,aAA0C,CAAA;AAE1C,SAAA,oBAA8B,CAAA;AAC9B,SAAA,uBAA8B,CAAA;AAG9B,SAAA,cAAqB,CAAA;AAGrB,SAAA,aAAoC,CAAA;AAEpC,SAAA,QAAwB,CAAA;AACxB,SAAA,kBAAyB,CAAA;EAGzB;EAEA,MAAM,OAAOC,WAAwB,eAA4B,iBAA8B,MAAM,SAAgB;;AACpH,SAAK,WAAWA;AAChB,SAAK,UAAU;AACf,SAAK,YAAY,QAAQ;AACzB,SAAK,eAAe,QAAQ,YAAY,IAAI,KAAK,SAAS,aAAa;AACvE,SAAK,WAAW;AAChB,SAAK,QAAQ,CAAA;AAEb,QAAI,KAAK,QAAQ,kBAAkB,WAAW,WAAW;AACxD,WAAK,mBAAmB,IAAI,UAAS;IACtC;AAEA,qBAAiB,kBAAkB;AAEnC,sBAAkB,cAAc;AAChC,sBAAkB,aAAa;AAE/B,mBAAe,YAAY,KAAK,cAAc,kCAAkC,CAAC;AACjF,mBAAe,YAAY,KAAK,mBAAkB,CAAE;AAEpD,QAAIA,UAAS,WAAW;AACvB,qBAAe,YAAY,KAAK,cAAc,8BAA8B,CAAC;AAC7E,WAAK,YAAYA,UAAS,WAAW,cAAc;IACpD;AAEA,QAAIA,UAAS,cAAc,MAAM;AAChC,WAAK,WAAW,KAAK,cAAcA,UAAS,WAAW,MAAM;AAE7D,qBAAe,YAAY,KAAK,cAAc,wBAAwB,CAAC;AACvE,qBAAe,YAAY,KAAK,aAAaA,UAAS,WAAW,MAAM,CAAC;IACzE;AAEA,QAAIA,UAAS,eAAe;AAC3B,WAAK,kBAAkBA,UAAS,cAAc,aAAa;AAE3D,qBAAe,YAAY,KAAK,cAAc,kCAAkC,CAAC;AACjF,qBAAe,YAAY,KAAK,gBAAgBA,UAAS,cAAc,eAAe,cAAc,CAAC;IAEtG;AAEA,QAAIA,UAAS,eAAe;AAC3B,WAAK,cAAc,MAAMA,UAAS,cAAc,OAAO,OAAK,EAAE,EAAE;IACjE;AAEA,QAAIA,UAAS,cAAc;AAC1B,WAAK,aAAa,MAAMA,UAAS,aAAa,OAAO,OAAK,EAAE,EAAE;IAC/D;AAEA,QAAIA,UAAS,cAAc;AAC1B,WAAK,kBAAiB,KAAAA,UAAS,aAAa,aAAtB,mBAAgC;IACvD;AAEA,QAAI,CAAC,QAAQ,eAAeA,UAAS;AACpC,WAAK,gBAAgBA,UAAS,eAAe,cAAc;AAE5D,QAAI,kBAAkB,KAAK,eAAeA,UAAS,aAAa,IAAI;AAEpE,QAAI,KAAK,QAAQ,WAAW;AAC3B,oBAAc,YAAY,KAAK,cAAc,eAAe,CAAC;IAC9D,OAAO;AACN,qBAAe,eAAe,eAAe;IAC9C;AAEA,QAAI,KAAK,oBAAoB,QAAQ,gBAAgB;AACnD,UAAY,WAAW,IAAI,GAAG,KAAK,SAAS,aAAa,KAAK,gBAAgB;IAChF;AAEA,SAAK,gBAAgB,QAAQ,OAAK,EAAC,CAAE;AAErC,UAAM,QAAQ,WAAW,KAAK,KAAK;AAEnC,SAAK,gBAAe;EACrB;EAEA,YAAY,WAAsB,gBAA2B;;AAC5D,UAAM,YAAY,CAAA;AAClB,UAAM,cAAa,eAAU,UAAV,mBAAiB;AAEpC,QAAI,YAAY;AACf,UAAI,WAAW,WAAW;AACzB,kBAAU,wBAAwB,IAAI,WAAW,UAAU;MAC5D;AAEA,UAAI,WAAW,WAAW;AACzB,kBAAU,wBAAwB,IAAI,WAAW,UAAU;MAC5D;IACD;AAEA,UAAM,eAAc,eAAU,UAAV,mBAAiB;AAErC,QAAI,aAAa;AAChB,eAAS,CAAC,GAAG,CAAC,KAAK,OAAO,QAAQ,YAAY,MAAM,GAAG;AACtD,kBAAU,UAAU,CAAC,QAAQ,IAAI,IAAI,CAAC;MACvC;IACD;AAEA,UAAM,UAAU,KAAK,cAAc,IAAI,KAAK,SAAS,IAAI,SAAS;AAClE,mBAAe,YAAY,KAAK,mBAAmB,OAAO,CAAC;EAC5D;EAEA,gBAAgB,WAA0B,gBAA2B;AACpE,aAAS,KAAK,UAAU,OAAO;AAC9B,eAAS,OAAO,EAAE,eAAe;AAChC,aAAK,MAAM,KAAK,KAAK,SAAS,SAAS,IAAI,IAAI,IAAI,GAAG,EAAE,KAAK,cAAW;AACvE,gBAAM,YAAY;YACjB,eAAe,kBAAkB,EAAE,IAAI;YACvC,OAAO,OAAO,QAAQ;;AAGvB,cAAI,IAAI,QAAQ,UAAU,IAAI,QAAQ,cAAc;AACnD,sBAAU,aAAa,IAAI;UAC5B;AAEA,cAAI,IAAI,QAAQ,YAAY,IAAI,QAAQ,cAAc;AACrD,sBAAU,YAAY,IAAI;UAC3B;AAEA,gBAAM,UAAU,KAAK,cAAc,cAAc,SAAS;AAC1D,yBAAe,YAAY,KAAK,cAAc,UAAU,EAAE,IAAI,OAAO,CAAC;AACtE,yBAAe,YAAY,KAAK,mBAAmB,OAAO,CAAC;QAC5D,CAAC,CAAC;MACH;IACD;EACD;EAEA,iBAAiB,WAAiB;AACjC,WAAO,YAAY,GAAG,KAAK,SAAS,IAAI,gBAAgB,SAAS,CAAC,KAAK,KAAK;EAC7E;EAEA,cAAc,QAAmB;AAChC,UAAM,YAAY,MAAM,OAAO,OAAO,OAAK,EAAE,MAAM,IAAI,GAAG,OAAK,EAAE,EAAE;AAEnE,eAAW,SAAS,OAAO,OAAO,OAAK,EAAE,OAAO,GAAG;AAClD,UAAI,YAAY,UAAU,MAAM,OAAO;AAEvC,UAAI,WAAW;AACd,cAAM,iBAAiB,UAAU,MAAM,gBAAgB,UAAU,cAAc;AAC/E,cAAM,WAAW,UAAU,MAAM,UAAU,UAAU,QAAQ;AAE7D,mBAAW,cAAc,UAAU,QAAQ;AAC1C,gBAAM,cAAc,MAAM,OAAO,KAAK,OAAK,EAAE,UAAU,WAAW,MAAM;AAExE,cAAI,aAAa;AAChB,iBAAK,oBAAoB,WAAW,QAAQ,YAAY,MAAM;UAC/D,OAAO;AACN,kBAAM,OAAO,KAAK,EAAE,GAAG,YAAY,QAAQ,EAAE,GAAG,WAAW,OAAM,EAAE,CAAE;UACtE;QACD;MACD,WACS,KAAK,QAAQ;AACrB,gBAAQ,KAAK,yBAAyB,MAAM,OAAO,EAAE;IACvD;AAEA,aAAS,SAAS,QAAQ;AACzB,YAAM,UAAU,KAAK,iBAAiB,MAAM,EAAE;IAC/C;AAEA,WAAO;EACR;EAEA,kBAAkB,YAA2B;;AAC5C,aAAS,OAAO,WAAW,OAAO,OAAK,EAAE,UAAU,GAAG;AACrD,YAAM,QAAQ,KAAK,UAAU,IAAI,UAAU;AAE3C,WAAI,oCAAO,mBAAP,mBAAuB,WAAW;AACrC,cAAM,eAAe,UAAU,QAAQ,IAAI;MAC5C;IACD;EACD;EAEA,eAAe,SAAuB;AACrC,QAAI,QAAQ,UAAU;AACrB,eAAS,KAAK,QAAQ,UAAU;AAC/B,UAAE,SAAS;AAEX,YAAI,EAAE,QAAQ,QAAQ,OAAO;AAC5B,eAAK,aAAa,CAAC;QACpB,OACK;AACJ,eAAK,eAAe,CAAC;QACtB;MACD;IACD;EACD;EAEA,aAAa,OAAe;AAC3B,aAAS,KAAK,MAAM,UAAU;AAC7B,eAAS,KAAK,EAAE,UAAU;AACzB,UAAE,WAAW,KAAK,oBAAoB,MAAM,WAAW,EAAE,UAAU;UAClE;UAAe;UAAgB;UAAc;UAC7C;UAAgB;UAAiB;UAAe;QAChD,CAAA;AAED,aAAK,eAAe,CAAC;MACtB;IACD;EACD;EAEA,oBAAoB,OAA+B,QAAgC,QAAkB,MAAI;AACxG,QAAI,CAAC;AACJ,aAAO;AAER,QAAI,UAAU;AAAM,eAAS,CAAA;AAC7B,QAAI,SAAS;AAAM,cAAQ,OAAO,oBAAoB,KAAK;AAE3D,aAAS,OAAO,OAAO;AACtB,UAAI,MAAM,eAAe,GAAG,KAAK,CAAC,OAAO,eAAe,GAAG;AAC1D,eAAO,GAAG,IAAI,MAAM,GAAG;IACzB;AAEA,WAAO;EACR;EAEA,kBAAkB,WAAmB,OAAwB;AAC5D,QAAI,OAAO,KAAK,cAAc,WAAW,EAAE,UAAS,CAAE;AAEtD,QAAI,OAAO;AACV,UAAI,MAAM,aAAa;AACtB,aAAK,MAAM,cAAc,MAAM,YAAY;AAC3C,aAAK,MAAM,eAAe,MAAM,YAAY;AAC5C,aAAK,MAAM,aAAa,MAAM,YAAY;AAC1C,aAAK,MAAM,gBAAgB,MAAM,YAAY;MAC9C;AAEA,UAAI,MAAM,UAAU;AACnB,YAAI,CAAC,KAAK,QAAQ;AACjB,eAAK,MAAM,QAAQ,MAAM,SAAS;AACnC,YAAI,CAAC,KAAK,QAAQ;AACjB,eAAK,MAAM,YAAY,MAAM,SAAS;MACxC;IACD;AAEA,WAAO;EACR;EAEA,qBAAqB,OAAwB;AAC5C,QAAI,OAAO,KAAK,cAAc,SAAS;AAEvC,QAAI,MAAM,WAAW,MAAM,QAAQ,iBAAiB;AACnD,WAAK,MAAM,cAAc,GAAG,MAAM,QAAQ,eAAe;AACzD,WAAK,MAAM,YAAY,MAAM,QAAQ;AAErC,UAAI,MAAM,QAAQ,WAAW;AAC5B,aAAK,MAAM,aAAa;MACzB;IACD;AAEA,WAAO;EACR;EAEA,eAAeA,WAAyB;AACvC,UAAM,SAAS,CAAA;AAEf,SAAK,eAAeA,SAAQ;AAC5B,UAAM,WAAW,KAAK,eAAeA,UAAS,UAAUA,UAAS,KAAK;AACtE,UAAM,QAAQ,KAAK,kBAAkB,QAAQ;AAC7C,QAAI,YAAY;AAEhB,aAAS,IAAI,GAAG,IAAI,MAAM,QAAQ,IAAI,GAAG,KAAK;AAC7C,WAAK,qBAAqB,CAAA;AAE1B,YAAM,UAAU,MAAM,CAAC,EAAE,CAAC;AAC1B,UAAI,QAAQ,QAAQ;AACpB,YAAM,cAAc,KAAK,kBAAkB,KAAK,WAAW,KAAK;AAChE,WAAK,kBAAkBA,UAAS,UAAU,WAAW;AAErD,WAAK,QAAQ,iBAAiB,KAAK,mBAAmB,MAAM,YAAY,OACvE,OAAO,QAAQ,aAAa,OAAO,WAAW;AAE/C,iBAAW,QAAQ,MAAM,CAAC,GAAG;AAC5B,YAAI,iBAAiB,KAAK,qBAAqB,KAAK,SAAS;AAC7D,aAAK,eAAe,KAAK,UAAU,cAAc;AACjD,oBAAY,YAAY,cAAc;AACtC,gBAAQ,KAAK;MACd;AAEA,UAAI,KAAK,QAAQ,iBAAiB;AACjC,aAAK,YAAY,KAAK,oBAAoB,KAAK,aAAa,WAAW;MACxE;AAEA,UAAI,KAAK,QAAQ,kBAAkB,KAAK,IAAI,GAAG;AAC9C,aAAK,YAAY,KAAK,mBAAmB,KAAK,YAAY,WAAW;MACtE;AAEA,WAAK,QAAQ,iBAAiB,KAAK,mBAAmB,MAAM,YAAY,OACvE,OAAO,QAAQ,aAAa,OAAO,WAAW;AAE/C,aAAO,KAAK,WAAW;AACvB,kBAAY;IACb;AAEA,WAAO;EACR;EAEA,mBAAmB,MAA+B,OAA0B,MAAc,gBAAyB,MAAiB;AACnI,QAAI,CAAC;AAAM;AAEX,QAAI,OAAO,MAAM,aAAa,iBAAiB,KAAK,KAAK,OAAK,EAAE,QAAQ,OAAO,IAAI,UAC9E,OAAO,KAAK,IAAI,KAAK,KAAK,OAAK,EAAE,QAAQ,MAAM,IAAI,SACpD,KAAK,KAAK,OAAK,EAAE,QAAQ,SAAS;AAEtC,QAAI,OAAO,OAAO,KAAK,SAAS,gBAAgB,IAAI,IAAI,KAAK,SAAS,YAAY;AAElF,QAAI,MAAM;AACT,WAAK,cAAc;AACnB,UAAI,CAAC,KAAK,qBAAqB,SAAS,KAAK,IAAI,GAAG;AACnD,aAAK,eAAe,KAAK,WAAW;AACpC,aAAK,qBAAqB,KAAK,KAAK,IAAI;MACzC;AACA,YAAM,CAAC,EAAE,IAAI,KAAK,eAAe,CAAC,KAAK,WAAW,GAAG,IAAI;AAEzD,UAAI,+BAAO,aAAa;AACvB,YAAI,KAAK,YAAY,SAAS,QAAQ,QAAQ;AAC7C,aAAG,MAAM,YAAY,QAAQ,MAAM,YAAY,MAAM,MAAM,MAAM,YAAY,GAAG;AAChF,aAAG,MAAM,YAAY,QAAQ,MAAM,YAAY,GAAG,MAAM,MAAM,YAAY,MAAM;QACjF,WACS,KAAK,YAAY,SAAS,QAAQ,QAAQ;AAClD,aAAG,MAAM,eAAe,QAAQ,MAAM,YAAY,MAAM,MAAM,MAAM,YAAY,MAAM;AACtF,aAAG,MAAM,YAAY,QAAQ,MAAM,YAAY,MAAM,MAAM,MAAM,YAAY,MAAM;QACpF;MACD;AAEA,WAAK,cAAc;IACpB;EACD;EAEA,mBAAmB,MAAoB;AACtC,QAAI,KAAK,QAAQ,QAAQ;AACxB,aAAO;AAER,QAAK,KAAkB,SAAS;AAC/B,aAAO,CAAC,KAAK,QAAQ;AAEtB,WAAQ,KAAkB,SAAS;EACpC;EAEA,mBAAmB,MAAyB,MAAuB;;AAClE,QAAI,CAAC;AAAM,aAAO;AAClB,QAAI,CAAC;AAAM,aAAO;AAElB,aAAO,UAAK,aAAL,mBAAe,kBAAe,UAAK,aAAL,mBAAe,kBAChD,UAAK,aAAL,mBAAe,YAAS,UAAK,aAAL,mBAAe,YACvC,UAAK,aAAL,mBAAe,aAAU,UAAK,aAAL,mBAAe;EAC7C;EAEA,eAAe,UAA4B,cAA+B;;AACzE,QAAI,UAAmB,EAAE,WAAW,MAAM,UAAU,CAAA,GAAI,WAAW,MAAK;AACxE,QAAI,SAAS,CAAC,OAAO;AAErB,aAAS,QAAQ,UAAU;AAC1B,UAAI,KAAK,QAAQ,QAAQ,WAAW;AACnC,cAAM,IAAI,KAAK,UAAW,KAAsB,SAAS;AAEzD,aAAI,4BAAG,mBAAH,mBAAmB,iBAAiB;AACvC,kBAAQ,YAAY;AACpB,kBAAQ,YAAY;AACpB,oBAAU,EAAE,WAAW,MAAM,UAAU,CAAA,GAAI,WAAW,MAAK;AAC3D,iBAAO,KAAK,OAAO;QACpB;MACD;AAEA,cAAQ,SAAS,KAAK,IAAI;AAE1B,UAAI,KAAK,QAAQ,QAAQ,WAAW;AACnC,cAAM,IAAI;AAEV,YAAI,YAAY,EAAE;AAClB,YAAI,cAAc;AAClB,YAAI,cAAc;AAElB,YAAI,KAAK,QAAQ,cAAc,EAAE,UAAU;AAC1C,wBAAc,EAAE,SAAS,UAAU,OAAI;;AACtC,4BAAcC,MAAA,EAAE,aAAF,gBAAAA,IAAY,UAAU,KAAK,mBAAmB,KAAK,IAAI,OAAM;AAC3E,mBAAO,eAAe;UACvB,CAAC;QACF;AAEA,YAAI,aAAa,eAAe,IAAI;AACnC,kBAAQ,YAAY;AACpB,kBAAQ,YAAY,eAAe;AACnC,oBAAU,EAAE,WAAW,MAAM,UAAU,CAAA,GAAI,WAAW,MAAK;AAC3D,iBAAO,KAAK,OAAO;QACpB;AAEA,YAAI,eAAe,IAAI;AACtB,cAAI,WAAW,EAAE,SAAS,WAAW;AACrC,cAAI,WAAW,cAAc,SAAS,SAAS,SAAS;AAExD,cAAI,cAAc,EAAE,SAAS,SAAS,KAAK,UAAU;AACpD,gBAAI,WAAW,KAAK;AACpB,gBAAI,eAAe,EAAE,GAAG,MAAM,UAAU,SAAS,MAAM,WAAW,EAAC;AACnE,iBAAK,WAAW,SAAS,MAAM,GAAG,WAAW;AAC7C,oBAAQ,SAAS,KAAK,YAAY;AAElC,gBAAI,UAAU;AACb,kBAAI,cAAc,SAAS;AAC3B,kBAAI,SAAS,EAAE,GAAG,UAAU,UAAU,YAAY,MAAM,GAAG,WAAW,EAAC;AACvE,mBAAK,SAAS,KAAK,MAAM;AACzB,uBAAS,WAAW,YAAY,MAAM,WAAW;YAClD;UACD;QACD;MACD;IACD;AAEA,QAAI,mBAAmB;AAEvB,aAAS,IAAI,OAAO,SAAS,GAAG,KAAK,GAAG,KAAK;AAC5C,UAAI,OAAO,CAAC,EAAE,aAAa,MAAM;AAChC,eAAO,CAAC,EAAE,YAAY,oBAAoB;MAC3C,OAAO;AACN,2BAAmB,OAAO,CAAC,EAAE;MAC9B;IACD;AAEA,WAAO;EACR;EAEA,kBAAkB,UAAmB;AACpC,QAAI,UAAU,CAAA;AACd,QAAI;AACJ,UAAM,SAAsB,CAAC,OAAO;AAEpC,aAAS,KAAK,UAAU;AACvB,cAAQ,KAAK,CAAC;AAEd,UAAI,KAAK,QAAQ,+BAA+B,EAAE,aAAa,KAAK,mBAAmB,MAAM,EAAE,SAAS;AACvG,eAAO,KAAK,UAAU,CAAA,CAAE;AAEzB,aAAO,EAAE;IACV;AAEA,WAAO,OAAO,OAAO,OAAK,EAAE,SAAS,CAAC;EACvC;EAEA,cAAc,UAAuB;AACpC,WAAO,KAAK,cAAc,OAAO,EAAE,WAAW,GAAG,KAAK,SAAS,WAAU,GAAI,QAAQ;EACtF;EAEA,qBAAkB;AACjB,QAAI,IAAI,KAAK;AACb,QAAI,eAAe;GAClB,CAAC;GACD,CAAC,oBAAoB,CAAC;AACvB,QAAI,KAAK,QAAQ,oBAAoB;AACpC,qBAAe,sBAAsB,YAAY;IAClD;AACA,QAAI,YAAY,GAAG,YAAY;GAC9B,CAAC;UACM,CAAC;UACD,CAAC;UACD,CAAC;GACR,CAAC;GACD,CAAC,eAAe,CAAC;GACjB,CAAC;GACD,CAAC;GACD,CAAC;GACD,CAAC;;AAGF,QAAI,KAAK,QAAQ,gBAAgB;AAChC,mBAAa;GACb,CAAC;GACD,CAAC;GACD,CAAC,uBAAuB,CAAC;GACzB,CAAC,oBAAoB,CAAC;;IAEvB;AAEA,WAAO,KAAK,mBAAmB,SAAS;EACzC;EAmEA,gBAAgB,YAA6B,gBAA2B;AACvE,QAAI,YAAY;AAChB,QAAI,gBAAgB,CAAA;AAEpB,aAAS,OAAO,YAAY;AAC3B,UAAI,WAAW,KAAK,KAAK,eAAe,IAAI,IAAI,IAAI,KAAK,CAAC;AAC1D,UAAI,gBAAgB;AAEpB,UAAI,IAAI,QAAQ;AACf,YAAI,WAAW,KAAK,KAAK,SAAS,IAAI,IAAI,OAAO,GAAG,GAAG,YAAW;AAElE,qBAAa,KAAK,cAAc,GAAG,QAAQ,WAAW;UACrD,WAAW;UACX,WAAW;UACX,cAAc,OAAO,QAAQ;QAC7B,GAAE,IAAI,OAAO,KAAK;AAEnB,aAAK,MAAM,KAAK,KAAK,SAAS,mBAAmB,IAAI,OAAO,GAAG,EAAE,KAAK,UAAO;AAC5E,cAAI,OAAO,GAAG,KAAK,YAAY,MAAM,QAAQ,SAAS,IAAI;AAC1D,yBAAe,YAAY,KAAK,mBAAmB,IAAI,CAAC;QACzD,CAAC,CAAC;MACH,WACS,IAAI,WAAW;AACvB,YAAI,UAAU,KAAK,iBAAiB,IAAI,IAAI,IAAI,KAAK;AACrD,cAAM,eAAe,UAAU,OAAO,IAAI,QAAQ;AAClD,YAAI,IAAI,QAAQ,GAAG;AAClB,uBAAa,KAAK,cAAc,KAAK,KAAK,eAAe,IAAI,IAAI,IAAI,QAAQ,CAAC,CAAC,IAAI;YAClF,eAAe;UACf,CAAA;QACF;AAEA,sBAAc,KAAK,YAAY;AAE/B,qBAAa,KAAK,cAAc,GAAG,QAAQ,WAAW;UACrD,WAAW,KAAK,mBAAmB,IAAI,WAAW,IAAI,MAAM,IAAI,IAAI,KAAK,oBAAoB,IAAI,MAAM,CAAC;UACxG,qBAAqB;UACrB,GAAG,IAAI;QACP,CAAA;MACF,OACK;AACJ,wBAAgB,KAAK,oBAAoB,IAAI,MAAM;MACpD;AAEA,mBAAa,KAAK,cAAc,UAAU;QACzC,WAAW;QACX,uBAAuB;QACvB,mBAAmB;QACnB,GAAG,IAAI;MACP,CAAA;IACF;AAEA,QAAI,cAAc,SAAS,GAAG;AAC7B,mBAAa,KAAK,cAAc,KAAK,cAAc;QAClD,iBAAiB,cAAc,KAAK,GAAG;MACvC,CAAA;IACF;AAEA,WAAO,KAAK,mBAAmB,SAAS;EACzC;EAEA,aAAa,QAAmB;AAC/B,QAAI,YAAY;AAChB,UAAM,YAAY,KAAK;AACvB,UAAM,eAAe,MAAM,OAAO,OAAO,OAAK,EAAE,SAAS,GAAG,OAAK,EAAE,MAAM;AAEzE,eAAW,SAAS,QAAQ;AAC3B,UAAI,YAAY,MAAM;AAEtB,UAAI,MAAM,QAAQ;AACjB,YAAI,cAAc,MAAM,UAAU,UAAU,MAAM,MAAM;AAExD,YAAI;AACH,sBAAY,UAAU,OAAO,YAAY,MAAM;iBACvC,KAAK,QAAQ;AACrB,kBAAQ,KAAK,2BAA2B,MAAM,MAAM,EAAE;MACxD;AAEA,iBAAW,YAAY,WAAW;AAEjC,YAAI,WAAW,GAAG,MAAM,UAAU,EAAE,IAAI,MAAM,OAAO;AAErD,YAAI,MAAM,UAAU,SAAS;AAC5B,sBAAY,IAAI,SAAS,MAAM;AAEhC,YAAI,aAAa,MAAM,MAAM,KAAK;AACjC,qBAAW,IAAI,KAAK,SAAS,IAAI,MAAM,MAAM,OAAO;AAErD,qBAAa,KAAK,cAAc,UAAU,SAAS,MAAM;MAC1D;IACD;AAEA,WAAO,KAAK,mBAAmB,SAAS;EACzC;EAEA,YAAY,SAAmB,UAAuC,MAAiB;AACtF,QAAI,QAAQ,QAAQ,IAAI,QAAM,SAAS,EAAE,CAAC,EAAE,OAAO,OAAK,CAAC;AAEzD,QAAI,MAAM,SAAS,GAAG;AACrB,UAAI,SAAS,KAAK,cAAc,MAAM,MAAM,KAAK,eAAe,KAAK,CAAC;AACtE,WAAK,YAAY,MAAM;IACxB;EACD;EAEA,cAAc,MAAoB;AACjC,YAAQ,KAAK,MAAI;MAChB,KAAK,QAAQ;AACZ,eAAO,KAAK,gBAAgB,IAAoB;MAEjD,KAAK,QAAQ;AACZ,eAAO,KAAK,oBAAoB,IAAwB;MAEzD,KAAK,QAAQ;AACZ,eAAO;MAER,KAAK,QAAQ;AACZ,eAAO,KAAK,UAAU,IAAc;MAErC,KAAK,QAAQ;AACZ,eAAO,KAAK,YAAY,IAAI;MAE7B,KAAK,QAAQ;AACZ,eAAO,KAAK,eAAe,IAAI;MAEhC,KAAK,QAAQ;AACZ,eAAO,KAAK,gBAAgB,IAAI;MAEjC,KAAK,QAAQ;AACZ,eAAO,KAAK,gBAAgB,IAAI;MAEjC,KAAK,QAAQ;AACZ,eAAO,KAAK,eAAe,IAAI;MAEhC,KAAK,QAAQ;AACZ,eAAO,KAAK,cAAc,IAAI;MAE/B,KAAK,QAAQ;AACZ,eAAO,KAAK,YAAY,IAAiB;MAE1C,KAAK,QAAQ;AACZ,eAAO,KAAK,WAAW,IAAe;MAEvC,KAAK,QAAQ;AACZ,eAAO,KAAK,WAAW,IAAe;MAEvC,KAAK,QAAQ;AACZ,eAAO,KAAK,kBAAkB,IAAe;MAE9C,KAAK,QAAQ;AACZ,eAAO,KAAK,UAAU,IAAI;MAE3B,KAAK,QAAQ;AACZ,eAAO,KAAK,aAAa,IAAiB;MAE3C,KAAK,QAAQ;AACZ,eAAO,KAAK,YAAY,IAAgB;MAEzC,KAAK,QAAQ;AACZ,eAAO,KAAK,gBAAgB,MAAM,QAAQ;MAE3C,KAAK,QAAQ;AACZ,eAAO,KAAK,gBAAgB,MAAM,QAAQ;MAE3C,KAAK,QAAQ;MACb,KAAK,QAAQ;AACZ,eAAO,KAAK,gBAAgB,MAAM,IAAI;MAEvC,KAAK,QAAQ;AACZ,eAAO,KAAK,wBAAwB,IAAwB;MAE7D,KAAK,QAAQ;AACZ,eAAO,KAAK,uBAAuB,IAAwB;MAE5D,KAAK,QAAQ;AACZ,eAAO,KAAK,cAAc,KAAK;MAEhC,KAAK,QAAQ;AACZ,eAAO,KAAK,iBAAiB,IAAI;MAElC,KAAK,QAAQ;AACZ,eAAO,KAAK,iBAAiB,IAAkB;MAEhD,KAAK,QAAQ;AACZ,eAAO,KAAK,kBAAkB,MAAM,GAAG,QAAQ,QAAQ,EAAE,OAAO,GAAG,OAAM,CAAE;MAE5E,KAAK,QAAQ;AACZ,eAAO,KAAK,gBAAgB,MAAM,MAAM;MAEzC,KAAK,QAAQ;AACZ,eAAO,KAAK,kBAAkB,MAAM,GAAG,QAAQ,OAAO;MAEvD,KAAK,QAAQ;AACZ,eAAO,KAAK,kBAAkB,MAAM,GAAG,QACtC,KAAK,OAAO,QAAQ,QAAQ,eAAe,QAAQ,MAAM;MAE3D,KAAK,QAAQ;MACb,KAAK,QAAQ;MACb,KAAK,QAAQ;MACb,KAAK,QAAQ;MACb,KAAK,QAAQ;AACZ,eAAO,KAAK,kBAAkB,MAAM,GAAG,QAAQ,MAAM;MAEtD,KAAK,QAAQ;AACZ,eAAO,KAAK,mBAAmB,IAAI;MAEpC,KAAK,QAAQ;AACZ,eAAO,KAAK,kBAAkB,MAAM,GAAG,QAAQ,QAAQ;MAExD,KAAK,QAAQ;AACZ,eAAO,KAAK,kBAAkB,MAAM,GAAG,QAAQ,QAAQ;MAExD,KAAK,QAAQ;AACZ,eAAO,KAAK,kBAAkB,MAAM,GAAG,QAAQ,KAAK;MAErD,KAAK,QAAQ;AACZ,eAAO,KAAK,iBAAiB,IAAI;MAElC,KAAK,QAAQ;AACZ,eAAO,KAAK,kBAAkB,MAAM,GAAG,QAAQ,MAAM;MAEtD,KAAK,QAAQ;AACZ,eAAO,KAAK,kBAAkB,MAAM,GAAG,QAAQ,MAAM;MAEtD,KAAK,QAAQ;MACb,KAAK,QAAQ;MACb,KAAK,QAAQ;AACZ,eAAO,KAAK,kBAAkB,MAAM,GAAG,QAAQ,IAAI;MAEpD,KAAK,QAAQ;AACZ,eAAO,KAAK,kBAAkB,MAAM,GAAG,QAAQ,IAAI;MAEpD,KAAK,QAAQ;AACZ,eAAO,KAAK,mBAAmB,IAAI;MAEpC,KAAK,QAAQ;AACZ,eAAO,KAAK,aAAa,IAAI;MAE9B,KAAK,QAAQ;AACZ,eAAO,KAAK,cAAc,IAAI;MAE/B,KAAK,QAAQ;AACZ,eAAO,KAAK,qBAAqB,IAAI;MAEtC,KAAK,QAAQ;AACZ,eAAO,KAAK,aAAa,IAAI;MAE9B,KAAK,QAAQ;AACZ,eAAO,KAAK,cAAc,IAAI;MAE/B,KAAK,QAAQ;AACZ,eAAO,KAAK,eAAe,IAAI;MAEhC,KAAK,QAAQ;AACZ,eAAO,KAAK,cAAc,IAAI;MAE/B,KAAK,QAAQ;AACZ,eAAO,KAAK,wBAAwB,IAAI;MAEzC,KAAK,QAAQ;AACZ,eAAO,KAAK,sBAAsB,IAAI;MAEvC,KAAK,QAAQ;AACZ,eAAO,KAAK,uBAAuB,IAAI;MAExC,KAAK,QAAQ;AACZ,eAAO,KAAK,eAAe,IAAI;;AAGjC,WAAO;EACR;EACA,eAAe,OAAyB,MAAW;AAClD,QAAI,SAAS;AACZ,aAAO;AAER,QAAI,SAAS,MAAM,QAAQ,OAAK,KAAK,cAAc,CAAC,CAAC,EAAE,OAAO,OAAK,KAAK,IAAI;AAE5E,QAAI;AACH,qBAAe,MAAM,MAAM;AAE5B,WAAO;EACR;EAEA,gBAAuD,MAAsB,SAAY,OAA4D;AACpJ,WAAO,KAAK,cAAiB,SAAS,OAAO,KAAK,eAAe,KAAK,QAAQ,CAAC;EAChF;EAEA,kBAAkB,MAAsBR,KAAY,SAAiB,OAA2B;AAC/F,WAAO,KAAK,gBAAgBA,KAAI,SAAS,OAAO,KAAK,eAAe,KAAK,QAAQ,CAAC;EACnF;EAEA,gBAAgB,MAAkB;;AACjC,QAAI,SAAS,KAAK,gBAAgB,MAAM,GAAG;AAE3C,UAAM,QAAQ,KAAK,UAAU,KAAK,SAAS;AAC3C,SAAK,SAAL,KAAK,QAAS,oCAAO,mBAAP,mBAAuB;AAErC,SAAK,YAAY,MAAM,MAAM;AAC7B,SAAK,kBAAkB,KAAK,UAAU,MAAM;AAC5C,SAAK,uBAAuB,OAAO,OAAO,IAAI;AAE9C,UAAM,YAAY,KAAK,eAAa,oCAAO,mBAAP,mBAAuB;AAE3D,QAAI,WAAW;AACd,aAAO,UAAU,IAAI,KAAK,eAAe,UAAU,IAAI,UAAU,KAAK,CAAC;IACxE;AAEA,WAAO;EACR;EAEA,oBAAoB,OAAY,OAAoB;AACnD,SAAK,uBAAuB,OAAO,KAAK;EACzC;EAEA,uBAAuB,OAAY,OAAuB;AACzD,QAAI,SAAS;AACZ;AAED,QAAI,MAAM,OAAO;AAChB,YAAM,OAAO,IAAI,MAAM;IACxB;AAEA,QAAI,MAAM,UAAU;AACnB,YAAM,WAAW,IAAI,MAAM;IAC5B;EACD;EAEA,gBAAgB,MAAkB;AACjC,QAAI,SAAS,KAAK,gBAAgB,MAAM,GAAG;AAE3C,SAAK,kBAAkB,KAAK,UAAU,MAAM;AAE5C,QAAI,OAAO;AAEX,QAAI,KAAK,IAAI;AACZ,YAAM,MAAM,KAAK,SAAS,aAAa,KAAK,KAAK,QAAM,GAAG,MAAM,KAAK,MAAM,GAAG,eAAe,UAAU;AACvG,cAAO,2BAAK,WAAU;IACvB;AAEA,QAAI,KAAK,QAAQ;AAChB,cAAQ,IAAI,KAAK,MAAM;IACxB;AAEA,WAAO,OAAO;AAEd,WAAO;EACR;EAEA,eAAe,MAAiB;AAC/B,WAAO,KAAK,gBAAgB,MAAM,MAAM;EACzC;EAEA,wBAAwB,cAAkC;;AACzD,QAAI,CAAC,KAAK,QAAQ;AACjB,aAAO;AAER,UAAM,MAAM,IAAI,MAAK;AACrB,eAAK,qBAAL,mBAAuB,IAAI;AAE3B,UAAM,SAAS,KAAK,cAAc,qBAAqB,aAAa,EAAE,EAAE;AACxE,SAAK,MAAM,MAAM,IAAI,SAAS,QAAQ,CAAC,CAAC;AACxC,SAAK,WAAW,aAAa,EAAE,IAAI;AAEnC,WAAO;EACR;EAEA,sBAAsB,YAAgC;AACrD,QAAI,CAAC,KAAK,QAAQ;AACjB,aAAO;AAER,UAAM,MAAM,KAAK,WAAW,WAAW,EAAE;AACzC,UAAM,SAAS,KAAK,cAAc,mBAAmB,WAAW,EAAE,EAAE;AACpE,SAAK,MAAM,MAAM,2BAAK,OAAO,QAAQ,EAAE;AAEvC,WAAO;EACR;EAEA,uBAAuB,YAA+B;;AACrD,QAAI,CAAC,KAAK,QAAQ;AACjB,aAAO;AAER,QAAI,WAAU,UAAK,SAAS,iBAAd,mBAA4B,WAAW,WAAW;AAEhE,QAAI,CAAC;AACJ,aAAO;AAER,UAAM,MAAM,IAAI,iBAAgB;AAChC,UAAM,eAAe,KAAK,cAAc,QAAQ,EAAE,WAAW,GAAG,KAAK,SAAS,eAAc,GAAI,CAAC,IAAI,CAAC;AACtG,UAAM,sBAAsB,KAAK,cAAc,OAAO,EAAE,WAAW,GAAG,KAAK,SAAS,mBAAkB,CAAE;AAExG,SAAK,qBAAqB,SAAS,mBAAmB;AAEtD,QAAI,YAAY,KAAK,cAAc,YAAY,QAAQ,EAAE,OAAO,QAAQ,MAAM,OAAO,QAAQ,IAAI,EAAE,CAAC;AACpG,QAAI,YAAY,YAAY;AAC5B,QAAI,YAAY,mBAAmB;AAEnC,WAAO;EACR;EAEA,eAAe,MAAiB;AAC/B,QAAI,CAAC,KAAK,QAAQ;AACjB,aAAO;AAER,QAAI,SAAS,KAAK,cAAc,QAAQ;AAExC,SAAK,MAAM,KAAK,KAAK,SAAS,aAAa,KAAK,IAAI,KAAK,WAAW,EAAE,KAAK,OAAI;AAC9E,aAAO,SAAS;IACjB,CAAC,CAAC;AAEF,WAAO;EACR;EAEA,qBAAqB,SAAqB,WAAe;AACxD,cAAU,YAAY,KAAK,cAAc,OAAO,EAAE,WAAW,GAAG,KAAK,SAAS,kBAAiB,GAAI,CAAC,QAAQ,MAAM,CAAC,CAAC;AACpH,cAAU,YAAY,KAAK,cAAc,OAAO,EAAE,WAAW,GAAG,KAAK,SAAS,gBAAe,GAAI,CAAC,IAAI,KAAK,QAAQ,IAAI,EAAE,eAAc,CAAE,CAAC,CAAC;AAE3I,SAAK,eAAe,QAAQ,UAAU,SAAS;EAChD;EAEA,cAAc,MAAoB;AACjC,QAAI,SAAS,KAAK,gBAAgB,MAAM,KAAK;AAE7C,WAAO,MAAM,UAAU;AACvB,WAAO,MAAM,WAAW;AACxB,WAAO,MAAM,aAAa;AAE1B,SAAK,kBAAkB,KAAK,UAAU,MAAM;AAE5C,WAAO;EACR;EAEA,YAAY,MAAe;;AAC1B,QAAI,SAAS,KAAK,cAAc,KAAK;AACrC,QAAI,aAAY,UAAK,aAAL,mBAAe;AAE/B,SAAK,kBAAkB,KAAK,UAAU,MAAM;AAE5C,QAAI,KAAK,WAAW,KAAK,QAAQ,KAAK,OAAK,KAAK,CAAC,GAAG;AACnD,UAAI,CAAC,MAAM,KAAK,OAAO,MAAM,IAAI,KAAK;AACtC,kBAAY,SAAS,KAAK,IAAI,OAAO,MAAM,KAAK,KAAK,IAAI,MAAM,OAAO;AACtE,aAAO,MAAM,WAAW,IAAI,SAAS,MAAM,KAAK,QAAQ,CAAC,CAAC,MAAM,OAAO,IAAI,QAAQ,QAAQ,CAAC,CAAC,MAAM,OAAO,IAAI,SAAS,QAAQ,CAAC,CAAC,MAAM,MAAM,MAAM,QAAQ,CAAC,CAAC;IAC9J;AAEA,QAAI,KAAK;AACR,kBAAY,UAAU,KAAK,QAAQ,QAAQ,aAAa,EAAE;AAE3D,WAAO,MAAM,YAAY,uCAAW;AAEpC,QAAI,KAAK,UAAU;AAClB,WAAK,MAAM,KAAK,KAAK,SAAS,kBAAkB,KAAK,KAAK,KAAK,WAAW,EAAE,KAAK,OAAI;AACpF,eAAO,MAAM;MACd,CAAC,CAAC;IACH;AAEA,WAAO;EACR;EAEA,WAAW,MAAa;AACvB,WAAO,KAAK,aAAa,eAAe,KAAK,IAAI;EAClD;EAEA,kBAAkB,MAAa;AAC9B,WAAO,KAAK,QAAQ,gBAAgB,KAAK,WAAW,IAAI,IAAI;EAC7D;EAEA,YAAY,MAAc;AACzB,QAAI,KAAK,SAAS,gBAAgB;AACjC,aAAO,KAAK,cAAc,IAAI;IAC/B;AAEA,WAAO;EACR;EAEA,eAAe,MAAoB;AAClC,QAAI,KAAK,QAAQ;AAChB,aAAO,KAAK,gBAAgB,MAAM,KAAK;AAExC,WAAO,KAAK,eAAe,KAAK,QAAQ;EACzC;EAEA,cAAc,MAAoB;AACjC,QAAI,KAAK,QAAQ;AAChB,aAAO,KAAK,gBAAgB,MAAM,KAAK;AAExC,WAAO;EACR;EAEA,aAAa,MAAe;AAC3B,QAAI,OAAO,KAAK,cAAc,MAAM;AACpC,SAAK,MAAM,aAAa,KAAK;AAC7B,SAAK,YAAY,MAAM,KAAK,IAAI;AAChC,WAAO;EACR;EAEA,wBAAwB,MAAsB;AAC7C,QAAI,SAAS,KAAK,cAAc,KAAK;AACrC,SAAK,mBAAmB,KAAK,KAAK,EAAE;AACpC,WAAO,cAAc,GAAG,KAAK,mBAAmB,MAAM;AACtD,WAAO;EACR;EAEA,uBAAuB,MAAsB;AAC5C,QAAI,SAAS,KAAK,cAAc,KAAK;AACrC,SAAK,kBAAkB,KAAK,KAAK,EAAE;AACnC,WAAO,cAAc,GAAG,KAAK,kBAAkB,MAAM;AACrD,WAAO;EACR;EAEA,UAAU,MAAoB;;AAC7B,QAAI,UAAU,KAAK,cAAc,MAAM;AAEvC,YAAQ,YAAY;AAEpB,QAAI,KAAK,QAAQ,cAAc;AAC9B,cAAQ,YAAY,KAAK,aAAY;AACrC,UAAI,SAAQ,gBAAyB,MAAM,QAAQ,SAAS,MAAhD,mBAAmD;AAC/D,WAAK,YAAY,KAAK,EAAE,OAAO,MAAM,QAAO,CAAE;IAC/C;AAEA,WAAO;EACR;EAEA,oBAAoB,MAAsB;AACzC,WAAO,KAAK,cAAc,QAAQ,EAAE,IAAI,KAAK,KAAI,CAAE;EACpD;EAEA,UAAU,MAAY;AACrB,QAAI,KAAK;AACR,aAAO;AAER,UAAM,SAAS,KAAK,cAAc,MAAM;AAExC,QAAI,KAAK;AACR,aAAO,KAAK,KAAK;AAElB,SAAK,YAAY,MAAM,MAAM;AAC7B,SAAK,kBAAkB,KAAK,UAAU,MAAM;AAE5C,QAAI,KAAK,eAAe;AACvB,YAAM,UAAU,KAAK,cAAc,KAAK,aAAoB;AAC5D,WAAK,eAAe,KAAK,UAAU,OAAO;AAC1C,aAAO,YAAY,OAAO;IAC3B,OACK;AACJ,WAAK,eAAe,KAAK,UAAU,MAAM;IAC1C;AAEA,WAAO;EACR;EAEA,YAAY,MAAc;AACzB,QAAI,SAAS,KAAK,cAAc,OAAO;AAEvC,SAAK,mBAAmB,KAAK,KAAK,mBAAmB;AACrD,SAAK,oBAAoB,KAAK,KAAK,oBAAoB;AACvD,SAAK,uBAAuB,CAAA;AAC5B,SAAK,sBAAsB,EAAE,KAAK,GAAG,KAAK,EAAC;AAE3C,QAAI,KAAK;AACR,aAAO,YAAY,KAAK,mBAAmB,KAAK,OAAO,CAAC;AAEzD,SAAK,YAAY,MAAM,MAAM;AAC7B,SAAK,eAAe,KAAK,UAAU,MAAM;AACzC,SAAK,kBAAkB,KAAK,UAAU,MAAM;AAE5C,SAAK,uBAAuB,KAAK,oBAAoB,IAAG;AACxD,SAAK,sBAAsB,KAAK,mBAAmB,IAAG;AAEtD,WAAO;EACR;EAEA,mBAAmB,SAAyB;AAC3C,QAAI,SAAS,KAAK,cAAc,UAAU;AAE1C,aAAS,OAAO,SAAS;AACxB,UAAI,UAAU,KAAK,cAAc,KAAK;AAEtC,UAAI,IAAI;AACP,gBAAQ,MAAM,QAAQ,IAAI;AAE3B,aAAO,YAAY,OAAO;IAC3B;AAEA,WAAO;EACR;EAEA,eAAe,MAAiB;AAC/B,QAAI,SAAS,KAAK,cAAc,IAAI;AAEpC,SAAK,oBAAoB,MAAM;AAE/B,QAAI,KAAK;AACR,aAAO,YAAY,KAAK,2BAA2B,KAAK,UAAU,CAAC;AAEpE,SAAK,YAAY,MAAM,MAAM;AAC7B,SAAK,eAAe,KAAK,UAAU,MAAM;AACzC,SAAK,kBAAkB,KAAK,UAAU,MAAM;AAE5C,QAAI,KAAK;AACR,aAAO,YAAY,KAAK,2BAA2B,KAAK,SAAS,CAAC;AAEnE,SAAK,oBAAoB;AAEzB,WAAO;EACR;EAEA,2BAA2B,SAAe;AACzC,UAAM,SAAS,KAAK,cAAc,MAAM,EAAE,QAAO,CAAE;AACnD,WAAO,MAAM,QAAQ,IAAI;AACzB,WAAO;EACR;EAEA,gBAAgB,MAAkB;AACjC,QAAI,SAAS,KAAK,gBAAgB,MAAM,IAAI;AAE5C,UAAM,MAAM,KAAK,oBAAoB;AAErC,QAAI,KAAK,eAAe;AACvB,UAAI,KAAK,iBAAiB,WAAW;AACpC,aAAK,qBAAqB,GAAG,IAAI;AACjC,eAAO,UAAU;MAClB,WAAW,KAAK,qBAAqB,GAAG,GAAG;AAC1C,aAAK,qBAAqB,GAAG,EAAE,WAAW;AAC1C,eAAO,MAAM,UAAU;MACxB;IACD,OAAO;AACN,WAAK,qBAAqB,GAAG,IAAI;IAClC;AAEA,SAAK,YAAY,MAAM,MAAM;AAC7B,SAAK,kBAAkB,KAAK,UAAU,MAAM;AAE5C,QAAI,KAAK;AACR,aAAO,UAAU,KAAK;AAEvB,SAAK,oBAAoB,OAAO,OAAO;AAEvC,WAAO;EACR;EAEA,iBAAiB,MAAoB;AACpC,WAAO,KAAK,gBAAgB,MAAM,KAAK;EACxC;EAEA,iBAAiB,MAAgB;;AAChC,QAAI,YAAY,KAAK,iBAAiB,KAAK;AAE3C,cAAU,aAAa,SAAS,KAAK,YAAY;AAEjD,UAAM,SAAS,KAAK,sBAAsB,IAAI;AAE9C,SAAI,UAAK,cAAL,mBAAgB,IAAI;AACvB,WAAK,MAAM,MAAK,UAAK,aAAL,mBAAe,kBAAkB,KAAK,UAAU,IAAI,KAAK,aACvE,KAAK,OAAK,OAAO,aAAa,QAAQ,CAAC,EAAE;IAC5C;AAEA,cAAU,YAAY,MAAM;AAE5B,0BAAsB,MAAK;AAC1B,YAAM,KAAM,UAAU,kBAA0B,QAAO;AAEvD,gBAAU,aAAa,SAAS,GAAG,KAAK,KAAK,GAAG,IAAK,GAAG,KAAK,CAAC,EAAE;AAChE,gBAAU,aAAa,UAAU,GAAG,KAAK,KAAK,GAAG,IAAI,GAAG,MAAM,CAAC,EAAE;IAClE,CAAC;AAED,WAAO;EACR;EAEA,sBAAsB,MAAgB;AACrC,UAAM,SAAS,KAAK,iBAAiB,KAAK,OAAc;AACxD,WAAO,QAAQ,KAAK,KAAK,EAAE,QAAQ,CAAC,CAAC,GAAG,CAAC,MAAM,OAAO,aAAa,GAAG,CAAC,CAAC;AAExE,aAAS,SAAS,KAAK,UAAU;AAChC,UAAI,MAAM,QAAQ,QAAQ,YAAY;AACrC,eAAO,YAAY,KAAK,sBAAsB,KAAmB,CAAC;MACnE,OAAO;AACN,eAAO,YAAY,GAAG,QAAQ,KAAK,cAAc,KAAY,CAAC,CAAC;MAChE;IACD;AAEA,WAAO;EACR;EAEA,iBAAiB,MAAoB;;AACpC,UAAM,OAAO,KAAK,SAAS,KAAK,QAAM,GAAG,QAAQ,QAAQ,OAAO;AAEhE,SAAI,UAAK,UAAL,mBAAY,YAAY;AAC3B,aAAO,KAAK,gBAAgB,GAAG,QAAQ,SAAS,MAAM,KAAK,eAAe,CAAC,IAAI,CAAC,CAAC;IAClF;AAEA,UAAM,SAAS,KAAK,SAAS,KAAK,QAAM,GAAG,QAAQ,QAAQ,SAAS;AACpE,WAAO,KAAK,gBAAgB,GAAG,QAAQ,SAAS,MAAM,KAAK,eAAe,CAAC,MAAM,MAAM,CAAC,CAAC;EAC1F;EAEA,mBAAmB,MAAoB;AACtC,UAAM,WAAW,CAAA;AAEjB,aAAS,KAAK,KAAK,gBAAgB,GAAG,QAAQ,MAAM,MAAM,CAAC,KAAK,MAAM,aAAa,GAAG,CAAC,CAAC;AACxF,aAAS,KAAK,GAAG,KAAK,eAAe,KAAK,QAAQ,CAAC;AACnD,aAAS,KAAK,KAAK,gBAAgB,GAAG,QAAQ,MAAM,MAAM,CAAC,KAAK,MAAM,WAAW,GAAG,CAAC,CAAC;AAEtF,WAAO,KAAK,gBAAgB,GAAG,QAAQ,QAAQ,MAAM,QAAQ;EAC9D;EAEA,cAAc,MAAoB;;AACjC,UAAM,WAAW,CAAA;AACjB,UAAM,UAAU,MAAM,KAAK,UAAU,OAAK,EAAE,IAAI;AAEhD,UAAM,MAAM,QAAQ,QAAQ,gBAAgB;AAC5C,UAAM,MAAM,QAAQ,QAAQ,cAAc;AAC1C,UAAM,UAAU,MAAM,KAAK,gBAAgB,GAAG,QAAQ,MAAM,MAAM,QAAQ,KAAK,cAAc,GAAG,CAAC,CAAC,IAAI;AACtG,UAAM,UAAU,MAAM,KAAK,gBAAgB,GAAG,QAAQ,MAAM,MAAM,QAAQ,KAAK,cAAc,GAAG,CAAC,CAAC,IAAI;AAEtG,UAAM,WAAW,KAAK,gBAAgB,GAAG,QAAQ,MAAM,MAAM,GAAC,UAAK,UAAL,mBAAY,SAAQ,GAAQ,CAAC;AAE3F,QAAI,WAAW,SAAS;AACvB,eAAS,KAAK,KAAK,gBAAgB,GAAG,QAAQ,cAAc,MAAM,CAAC,UAAU,SAAS,OAAO,CAAC,CAAC;IAChG,WAAU,SAAS;AAClB,eAAS,KAAK,KAAK,gBAAgB,GAAG,QAAQ,SAAS,MAAM,CAAC,UAAU,OAAO,CAAC,CAAC;IAClF,WAAU,SAAS;AAClB,eAAS,KAAK,KAAK,gBAAgB,GAAG,QAAQ,UAAU,MAAM,CAAC,UAAU,OAAO,CAAC,CAAC;IACnF,OAAO;AACN,eAAS,KAAK,QAAQ;IACvB;AAEA,aAAS,KAAK,GAAG,KAAK,eAAe,QAAQ,QAAQ,OAAO,EAAE,QAAQ,CAAC;AAEvE,WAAO,KAAK,gBAAgB,GAAG,QAAQ,QAAQ,MAAM,QAAQ;EAC9D;EAEA,qBAAqB,MAAoB;AACxC,UAAM,WAAW,CAAA;AACjB,UAAM,UAAU,MAAM,KAAK,UAAU,OAAK,EAAE,IAAI;AAEhD,UAAM,MAAM,QAAQ,QAAQ,gBAAgB;AAC5C,UAAM,MAAM,QAAQ,QAAQ,cAAc;AAC1C,UAAM,UAAU,MAAM,KAAK,gBAAgB,GAAG,QAAQ,MAAM,MAAM,QAAQ,KAAK,cAAc,GAAG,CAAC,CAAC,IAAI;AACtG,UAAM,UAAU,MAAM,KAAK,gBAAgB,GAAG,QAAQ,MAAM,MAAM,QAAQ,KAAK,cAAc,GAAG,CAAC,CAAC,IAAI;AACtG,UAAM,WAAW,KAAK,gBAAgB,GAAG,QAAQ,MAAM,IAAI;AAE3D,aAAS,KAAK,KAAK,gBAAgB,GAAG,QAAQ,WAAW,MAAM,CAAC,UAAU,SAAS,OAAO,CAAC,CAAC;AAC5F,aAAS,KAAK,GAAG,KAAK,eAAe,QAAQ,QAAQ,OAAO,EAAE,QAAQ,CAAC;AAEvE,WAAO,KAAK,gBAAgB,GAAG,QAAQ,QAAQ,MAAM,QAAQ;EAC9D;EAEA,mBAAmB,MAAoB;AACtC,UAAM,UAAU,KAAK,MAAM,0BAA0B,QAAQ,UAAU;AACvE,UAAM,SAAS,KAAK,kBAAkB,MAAM,GAAG,QAAQ,OAAO;AAE9D,QAAI,KAAK,MAAM,MAAM;AACpB,aAAO,YAAY,KAAK,gBAAgB,GAAG,QAAQ,MAAM,MAAM,CAAC,KAAK,MAAM,IAAI,CAAC,CAAC;IAClF;AAEA,WAAO;EACR;EAEA,aAAa,MAAoB;AAChC,UAAM,SAAS,KAAK,kBAAkB,MAAM,GAAG,QAAQ,MAAM;AAE7D,YAAO,KAAK,MAAM,UAAQ;MACzB,KAAK;AAAO,eAAO,MAAM,iBAAiB;AAAY;MACtD,KAAK;AAAU,eAAO,MAAM,iBAAiB;AAAa;;AAG3D,WAAO;EACR;EAEA,aAAa,MAAoB;AAChC,UAAM,SAAS,KAAK,gBAAgB,GAAG,QAAQ,MAAM,MAAM,KAAK,eAAe,KAAK,QAAQ,CAAC;AAE7F,SAAK,YAAY,MAAM,MAAM;AAC7B,SAAK,kBAAkB,KAAK,UAAU,MAAM;AAE5C,WAAO;EACR;EAEA,cAAc,MAAoB;AACjC,UAAM,SAAS,KAAK,gBAAgB,GAAG,QAAQ,QAAQ;AAEvD,SAAK,YAAY,MAAM,MAAM;AAC7B,SAAK,kBAAkB,KAAK,UAAU,MAAM;AAE5C,aAAS,SAAS,KAAK,eAAe,KAAK,QAAQ,GAAG;AACrD,aAAO,YAAY,KAAK,gBAAgB,GAAG,QAAQ,OAAO,MAAM;QAC/D,KAAK,gBAAgB,GAAG,QAAQ,OAAO,MAAM,CAAC,KAAK,CAAC;MACpD,CAAA,CAAC;IACH;AAEA,WAAO;EACR;EAGA,kBAAkB,OAA+B,OAAkB;AAClE,aAAS,KAAK,OAAO;AACpB,UAAI,EAAE,WAAW,GAAG,GAAG;AACtB,cAAM,aAAa,EAAE,MAAM,CAAC,GAAG,MAAM,CAAC,CAAC;MACxC,OAAO;AACN,cAAM,MAAM,CAAC,IAAI,MAAM,CAAC;MACzB;IACD;EACD;EAEA,YAAY,OAAuB,OAAkB;AACpD,QAAI,MAAM;AACT,YAAM,YAAY,MAAM;AAEzB,QAAI,MAAM;AACT,YAAM,UAAU,IAAI,KAAK,iBAAiB,MAAM,SAAS,CAAC;EAC5D;EAEA,UAAU,WAAiB;;AAC1B,WAAO,eAAa,UAAK,aAAL,mBAAgB;EACrC;EAEA,eAAe,IAAY,KAAW;AACrC,WAAO,GAAG,KAAK,SAAS,QAAQ,EAAE,IAAI,GAAG;EAC1C;EAEA,eAAY;AACX,WAAO,GAAG,KAAK,SAAS;EACzB;EAEA,cAAc,WAAmBS,SAAgC,UAAkB,MAAI;AACtF,QAAI,SAAS,GAAG,SAAS;;AAEzB,eAAW,OAAOA,SAAQ;AACzB,UAAI,IAAI,WAAW,GAAG;AACrB;AAED,gBAAU,KAAK,GAAG,KAAKA,QAAO,GAAG,CAAC;;IACnC;AAEA,QAAI;AACH,gBAAU;AAEX,WAAO,SAAS;EACjB;EAEA,iBAAiB,IAAY,KAAW;AACvC,WAAO,GAAG,KAAK,SAAS,QAAQ,EAAE,IAAI,GAAG;EAC1C;EAEA,mBAAmB,MAAc,MAAc,IAAY,WAAiB;AAC3E,UAAM,UAAU;MACf,OAAO;MACP,SAAS;;AAGV,QAAI,SAAS,KAAK,QAAQ,SAAS,OAAI;AACtC,UAAI,MAAM,SAAS,EAAE,UAAU,CAAC,GAAG,EAAE,IAAI;AACzC,aAAO,YAAY,KAAK,iBAAiB,IAAI,GAAG,CAAC,KAAK,SAAS;IAChE,CAAC;AAED,WAAO,IAAI,MAAM,GAAG,QAAQ,IAAI,KAAK,EAAE;EACxC;EAEA,oBAAoB,QAAc;AACjC,QAAI,UAAU;MACb,MAAM;MACN,QAAQ;MACR,SAAS;MACT,aAAa;MACb,aAAa;MACb,YAAY;MACZ,YAAY;MACZ,aAAa;MAMb,OAAO;MACP,gBAAgB;MAChB,iBAAiB;MACjB,yBAAyB;MACzB,wBAAwB;MACxB,SAAS;MACT,kBAAkB;MAClB,sBAAsB;MACtB,2BAA2B;MAC3B,iBAAiB;MACjB,OAAO;MACP,gBAAgB;MAChB,kBAAkB;MAClB,4BAA4B;MAC5B,eAAe;MACf,aAAa;MACb,gBAAgB;MAChB,eAAe;MACf,gBAAgB;MAChB,SAAS;MACT,SAAS;MACT,cAAc;MACd,QAAQ;MACR,mBAAmB;MACnB,2BAA2B;MAC3B,kBAAmB;;AAGpB,WAAO,QAAQ,MAAM,KAAK;EAC3B;EAEA,kBAAe;AACd,QAAI,CAAC,KAAK,QAAQ;AACjB;AAED,eAAW,MAAK;AACf,YAAM,eAAe,oBAAmB;AAExC,eAAS,OAAO,KAAK,aAAa;AACjC,sBAAc,IAAI,MAAM,IAAI,OAAO,KAAK,gBAAgB,YAAY;MACrE;IACD,GAAG,GAAG;EACP;EAEA,gBAAgBT,KAAY,SAAiB,OAAmC,UAAsB;AACrG,QAAI,SAASA,MAAK,KAAK,aAAa,gBAAgBA,KAAI,OAAO,IAAI,KAAK,aAAa,cAAc,OAAO;AAC1G,WAAO,OAAO,QAAQ,KAAK;AAC3B,gBAAY,eAAe,QAAQ,QAAQ;AAC3C,WAAO;EACR;EAEA,cAAqD,SAAY,OAA8D,UAAsB;AACpJ,WAAO,KAAK,gBAAgB,QAAW,SAAS,OAAO,QAAQ;EAChE;EAEA,iBAAuD,SAAY,OAA6D,UAAsB;AACrJ,WAAO,KAAK,gBAAgB,GAAG,KAAK,SAAS,OAAO,QAAQ;EAC7D;EAEA,mBAAmB,SAAe;AACjC,WAAO,KAAK,cAAc,SAAS,EAAE,WAAW,QAAO,CAAE;EAC1D;EAEA,cAAc,MAAY;AACzB,WAAO,KAAK,aAAa,cAAc,IAAI;EAC5C;EAEA,MAAM,MAAc;AACnB,SAAK,gBAAgB,KAAK,IAAI;EAC/B;AACA;AAID,SAAS,kBAAkB,MAAiB;AAC3C,OAAK,YAAY;AAClB;AAEA,SAAS,eAAe,MAAY,UAA2B;AAC9D,WAAS,QAAQ,OAAK,KAAK,YAAY,SAAS,CAAC,IAAI,SAAS,eAAe,CAAC,IAAI,CAAC,CAAC;AACrF;AAEA,SAAS,WAAqC,MAAsB,MAAa;AAChF,MAAI,SAAS,KAAK;AAElB,SAAO,UAAU,QAAQ,OAAO,QAAQ;AACvC,aAAS,OAAO;AAEjB,SAAU;AACX;AC5gDO,IAAM,iBAA0B;EACnC,cAAc;EACd,aAAa;EACb,aAAa;EACb,YAAY;EACZ,OAAO;EACP,cAAc;EACd,WAAW;EACX,WAAW;EACX,oBAAoB;EACpB,oBAAoB;EACpB,6BAA6B;EAC7B,eAAe;EACf,eAAe;EACf,iBAAiB;EACpB,gBAAgB;EAChB,cAAc;EACd,eAAe;EACZ,gBAAgB;EAChB,iBAAiB;;AAGf,SAAU,WAAW,MAAkB,aAA8B;AACvE,QAAM,MAAM,EAAE,GAAG,gBAAgB,GAAG,YAAW;AAC/C,SAAO,aAAa,KAAK,MAAM,IAAI,eAAe,GAAG,GAAG,GAAG;AAC/D;AAEO,eAAe,eAAeO,WAAe,eAA4B,gBAA8B,aAA8B;AACxI,QAAM,MAAM,EAAE,GAAG,gBAAgB,GAAG,YAAW;AAC/C,QAAM,WAAW,IAAI,aAAa,OAAO,QAAQ;AACpD,SAAO,MAAM,SAAS,OAAOA,WAAU,eAAe,gBAAgB,GAAG;AAC1E;AAEO,eAAe,YAAY,MAAkB,eAA4B,gBAA8B,aAA8B;AAC3I,QAAM,MAAM,MAAM,WAAW,MAAM,WAAW;AAC9C,QAAM,eAAe,KAAK,eAAe,gBAAgB,WAAW;AACjE,SAAO;AACX;",
  "names": ["e", "t", "r", "c", "n", "i", "s", "a", "o", "h", "u", "l", "f", "d", "p", "m", "RelationshipTypes", "ns", "JSZip", "SectionType", "parseNumbering", "DomType", "xml", "tabStops", "document", "_a", "values"]
}
